Component: ARM Compiler 5.06 update 6 (build 750) Tool: armlink [4d35ed]

==============================================================================

Section Cross References

    clock.o(i.Clock_Time) refers to clock.o(.data) for .data
    clock.o(i.Clock_Wait) refers to clock.o(.data) for .data
    clock.o(i.SysCount_Handler) refers to clock.o(.data) for .data
    context_switch.o(. text) refers to system_bluenrg1.o(.savedMSP) for savedMSP
    context_switch.o(. text) refers to system_bluenrg1.o(.data) for savedICSR
    context_switch.o(. text) refers to system_bluenrg1.o(.data) for savedSHCSR
    context_switch.o(. text) refers to system_bluenrg1.o(.data) for savedNVIC_ISPR
    miscutil.o(i.HAL_CrashHandler) refers to miscutil.o(.__crash_RAM) for .__crash_RAM
    miscutil.o(i.HAL_GetCrashInfo) refers to memmove.o(.text) for __aeabi_memcpy
    miscutil.o(i.HAL_GetCrashInfo) refers to miscutil.o(.__crash_RAM) for .__crash_RAM
    osal.o(i.Osal_MemCmp) refers to memcmp.o(.text) for memcmp
    osal.o(i.Osal_MemCpy) refers to memmove.o(.text) for memcpy
    osal.o(i.Osal_MemSet) refers to memseta.o(.text) for memset
    sleep.o(i.BlueNRG_InternalSleep) refers to miscutil.o(i.HAL_GetPartInfo) for HAL_GetPartInfo
    sleep.o(i.BlueNRG_InternalSleep) refers to system_bluenrg1.o(i.SET_BORconfigStatus) for SET_BORconfigStatus
    sleep.o(i.BlueNRG_InternalSleep) refers to misc.o(i.SystemSleepCmd) for SystemSleepCmd
    sleep.o(i.BlueNRG_InternalSleep) refers to context_switch.o(. text) for CS_contextSave
    sleep.o(i.BlueNRG_InternalSleep) refers to system_bluenrg1.o(.intvec) for __vector_table
    sleep.o(i.BlueNRG_InternalSleep) refers to sleep.o(.data) for .data
    sleep.o(i.BlueNRG_InternalSleep) refers to sleep.o(.bss) for .bss
    sleep.o(i.BlueNRG_InternalSleep) refers to system_bluenrg1.o(.flash_sw_lock) for flash_sw_lock
    sleep.o(i.BlueNRG_InternalSleep) refers to system_bluenrg1.o(.rfTimeout) for rfTimeout
    sleep.o(i.BlueNRG_InternalSleep) refers to system_bluenrg1.o(.wakeupFromSleepFlag) for wakeupFromSleepFlag
    sleep.o(i.BlueNRG_InternalSleep) refers to system_bluenrg1.o(i.DeviceConfiguration) for DeviceConfiguration
    sleep.o(i.BlueNRG_InternalSleep) refers to system_bluenrg1.o(.data) for savedNVIC_ISPR
    sleep.o(i.BlueNRG_InternalSleep) refers to system_bluenrg1.o(.data) for savedSHCSR
    sleep.o(i.BlueNRG_InternalSleep) refers to system_bluenrg1.o(.data) for savedICSR
    sleep.o(i.BlueNRG_Sleep) refers to bluenrg_main_func_speed.o(i.BlueNRG_Stack_Perform_Deep_Sleep_Check) for BlueNRG_Stack_Perform_Deep_Sleep_Check
    sleep.o(i.BlueNRG_Sleep) refers to ble_beacon_main.o(i.App_SleepMode_Check) for App_SleepMode_Check
    sleep.o(i.BlueNRG_Sleep) refers to sleep.o(i.BlueNRG_InternalSleep) for BlueNRG_InternalSleep
    sleep.o(i.BlueNRG_Sleep) refers to system_bluenrg1.o(.wakeupFromSleepFlag) for wakeupFromSleepFlag
    sleep.o(i.BlueNRG_Sleep) refers to sleep.o(.bss) for .bss
    bluenrg1_adc.o(i.ADC_ConvertBatterySensor) refers to bluenrg1_adc.o(i.ADC_ConvertSingleEndedVoltage) for ADC_ConvertSingleEndedVoltage
    bluenrg1_adc.o(i.ADC_ConvertBatterySensor) refers to fmul.o(.text) for __aeabi_fmul
    bluenrg1_adc.o(i.ADC_ConvertDifferentialVoltage) refers to ffltui.o(.text) for __aeabi_ui2f
    bluenrg1_adc.o(i.ADC_ConvertDifferentialVoltage) refers to fflti.o(.text) for __aeabi_i2f
    bluenrg1_adc.o(i.ADC_ConvertDifferentialVoltage) refers to fdiv.o(.text) for __aeabi_fdiv
    bluenrg1_adc.o(i.ADC_ConvertDifferentialVoltage) refers to fadd.o(.text) for __aeabi_fadd
    bluenrg1_adc.o(i.ADC_ConvertDifferentialVoltage) refers to fmul.o(.text) for __aeabi_fmul
    bluenrg1_adc.o(i.ADC_ConvertSingleEndedVoltage) refers to fflti.o(.text) for __aeabi_i2f
    bluenrg1_adc.o(i.ADC_ConvertSingleEndedVoltage) refers to ffltui.o(.text) for __aeabi_ui2f
    bluenrg1_adc.o(i.ADC_ConvertSingleEndedVoltage) refers to fadd.o(.text) for __aeabi_fadd
    bluenrg1_adc.o(i.ADC_ConvertSingleEndedVoltage) refers to f2d.o(.text) for __aeabi_f2d
    bluenrg1_adc.o(i.ADC_ConvertSingleEndedVoltage) refers to fdiv.o(.text) for __aeabi_fdiv
    bluenrg1_adc.o(i.ADC_ConvertSingleEndedVoltage) refers to fmul.o(.text) for __aeabi_fmul
    bluenrg1_adc.o(i.ADC_ConvertSingleEndedVoltage) refers to dadd.o(.text) for __aeabi_drsub
    bluenrg1_adc.o(i.ADC_ConvertSingleEndedVoltage) refers to dmul.o(.text) for __aeabi_dmul
    bluenrg1_adc.o(i.ADC_ConvertSingleEndedVoltage) refers to d2f.o(.text) for __aeabi_d2f
    bluenrg1_adc.o(i.ADC_ConvertTemperatureSensor) refers to bluenrg1_adc.o(i.ADC_ConvertSingleEndedVoltage) for ADC_ConvertSingleEndedVoltage
    bluenrg1_adc.o(i.ADC_ConvertTemperatureSensor) refers to fmul.o(.text) for __aeabi_fmul
    bluenrg1_adc.o(i.ADC_ConvertTemperatureSensor) refers to fadd.o(.text) for __aeabi_fsub
    bluenrg1_adc.o(i.ADC_ConvertTemperatureSensorFarenait) refers to bluenrg1_adc.o(i.ADC_ConvertSingleEndedVoltage) for ADC_ConvertSingleEndedVoltage
[...]
    0x100433bc   0x100433bc   0x00000002   Code   RO         5656    i.GAP_LimDiscTimeoutcb_ucfg  libbluenrg1_stack.a(gap.o)
    0x100433be   0x100433be   0x00000002   PAD
    0x100433c0   0x100433c0   0x00000070   Code   RO         6058    i.GAP_Notify_Add_Charac  libbluenrg1_stack.a(rom_gap_rom.o)
    0x10043430   0x10043430   0x000001d8   Code   RO         6046    i.GAP_Privacy1v2    libbluenrg1_stack.a(rom_gap.o)
    0x10043608   0x10043608   0x00000048   Code   RO         6047    i.GAP_PrivateAddrTimercb  libbluenrg1_stack.a(rom_gap.o)
    0x10043650   0x10043650   0x00000040   Code   RO         5657    i.GAP_Process_Q     libbluenrg1_stack.a(gap.o)
    0x10043690   0x10043690   0x00000038   Code   RO         5660    i.GAP_Set_Discoverable_Mode  libbluenrg1_stack.a(gap.o)
    0x100436c8   0x100436c8   0x0000001c   Code   RO         5676    i.GAP_check_and_set_role_ucfg  libbluenrg1_stack.a(gap.o)
    0x100436e4   0x100436e4   0x00000002   Code   RO         5678    i.GAP_discover_peer_name_ucfg  libbluenrg1_stack.a(gap.o)
    0x100436e6   0x100436e6   0x00000004   Code   RO         5680    i.GAP_enable_controller_privacy_ucfg  libbluenrg1_stack.a(gap.o)
    0x100436ea   0x100436ea   0x00000002   PAD
    0x100436ec   0x100436ec   0x00000044   Code   RO         5764    i.GATT_Connection_Complete_Handler  libbluenrg1_stack.a(gatt_server.o)
    0x10043730   0x10043730   0x0000003a   Code   RO         6068    i.GATT_Num_Charac_Present  libbluenrg1_stack.a(rom_gatt_server.o)
    0x1004376a   0x1004376a   0x00000002   PAD
    0x1004376c   0x1004376c   0x0000002c   Code   RO         5765    i.GATT_Send_Packet  libbluenrg1_stack.a(gatt_server.o)
    0x10043798   0x10043798   0x00000018   Code   RO         5766    i.GATT_Server_Set_Flag  libbluenrg1_stack.a(gatt_server.o)
    0x100437b0   0x100437b0   0x0000001a   Code   RO         5767    i.GATT_TimeOut_Handler  libbluenrg1_stack.a(gatt_server.o)
    0x100437ca   0x100437ca   0x00000002   Code   RO         5225    i.GPIO_Handler      bluenrg1_it.o
    0x100437cc   0x100437cc   0x000000d4   Code   RO          610    i.GPIO_Init         bluenrg1_gpio.o
    0x100438a0   0x100438a0   0x0000000c   Code   RO          615    i.GPIO_StructInit   bluenrg1_gpio.o
    0x100438ac   0x100438ac   0x00000018   Code   RO          618    i.GPIO_WriteBit     bluenrg1_gpio.o
    0x100438c4   0x100438c4   0x00000014   Code   RO         6050    i.GapIsPrivacySupported  libbluenrg1_stack.a(rom_gap.o)
    0x100438d8   0x100438d8   0x00000160   Code   RO         5768    i.Gatt_Add_Charac_Desc  libbluenrg1_stack.a(gatt_server.o)
    0x10043a38   0x10043a38   0x00000338   Code   RO         5769    i.Gatt_Add_Characteristic  libbluenrg1_stack.a(gatt_server.o)
    0x10043d70   0x10043d70   0x00000154   Code   RO         5770    i.Gatt_Add_Descriptor  libbluenrg1_stack.a(gatt_server.o)
    0x10043ec4   0x10043ec4   0x00000160   Code   RO         5771    i.Gatt_Add_Service  libbluenrg1_stack.a(gatt_server.o)
    0x10044024   0x10044024   0x0000002c   Code   RO         5777    i.Gatt_Find_Srv_From_Handle  libbluenrg1_stack.a(gatt_server.o)
    0x10044050   0x10044050   0x00000048   Code   RO         5778    i.Gatt_Find_Srv_Owner_Of_Handle  libbluenrg1_stack.a(gatt_server.o)
    0x10044098   0x10044098   0x00000038   Code   RO         5779    i.Gatt_Find_Timed_Out_Connection_Index  libbluenrg1_stack.a(gatt_server.o)
    0x100440d0   0x100440d0   0x00000034   Code   RO         5780    i.Gatt_Flush_Pending_AclPacket_Lists  libbluenrg1_stack.a(gatt_server.o)
    0x10044104   0x10044104   0x0000019c   Code   RO         5782    i.Gatt_Process_Q    libbluenrg1_stack.a(gatt_server.o)
    0x100442a0   0x100442a0   0x000000fc   Code   RO         5784    i.Gatt_Reset_To_Closed_State  libbluenrg1_stack.a(gatt_server.o)
    0x1004439c   0x1004439c   0x00000034   Code   RO         5785    i.Gatt_Server_Db_Check  libbluenrg1_stack.a(gatt_server.o)
    0x100443d0   0x100443d0   0x00000190   Code   RO         5786    i.Gatt_Server_Init  libbluenrg1_stack.a(gatt_server.o)
    0x10044560   0x10044560   0x00000200   Code   RO         5787    i.Gatt_Server_L2C_Handler  libbluenrg1_stack.a(gatt_server.o)
    0x10044760   0x10044760   0x0000004c   Code   RO         5788    i.Gatt_Server_L2C_Handler_ISR  libbluenrg1_stack.a(gatt_server.o)
    0x100447ac   0x100447ac   0x0000016c   Code   RO         5791    i.Gatt_Store_Server_Database_And_Reset_CCCD  libbluenrg1_stack.a(gatt_server.o)
    0x10044918   0x10044918   0x00000068   Code   RO         5792    i.Gatt_Update_Charac_Value  libbluenrg1_stack.a(gatt_server.o)
    0x10044980   0x10044980   0x0000038c   Code   RO         5793    i.Gatt_Update_Charac_Value_Ext  libbluenrg1_stack.a(gatt_server.o)
    0x10044d0c   0x10044d0c   0x0000003c   Code   RO         5794    i.Gatt_fetch_handle  libbluenrg1_stack.a(gatt_server.o)
    0x10044d48   0x10044d48   0x0000001e   Code   RO         5795    i.Gatt_search_handle  libbluenrg1_stack.a(gatt_server.o)
    0x10044d66   0x10044d66   0x00000002   PAD
    0x10044d68   0x10044d68   0x0000002c   Code   RO         5796    i.Gatt_search_service_handle  libbluenrg1_stack.a(gatt_server.o)
    0x10044d94   0x10044d94   0x00000088   Code   RO         6051    i.Generate_Non_Resolvable_Private_Address  libbluenrg1_stack.a(rom_gap.o)
    0x10044e1c   0x10044e1c   0x00000010   Code   RO         6062    i.Get_GAP_Handle    libbluenrg1_stack.a(rom_gap_rom.o)
    0x10044e2c   0x10044e2c   0x00000014   Code   RO         6063    i.Get_StaticRandAddr  libbluenrg1_stack.a(rom_gap_rom.o)
    0x10044e40   0x10044e40   0x00000054   Code   RO         5809    i.HAL_Flash_Store_Data  libbluenrg1_stack.a(hal.o)
    0x10044e94   0x10044e94   0x00000020   Code   RO         5810    i.HAL_Generate_Random_Bytes_To  libbluenrg1_stack.a(hal.o)
    0x10044eb4   0x10044eb4   0x00000050   Code   RO          119    i.HAL_GetPartInfo   miscutil.o
    0x10044f04   0x10044f04   0x00000044   Code   RO         5813    i.HAL_Set_TX_Power_Level  libbluenrg1_stack.a(hal.o)
    0x10044f48   0x10044f48   0x00000024   Code   RO         5827    i.HAL_VTimerAcc_sysT32_ms  libbluenrg1_stack.a(host_timer.o)
    0x10044f6c   0x10044f6c   0x00000012   Code   RO         5830    i.HAL_VTimerGetCurrentTime_sysT32  libbluenrg1_stack.a(host_timer.o)
    0x10044f7e   0x10044f7e   0x00000002   Code   RO         5833    i.HAL_VTimerTimeoutCallback  libbluenrg1_stack.a(host_timer.o)
    0x10044f80   0x10044f80   0x00000074   Code   RO         5401    i.HCI_Init          libbluenrg1_stack.a(hci.o)
    0x10044ff4   0x10044ff4   0x00000088   Code   RO         1996    i.HTS221_Set_IrqOutputType  hts221.o
    0x1004507c   0x1004507c   0x00000088   Code   RO         1998    i.HTS221_Set_PowerDownMode  hts221.o
    0x10045104   0x10045104   0x0000003c   Code   RO         2001    i.HTS221_assert_failed  hts221.o
    0x10045140   0x10045140   0x0000003a   Code   RO         5815    i.Hal_Get_Random_Number  libbluenrg1_stack.a(hal.o)
    0x1004517a   0x1004517a   0x00000012   Code   RO         5816    i.Hal_Get_Random_Number32  libbluenrg1_stack.a(hal.o)
    0x1004518c   0x1004518c   0x00000002   Code   RO         5226    i.HardFault_Handler  bluenrg1_it.o
    0x1004518e   0x1004518e   0x00000002   Code   RO         4909    i.I2C1_Handler      system_bluenrg1.o
    0x10045190   0x10045190   0x00000002   Code   RO         4910    i.I2C2_Handler      system_bluenrg1.o
    0x10045192   0x10045192   0x00000022   Code   RO          719    i.I2C_BeginTransaction  bluenrg1_i2c.o
    0x100451b4   0x100451b4   0x00000004   Code   RO          720    i.I2C_ClearITPendingBit  bluenrg1_i2c.o
    0x100451b8   0x100451b8   0x00000004   Code   RO          726    i.I2C_FillTxFIFO    bluenrg1_i2c.o
    0x100451bc   0x100451bc   0x0000000a   Code   RO          728    i.I2C_FlushTx       bluenrg1_i2c.o
    0x100451c6   0x100451c6   0x0000000a   Code   RO          732    i.I2C_GetITStatus   bluenrg1_i2c.o
    0x100451d0   0x100451d0   0x00000008   Code   RO          733    i.I2C_GetStatus     bluenrg1_i2c.o
    0x100451d8   0x100451d8   0x000000c0   Code   RO          735    i.I2C_Init          bluenrg1_i2c.o
    0x10045298   0x10045298   0x00000004   Code   RO          736    i.I2C_ReceiveData   bluenrg1_i2c.o
    0x1004529c   0x1004529c   0x00000014   Code   RO          742    i.I2C_StructInit    bluenrg1_i2c.o
    0x100452b0   0x100452b0   0x0000000e   Code   RO          744    i.I2C_WaitFlushTx   bluenrg1_i2c.o
    0x100452be   0x100452be   0x00000002   PAD
    0x100452c0   0x100452c0   0x00000128   Code   RO         6355    i.IDD_Initialize_Device_IDs  libbluenrg1_stack.a(device_id_data.o)
    0x100453e8   0x100453e8   0x00000044   Code   RO         5797    i.Ind_Service_Change_Charac  libbluenrg1_stack.a(gatt_server.o)
    0x1004542c   0x1004542c   0x00000018   Code   RO         6095    i.Is_Address_Initialized  libbluenrg1_stack.a(rom_ll_ll_routines.o)
    0x10045444   0x10045444   0x00000010   Code   RO         6016    i.Is_Flash_Write_On_Going  libbluenrg1_stack.a(nvm.o)
    0x10045454   0x10045454   0x0000007c   Code   RO         5855    i.L2C_Build_Command_Reject_Pdu  libbluenrg1_stack.a(l2cap.o)
    0x100454d0   0x100454d0   0x00000024   Code   RO         5858    i.L2C_Connection_Complete_Handler  libbluenrg1_stack.a(l2cap.o)
    0x100454f4   0x100454f4   0x0000002a   Code   RO         5859    i.L2C_Connection_Complete_Signal_Handler  libbluenrg1_stack.a(l2cap.o)
    0x1004551e   0x1004551e   0x00000002   PAD
    0x10045520   0x10045520   0x00000034   Code   RO         5860    i.L2C_Get_Connection_Info  libbluenrg1_stack.a(l2cap.o)
    0x10045554   0x10045554   0x00000030   Code   RO         5861    i.L2C_Get_Connection_Info_Index  libbluenrg1_stack.a(l2cap.o)
    0x10045584   0x10045584   0x0000000e   Code   RO         5862    i.L2C_Get_PDU_Len   libbluenrg1_stack.a(l2cap.o)
    0x10045592   0x10045592   0x00000002   PAD
    0x10045594   0x10045594   0x00000058   Code   RO         5863    i.L2C_Init          libbluenrg1_stack.a(l2cap.o)
    0x100455ec   0x100455ec   0x00000058   Code   RO         5864    i.L2C_Mux_Acl_Packet  libbluenrg1_stack.a(l2cap.o)
    0x10045644   0x10045644   0x000000a6   Code   RO         5865    i.L2C_Rcv_Data      libbluenrg1_stack.a(l2cap.o)
    0x100456ea   0x100456ea   0x0000001e   Code   RO         5866    i.L2C_Rcv_Event_Handler  libbluenrg1_stack.a(l2cap.o)
    0x10045708   0x10045708   0x00000052   Code   RO         5867    i.L2C_Rcv_Event_Handler_ISR  libbluenrg1_stack.a(l2cap.o)
    0x1004575a   0x1004575a   0x00000002   PAD
    0x1004575c   0x1004575c   0x0000007c   Code   RO         5868    i.L2C_Reset_To_Closed_State  libbluenrg1_stack.a(l2cap.o)
    0x100457d8   0x100457d8   0x0000004c   Code   RO         5869    i.L2C_Send_Data     libbluenrg1_stack.a(l2cap.o)
    0x10045824   0x10045824   0x00000060   Code   RO         5870    i.L2C_SigChan_Req_TimeOut_Handler  libbluenrg1_stack.a(l2cap.o)
    0x10045884   0x10045884   0x000001b4   Code   RO         5871    i.L2C_Signal_Channel_Handler  libbluenrg1_stack.a(l2cap.o)
    0x10045a38   0x10045a38   0x00000024   Code   RO         5872    i.L2C_Signal_Channel_Handler_ISR  libbluenrg1_stack.a(l2cap.o)
    0x10045a5c   0x10045a5c   0x0000005c   Code   RO         5873    i.L2C_discard_corrupted_acl_packet  libbluenrg1_stack.a(l2cap.o)
    0x10045ab8   0x10045ab8   0x00000042   Code   RO         6096    i.LL_Allow_Address_Setting  libbluenrg1_stack.a(rom_ll_ll_routines.o)
    0x10045afa   0x10045afa   0x00000002   PAD
    0x10045afc   0x10045afc   0x000001f0   Code   RO         6097    i.LL_Check_And_Set_Addresses  libbluenrg1_stack.a(rom_ll_ll_routines.o)
    0x10045cec   0x10045cec   0x00000004   Code   RO         5919    i.LL_Data_Length_Change_Event_ucfg  libbluenrg1_stack.a(ll_routines.o)
    0x10045cf0   0x10045cf0   0x0000025c   Code   RO         6098    i.LL_Enable_Disable_Adv  libbluenrg1_stack.a(rom_ll_ll_routines.o)
    0x10045f4c   0x10045f4c   0x000000a0   Code   RO         5959    i.LL_Encrypt_Plain_Data_ucfg  libbluenrg1_stack.a(ll_routines_support.o)
    0x10045fec   0x10045fec   0x00000030   Code   RO         6099    i.LL_Get_Address    libbluenrg1_stack.a(rom_ll_ll_routines.o)
    0x1004601c   0x1004601c   0x00000040   Code   RO         6100    i.LL_Get_AdvAddress  libbluenrg1_stack.a(rom_ll_ll_routines.o)
    0x1004605c   0x1004605c   0x00000018   Code   RO         6136    i.LL_Get_Adv_Tx_Power_Level  libbluenrg1_stack.a(rom_ll_routines_support.o)
    0x10046074   0x10046074   0x00000040   Code   RO         6103    i.LL_Get_ScanAddress  libbluenrg1_stack.a(rom_ll_ll_routines.o)
    0x100460b4   0x100460b4   0x00000184   Code   RO         6105    i.LL_Init           libbluenrg1_stack.a(rom_ll_ll_routines.o)
    0x10046238   0x10046238   0x00000028   Code   RO         5880    i.LL_LE_Clear_White_List  libbluenrg1_stack.a(ll_privacy.o)
    0x10046260   0x10046260   0x00000050   Code   RO         6107    i.LL_Send_ACL_Data  libbluenrg1_stack.a(rom_ll_ll_routines.o)
    0x100462b0   0x100462b0   0x000000a4   Code   RO         5926    i.LL_Send_Disconnection_Req  libbluenrg1_stack.a(ll_routines.o)
    0x10046354   0x10046354   0x00000004   Code   RO         5929    i.LL_Send_Length_Resp_ucfg  libbluenrg1_stack.a(ll_routines.o)
    0x10046358   0x10046358   0x00000078   Code   RO         6109    i.LL_Set_Adv_Data   libbluenrg1_stack.a(rom_ll_ll_routines.o)
    0x100463d0   0x100463d0   0x000000d0   Code   RO         6110    i.LL_Set_Adv_PDU_Format  libbluenrg1_stack.a(rom_ll_ll_routines.o)
    0x100464a0   0x100464a0   0x0000014c   Code   RO         6111    i.LL_Set_Adv_Params  libbluenrg1_stack.a(rom_ll_ll_routines.o)
    0x100465ec   0x100465ec   0x00000088   Code   RO         6112    i.LL_Set_Advertising_Buffers  libbluenrg1_stack.a(rom_ll_ll_routines.o)
    0x10046674   0x10046674   0x00000038   Code   RO         6113    i.LL_Set_DirectAddress  libbluenrg1_stack.a(rom_ll_ll_routines.o)
    0x100466ac   0x100466ac   0x0000009c   Code   RO         5960    i.LL_Set_LTK        libbluenrg1_stack.a(ll_routines_support.o)
    0x10046748   0x10046748   0x00000024   Code   RO         6114    i.LL_Set_OwnAddress  libbluenrg1_stack.a(rom_ll_ll_routines.o)
    0x1004676c   0x1004676c   0x0000005c   Code   RO         6115    i.LL_Set_Scan_Resp_Data  libbluenrg1_stack.a(rom_ll_ll_routines.o)
    0x100467c8   0x100467c8   0x00000058   Code   RO         6352    i.LL_Sleep_Req      libbluenrg1_stack.a(bluenrg_main_func_speed.o)
    0x10046820   0x10046820   0x0000004c   Code   RO         6116    i.LL_Update_Advertising_Buffers  libbluenrg1_stack.a(rom_ll_ll_routines.o)
    0x1004686c   0x1004686c   0x00000048   Code   RO         6117    i.LL_Update_Scanning_Initiating_Buffers  libbluenrg1_stack.a(rom_ll_ll_routines.o)
    0x100468b4   0x100468b4   0x00000094   Code   RO         5850    i.LL_receive_data   libbluenrg1_stack.a(isr_routines.o)
    0x10046948   0x10046948   0x00000098   Code   RO         6081    i.LL_update_proc    libbluenrg1_stack.a(rom_ll_isr_routines.o)
    0x100469e0   0x100469e0   0x00000014   Code   RO         6388    i.List_Circular_Get_Size  libbluenrg1_stack.a(rom_list.o)
    0x100469f4   0x100469f4   0x0000000e   Code   RO         6391    i.List_Circular_Insert_Tail  libbluenrg1_stack.a(rom_list.o)
    0x10046a02   0x10046a02   0x00000016   Code   RO         6392    i.List_Circular_Node_Present  libbluenrg1_stack.a(rom_list.o)
    0x10046a18   0x10046a18   0x0000001a   Code   RO         6393    i.List_Circular_Remove_Head  libbluenrg1_stack.a(rom_list.o)
    0x10046a32   0x10046a32   0x00000020   Code   RO         6394    i.List_Circular_Remove_Node  libbluenrg1_stack.a(rom_list.o)
    0x10046a52   0x10046a52   0x00000002   Code   RO         4911    i.MFT1A_Handler     system_bluenrg1.o
    0x10046a54   0x10046a54   0x00000002   Code   RO         4912    i.MFT1B_Handler     system_bluenrg1.o
    0x10046a56   0x10046a56   0x00000002   Code   RO         4913    i.MFT2A_Handler     system_bluenrg1.o
    0x10046a58   0x10046a58   0x00000002   Code   RO         4914    i.MFT2B_Handler     system_bluenrg1.o
    0x10046a5a   0x10046a5a   0x00000012   Code   RO         5972    i.Mem_Buff_Append   libbluenrg1_stack.a(mem_buff.o)
    0x10046a6c   0x10046a6c   0x00000048   Code   RO         5973    i.Mem_Buff_Block_Copy  libbluenrg1_stack.a(mem_buff.o)
    0x10046ab4   0x10046ab4   0x00000056   Code   RO         5974    i.Mem_Buff_Block_Write  libbluenrg1_stack.a(mem_buff.o)
    0x10046b0a   0x10046b0a   0x00000032   Code   RO         5975    i.Mem_Buff_Clone    libbluenrg1_stack.a(mem_buff.o)
    0x10046b3c   0x10046b3c   0x00000078   Code   RO         5976    i.Mem_Buff_Cmp      libbluenrg1_stack.a(mem_buff.o)
    0x10046bb4   0x10046bb4   0x000000ba   Code   RO         5977    i.Mem_Buff_Compact  libbluenrg1_stack.a(mem_buff.o)
    0x10046c6e   0x10046c6e   0x0000002e   Code   RO         5978    i.Mem_Buff_Get      libbluenrg1_stack.a(mem_buff.o)
    0x10046c9c   0x10046c9c   0x00000014   Code   RO         5979    i.Mem_Buff_Get_Chain_Count  libbluenrg1_stack.a(mem_buff.o)
    0x10046cb0   0x10046cb0   0x00000014   Code   RO         5980    i.Mem_Buff_Get_Chain_Size  libbluenrg1_stack.a(mem_buff.o)
    0x10046cc4   0x10046cc4   0x0000006a   Code   RO         5981    i.Mem_Buff_Init     libbluenrg1_stack.a(mem_buff.o)
    0x10046d2e   0x10046d2e   0x00000062   Code   RO         5982    i.Mem_Buff_Read     libbluenrg1_stack.a(mem_buff.o)
    0x10046d90   0x10046d90   0x00000036   Code   RO         5983    i.Mem_Buff_Release  libbluenrg1_stack.a(mem_buff.o)
    0x10046dc6   0x10046dc6   0x0000008e   Code   RO         5984    i.Mem_Buff_Resize   libbluenrg1_stack.a(mem_buff.o)
    0x10046e54   0x10046e54   0x00000068   Code   RO         5985    i.Mem_Buff_Write    libbluenrg1_stack.a(mem_buff.o)
    0x10046ebc   0x10046ebc   0x00000016   Code   RO         5966    i.Mem_assign        libbluenrg1_stack.a(mem_alloc.o)
    0x10046ed2   0x10046ed2   0x00000002   Code   RO         5227    i.NMI_Handler       bluenrg1_it.o
    0x10046ed4   0x10046ed4   0x00000044   Code   RO         4916    i.NVIC_SetPriority  system_bluenrg1.o
    0x10046f18   0x10046f18   0x00000002   Code   RO         4917    i.NVM_Handler       system_bluenrg1.o
    0x10046f1a   0x10046f1a   0x00000008   Code   RO          167    i.Osal_MemCmp       osal.o
    0x10046f22   0x10046f22   0x00000008   Code   RO          168    i.Osal_MemCpy       osal.o
    0x10046f2a   0x10046f2a   0x00000008   Code   RO          169    i.Osal_MemSet       osal.o
    0x10046f32   0x10046f32   0x00000002   Code   RO         4918    i.PKA_Handler       system_bluenrg1.o
    0x10046f34   0x10046f34   0x00000002   Code   RO         5403    i.PKA_Offline_Processing_ucfg  libbluenrg1_stack.a(hci.o)
    0x10046f36   0x10046f36   0x00000014   Code   RO         1021    i.PKA_Reset         bluenrg1_pka.o
    0x10046f4a   0x10046f4a   0x00000002   PAD
    0x10046f4c   0x10046f4c   0x00000050   Code   RO         6026    i.PM_Check_And_Set  libbluenrg1_stack.a(pm.o)
    0x10046f9c   0x10046f9c   0x00000022   Code   RO         6027    i.PM_Clone_Pckt     libbluenrg1_stack.a(pm.o)
    0x10046fbe   0x10046fbe   0x00000002   PAD
    0x10046fc0   0x10046fc0   0x00000054   Code   RO         6028    i.PM_Compact        libbluenrg1_stack.a(pm.o)
    0x10047014   0x10047014   0x00000012   Code   RO         6029    i.PM_Copy_Pckt_Data  libbluenrg1_stack.a(pm.o)
    0x10047026   0x10047026   0x00000002   PAD
    0x10047028   0x10047028   0x00000018   Code   RO         6030    i.PM_Eng_Config     libbluenrg1_stack.a(pm.o)
    0x10047040   0x10047040   0x0000000c   Code   RO         6031    i.PM_Extract_Pdu_MBuff  libbluenrg1_stack.a(pm.o)
    0x1004704c   0x1004704c   0x0000003c   Code   RO         6032    i.PM_Get_Available_Buffer  libbluenrg1_stack.a(pm.o)
    0x10047088   0x10047088   0x0000000a   Code   RO         6034    i.PM_Get_Mem_Buff_Count  libbluenrg1_stack.a(pm.o)
    0x10047092   0x10047092   0x00000002   PAD
    0x10047094   0x10047094   0x00000044   Code   RO         6035    i.PM_Get_Pckt       libbluenrg1_stack.a(pm.o)
    0x100470d8   0x100470d8   0x00000068   Code   RO         6036    i.PM_Init           libbluenrg1_stack.a(pm.o)
    0x10047140   0x10047140   0x0000000a   Code   RO         6037    i.PM_Pckt_Cmp       libbluenrg1_stack.a(pm.o)
    0x1004714a   0x1004714a   0x00000002   PAD
    0x1004714c   0x1004714c   0x0000003c   Code   RO         6038    i.PM_Release_Acl_Pckt  libbluenrg1_stack.a(pm.o)
    0x10047188   0x10047188   0x0000006c   Code   RO         6039    i.PM_Resize_Pckt_Pdu_Size  libbluenrg1_stack.a(pm.o)
    0x100471f4   0x100471f4   0x00000012   Code   RO         6041    i.PM_Write_Pckt_Data  libbluenrg1_stack.a(pm.o)
    0x10047206   0x10047206   0x00000002   PAD
    0x10047208   0x10047208   0x00000084   Code   RO         5892    i.PRIVWHIT_u8SearchAddrInList  libbluenrg1_stack.a(ll_privacy.o)
    0x1004728c   0x1004728c   0x000000b4   Code   RO         5893    i.PRIVWHIT_vInit_Struct  libbluenrg1_stack.a(ll_privacy.o)
    0x10047340   0x10047340   0x00000058   Code   RO         5896    i.PRIV_SearchAddrInWhiteList  libbluenrg1_stack.a(ll_privacy.o)
    0x10047398   0x10047398   0x00000004   Code   RO         5404    i.PRIV_controller_privacy_csr_ucfg  libbluenrg1_stack.a(hci.o)
    0x1004739c   0x1004739c   0x00000004   Code   RO         5898    i.PRIV_u32ProcessAdvPacket_ucfg  libbluenrg1_stack.a(ll_privacy.o)
    0x100473a0   0x100473a0   0x00000004   Code   RO         5900    i.PRIV_u8OfflineProcessing_ucfg  libbluenrg1_stack.a(ll_privacy.o)
    0x100473a4   0x100473a4   0x00000002   Code   RO         5904    i.PRIV_vGeneratePrivateAddress_ucfg  libbluenrg1_stack.a(ll_privacy.o)
    0x100473a6   0x100473a6   0x00000002   Code   RO         5908    i.PRIV_vGenerate_hci_le_enhanced_connection_complete_event_ucfg  libbluenrg1_stack.a(ll_privacy.o)
    0x100473a8   0x100473a8   0x00000002   Code   RO         4919    i.PendSV_Handler    system_bluenrg1.o
    0x100473aa   0x100473aa   0x0000000e   Code   RO         5798    i.Pm_Resize_Host_Acl_Pckt  libbluenrg1_stack.a(gatt_server.o)
    0x100473b8   0x100473b8   0x0000000e   Code   RO         6335    i.Pm_Resize_Host_Acl_Pckt  libbluenrg1_stack.a(att.o)
    0x100473c6   0x100473c6   0x00000002   PAD
    0x100473c8   0x100473c8   0x00000178   Code   RO         6336    i.Prepare_Write_Resp  libbluenrg1_stack.a(att.o)
    0x10047540   0x10047540   0x000001fc   Code   RO         5799    i.Process_Peer_Client_Data  libbluenrg1_stack.a(gatt_server.o)
    0x1004773c   0x1004773c   0x00000194   Code   RO         5800    i.Process_Peer_Server_Data  libbluenrg1_stack.a(gatt_server.o)
    0x100478d0   0x100478d0   0x0000021c   Code   RO         5464    i.RAL_Isr           libbluenrg1_stack.a(ll_isr.o)
    0x10047aec   0x10047aec   0x00000020   Code   RO         4920    i.RESET_HANDLER     system_bluenrg1.o
    0x10047b0c   0x10047b0c   0x00000002   Code   RO         4921    i.RTC_Handler       system_bluenrg1.o
    0x10047b0e   0x10047b0e   0x00000140   Code   RO         6337    i.Read_Blob_Resp    libbluenrg1_stack.a(att.o)
    0x10047c4e   0x10047c4e   0x00000002   PAD
    0x10047c50   0x10047c50   0x000001e4   Code   RO         6338    i.Read_By_Grp_Type_Resp  libbluenrg1_stack.a(att.o)
    0x10047e34   0x10047e34   0x000002d0   Code   RO         6339    i.Read_By_Type_Resp  libbluenrg1_stack.a(att.o)
    0x10048104   0x10048104   0x00000194   Code   RO         6340    i.Read_Multi_Resp   libbluenrg1_stack.a(att.o)
    0x10048298   0x10048298   0x0000012a   Code   RO         6341    i.Read_Resp         libbluenrg1_stack.a(att.o)
    0x100483c2   0x100483c2   0x00000002   Code   RO         5943    i.Reclassify_All_Channels_ucfg  libbluenrg1_stack.a(ll_routines_master.o)
    0x100483c4   0x100483c4   0x00000184   Code   RO         6176    i.SDB_Add_Record    libbluenrg1_stack.a(sdb.o)
    0x10048548   0x10048548   0x000000a0   Code   RO         6178    i.SDB_Find_Matching_LTK  libbluenrg1_stack.a(sdb.o)
    0x100485e8   0x100485e8   0x000000c4   Code   RO         6179    i.SDB_Find_Record   libbluenrg1_stack.a(sdb.o)
    0x100486ac   0x100486ac   0x00000044   Code   RO         6181    i.SDB_Get_Number_Of_Valid_Records  libbluenrg1_stack.a(sdb.o)
    0x100486f0   0x100486f0   0x000000bc   Code   RO         6182    i.SDB_flash_write_client_data  libbluenrg1_stack.a(sdb.o)
    0x100487ac   0x100487ac   0x000000e2   Code   RO         6183    i.SDB_get_security_data_record  libbluenrg1_stack.a(sdb.o)
    0x1004888e   0x1004888e   0x0000003c   Code   RO         6184    i.SDB_read_peer_bonded_data  libbluenrg1_stack.a(sdb.o)
    0x100488ca   0x100488ca   0x00000002   PAD
    0x100488cc   0x100488cc   0x00000040   Code   RO         4922    i.SET_BORconfigStatus  system_bluenrg1.o
    0x1004890c   0x1004890c   0x0000002e   Code   RO         6397    i.SMA_Diversify     libbluenrg1_stack.a(smp_algo_sap.o)
    0x1004893a   0x1004893a   0x00000002   PAD
    0x1004893c   0x1004893c   0x00000028   Code   RO         6398    i.SMA_Generate_CSRK  libbluenrg1_stack.a(smp_algo_sap.o)
    0x10048964   0x10048964   0x00000028   Code   RO         6399    i.SMA_Generate_IRK  libbluenrg1_stack.a(smp_algo_sap.o)
    0x1004898c   0x1004898c   0x00000028   Code   RO         6400    i.SMA_LP_s1_Generate_STK  libbluenrg1_stack.a(smp_algo_sap.o)
    0x100489b4   0x100489b4   0x0000007c   Code   RO         6405    i.SMA_generate_EDIV_recovery_DIV  libbluenrg1_stack.a(smp_algo_sap.o)
    0x10048a30   0x10048a30   0x00000048   Code   RO         6268    i.SMP_Check_Is_Device_Bonded  libbluenrg1_stack.a(smp_common.o)
    0x10048a78   0x10048a78   0x0000001c   Code   RO         6269    i.SMP_Forget_Device_by_ConnHandle  libbluenrg1_stack.a(smp_common.o)
    0x10048a94   0x10048a94   0x00000074   Code   RO         6271    i.SMP_Init          libbluenrg1_stack.a(smp_common.o)
    0x10048b08   0x10048b08   0x00000184   Code   RO         6200    i.SMP_Process_Q     libbluenrg1_stack.a(securitymgr.o)
    0x10048c8c   0x10048c8c   0x00000074   Code   RO         6272    i.SMP_Repeated_Attacks_Timer_cb  libbluenrg1_stack.a(smp_common.o)
    0x10048d00   0x10048d00   0x00000078   Code   RO         6276    i.SMP_Timer_cb      libbluenrg1_stack.a(smp_common.o)
    0x10048d78   0x10048d78   0x0000007a   Code   RO         6277    i.SMP_Validate_Signed_Packet  libbluenrg1_stack.a(smp_common.o)
    0x10048df2   0x10048df2   0x00000020   Code   RO         6279    i.SM_Check_Encryption_KeySize  libbluenrg1_stack.a(smp_common.o)
    0x10048e12   0x10048e12   0x00000002   PAD
    0x10048e14   0x10048e14   0x00000080   Code   RO         6280    i.SM_Connection_Complete_Handler  libbluenrg1_stack.a(smp_common.o)
    0x10048e94   0x10048e94   0x0000004e   Code   RO         6406    i.SM_Generate_Resolvable_Private_Address  libbluenrg1_stack.a(smp_algo_sap.o)
    0x10048ee2   0x10048ee2   0x0000002e   Code   RO         6281    i.SM_Get_Link_Status  libbluenrg1_stack.a(smp_common.o)
    0x10048f10   0x10048f10   0x00000048   Code   RO         6282    i.SM_Get_Remote_Device_Info  libbluenrg1_stack.a(smp_common.o)
    0x10048f58   0x10048f58   0x00000114   Code   RO         6283    i.SM_L2CAP_Encryption_changed_Handler_ISR  libbluenrg1_stack.a(smp_common.o)
    0x1004906c   0x1004906c   0x000000f4   Code   RO         6284    i.SM_L2CAP_Handler  libbluenrg1_stack.a(smp_common.o)
    0x10049160   0x10049160   0x00000158   Code   RO         6285    i.SM_L2CAP_Handler_ISR  libbluenrg1_stack.a(smp_common.o)
    0x100492b8   0x100492b8   0x00000022   Code   RO         6407    i.SM_Resolve_Private_Address  libbluenrg1_stack.a(smp_algo_sap.o)
    0x100492da   0x100492da   0x00000002   Code   RO         4923    i.SPI_Handler       system_bluenrg1.o
    0x100492dc   0x100492dc   0x00000002   Code   RO         5228    i.SVC_Handler       bluenrg1_it.o
    0x100492de   0x100492de   0x00000014   Code   RO         1723    i.SdkEvalComIOTxFifoNotEmpty  sdk_eval_com.o
    0x100492f2   0x100492f2   0x00000010   Code   RO         1725    i.SdkEvalComUARTBusy  sdk_eval_com.o
    0x10049302   0x10049302   0x0000005e   Code   RO         1726    i.SdkEvalComUartInit  sdk_eval_com.o
    0x10049360   0x10049360   0x00000064   Code   RO         1916    i.SdkEvalI2CInit    sdk_eval_i2c.o
    0x100493c4   0x100493c4   0x000000d8   Code   RO         1917    i.SdkEvalI2CRead    sdk_eval_i2c.o
    0x1004949c   0x1004949c   0x00000094   Code   RO         1919    i.SdkEvalI2CWrite   sdk_eval_i2c.o
    0x10049530   0x10049530   0x0000000c   Code   RO         1840    i.SdkEvalIdentification  sdk_eval_config.o
    0x1004953c   0x1004953c   0x0000005c   Code   RO         1869    i.SdkEvalLedInit    sdk_eval_led.o
    0x10049598   0x10049598   0x00000050   Code   RO         5801    i.Select_Next_Notification_Client  libbluenrg1_stack.a(gatt_server.o)
    0x100495e8   0x100495e8   0x0000004c   Code   RO         5802    i.Send_Notif_Or_Ind  libbluenrg1_stack.a(gatt_server.o)
    0x10049634   0x10049634   0x00000050   Code   RO         5835    i.Set_Host_Timer_value  libbluenrg1_stack.a(host_timer.o)
    0x10049684   0x10049684   0x00000024   Code   RO         6072    i.Start_Gatt_Timer  libbluenrg1_stack.a(rom_gatt_server.o)
    0x100496a8   0x100496a8   0x0000001c   Code   RO         6073    i.Stop_Gatt_Timer   libbluenrg1_stack.a(rom_gatt_server.o)
    0x100496c4   0x100496c4   0x00000010   Code   RO            8    i.SysCount_Handler  clock.o
    0x100496d4   0x100496d4   0x0000009c   Code   RO         1392    i.SysCtrl_GetWakeupResetReason  bluenrg1_sysctrl.o
    0x10049770   0x10049770   0x00000018   Code   RO         1393    i.SysCtrl_PeripheralClockCmd  bluenrg1_sysctrl.o
    0x10049788   0x10049788   0x00000008   Code   RO         5229    i.SysTick_Handler   bluenrg1_it.o
    0x10049790   0x10049790   0x000000b8   Code   RO         4927    i.SystemInit        system_bluenrg1.o
    0x10049848   0x10049848   0x00000018   Code   RO         1684    i.SystemSleepCmd    misc.o
    0x10049860   0x10049860   0x0000007c   Code   RO         5836    i.TimerCallback     libbluenrg1_stack.a(host_timer.o)
    0x100498dc   0x100498dc   0x00000014   Code   RO         5837    i.Timer_ExpiryCallback  libbluenrg1_stack.a(host_timer.o)
    0x100498f0   0x100498f0   0x00000038   Code   RO         5838    i.Timer_Init        libbluenrg1_stack.a(host_timer.o)
    0x10049928   0x10049928   0x0000011c   Code   RO         5839    i.Timer_ProcessQ    libbluenrg1_stack.a(host_timer.o)
    0x10049a44   0x10049a44   0x00000022   Code   RO         5840    i.Timer_StartOneShot  libbluenrg1_stack.a(host_timer.o)
    0x10049a66   0x10049a66   0x00000002   PAD
    0x10049a68   0x10049a68   0x00000078   Code   RO         5841    i.Timer_StartOneShot_sysTime32  libbluenrg1_stack.a(host_timer.o)
    0x10049ae0   0x10049ae0   0x00000058   Code   RO         5842    i.Timer_StopOneShot  libbluenrg1_stack.a(host_timer.o)
    0x10049b38   0x10049b38   0x00000024   Code   RO         5844    i.Timer_sysTime32_convMachineTime  libbluenrg1_stack.a(host_timer.o)
    0x10049b5c   0x10049b5c   0x0000001c   Code   RO         1438    i.UART_Cmd          bluenrg1_uart.o
    0x10049b78   0x10049b78   0x00000020   Code   RO         1441    i.UART_GetFlagStatus  bluenrg1_uart.o
    0x10049b98   0x10049b98   0x00000002   Code   RO         5230    i.UART_Handler      bluenrg1_it.o
    0x10049b9a   0x10049b9a   0x00000002   PAD
    0x10049b9c   0x10049b9c   0x00000148   Code   RO         1444    i.UART_Init         bluenrg1_uart.o
    0x10049ce4   0x10049ce4   0x00000018   Code   RO         1449    i.UART_RxFifoIrqLevelConfig  bluenrg1_uart.o
    0x10049cfc   0x10049cfc   0x00000010   Code   RO         1451    i.UART_SendData     bluenrg1_uart.o
    0x10049d0c   0x10049d0c   0x00000002   Code   RO         4929    i.WDG_Handler       system_bluenrg1.o
    0x10049d0e   0x10049d0e   0x0000000a   Code   RO         6150    i.WindowWiden1      libbluenrg1_stack.a(rom_ll_timehandling.o)
    0x10049d18   0x10049d18   0x00000010   Code   RO         6151    i.WindowWiden2      libbluenrg1_stack.a(rom_ll_timehandling.o)
    0x10049d28   0x10049d28   0x000001b0   Code   RO         6187    i.Write_Client_Data  libbluenrg1_stack.a(sdb.o)
    0x10049ed8   0x10049ed8   0x0000012c   Code   RO         6342    i.Write_Cmd         libbluenrg1_stack.a(att.o)
    0x1004a004   0x1004a004   0x0000013c   Code   RO         6343    i.Write_Resp        libbluenrg1_stack.a(att.o)
    0x1004a140   0x1004a140   0x000000e8   Code   RO         5396    i._BlueNRG_Stack_Initialization  libbluenrg1_stack.a(bluenrg_main_func.o)
    0x1004a228   0x1004a228   0x00000064   Code   RO         5681    i._GAP_Parse_Advertising_Report  libbluenrg1_stack.a(gap.o)
    0x1004a28c   0x1004a28c   0x00000020   Code   RO         6697    i.__0printf$8       mc_p.l(printf8.o)
    0x1004a2ac   0x1004a2ac   0x0000001a   Code   RO         5479    i.__ARM_common_memcpy1_6  libbluenrg1_stack.a(ll_isr.o)
    0x1004a2c6   0x1004a2c6   0x0000001a   Code   RO         5806    i.__ARM_common_switch8  libbluenrg1_stack.a(gatt_server.o)
    0x1004a2e0   0x1004a2e0   0x000000b8   Code   RO         4931    i.__low_level_init  system_bluenrg1.o
    0x1004a398   0x1004a398   0x0000000e   Code   RO         6816    i.__scatterload_copy  mc_p.l(handlers.o)
    0x1004a3a6   0x1004a3a6   0x00000002   Code   RO         6817    i.__scatterload_null  mc_p.l(handlers.o)
    0x1004a3a8   0x1004a3a8   0x0000000e   Code   RO         6818    i.__scatterload_zeroinit  mc_p.l(handlers.o)
    0x1004a3b6   0x1004a3b6   0x00000002   PAD
    0x1004a3b8   0x1004a3b8   0x0000005c   Code   RO         5284    i._aci_gap_set_discoverable_param_check  libbluenrg1_stack.a(bluenrg_gap_aci.o)
    0x1004a414   0x1004a414   0x00000174   Code   RO         5682    i._gap_set_discoverable_connectable  libbluenrg1_stack.a(gap.o)
    0x1004a588   0x1004a588   0x00000428   Code   RO         6704    i._printf_core      mc_p.l(printf8.o)
    0x1004a9b0   0x1004a9b0   0x00000020   Code   RO         6705    i._printf_post_padding  mc_p.l(printf8.o)
    0x1004a9d0   0x1004a9d0   0x0000002c   Code   RO         6706    i._printf_pre_padding  mc_p.l(printf8.o)
    0x1004a9fc   0x1004a9fc   0x00000002   Code   RO         5484    i.aci_att_exchange_mtu_resp_event  libbluenrg1_stack.a(aci_events.o)
    0x1004a9fe   0x1004a9fe   0x00000002   Code   RO         5485    i.aci_att_exec_write_resp_event  libbluenrg1_stack.a(aci_events.o)
    0x1004aa00   0x1004aa00   0x00000002   Code   RO         5486    i.aci_att_find_by_type_value_resp_event  libbluenrg1_stack.a(aci_events.o)
    0x1004aa02   0x1004aa02   0x00000002   Code   RO         5487    i.aci_att_find_info_resp_event  libbluenrg1_stack.a(aci_events.o)
    0x1004aa04   0x1004aa04   0x00000002   Code   RO         5488    i.aci_att_prepare_write_resp_event  libbluenrg1_stack.a(aci_events.o)
    0x1004aa06   0x1004aa06   0x00000002   Code   RO         5489    i.aci_att_read_blob_resp_event  libbluenrg1_stack.a(aci_events.o)
    0x1004aa08   0x1004aa08   0x00000002   Code   RO         5490    i.aci_att_read_by_group_type_resp_event  libbluenrg1_stack.a(aci_events.o)
    0x1004aa0a   0x1004aa0a   0x00000002   Code   RO         5491    i.aci_att_read_by_type_resp_event  libbluenrg1_stack.a(aci_events.o)
    0x1004aa0c   0x1004aa0c   0x00000002   Code   RO         5492    i.aci_att_read_multiple_resp_event  libbluenrg1_stack.a(aci_events.o)
    0x1004aa0e   0x1004aa0e   0x00000002   Code   RO         5493    i.aci_att_read_resp_event  libbluenrg1_stack.a(aci_events.o)
    0x1004aa10   0x1004aa10   0x00000002   Code   RO         5494    i.aci_att_write_resp_event  libbluenrg1_stack.a(aci_events.o)
    0x1004aa12   0x1004aa12   0x00000002   PAD
    0x1004aa14   0x1004aa14   0x00000028   Code   RO         5495    i.aci_event_fifo_push  libbluenrg1_stack.a(aci_events.o)
    0x1004aa3c   0x1004aa3c   0x000000bc   Code   RO         5496    i.aci_event_fifo_push_header  libbluenrg1_stack.a(aci_events.o)
    0x1004aaf8   0x1004aaf8   0x00000002   Code   RO         5497    i.aci_gap_addr_not_resolved_event  libbluenrg1_stack.a(aci_events.o)
    0x1004aafa   0x1004aafa   0x00000002   Code   RO         5498    i.aci_gap_authorization_req_event  libbluenrg1_stack.a(aci_events.o)
    0x1004aafc   0x1004aafc   0x00000054   Code   RO         6286    i.aci_gap_authorization_req_event_push  libbluenrg1_stack.a(smp_common.o)
    0x1004ab50   0x1004ab50   0x00000002   Code   RO         5499    i.aci_gap_bond_lost_event  libbluenrg1_stack.a(aci_events.o)
    0x1004ab52   0x1004ab52   0x00000002   Code   RO         5500    i.aci_gap_device_found_event  libbluenrg1_stack.a(aci_events.o)
    0x1004ab54   0x1004ab54   0x00000030   Code   RO         5294    i.aci_gap_init      libbluenrg1_stack.a(bluenrg_gap_aci.o)
    0x1004ab84   0x1004ab84   0x00000002   Code   RO         5501    i.aci_gap_keypress_notification_event  libbluenrg1_stack.a(aci_events.o)
    0x1004ab86   0x1004ab86   0x00000002   Code   RO         5502    i.aci_gap_limited_discoverable_event  libbluenrg1_stack.a(aci_events.o)
    0x1004ab88   0x1004ab88   0x00000050   Code   RO         5683    i.aci_gap_limited_discoverable_event_push  libbluenrg1_stack.a(gap.o)
    0x1004abd8   0x1004abd8   0x00000002   Code   RO         5503    i.aci_gap_numeric_comparison_value_event  libbluenrg1_stack.a(aci_events.o)
    0x1004abda   0x1004abda   0x00000002   Code   RO         5504    i.aci_gap_pairing_complete_event  libbluenrg1_stack.a(aci_events.o)
    0x1004abdc   0x1004abdc   0x0000005c   Code   RO         6287    i.aci_gap_pairing_complete_event_push  libbluenrg1_stack.a(smp_common.o)
    0x1004ac38   0x1004ac38   0x00000002   Code   RO         5505    i.aci_gap_pass_key_req_event  libbluenrg1_stack.a(aci_events.o)
    0x1004ac3a   0x1004ac3a   0x00000002   Code   RO         5506    i.aci_gap_proc_complete_event  libbluenrg1_stack.a(aci_events.o)
    0x1004ac3c   0x1004ac3c   0x00000074   Code   RO         5684    i.aci_gap_proc_complete_event_push  libbluenrg1_stack.a(gap.o)
    0x1004acb0   0x1004acb0   0x00000042   Code   RO         5306    i.aci_gap_set_discoverable  libbluenrg1_stack.a(bluenrg_gap_aci.o)
    0x1004acf2   0x1004acf2   0x00000002   Code   RO         5507    i.aci_gap_slave_security_initiated_event  libbluenrg1_stack.a(aci_events.o)
    0x1004acf4   0x1004acf4   0x00000002   Code   RO         5508    i.aci_gatt_attribute_modified_event  libbluenrg1_stack.a(aci_events.o)
    0x1004acf6   0x1004acf6   0x00000002   PAD
    0x1004acf8   0x1004acf8   0x00000078   Code   RO         6344    i.aci_gatt_attribute_modified_event_push  libbluenrg1_stack.a(att.o)
    0x1004ad70   0x1004ad70   0x00000002   Code   RO         5509    i.aci_gatt_disc_read_char_by_uuid_resp_event  libbluenrg1_stack.a(aci_events.o)
    0x1004ad72   0x1004ad72   0x00000002   Code   RO         5510    i.aci_gatt_error_resp_event  libbluenrg1_stack.a(aci_events.o)
    0x1004ad74   0x1004ad74   0x00000002   Code   RO         5511    i.aci_gatt_indication_event  libbluenrg1_stack.a(aci_events.o)
    0x1004ad76   0x1004ad76   0x00000002   PAD
    0x1004ad78   0x1004ad78   0x00000090   Code   RO         5803    i.aci_gatt_indication_event_push  libbluenrg1_stack.a(gatt_server.o)
    0x1004ae08   0x1004ae08   0x00000008   Code   RO         5354    i.aci_gatt_init     libbluenrg1_stack.a(bluenrg_gatt_aci.o)
    0x1004ae10   0x1004ae10   0x00000002   Code   RO         5512    i.aci_gatt_notification_event  libbluenrg1_stack.a(aci_events.o)
    0x1004ae12   0x1004ae12   0x00000002   PAD
    0x1004ae14   0x1004ae14   0x00000090   Code   RO         5804    i.aci_gatt_notification_event_push  libbluenrg1_stack.a(gatt_server.o)
    0x1004aea4   0x1004aea4   0x00000002   Code   RO         5513    i.aci_gatt_prepare_write_permit_req_event  libbluenrg1_stack.a(aci_events.o)
    0x1004aea6   0x1004aea6   0x00000002   Code   RO         5514    i.aci_gatt_proc_complete_event  libbluenrg1_stack.a(aci_events.o)
    0x1004aea8   0x1004aea8   0x00000002   Code   RO         5515    i.aci_gatt_proc_timeout_event  libbluenrg1_stack.a(aci_events.o)
    0x1004aeaa   0x1004aeaa   0x00000002   Code   RO         5516    i.aci_gatt_read_multi_permit_req_event  libbluenrg1_stack.a(aci_events.o)
    0x1004aeac   0x1004aeac   0x00000068   Code   RO         6345    i.aci_gatt_read_multi_permit_req_event_push  libbluenrg1_stack.a(att.o)
    0x1004af14   0x1004af14   0x00000002   Code   RO         5517    i.aci_gatt_read_permit_req_event  libbluenrg1_stack.a(aci_events.o)
    0x1004af16   0x1004af16   0x00000002   PAD
    0x1004af18   0x1004af18   0x00000050   Code   RO         6346    i.aci_gatt_read_permit_req_event_push  libbluenrg1_stack.a(att.o)
    0x1004af68   0x1004af68   0x00000002   Code   RO         5518    i.aci_gatt_server_confirmation_event  libbluenrg1_stack.a(aci_events.o)
    0x1004af6a   0x1004af6a   0x00000002   Code   RO         5519    i.aci_gatt_tx_pool_available_event  libbluenrg1_stack.a(aci_events.o)
    0x1004af6c   0x1004af6c   0x00000002   Code   RO         5520    i.aci_gatt_write_permit_req_event  libbluenrg1_stack.a(aci_events.o)
    0x1004af6e   0x1004af6e   0x00000002   PAD
    0x1004af70   0x1004af70   0x0000006c   Code   RO         6347    i.aci_gatt_write_permit_req_event_push  libbluenrg1_stack.a(att.o)
    0x1004afdc   0x1004afdc   0x00000002   Code   RO         5817    i.aci_hal_end_of_radio_activity_event  libbluenrg1_stack.a(hal.o)
    0x1004afde   0x1004afde   0x00000002   Code   RO         5521    i.aci_hal_fw_error_event  libbluenrg1_stack.a(aci_events.o)
    0x1004afe0   0x1004afe0   0x00000002   Code   RO         5522    i.aci_hal_scan_req_report_event  libbluenrg1_stack.a(aci_events.o)
    0x1004afe2   0x1004afe2   0x00000008   Code   RO         5383    i.aci_hal_set_tx_power_level  libbluenrg1_stack.a(bluenrg_hal_aci.o)
    0x1004afea   0x1004afea   0x00000002   Code   RO         5523    i.aci_l2cap_command_reject_event  libbluenrg1_stack.a(aci_events.o)
    0x1004afec   0x1004afec   0x00000002   Code   RO         5524    i.aci_l2cap_connection_update_req_event  libbluenrg1_stack.a(aci_events.o)
    0x1004afee   0x1004afee   0x00000002   PAD
    0x1004aff0   0x1004aff0   0x00000098   Code   RO         5874    i.aci_l2cap_connection_update_req_event_push  libbluenrg1_stack.a(l2cap.o)
    0x1004b088   0x1004b088   0x00000002   Code   RO         5525    i.aci_l2cap_connection_update_resp_event  libbluenrg1_stack.a(aci_events.o)
    0x1004b08a   0x1004b08a   0x00000002   Code   RO         5526    i.aci_l2cap_proc_timeout_event  libbluenrg1_stack.a(aci_events.o)
    0x1004b08c   0x1004b08c   0x00000004   Code   RO         5631    i.acl_list_first    libbluenrg1_stack.a(acl_list.o)
    0x1004b090   0x1004b090   0x00000026   Code   RO         5632    i.acl_list_full_on_packt  libbluenrg1_stack.a(acl_list.o)
    0x1004b0b6   0x1004b0b6   0x00000010   Code   RO         5635    i.acl_list_init     libbluenrg1_stack.a(acl_list.o)
    0x1004b0c6   0x1004b0c6   0x00000026   Code   RO         5636    i.acl_list_insert_head  libbluenrg1_stack.a(acl_list.o)
    0x1004b0ec   0x1004b0ec   0x0000002c   Code   RO         5637    i.acl_list_insert_tail  libbluenrg1_stack.a(acl_list.o)
    0x1004b118   0x1004b118   0x0000000e   Code   RO         5638    i.acl_list_is_empty  libbluenrg1_stack.a(acl_list.o)
    0x1004b126   0x1004b126   0x00000044   Code   RO         5640    i.acl_list_remove   libbluenrg1_stack.a(acl_list.o)
    0x1004b16a   0x1004b16a   0x0000002e   Code   RO         5641    i.acl_list_remove_head  libbluenrg1_stack.a(acl_list.o)
    0x1004b198   0x1004b198   0x00000260   Code   RO         5990    i.adapt_slot        libbluenrg1_stack.a(multi_master_time.o)
    0x1004b3f8   0x1004b3f8   0x0000001e   Code   RO         6082    i.addr_u32_from_u8  libbluenrg1_stack.a(rom_ll_isr_routines.o)
    0x1004b416   0x1004b416   0x00000020   Code   RO         6119    i.addr_u32_from_u8  libbluenrg1_stack.a(rom_ll_ll_routines.o)
    0x1004b436   0x1004b436   0x00000002   PAD
    0x1004b438   0x1004b438   0x0000008c   Code   RO         5685    i.advParamsCheckAndSet  libbluenrg1_stack.a(gap.o)
    0x1004b4c4   0x1004b4c4   0x000002cc   Code   RO         5991    i.advance_slave_timing_MultiSlave  libbluenrg1_stack.a(multi_master_time.o)
    0x1004b790   0x1004b790   0x00000158   Code   RO         6166    i.advance_transmit  libbluenrg1_stack.a(routines_support.o)
    0x1004b8e8   0x1004b8e8   0x0000063c   Code   RO         5644    i.advance_wakeup_timer  libbluenrg1_stack.a(advance_wakeup_time.o)
    0x1004bf24   0x1004bf24   0x0000001c   Code   RO         5819    i.ble_HAL_Init      libbluenrg1_stack.a(hal.o)
    0x1004bf40   0x1004bf40   0x00000004   Code   RO         6084    i.cancel_connect_master_ucfg  libbluenrg1_stack.a(rom_ll_isr_routines.o)
    0x1004bf44   0x1004bf44   0x000001a8   Code   RO         5993    i.cancel_current_master  libbluenrg1_stack.a(multi_master_time.o)
    0x1004c0ec   0x1004c0ec   0x00000080   Code   RO         6085    i.cancel_master     libbluenrg1_stack.a(rom_ll_isr_routines.o)
    0x1004c16c   0x1004c16c   0x000000c4   Code   RO         5851    i.cancel_slave      libbluenrg1_stack.a(isr_routines.o)
    0x1004c230   0x1004c230   0x00000024   Code   RO         5527    i.cb_aci_att_exchange_mtu_resp_event  libbluenrg1_stack.a(aci_events.o)
    0x1004c254   0x1004c254   0x00000020   Code   RO         5528    i.cb_aci_att_exec_write_resp_event  libbluenrg1_stack.a(aci_events.o)
    0x1004c274   0x1004c274   0x00000024   Code   RO         5529    i.cb_aci_att_find_by_type_value_resp_event  libbluenrg1_stack.a(aci_events.o)
    0x1004c298   0x1004c298   0x00000028   Code   RO         5530    i.cb_aci_att_find_info_resp_event  libbluenrg1_stack.a(aci_events.o)
    0x1004c2c0   0x1004c2c0   0x0000002c   Code   RO         5531    i.cb_aci_att_prepare_write_resp_event  libbluenrg1_stack.a(aci_events.o)
    0x1004c2ec   0x1004c2ec   0x00000024   Code   RO         5532    i.cb_aci_att_read_blob_resp_event  libbluenrg1_stack.a(aci_events.o)
    0x1004c310   0x1004c310   0x00000028   Code   RO         5533    i.cb_aci_att_read_by_group_type_resp_event  libbluenrg1_stack.a(aci_events.o)
    0x1004c338   0x1004c338   0x00000028   Code   RO         5534    i.cb_aci_att_read_by_type_resp_event  libbluenrg1_stack.a(aci_events.o)
    0x1004c360   0x1004c360   0x00000024   Code   RO         5535    i.cb_aci_att_read_multiple_resp_event  libbluenrg1_stack.a(aci_events.o)
    0x1004c384   0x1004c384   0x00000024   Code   RO         5536    i.cb_aci_att_read_resp_event  libbluenrg1_stack.a(aci_events.o)
    0x1004c3a8   0x1004c3a8   0x00000024   Code   RO         5537    i.cb_aci_att_write_resp_event  libbluenrg1_stack.a(aci_events.o)
    0x1004c3cc   0x1004c3cc   0x00000020   Code   RO         5538    i.cb_aci_gap_addr_not_resolved_event  libbluenrg1_stack.a(aci_events.o)
    0x1004c3ec   0x1004c3ec   0x00000020   Code   RO         5539    i.cb_aci_gap_authorization_req_event  libbluenrg1_stack.a(aci_events.o)
    0x1004c40c   0x1004c40c   0x0000001c   Code   RO         5540    i.cb_aci_gap_bond_lost_event  libbluenrg1_stack.a(aci_events.o)
    0x1004c428   0x1004c428   0x00000020   Code   RO         5541    i.cb_aci_gap_device_found_event  libbluenrg1_stack.a(aci_events.o)
    0x1004c448   0x1004c448   0x00000024   Code   RO         5542    i.cb_aci_gap_keypress_notification_event  libbluenrg1_stack.a(aci_events.o)
    0x1004c46c   0x1004c46c   0x0000001c   Code   RO         5543    i.cb_aci_gap_limited_discoverable_event  libbluenrg1_stack.a(aci_events.o)
    0x1004c488   0x1004c488   0x00000024   Code   RO         5544    i.cb_aci_gap_numeric_comparison_value_event  libbluenrg1_stack.a(aci_events.o)
    0x1004c4ac   0x1004c4ac   0x00000024   Code   RO         5545    i.cb_aci_gap_pairing_complete_event  libbluenrg1_stack.a(aci_events.o)
    0x1004c4d0   0x1004c4d0   0x00000020   Code   RO         5546    i.cb_aci_gap_pass_key_req_event  libbluenrg1_stack.a(aci_events.o)
    0x1004c4f0   0x1004c4f0   0x00000028   Code   RO         5547    i.cb_aci_gap_proc_complete_event  libbluenrg1_stack.a(aci_events.o)
    0x1004c518   0x1004c518   0x0000001c   Code   RO         5548    i.cb_aci_gap_slave_security_initiated_event  libbluenrg1_stack.a(aci_events.o)
    0x1004c534   0x1004c534   0x0000002c   Code   RO         5549    i.cb_aci_gatt_attribute_modified_event  libbluenrg1_stack.a(aci_events.o)
    0x1004c560   0x1004c560   0x00000028   Code   RO         5550    i.cb_aci_gatt_disc_read_char_by_uuid_resp_event  libbluenrg1_stack.a(aci_events.o)
    0x1004c588   0x1004c588   0x00000028   Code   RO         5551    i.cb_aci_gatt_error_resp_event  libbluenrg1_stack.a(aci_events.o)
    0x1004c5b0   0x1004c5b0   0x00000028   Code   RO         5552    i.cb_aci_gatt_indication_event  libbluenrg1_stack.a(aci_events.o)
    0x1004c5d8   0x1004c5d8   0x00000028   Code   RO         5553    i.cb_aci_gatt_notification_event  libbluenrg1_stack.a(aci_events.o)
    0x1004c600   0x1004c600   0x00000016   Code   RO         5554    i.cb_aci_gatt_prepare_write_permit_req_event  libbluenrg1_stack.a(aci_events.o)
    0x1004c616   0x1004c616   0x00000002   PAD
    0x1004c618   0x1004c618   0x00000024   Code   RO         5555    i.cb_aci_gatt_proc_complete_event  libbluenrg1_stack.a(aci_events.o)
    0x1004c63c   0x1004c63c   0x00000020   Code   RO         5556    i.cb_aci_gatt_proc_timeout_event  libbluenrg1_stack.a(aci_events.o)
    0x1004c65c   0x1004c65c   0x00000010   Code   RO         5557    i.cb_aci_gatt_read_multi_permit_req_event  libbluenrg1_stack.a(aci_events.o)
    0x1004c66c   0x1004c66c   0x00000010   Code   RO         5558    i.cb_aci_gatt_read_permit_req_event  libbluenrg1_stack.a(aci_events.o)
    0x1004c67c   0x1004c67c   0x0000000a   Code   RO         5559    i.cb_aci_gatt_server_confirmation_event  libbluenrg1_stack.a(aci_events.o)
    0x1004c686   0x1004c686   0x0000000e   Code   RO         5560    i.cb_aci_gatt_tx_pool_available_event  libbluenrg1_stack.a(aci_events.o)
    0x1004c694   0x1004c694   0x00000012   Code   RO         5561    i.cb_aci_gatt_write_permit_req_event  libbluenrg1_stack.a(aci_events.o)
    0x1004c6a6   0x1004c6a6   0x00000010   Code   RO         5562    i.cb_aci_hal_fw_error_event  libbluenrg1_stack.a(aci_events.o)
    0x1004c6b6   0x1004c6b6   0x00000002   PAD
    0x1004c6b8   0x1004c6b8   0x00000024   Code   RO         5563    i.cb_aci_hal_scan_req_report_event  libbluenrg1_stack.a(aci_events.o)
    0x1004c6dc   0x1004c6dc   0x00000016   Code   RO         5564    i.cb_aci_l2cap_command_reject_event  libbluenrg1_stack.a(aci_events.o)
    0x1004c6f2   0x1004c6f2   0x00000002   PAD
    0x1004c6f4   0x1004c6f4   0x00000034   Code   RO         5565    i.cb_aci_l2cap_connection_update_req_event  libbluenrg1_stack.a(aci_events.o)
    0x1004c728   0x1004c728   0x00000024   Code   RO         5566    i.cb_aci_l2cap_connection_update_resp_event  libbluenrg1_stack.a(aci_events.o)
    0x1004c74c   0x1004c74c   0x00000024   Code   RO         5567    i.cb_aci_l2cap_proc_timeout_event  libbluenrg1_stack.a(aci_events.o)
    0x1004c770   0x1004c770   0x00000002   Code   RO         5568    i.cb_hci_data_buffer_overflow_event  libbluenrg1_stack.a(aci_events.o)
    0x1004c772   0x1004c772   0x00000002   PAD
    0x1004c774   0x1004c774   0x00000024   Code   RO         5569    i.cb_hci_disconnection_complete_event  libbluenrg1_stack.a(aci_events.o)
    0x1004c798   0x1004c798   0x00000024   Code   RO         5570    i.cb_hci_encryption_change_event  libbluenrg1_stack.a(aci_events.o)
    0x1004c7bc   0x1004c7bc   0x00000024   Code   RO         5571    i.cb_hci_encryption_key_refresh_complete_event  libbluenrg1_stack.a(aci_events.o)
    0x1004c7e0   0x1004c7e0   0x00000024   Code   RO         5572    i.cb_hci_le_advertising_report_event  libbluenrg1_stack.a(aci_events.o)
    0x1004c804   0x1004c804   0x00000044   Code   RO         5573    i.cb_hci_le_connection_complete_event  libbluenrg1_stack.a(aci_events.o)
    0x1004c848   0x1004c848   0x00000030   Code   RO         5574    i.cb_hci_le_connection_update_complete_event  libbluenrg1_stack.a(aci_events.o)
    0x1004c878   0x1004c878   0x00000030   Code   RO         5575    i.cb_hci_le_data_length_change_event  libbluenrg1_stack.a(aci_events.o)
    0x1004c8a8   0x1004c8a8   0x00000024   Code   RO         5576    i.cb_hci_le_direct_advertising_report_event  libbluenrg1_stack.a(aci_events.o)
    0x1004c8cc   0x1004c8cc   0x0000004c   Code   RO         5577    i.cb_hci_le_enhanced_connection_complete_event  libbluenrg1_stack.a(aci_events.o)
    0x1004c918   0x1004c918   0x00000028   Code   RO         5578    i.cb_hci_le_generate_dhkey_complete_event  libbluenrg1_stack.a(aci_events.o)
    0x1004c940   0x1004c940   0x00000028   Code   RO         5579    i.cb_hci_le_long_term_key_request_event  libbluenrg1_stack.a(aci_events.o)
    0x1004c968   0x1004c968   0x00000028   Code   RO         5580    i.cb_hci_le_read_local_p256_public_key_complete_event  libbluenrg1_stack.a(aci_events.o)
    0x1004c990   0x1004c990   0x0000002c   Code   RO         5581    i.cb_hci_le_read_remote_used_features_complete_event  libbluenrg1_stack.a(aci_events.o)
    0x1004c9bc   0x1004c9bc   0x0000000a   Code   RO         5582    i.cb_hci_number_of_completed_packets_event  libbluenrg1_stack.a(aci_events.o)
    0x1004c9c6   0x1004c9c6   0x00000002   PAD
    0x1004c9c8   0x1004c9c8   0x00000028   Code   RO         5583    i.cb_hci_read_remote_version_information_complete_event  libbluenrg1_stack.a(aci_events.o)
    0x1004c9f0   0x1004c9f0   0x00000016   Code   RO         5584    i.cb_hci_rx_acl_data_event  libbluenrg1_stack.a(aci_events.o)
    0x1004ca06   0x1004ca06   0x00000012   Code   RO         5820    i.char_copy         libbluenrg1_stack.a(hal.o)
    0x1004ca18   0x1004ca18   0x00000024   Code   RO         6145    i.convert_power     libbluenrg1_stack.a(rom_ll_routines_support.o)
    0x1004ca3c   0x1004ca3c   0x00000012   Code   RO         5465    i.copy_4_u32        libbluenrg1_stack.a(ll_isr.o)
    0x1004ca4e   0x1004ca4e   0x00000002   PAD
    0x1004ca50   0x1004ca50   0x00000084   Code   RO         5466    i.copy_tx_data_packet  libbluenrg1_stack.a(ll_isr.o)
    0x1004cad4   0x1004cad4   0x00000004   Code   RO         5406    i.data_length_extension_csr_ucfg  libbluenrg1_stack.a(hci.o)
    0x1004cad8   0x1004cad8   0x00000074   Code   RO         5467    i.encrypt           libbluenrg1_stack.a(ll_isr.o)
    0x1004cb4c   0x1004cb4c   0x0000006c   Code   RO         5585    i.fifoBuf_getFreeHeader  libbluenrg1_stack.a(aci_events.o)
    0x1004cbb8   0x1004cbb8   0x0000000a   Code   RO         5586    i.fifoCtrl_init     libbluenrg1_stack.a(aci_events.o)
    0x1004cbc2   0x1004cbc2   0x00000018   Code   RO         1730    i.fputc             sdk_eval_com.o
    0x1004cbda   0x1004cbda   0x00000002   PAD
    0x1004cbdc   0x1004cbdc   0x00000014   Code   RO         5686    i.gapClearAllModeFlags  libbluenrg1_stack.a(gap.o)
    0x1004cbf0   0x1004cbf0   0x00000014   Code   RO         6086    i.get_adv_addr      libbluenrg1_stack.a(rom_ll_isr_routines.o)
    0x1004cc04   0x1004cc04   0x00000048   Code   RO         5994    i.get_advertiser    libbluenrg1_stack.a(multi_master_time.o)
    0x1004cc4c   0x1004cc4c   0x0000008c   Code   RO         5995    i.get_connection_no  libbluenrg1_stack.a(multi_master_time.o)
    0x1004ccd8   0x1004ccd8   0x00000034   Code   RO         5996    i.get_next_free_slot  libbluenrg1_stack.a(multi_master_time.o)
    0x1004cd0c   0x1004cd0c   0x00000014   Code   RO         6087    i.get_scan_addr     libbluenrg1_stack.a(rom_ll_isr_routines.o)
    0x1004cd20   0x1004cd20   0x00000048   Code   RO         5997    i.get_scan_connection  libbluenrg1_stack.a(multi_master_time.o)
    0x1004cd68   0x1004cd68   0x00000298   Code   RO         6088    i.go_to_connect     libbluenrg1_stack.a(rom_ll_isr_routines.o)
    0x1004d000   0x1004d000   0x00000034   Code   RO         5821    i.hal_radio_activity_state_callback_check  libbluenrg1_stack.a(hal.o)
    0x1004d034   0x1004d034   0x0000001c   Code   RO         5822    i.hal_radio_activity_state_init  libbluenrg1_stack.a(hal.o)
    0x1004d050   0x1004d050   0x00000040   Code   RO         5823    i.hal_read_radio_activity_state  libbluenrg1_stack.a(hal.o)
    0x1004d090   0x1004d090   0x00000070   Code   RO         5407    i.hci_acl_Process_Q  libbluenrg1_stack.a(hci.o)
    0x1004d100   0x1004d100   0x00000002   Code   RO         5588    i.hci_disconnection_complete_event  libbluenrg1_stack.a(aci_events.o)
    0x1004d102   0x1004d102   0x00000002   Code   RO         5589    i.hci_encryption_change_event  libbluenrg1_stack.a(aci_events.o)
    0x1004d104   0x1004d104   0x0000005c   Code   RO         5945    i.hci_encryption_change_event_push  libbluenrg1_stack.a(ll_routines_master.o)
    0x1004d160   0x1004d160   0x00000002   Code   RO         5590    i.hci_encryption_key_refresh_complete_event  libbluenrg1_stack.a(aci_events.o)
    0x1004d162   0x1004d162   0x00000002   PAD
    0x1004d164   0x1004d164   0x00000058   Code   RO         5946    i.hci_encryption_key_refresh_complete_event_push  libbluenrg1_stack.a(ll_routines_master.o)
    0x1004d1bc   0x1004d1bc   0x00000002   Code   RO         5591    i.hci_hardware_error_event  libbluenrg1_stack.a(aci_events.o)
    0x1004d1be   0x1004d1be   0x00000002   Code   RO         5592    i.hci_le_advertising_report_event  libbluenrg1_stack.a(aci_events.o)
    0x1004d1c0   0x1004d1c0   0x00000002   Code   RO         5593    i.hci_le_connection_complete_event  libbluenrg1_stack.a(aci_events.o)
    0x1004d1c2   0x1004d1c2   0x00000002   PAD
    0x1004d1c4   0x1004d1c4   0x00000088   Code   RO         5948    i.hci_le_connection_complete_event_push  libbluenrg1_stack.a(ll_routines_master.o)
    0x1004d24c   0x1004d24c   0x00000002   Code   RO         5594    i.hci_le_connection_update_complete_event  libbluenrg1_stack.a(aci_events.o)
    0x1004d24e   0x1004d24e   0x00000002   PAD
    0x1004d250   0x1004d250   0x0000006c   Code   RO         5949    i.hci_le_connection_update_complete_event_push  libbluenrg1_stack.a(ll_routines_master.o)
    0x1004d2bc   0x1004d2bc   0x00000002   Code   RO         5595    i.hci_le_data_length_change_event  libbluenrg1_stack.a(aci_events.o)
    0x1004d2be   0x1004d2be   0x00000002   Code   RO         5596    i.hci_le_direct_advertising_report_event  libbluenrg1_stack.a(aci_events.o)
    0x1004d2c0   0x1004d2c0   0x00000002   Code   RO         5597    i.hci_le_enhanced_connection_complete_event  libbluenrg1_stack.a(aci_events.o)
    0x1004d2c2   0x1004d2c2   0x00000002   Code   RO         5598    i.hci_le_generate_dhkey_complete_event  libbluenrg1_stack.a(aci_events.o)
    0x1004d2c4   0x1004d2c4   0x00000002   Code   RO         5599    i.hci_le_long_term_key_request_event  libbluenrg1_stack.a(aci_events.o)
    0x1004d2c6   0x1004d2c6   0x0000000e   Code   RO         5417    i.hci_le_long_term_key_request_reply  libbluenrg1_stack.a(hci.o)
    0x1004d2d4   0x1004d2d4   0x0000000e   Code   RO         5418    i.hci_le_long_term_key_requested_negative_reply  libbluenrg1_stack.a(hci.o)
    0x1004d2e2   0x1004d2e2   0x00000002   Code   RO         5600    i.hci_le_read_local_p256_public_key_complete_event  libbluenrg1_stack.a(aci_events.o)
    0x1004d2e4   0x1004d2e4   0x00000002   Code   RO         5601    i.hci_le_read_remote_used_features_complete_event  libbluenrg1_stack.a(aci_events.o)
    0x1004d2e6   0x1004d2e6   0x00000016   Code   RO         5433    i.hci_le_set_advertising_data  libbluenrg1_stack.a(hci.o)
    0x1004d2fc   0x1004d2fc   0x00000016   Code   RO         5441    i.hci_le_set_scan_response_data  libbluenrg1_stack.a(hci.o)
    0x1004d312   0x1004d312   0x00000002   Code   RO         5602    i.hci_number_of_completed_packets_event  libbluenrg1_stack.a(aci_events.o)
    0x1004d314   0x1004d314   0x00000002   Code   RO         5603    i.hci_read_remote_version_information_complete_event  libbluenrg1_stack.a(aci_events.o)
    0x1004d316   0x1004d316   0x00000002   PAD
    0x1004d318   0x1004d318   0x0000006c   Code   RO         5455    i.hci_rx_acl_data   libbluenrg1_stack.a(hci.o)
    0x1004d384   0x1004d384   0x00000004   Code   RO         5604    i.hci_rx_acl_data_event  libbluenrg1_stack.a(aci_events.o)
    0x1004d388   0x1004d388   0x00000048   Code   RO         5458    i.hci_tx_acl_data_done  libbluenrg1_stack.a(hci.o)
    0x1004d3d0   0x1004d3d0   0x00000010   Code   RO         6120    i.int32ToLe4Byte    libbluenrg1_stack.a(rom_ll_ll_routines.o)
    0x1004d3e0   0x1004d3e0   0x00000010   Code   RO         6189    i.int32ToLe4Byte    libbluenrg1_stack.a(sdb.o)
    0x1004d3f0   0x1004d3f0   0x00000010   Code   RO         6203    i.int32ToLe4Byte    libbluenrg1_stack.a(securitymgr.o)
    0x1004d400   0x1004d400   0x00000040   Code   RO         5625    i.int_cb_hci_acl_data_ind_event  libbluenrg1_stack.a(acl.o)
    0x1004d440   0x1004d440   0x00000054   Code   RO         5626    i.int_cb_hci_acl_data_tx_cmpl_event  libbluenrg1_stack.a(acl.o)
    0x1004d494   0x1004d494   0x00000026   Code   RO         5605    i.int_cb_hci_disconnection_complete_event  libbluenrg1_stack.a(aci_events.o)
    0x1004d4ba   0x1004d4ba   0x0000001a   Code   RO         5606    i.int_cb_hci_encryption_change_event  libbluenrg1_stack.a(aci_events.o)
    0x1004d4d4   0x1004d4d4   0x0000001a   Code   RO         5607    i.int_cb_hci_encryption_key_refresh_complete_event  libbluenrg1_stack.a(aci_events.o)
    0x1004d4ee   0x1004d4ee   0x0000001e   Code   RO         5608    i.int_cb_hci_le_advertising_report_event  libbluenrg1_stack.a(aci_events.o)
    0x1004d50c   0x1004d50c   0x00000026   Code   RO         5609    i.int_cb_hci_le_connection_complete_event  libbluenrg1_stack.a(aci_events.o)
    0x1004d532   0x1004d532   0x00000010   Code   RO         5610    i.int_cb_hci_le_data_length_change_event  libbluenrg1_stack.a(aci_events.o)
    0x1004d542   0x1004d542   0x0000001e   Code   RO         5611    i.int_cb_hci_le_direct_advertising_report_event  libbluenrg1_stack.a(aci_events.o)
    0x1004d560   0x1004d560   0x00000026   Code   RO         5612    i.int_cb_hci_le_enhanced_connection_complete_event  libbluenrg1_stack.a(aci_events.o)
    0x1004d586   0x1004d586   0x0000001a   Code   RO         5613    i.int_cb_hci_le_generate_dhkey_complete_event  libbluenrg1_stack.a(aci_events.o)
    0x1004d5a0   0x1004d5a0   0x0000000c   Code   RO         5614    i.int_cb_hci_le_long_term_key_request_event  libbluenrg1_stack.a(aci_events.o)
    0x1004d5ac   0x1004d5ac   0x0000001a   Code   RO         5615    i.int_cb_hci_le_read_local_p256_public_key_complete_event  libbluenrg1_stack.a(aci_events.o)
    0x1004d5c6   0x1004d5c6   0x0000001e   Code   RO         6320    i.is_Buffer_All_Set_To  libbluenrg1_stack.a(utils.o)
    0x1004d5e4   0x1004d5e4   0x00000034   Code   RO         5998    i.is_slave          libbluenrg1_stack.a(multi_master_time.o)
    0x1004d618   0x1004d618   0x00000020   Code   RO         5627    i.isr_Acl_Data_Indication_Queue_Full  libbluenrg1_stack.a(acl.o)
    0x1004d638   0x1004d638   0x00000020   Code   RO         5628    i.isr_Acl_Data_TX_Cmpl_Queue_Full  libbluenrg1_stack.a(acl.o)
    0x1004d658   0x1004d658   0x00000390   Code   RO         5469    i.isr_advertise_state  libbluenrg1_stack.a(ll_isr.o)
    0x1004d9e8   0x1004d9e8   0x000007d4   Code   RO         5471    i.isr_connect_slave_state  libbluenrg1_stack.a(ll_isr.o)
    0x1004e1bc   0x1004e1bc   0x00000600   Code   RO         5952    i.isr_event_handler  libbluenrg1_stack.a(ll_routines_master.o)
    0x1004e7bc   0x1004e7bc   0x00000002   Code   RO         5954    i.isr_event_handler_scan_data_ucfg  libbluenrg1_stack.a(ll_routines_master.o)
    0x1004e7be   0x1004e7be   0x00000002   PAD
    0x1004e7c0   0x1004e7c0   0x000001f4   Code   RO         5847    i.isr_postproc      libbluenrg1_stack.a(isr_postproc.o)
    0x1004e9b4   0x1004e9b4   0x00000110   Code   RO         6076    i.isr_postproc1     libbluenrg1_stack.a(rom_ll_isr_postproc.o)
    0x1004eac4   0x1004eac4   0x00000016   Code   RO         6077    i.isr_postproc_encrypt_data  libbluenrg1_stack.a(rom_ll_isr_postproc.o)
    0x1004eada   0x1004eada   0x00000002   PAD
    0x1004eadc   0x1004eadc   0x00000038   Code   RO         5473    i.isr_test_rx_state  libbluenrg1_stack.a(ll_isr.o)
    0x1004eb14   0x1004eb14   0x00000068   Code   RO         5474    i.isr_test_tx_state  libbluenrg1_stack.a(ll_isr.o)
    0x1004eb7c   0x1004eb7c   0x0000002c   Code   RO         5475    i.isr_unknown_state  libbluenrg1_stack.a(ll_isr.o)
    0x1004eba8   0x1004eba8   0x0000000a   Code   RO         6089    i.le2ByteToInt16    libbluenrg1_stack.a(rom_ll_isr_routines.o)
    0x1004ebb2   0x1004ebb2   0x00000016   Code   RO         6090    i.le4ByteToInt32    libbluenrg1_stack.a(rom_ll_isr_routines.o)
    0x1004ebc8   0x1004ebc8   0x00000016   Code   RO         6122    i.le4ByteToInt32    libbluenrg1_stack.a(rom_ll_ll_routines.o)
    0x1004ebde   0x1004ebde   0x00000030   Code   RO         2239    i.lis2mdl_operating_mode_set  lis2mdl.o
    0x1004ec0e   0x1004ec0e   0x00000076   Code   RO         2520    i.lps22hh_data_rate_set  lps22hh.o
    0x1004ec84   0x1004ec84   0x0000002e   Code   RO         3126    i.lsm6dso_gy_data_rate_set  lsm6dso.o
    0x1004ecb2   0x1004ecb2   0x00000030   Code   RO         3196    i.lsm6dso_pin_mode_set  lsm6dso.o
    0x1004ece2   0x1004ece2   0x00000030   Code   RO         3198    i.lsm6dso_pin_polarity_set  lsm6dso.o
    0x1004ed12   0x1004ed12   0x0000002e   Code   RO         3281    i.lsm6dso_xl_data_rate_set  lsm6dso.o
    0x1004ed40   0x1004ed40   0x00000020   Code   RO         6152    i.machine_time_trans  libbluenrg1_stack.a(rom_ll_timehandling.o)
    0x1004ed60   0x1004ed60   0x000003a8   Code   RO         5125    i.main              ble_beacon_main.o
    0x1004f108   0x1004f108   0x000000a4   Code   RO         5967    i.mem_alloc_ctx_init  libbluenrg1_stack.a(mem_alloc.o)
    0x1004f1ac   0x1004f1ac   0x00000008   Code   RO         6167    i.microseconds_to_machine_time  libbluenrg1_stack.a(routines_support.o)
    0x1004f1b4   0x1004f1b4   0x0000001c   Code   RO         6146    i.modulo_37         libbluenrg1_stack.a(rom_ll_routines_support.o)
    0x1004f1d0   0x1004f1d0   0x0000001c   Code   RO         5999    i.nsar_init         libbluenrg1_stack.a(multi_master_time.o)
    0x1004f1ec   0x1004f1ec   0x00000020   Code   RO         6000    i.nsar_insertSlotListEntry  libbluenrg1_stack.a(multi_master_time.o)
    0x1004f20c   0x1004f20c   0x000000c4   Code   RO         6001    i.nsar_searchBestFreeSlot  libbluenrg1_stack.a(multi_master_time.o)
    0x1004f2d0   0x1004f2d0   0x00000022   Code   RO         6003    i.nsar_updateBestFreeSlot  libbluenrg1_stack.a(multi_master_time.o)
    0x1004f2f2   0x1004f2f2   0x00000002   PAD
    0x1004f2f4   0x1004f2f4   0x0000006c   Code   RO         6004    i.nsar_updateSlotListEntry  libbluenrg1_stack.a(multi_master_time.o)
    0x1004f360   0x1004f360   0x0000007c   Code   RO         5935    i.read_rssi         libbluenrg1_stack.a(ll_routines.o)
    0x1004f3dc   0x1004f3dc   0x000000b4   Code   RO         6009    i.schedule_advertise_slot  libbluenrg1_stack.a(multi_master_time.o)
    0x1004f490   0x1004f490   0x00000164   Code   RO         6190    i.sdb_delete        libbluenrg1_stack.a(sdb.o)
    0x1004f5f4   0x1004f5f4   0x000000c8   Code   RO         6191    i.sdb_find_client_data  libbluenrg1_stack.a(sdb.o)
    0x1004f6bc   0x1004f6bc   0x00000018   Code   RO         6192    i.sdb_get_gatt_db_start_address  libbluenrg1_stack.a(sdb.o)
    0x1004f6d4   0x1004f6d4   0x00000020   Code   RO         6193    i.sdb_invalidate_record  libbluenrg1_stack.a(sdb.o)
    0x1004f6f4   0x1004f6f4   0x00000024   Code   RO         6194    i.sdb_read_record   libbluenrg1_stack.a(sdb.o)
    0x1004f718   0x1004f718   0x00000010   Code   RO         6195    i.sdb_read_record_validity  libbluenrg1_stack.a(sdb.o)
    0x1004f728   0x1004f728   0x0000007c   Code   RO         6196    i.sdb_write_record  libbluenrg1_stack.a(sdb.o)
    0x1004f7a4   0x1004f7a4   0x00000004   Code   RO         6311    i.secure_connections_csr_ucfg  libbluenrg1_stack.a(smp_scv42_sap.o)
    0x1004f7a8   0x1004f7a8   0x00000100   Code   RO         5687    i.setGapAdvData     libbluenrg1_stack.a(gap.o)
    0x1004f8a8   0x1004f8a8   0x00000088   Code   RO         6153    i.set_freq          libbluenrg1_stack.a(rom_ll_timehandling.o)
    0x1004f930   0x1004f930   0x0000001c   Code   RO         6154    i.set_sca           libbluenrg1_stack.a(rom_ll_timehandling.o)
    0x1004f94c   0x1004f94c   0x00000010   Code   RO         5824    i.set_string        libbluenrg1_stack.a(hal.o)
    0x1004f95c   0x1004f95c   0x000001a8   Code   RO         6168    i.slave_advance     libbluenrg1_stack.a(routines_support.o)
    0x1004fb04   0x1004fb04   0x00000110   Code   RO         6205    i.sm_RepeatedAttacks_Protection  libbluenrg1_stack.a(securitymgr.o)
    0x1004fc14   0x1004fc14   0x000000ca   Code   RO         6408    i.sma_CMAC_generate_tag  libbluenrg1_stack.a(smp_algo_sap.o)
    0x1004fcde   0x1004fcde   0x00000038   Code   RO         6409    i.sma_Calculate_Hash  libbluenrg1_stack.a(smp_algo_sap.o)
    0x1004fd16   0x1004fd16   0x00000080   Code   RO         6410    i.sma_generate_subkeys  libbluenrg1_stack.a(smp_algo_sap.o)
    0x1004fd96   0x1004fd96   0x0000002c   Code   RO         6411    i.sma_left_shift    libbluenrg1_stack.a(smp_algo_sap.o)
    0x1004fdc2   0x1004fdc2   0x00000018   Code   RO         6206    i.smp_Build_AuthReq_Field  libbluenrg1_stack.a(securitymgr.o)
    0x1004fdda   0x1004fdda   0x00000002   PAD
    0x1004fddc   0x1004fddc   0x00000044   Code   RO         6207    i.smp_Build_Pairing_ReqResp_Packet  libbluenrg1_stack.a(securitymgr.o)
    0x1004fe20   0x1004fe20   0x0000003c   Code   RO         6208    i.smp_Check_Incoming_Pairing_Parameters  libbluenrg1_stack.a(securitymgr.o)
    0x1004fe5c   0x1004fe5c   0x000000b8   Code   RO         6209    i.smp_Determine_Key_Association_Method  libbluenrg1_stack.a(securitymgr.o)
    0x1004ff14   0x1004ff14   0x00000190   Code   RO         6210    i.smp_Execute_Actions_wrt_Current_State  libbluenrg1_stack.a(securitymgr.o)
    0x100500a4   0x100500a4   0x00000002   Code   RO         6212    i.smp_Execute_Actions_wrt_Current_State_MI_excerpt_ucfg  libbluenrg1_stack.a(securitymgr.o)
    0x100500a6   0x100500a6   0x00000002   Code   RO         6216    i.smp_Execute_Actions_wrt_Current_State_sc_excerpt_phase2as2_ucfg  libbluenrg1_stack.a(securitymgr.o)
    0x100500a8   0x100500a8   0x00000004   Code   RO         6218    i.smp_Execute_Actions_wrt_Current_State_sc_excerpt_phase_1_to_2_ucfg  libbluenrg1_stack.a(securitymgr.o)
    0x100500ac   0x100500ac   0x00000090   Code   RO         6219    i.smp_Get_Long_Term_Key  libbluenrg1_stack.a(securitymgr.o)
    0x1005013c   0x1005013c   0x00000088   Code   RO         6220    i.smp_Get_Pairing_Parameters_From_Peer_Packet  libbluenrg1_stack.a(securitymgr.o)
    0x100501c4   0x100501c4   0x00000034   Code   RO         6289    i.smp_Keys_Distribution_Complete  libbluenrg1_stack.a(smp_common.o)
    0x100501f8   0x100501f8   0x0000011c   Code   RO         6221    i.smp_Keys_Distribution_Send  libbluenrg1_stack.a(securitymgr.o)
    0x10050314   0x10050314   0x00000004   Code   RO         6224    i.smp_MI_Start_Encryption_ucfg  libbluenrg1_stack.a(securitymgr.o)
    0x10050318   0x10050318   0x00000004   Code   RO         6226    i.smp_Process_Rx_Packet_Exception_Cases_sc_excerpt_ucfg  libbluenrg1_stack.a(securitymgr.o)
    0x1005031c   0x1005031c   0x000000f4   Code   RO         6227    i.smp_Process_Rx_Packet_wrt_Current_State  libbluenrg1_stack.a(securitymgr.o)
    0x10050410   0x10050410   0x00000004   Code   RO         6229    i.smp_Process_Rx_Packet_wrt_Current_State_MI_excerpt_ucfg  libbluenrg1_stack.a(securitymgr.o)
    0x10050414   0x10050414   0x00000004   Code   RO         6231    i.smp_Process_Rx_Packet_wrt_Current_State_sc_excerpt_ucfg  libbluenrg1_stack.a(securitymgr.o)
    0x10050418   0x10050418   0x00000020   Code   RO         6232    i.smp_Reset_Timer   libbluenrg1_stack.a(securitymgr.o)
    0x10050438   0x10050438   0x00000174   Code   RO         6233    i.smp_SR_Compute_c1_Confirm_Value  libbluenrg1_stack.a(securitymgr.o)
    0x100505ac   0x100505ac   0x00000078   Code   RO         6234    i.smp_Set_Key_Association_Method  libbluenrg1_stack.a(securitymgr.o)
    0x10050624   0x10050624   0x00000010   Code   RO         6290    i.smp____PairingFailed_Receive  libbluenrg1_stack.a(smp_common.o)
    0x10050634   0x10050634   0x00000074   Code   RO         6291    i.smp____Pairing_Process_Abort  libbluenrg1_stack.a(smp_common.o)
    0x100506a8   0x100506a8   0x0000007c   Code   RO         6240    i.smp____SR_PairingConfirm_Receive  libbluenrg1_stack.a(securitymgr.o)
    0x10050724   0x10050724   0x00000130   Code   RO         6241    i.smp____SR_PairingRandom_Receive  libbluenrg1_stack.a(securitymgr.o)
    0x10050854   0x10050854   0x000001c0   Code   RO         6242    i.smp____SR_PairingRequest_Receive  libbluenrg1_stack.a(securitymgr.o)
    0x10050a14   0x10050a14   0x0000014c   Code   RO         6292    i.smp_add_to_sdb    libbluenrg1_stack.a(smp_common.o)
    0x10050b60   0x10050b60   0x00000040   Code   RO         6293    i.smp_find_remote_device_index  libbluenrg1_stack.a(smp_common.o)
    0x10050ba0   0x10050ba0   0x0000001e   Code   RO         6294    i.smp_get_CSRK      libbluenrg1_stack.a(smp_common.o)
    0x10050bbe   0x10050bbe   0x00000002   PAD
    0x10050bc0   0x10050bc0   0x00000040   Code   RO         6295    i.smp_get_local_identity_address  libbluenrg1_stack.a(smp_common.o)
    0x10050c00   0x10050c00   0x00000036   Code   RO         6297    i.smp_keys_distribution_start  libbluenrg1_stack.a(smp_common.o)
    0x10050c36   0x10050c36   0x000000d6   Code   RO         6298    i.smp_keys_receiving  libbluenrg1_stack.a(smp_common.o)
    0x10050d0c   0x10050d0c   0x0000003c   Code   RO         6299    i.smp_oob_check_is_remote_data_present  libbluenrg1_stack.a(smp_common.o)
    0x10050d48   0x10050d48   0x00000036   Code   RO         6301    i.smp_pairing_2octets_packet_send  libbluenrg1_stack.a(smp_common.o)
    0x10050d7e   0x10050d7e   0x00000002   PAD
    0x10050d80   0x10050d80   0x00000090   Code   RO         6302    i.smp_pairing_completed  libbluenrg1_stack.a(smp_common.o)
    0x10050e10   0x10050e10   0x0000002a   Code   RO         6303    i.smp_pairing_failed_send  libbluenrg1_stack.a(smp_common.o)
    0x10050e3a   0x10050e3a   0x00000002   Code   RO         6254    i.smp_sc_SR_PairingConfirm_Receive_sc_excerpt_ucfg  libbluenrg1_stack.a(securitymgr.o)
    0x10050e3c   0x10050e3c   0x00000002   Code   RO         6256    i.smp_sc_SR_PairingRandom_Receive_sc_excerpt_ucfg  libbluenrg1_stack.a(securitymgr.o)
    0x10050e3e   0x10050e3e   0x00000002   Code   RO         6258    i.smp_sc_SR_Pairing_Phase_2AS1_Start_sc_excerpt_ucfg  libbluenrg1_stack.a(securitymgr.o)
    0x10050e40   0x10050e40   0x00000002   Code   RO         6419    i.smp_sc_check_for_ecc_pk_generation_request_ucfg  libbluenrg1_stack.a(smp_scv42_caf.o)
    0x10050e42   0x10050e42   0x00000004   Code   RO         6421    i.smp_sc_continue_on_exclusive_sc_pairing_ucfg  libbluenrg1_stack.a(smp_scv42_caf.o)
    0x10050e46   0x10050e46   0x00000002   Code   RO         6313    i.smp_sc_hci_le_generate_dhkey_complete_evt_hndl_ucfg  libbluenrg1_stack.a(smp_scv42_sap.o)
    0x10050e48   0x10050e48   0x00000002   Code   RO         6315    i.smp_sc_hci_le_read_local_p256_public_key_complete_evt_hndl_ucfg  libbluenrg1_stack.a(smp_scv42_sap.o)
    0x10050e4a   0x10050e4a   0x00000002   Code   RO         6426    i.smp_sc_init_ucfg  libbluenrg1_stack.a(smp_scv42_caf.o)
    0x10050e4c   0x10050e4c   0x00000002   Code   RO         6436    i.smp_sc_update_statistics_on_pairing_complete_ucfg  libbluenrg1_stack.a(smp_scv42_caf.o)
    0x10050e4e   0x10050e4e   0x0000001e   Code   RO         6259    i.smp_send_packet   libbluenrg1_stack.a(securitymgr.o)
    0x10050e6c   0x10050e6c   0x000000bc   Code   RO         6010    i.start_timebase    libbluenrg1_stack.a(multi_master_time.o)
    0x10050f28   0x10050f28   0x00000002   Code   RO         5476    i.state_func_call_init_csr_ucfg  libbluenrg1_stack.a(ll_isr.o)
    0x10050f2a   0x10050f2a   0x0000001e   Code   RO         5805    i.store_data        libbluenrg1_stack.a(gatt_server.o)
    0x10050f48   0x10050f48   0x0000013c   Code   RO         6169    i.swap_slaves       libbluenrg1_stack.a(routines_support.o)
    0x10051084   0x10051084   0x0000000a   Code   RO         6011    i.swap_u16          libbluenrg1_stack.a(multi_master_time.o)
    0x1005108e   0x1005108e   0x0000000a   Code   RO         6170    i.swap_u16          libbluenrg1_stack.a(routines_support.o)
    0x10051098   0x10051098   0x0000000a   Code   RO         6171    i.swap_u32          libbluenrg1_stack.a(routines_support.o)
    0x100510a2   0x100510a2   0x0000000a   Code   RO         6172    i.swap_u8           libbluenrg1_stack.a(routines_support.o)
    0x100510ac   0x100510ac   0x00000010   Code   RO         6155    i.system_time_trans  libbluenrg1_stack.a(rom_ll_timehandling.o)
    0x100510bc   0x100510bc   0x00000030   Code   RO         6156    i.system_time_trans_ext  libbluenrg1_stack.a(rom_ll_timehandling.o)
    0x100510ec   0x100510ec   0x0000000e   Code   RO         6157    i.time_offset1      libbluenrg1_stack.a(rom_ll_timehandling.o)
    0x100510fa   0x100510fa   0x00000002   PAD
    0x100510fc   0x100510fc   0x00000010   Code   RO         6158    i.time_offset2      libbluenrg1_stack.a(rom_ll_timehandling.o)
    0x1005110c   0x1005110c   0x0000003c   Code   RO         6012    i.timebase_start_connect  libbluenrg1_stack.a(multi_master_time.o)
    0x10051148   0x10051148   0x0000002e   Code   RO         6091    i.unpack_channel_map  libbluenrg1_stack.a(rom_ll_isr_routines.o)
    0x10051176   0x10051176   0x00000048   Code   RO         6092    i.unpack_update_request  libbluenrg1_stack.a(rom_ll_isr_routines.o)
    0x100511be   0x100511be   0x00000024   Code   RO         6078    i.wait_for_aes_ready  libbluenrg1_stack.a(rom_ll_isr_postproc.o)
    0x100511e2   0x100511e2   0x00000002   PAD
    0x100511e4   0x100511e4   0x00000034   Data   RO         5126    .constdata          ble_beacon_main.o
    0x10051218   0x10051218   0x0000001a   Data   RO         5477    .constdata          libbluenrg1_stack.a(ll_isr.o)
    0x10051232   0x10051232   0x00000002   PAD
    0x10051234   0x10051234   0x0000011c   Data   RO         5616    .constdata          libbluenrg1_stack.a(aci_events.o)
    0x10051350   0x10051350   0x00000010   Data   RO         6159    .constdata          libbluenrg1_stack.a(rom_ll_timehandling.o)
    0x10051360   0x10051360   0x00000019   Data   RO         6260    .constdata          libbluenrg1_stack.a(securitymgr.o)
    0x10051379   0x10051379   0x00000010   Data   RO         6348    .constdata          libbluenrg1_stack.a(att.o)
    0x10051389   0x10051389   0x00000003   PAD
    0x1005138c   0x1005138c   0x00000090   Data   RO         6814    Region$$Table       anon$$obj.o


    Execution Region BLOCK_STACKLIB_FLASH_DATA (Exec base: 0x1007f000, Load base: 0x1005141c, Size: 0x00000838, Max: 0x00001000, ABSOLUTE, UNINIT)

    Exec Addr    Load Addr    Size         Type   Attr      Idx    E Section Name        Object

    0x1007f000        -       0x00000800   Zero   RW         5128    .noinit.stacklib_flash_data  ble_beacon_main.o
    0x1007f800        -       0x00000038   Zero   RW         5129    .noinit.stacklib_stored_device_id_data  ble_beacon_main.o


    Execution Region ota_sw_activation_block (Exec base: 0x20000004, Load base: 0x1005141c, Size: 0x00000000, Max: 0x00000004, ABSOLUTE, UNINIT)

    **** No section assigned to this execution region ****


    Execution Region savedMSP_block (Exec base: 0x20000008, Load base: 0x1005141c, Size: 0x00000004, Max: 0x00000004, ABSOLUTE)

    Exec Addr    Load Addr    Size         Type   Attr      Idx    E Section Name        Object

    0x20000008   0x1005141c   0x00000004   Data   RW         4944    .savedMSP           system_bluenrg1.o


    Execution Region wakeupFromSleepFlag_block (Exec base: 0x2000000c, Load base: 0x10051420, Size: 0x00000004, Max: 0x00000004, ABSOLUTE)

    Exec Addr    Load Addr    Size         Type   Attr      Idx    E Section Name        Object

    0x2000000c   0x10051420   0x00000001   Data   RW         4945    .wakeupFromSleepFlag  system_bluenrg1.o


    Execution Region app_base_block (Exec base: 0x20000010, Load base: 0x10051424, Size: 0x00000004, Max: 0x00000004, ABSOLUTE)

    Exec Addr    Load Addr    Size         Type   Attr      Idx    E Section Name        Object

    0x20000010   0x10051424   0x00000004   Data   RW         4933    .app_base           system_bluenrg1.o


    Execution Region flash_sw_lock_block (Exec base: 0x20000014, Load base: 0x10051428, Size: 0x00000004, Max: 0x00000004, ABSOLUTE)

    Exec Addr    Load Addr    Size         Type   Attr      Idx    E Section Name        Object

    0x20000014   0x10051428   0x00000004   Data   RW         4940    .flash_sw_lock      system_bluenrg1.o


    Execution Region rfTimeout_block (Exec base: 0x20000018, Load base: 0x1005142c, Size: 0x00000004, Max: 0x00000004, ABSOLUTE)

    Exec Addr    Load Addr    Size         Type   Attr      Idx    E Section Name        Object

    0x20000018   0x1005142c   0x00000004   Data   RW         4943    .rfTimeout          system_bluenrg1.o


    Execution Region Blue_Flag_Ram_block (Exec base: 0x20000030, Load base: 0x10051430, Size: 0x00000004, Max: 0x00000004, ABSOLUTE)

    Exec Addr    Load Addr    Size         Type   Attr      Idx    E Section Name        Object

    0x20000030   0x10051430   0x00000004   Data   RW         4932    .__blueflag_RAM     system_bluenrg1.o


    Execution Region Crash_Info_block (Exec base: 0x20000034, Load base: 0x10051434, Size: 0x00000000, Max: 0x00000028, ABSOLUTE, UNINIT)

    **** No section assigned to this execution region ****


    Execution Region BLUE (Exec base: 0x200000c0, Load base: 0x10051434, Size: 0x0000020c, Max: 0x0000020c, ABSOLUTE, COMPRESSED[0x00000008])

    Exec Addr    Load Addr    Size         Type   Attr      Idx    E Section Name        Object

    0x200000c0   COMPRESSED   0x0000020c   Data   RW         4935    .bss.__blue_RAM     system_bluenrg1.o


    Execution Region REGION_RAM2 (Exec base: 0x200002cc, Load base: 0x1005143c, Size: 0x0000012c, Max: 0x00005d34, ABSOLUTE)

    Exec Addr    Load Addr    Size         Type   Attr      Idx    E Section Name        Object

    0x200002cc   0x1005143c   0x00000004   Data   RW           10    .data               clock.o
    0x200002d0   0x10051440   0x00000004   Data   RW          202    .data               sleep.o
    0x200002d4   0x10051444   0x00000008   Data   RW          745    .data               bluenrg1_i2c.o
    0x200002dc   0x1005144c   0x00000004   Data   RW         1733    .data               sdk_eval_com.o
    0x200002e0   0x10051450   0x00000001   Data   RW         1841    .data               sdk_eval_config.o
    0x200002e1   0x10051451   0x00000003   PAD
    0x200002e4   0x10051454   0x00000004   Data   RW         4936    .data               system_bluenrg1.o
    0x200002e8   0x10051458   0x00000004   Data   RW         4937    .data               system_bluenrg1.o
    0x200002ec   0x1005145c   0x00000004   Data   RW         4938    .data               system_bluenrg1.o
    0x200002f0   0x10051460   0x00000007   Data   RW         4939    .data               system_bluenrg1.o
    0x200002f7   0x10051467   0x00000001   PAD
    0x200002f8   0x10051468   0x00000048   Data   RW         5478    .data               libbluenrg1_stack.a(ll_isr.o)
    0x20000340   0x100514b0   0x00000004   Data   RW         5969    .data               libbluenrg1_stack.a(mem_alloc.o)
    0x20000344        -       0x00000060   Zero   RW          201    .bss                sleep.o
    0x200003a4        -       0x00000020   Zero   RW         4934    .bss                system_bluenrg1.o
    0x200003c4        -       0x00000034   Zero   RW         5968    .bss                libbluenrg1_stack.a(mem_alloc.o)


    Execution Region REGION_RAM3 (Exec base: 0x200003f8, Load base: 0x100514b4, Size: 0x00001e88, Max: 0x00005d34, ABSOLUTE, UNINIT)

    Exec Addr    Load Addr    Size         Type   Attr      Idx    E Section Name        Object

    0x200003f8        -       0x00001e88   Zero   RW         5127    .noinit.data        ble_beacon_main.o


    Execution Region ARM_LIB_STACKHEAP (Exec base: 0x20005400, Load base: 0x100514b4, Size: 0x00000c00, Max: 0x00000c00, ABSOLUTE)

    Exec Addr    Load Addr    Size         Type   Attr      Idx    E Section Name        Object

    0x20005400        -       0x00000c00   Zero   RW            2    ARM_LIB_STACKHEAP.bss  anon$$obj.o


==============================================================================

Image component sizes


      Code (inc. data)   RO Data    RW Data    ZI Data      Debug   Object Name

      1238        642         52          0       9920      14248   ble_beacon_main.o
       142          0          0          0          0       2929   bluenrg1_adc.o
       228         36          0          0          0       4082   bluenrg1_dma.o
       100         30          0          0          0       1842   bluenrg1_flash.o
       248         10          0          0          0       2590   bluenrg1_gpio.o
       300         22          0          8          0       7100   bluenrg1_i2c.o
        26          0          0          0          0       3099   bluenrg1_it.o
        20          0          0          0          0        524   bluenrg1_pka.o
       180         20          0          0          0       1708   bluenrg1_sysctrl.o
       428         36          0          0          0       3824   bluenrg1_uart.o
        16          6          0          4          0      56083   clock.o
       160         36          0          0          0        520   context_switch.o
       332        176          0          0          0       7999   hts221.o
        48          0          0          0          0       5414   lis2mdl.o
       118          0          0          0          0       7337   lps22hh.o
       188          0          0          0          0      43433   lsm6dso.o
        24          4          0          0          0        573   misc.o
       208         34          0          0          0       4586   miscutil.o
        24          0          0          0          0       1922   osal.o
       154          0          0          4          0       6722   sdk_eval_com.o
        12          4          0          1          0       1348   sdk_eval_config.o
       464         32          0          0          0       3340   sdk_eval_i2c.o
        92          0          0          0          0       1436   sdk_eval_led.o
      2044        260          0          4         96      13992   sleep.o
      1028        124        192        564         32      19335   system_bluenrg1.o

    ----------------------------------------------------------------------
      7832       1472        388        592      15168     215986   Object Totals
         0          0        144          0       5120          0   (incl. Generated)
        10          0          0          7          0          0   (incl. Padding)

    ----------------------------------------------------------------------

      Code (inc. data)   RO Data    RW Data    ZI Data      Debug   Library Member Name

      3122        270        284          0          0          0   aci_events.o
       468         38          0          0          0          0   acl.o
       268          0          0          0          0          0   acl_list.o
      1596         40          0          0          0          0   advance_wakeup_time.o
      5784         66         16          0          0          0   att.o
       206         10          0          0          0          0   bluenrg_gap_aci.o
         8          0          0          0          0          0   bluenrg_gatt_aci.o
         8          0          0          0          0          0   bluenrg_hal_aci.o
      1020        102          0          0          0          0   bluenrg_main_func.o
       268         24          0          0          0          0   bluenrg_main_func_speed.o
       296         18          0          0          0          0   device_id_data.o
      1978         80          0          0          0          0   gap.o
        60          4          0          0          0          0   gatt_client.o
      7996        224          0          0          0          0   gatt_server.o
       468         34          0          0          0          0   hal.o
       518         30          0          0          0          0   hci.o
       898        124          0          0          0          0   host_timer.o
       500         32          0          0          0          0   isr_postproc.o
       344         18          0          0          0          0   isr_routines.o
      1782         62          0          0          0          0   l2cap.o
      3958        186         26         72          0          0   ll_isr.o
       452         42          0          0          0          0   ll_privacy.o
       370         26          0          0          0          0   ll_routines.o
      1964         38          0          0          0          0   ll_routines_master.o
       316         34          0          0          0          0   ll_routines_support.o
       796         20          0          4         52          0   mem_alloc.o
      1122          0          0          0          0          0   mem_buff.o
      2972        158          0          0          0          0   multi_master_time.o
        76         16          0          0          0          0   nvm.o
       690         42          0          0          0          0   pm.o
       344          0          0          0          0          0   rom_att.o
       700         36          0          0          0          0   rom_gap.o
       148         16          0          0          0          0   rom_gap_rom.o
       146          4          0          0          0          0   rom_gatt_server.o
       114          0          0          0          0          0   rom_list.o
       330          8          0          0          0          0   rom_ll_isr_postproc.o
      1168         54          0          0          0          0   rom_ll_isr_routines.o
      3032        184          0          0          0          0   rom_ll_ll_routines.o
       124         22          0          0          0          0   rom_ll_routines_support.o
       316         44         16          0          0          0   rom_ll_timehandling.o
      1278         52          0          0          0          0   routines_support.o
      2536         64          0          0          0          0   sdb.o
      3680        104         25          0          0          0   securitymgr.o
       832         26          0          0          0          0   smp_algo_sap.o
      3134         86          0          0          0          0   smp_common.o
        10          0          0          0          0          0   smp_scv42_caf.o
         8          0          0          0          0          0   smp_scv42_sap.o
        44          0          0          0          0          0   utils.o
        86          0          0          0          0          0   __dczerorl2.o
         0          0          0          0          0          0   entry.o
         0          0          0          0          0          0   entry10a.o
         0          0          0          0          0          0   entry11a.o
         8          4          0          0          0          0   entry3.o
         4          0          0          0          0          0   entry5.o
         0          0          0          0          0          0   entry7b.o
         0          0          0          0          0          0   entry8b.o
         8          4          0          0          0          0   entry9a.o
        30          0          0          0          0          0   handlers.o
        36          8          0          0          0         68   init.o
        32          0          0          0          0         68   llshl.o
        34          0          0          0          0         68   llushr.o
        26          0          0          0          0         72   memcmp.o
        66          0          0          0          0         68   memmove.o
        36          0          0          0          0        100   memseta.o
      1172         52          0          0          0        324   printf8.o
        44          0          0          0          0         72   uidiv.o
        96          0          0          0          0         84   uldiv.o
        20          0          0          0          0         60   uread4.o

    ----------------------------------------------------------------------
     60044       2506        372         76         52        984   Library Totals
        98          0          5          0          0          0   (incl. Padding)

    ----------------------------------------------------------------------

      Code (inc. data)   RO Data    RW Data    ZI Data      Debug   Library Name

     58248       2438        367         76         52          0   libbluenrg1_stack.a
      1698         68          0          0          0        984   mc_p.l

    ----------------------------------------------------------------------
     60044       2506        372         76         52        984   Library Totals

    ----------------------------------------------------------------------

==============================================================================


      Code (inc. data)   RO Data    RW Data    ZI Data      Debug   

     67876       3978        760        668      15220     213014   Grand Totals
     67876       3978        760        152      15220     213014   ELF Image Totals (compressed)
     67876       3978        760        152          0          0   ROM Totals

==============================================================================

    Total RO  Size (Code + RO Data)                68636 (  67.03kB)
    Total RW  Size (RW Data + ZI Data)             15888 (  15.52kB)
    Total ROM Size (Code + RO Data + RW Data)      68788 (  67.18kB)

==============================================================================

