Component: ARM Compiler 5.06 update 6 (build 750) Tool: armlink [4d35ed]

==============================================================================

Section Cross References

    clock.o(i.Clock_Time) refers to clock.o(.data) for .data
    clock.o(i.Clock_Wait) refers to clock.o(.data) for .data
    clock.o(i.SysCount_Handler) refers to clock.o(.data) for .data
    context_switch.o(. text) refers to system_bluenrg1.o(.savedMSP) for savedMSP
    context_switch.o(. text) refers to system_bluenrg1.o(.data) for savedICSR
    context_switch.o(. text) refers to system_bluenrg1.o(.data) for savedSHCSR
    context_switch.o(. text) refers to system_bluenrg1.o(.data) for savedNVIC_ISPR
    miscutil.o(i.BLEPLAT_get_part_info) refers to miscutil.o(i.HAL_GetPartInfo) for HAL_GetPartInfo
    miscutil.o(i.HAL_CrashHandler) refers to uwrite4.o(.text) for __aeabi_uwrite4
    miscutil.o(i.HAL_CrashHandler) refers to miscutil.o(.__crash_RAM) for .__crash_RAM
    miscutil.o(i.HAL_GetCrashInfo) refers to memcpy.o(.text) for __aeabi_memcpy
    miscutil.o(i.HAL_GetCrashInfo) refers to uwrite4.o(.text) for __aeabi_uwrite4
    miscutil.o(i.HAL_GetCrashInfo) refers to miscutil.o(.__crash_RAM) for .__crash_RAM
    osal.o(i.Osal_MemCmp) refers to memcmp.o(.text) for memcmp
    osal.o(i.Osal_MemCpy) refers to memcpy.o(.text) for memcpy
    osal.o(i.Osal_MemSet) refers to memseta.o(.text) for memset
    sleep.o(i.BlueNRG_InternalSleep) refers to miscutil.o(i.HAL_GetPartInfo) for HAL_GetPartInfo
    sleep.o(i.BlueNRG_InternalSleep) refers to system_bluenrg1.o(i.SET_BORconfigStatus) for SET_BORconfigStatus
    sleep.o(i.BlueNRG_InternalSleep) refers to misc.o(i.SystemSleepCmd) for SystemSleepCmd
    sleep.o(i.BlueNRG_InternalSleep) refers to context_switch.o(. text) for CS_contextSave
    sleep.o(i.BlueNRG_InternalSleep) refers to system_bluenrg1.o(.intvec) for __vector_table
    sleep.o(i.BlueNRG_InternalSleep) refers to sleep.o(.data) for .data
    sleep.o(i.BlueNRG_InternalSleep) refers to sleep.o(.bss) for .bss
    sleep.o(i.BlueNRG_InternalSleep) refers to system_bluenrg1.o(.flash_sw_lock) for flash_sw_lock
    sleep.o(i.BlueNRG_InternalSleep) refers to system_bluenrg1.o(.rfTimeout) for rfTimeout
    sleep.o(i.BlueNRG_InternalSleep) refers to system_bluenrg1.o(.wakeupFromSleepFlag) for wakeupFromSleepFlag
    sleep.o(i.BlueNRG_InternalSleep) refers to system_bluenrg1.o(i.DeviceConfiguration) for DeviceConfiguration
    sleep.o(i.BlueNRG_InternalSleep) refers to system_bluenrg1.o(.data) for savedNVIC_ISPR
    sleep.o(i.BlueNRG_InternalSleep) refers to system_bluenrg1.o(.data) for savedSHCSR
    sleep.o(i.BlueNRG_InternalSleep) refers to system_bluenrg1.o(.data) for savedICSR
    sleep.o(i.BlueNRG_Sleep) refers to sleep.o(i.BlueNRG_Stack_Perform_Deep_Sleep_Check) for BlueNRG_Stack_Perform_Deep_Sleep_Check
    sleep.o(i.BlueNRG_Sleep) refers to led_fading_main.o(i.App_SleepMode_Check) for App_SleepMode_Check
    sleep.o(i.BlueNRG_Sleep) refers to sleep.o(i.BlueNRG_InternalSleep) for BlueNRG_InternalSleep
    sleep.o(i.BlueNRG_Sleep) refers to system_bluenrg1.o(.wakeupFromSleepFlag) for wakeupFromSleepFlag
    sleep.o(i.BlueNRG_Sleep) refers to sleep.o(.bss) for .bss
    bluenrg1_adc.o(i.ADC_ConvertBatterySensor) refers to bluenrg1_adc.o(i.ADC_ConvertSingleEndedVoltage) for ADC_ConvertSingleEndedVoltage
    bluenrg1_adc.o(i.ADC_ConvertBatterySensor) refers to fmul.o(.text) for __aeabi_fmul
    bluenrg1_adc.o(i.ADC_ConvertDifferentialVoltage) refers to ffltui.o(.text) for __aeabi_ui2f
    bluenrg1_adc.o(i.ADC_ConvertDifferentialVoltage) refers to fflti.o(.text) for __aeabi_i2f
    bluenrg1_adc.o(i.ADC_ConvertDifferentialVoltage) refers to fdiv.o(.text) for __aeabi_fdiv
    bluenrg1_adc.o(i.ADC_ConvertDifferentialVoltage) refers to fadd.o(.text) for __aeabi_fadd
    bluenrg1_adc.o(i.ADC_ConvertDifferentialVoltage) refers to fmul.o(.text) for __aeabi_fmul
    bluenrg1_adc.o(i.ADC_ConvertSingleEndedVoltage) refers to fflti.o(.text) for __aeabi_i2f
    bluenrg1_adc.o(i.ADC_ConvertSingleEndedVoltage) refers to ffltui.o(.text) for __aeabi_ui2f
    bluenrg1_adc.o(i.ADC_ConvertSingleEndedVoltage) refers to fadd.o(.text) for __aeabi_fadd
    bluenrg1_adc.o(i.ADC_ConvertSingleEndedVoltage) refers to f2d.o(.text) for __aeabi_f2d
    bluenrg1_adc.o(i.ADC_ConvertSingleEndedVoltage) refers to fdiv.o(.text) for __aeabi_fdiv
    bluenrg1_adc.o(i.ADC_ConvertSingleEndedVoltage) refers to fmul.o(.text) for __aeabi_fmul
    bluenrg1_adc.o(i.ADC_ConvertSingleEndedVoltage) refers to dadd.o(.text) for __aeabi_drsub
    bluenrg1_adc.o(i.ADC_ConvertSingleEndedVoltage) refers to dmul.o(.text) for __aeabi_dmul
    bluenrg1_adc.o(i.ADC_ConvertSingleEndedVoltage) refers to d2f.o(.text) for __aeabi_d2f
    bluenrg1_adc.o(i.ADC_ConvertTemperatureSensor) refers to bluenrg1_adc.o(i.ADC_ConvertSingleEndedVoltage) for ADC_ConvertSingleEndedVoltage
    bluenrg1_adc.o(i.ADC_ConvertTemperatureSensor) refers to fmul.o(.text) for __aeabi_fmul
[...]
    Removing ffixi.o(.text), (50 bytes).
    Removing dfixui.o(.text), (60 bytes).
    Removing f2d.o(.text), (40 bytes).
    Removing d2f.o(.text), (56 bytes).
    Removing dfixul.o(.text), (64 bytes).
    Removing lps22hh.o(i.__ARM_common_switch8), (26 bytes).

796 unused section(s) (total 32397 bytes) removed from the image.

==============================================================================

Image Symbol Table

    Local Symbols

    Symbol Name                              Value     Ov Type        Size  Object(Section)

    ../../../../../Library/BlueNRG1_Periph_Driver/src/BlueNRG1_adc.c 0x00000000   Number         0  bluenrg1_adc.o ABSOLUTE
    ../../../../../Library/BlueNRG1_Periph_Driver/src/BlueNRG1_dma.c 0x00000000   Number         0  bluenrg1_dma.o ABSOLUTE
    ../../../../../Library/BlueNRG1_Periph_Driver/src/BlueNRG1_flash.c 0x00000000   Number         0  bluenrg1_flash.o ABSOLUTE
    ../../../../../Library/BlueNRG1_Periph_Driver/src/BlueNRG1_gpio.c 0x00000000   Number         0  bluenrg1_gpio.o ABSOLUTE
    ../../../../../Library/BlueNRG1_Periph_Driver/src/BlueNRG1_i2c.c 0x00000000   Number         0  bluenrg1_i2c.o ABSOLUTE
    ../../../../../Library/BlueNRG1_Periph_Driver/src/BlueNRG1_mft.c 0x00000000   Number         0  bluenrg1_mft.o ABSOLUTE
    ../../../../../Library/BlueNRG1_Periph_Driver/src/BlueNRG1_pka.c 0x00000000   Number         0  bluenrg1_pka.o ABSOLUTE
    ../../../../../Library/BlueNRG1_Periph_Driver/src/BlueNRG1_rtc.c 0x00000000   Number         0  bluenrg1_rtc.o ABSOLUTE
    ../../../../../Library/BlueNRG1_Periph_Driver/src/BlueNRG1_spi.c 0x00000000   Number         0  bluenrg1_spi.o ABSOLUTE
    ../../../../../Library/BlueNRG1_Periph_Driver/src/BlueNRG1_sysCtrl.c 0x00000000   Number         0  bluenrg1_sysctrl.o ABSOLUTE
    ../../../../../Library/BlueNRG1_Periph_Driver/src/BlueNRG1_uart.c 0x00000000   Number         0  bluenrg1_uart.o ABSOLUTE
    ../../../../../Library/BlueNRG1_Periph_Driver/src/BlueNRG1_wdg.c 0x00000000   Number         0  bluenrg1_wdg.o ABSOLUTE
    ../../../../../Library/BlueNRG1_Periph_Driver/src/misc.c 0x00000000   Number         0  misc.o ABSOLUTE
    ../../../../../Library/CMSIS/Device/ST/BlueNRG1/Source/system_bluenrg1.c 0x00000000   Number         0  system_bluenrg1.o ABSOLUTE
    ../../../../../Library/SDK_Eval_BlueNRG1/src/SDK_EVAL_Button.c 0x00000000   Number         0  sdk_eval_button.o ABSOLUTE
    ../../../../../Library/SDK_Eval_BlueNRG1/src/SDK_EVAL_Com.c 0x00000000   Number         0  sdk_eval_com.o ABSOLUTE
    ../../../../../Library/SDK_Eval_BlueNRG1/src/SDK_EVAL_Config.c 0x00000000   Number         0  sdk_eval_config.o ABSOLUTE
    ../../../../../Library/SDK_Eval_BlueNRG1/src/SDK_EVAL_I2C.c 0x00000000   Number         0  sdk_eval_i2c.o ABSOLUTE
    ../../../../../Library/SDK_Eval_BlueNRG1/src/SDK_EVAL_Led.c 0x00000000   Number         0  sdk_eval_led.o ABSOLUTE
    ../../../../../Library/hal/src/clock.c   0x00000000   Number         0  clock.o ABSOLUTE
    ../../../../../Library/hal/src/miscutil.c 0x00000000   Number         0  miscutil.o ABSOLUTE
    ../../../../../Library/hal/src/osal.c    0x00000000   Number         0  osal.o ABSOLUTE
    ../../../../../Library/hal/src/sleep.c   0x00000000   Number         0  sleep.o ABSOLUTE
    ../../src/BlueNRG1_it.c                  0x00000000   Number         0  bluenrg1_it.o ABSOLUTE
    ../../src/sensor.c                       0x00000000   Number         0  sensor.o ABSOLUTE
    ../clib/../cmprslib/zerorunl.c           0x00000000   Number         0  __dczerorl.o ABSOLUTE
    ../clib/microlib/division.c              0x00000000   Number         0  uidiv.o ABSOLUTE
    ../clib/microlib/division.c              0x00000000   Number         0  uldiv.o ABSOLUTE
    ../clib/microlib/division.c              0x00000000   Number         0  idiv.o ABSOLUTE
    ../clib/microlib/init/entry.s            0x00000000   Number         0  entry7b.o ABSOLUTE
    ../clib/microlib/init/entry.s            0x00000000   Number         0  entry7a.o ABSOLUTE
    ../clib/microlib/init/entry.s            0x00000000   Number         0  entry5.o ABSOLUTE
    ../clib/microlib/init/entry.s            0x00000000   Number         0  entry3.o ABSOLUTE
    ../clib/microlib/init/entry.s            0x00000000   Number         0  entry10b.o ABSOLUTE
    ../clib/microlib/init/entry.s            0x00000000   Number         0  entry11b.o ABSOLUTE
    ../clib/microlib/init/entry.s            0x00000000   Number         0  entry11a.o ABSOLUTE
    ../clib/microlib/init/entry.s            0x00000000   Number         0  entry10a.o ABSOLUTE
    ../clib/microlib/init/entry.s            0x00000000   Number         0  entry9b.o ABSOLUTE
    ../clib/microlib/init/entry.s            0x00000000   Number         0  entry.o ABSOLUTE
    ../clib/microlib/init/entry.s            0x00000000   Number         0  entry9a.o ABSOLUTE
    ../clib/microlib/init/entry.s            0x00000000   Number         0  entry8b.o ABSOLUTE
    ../clib/microlib/init/entry.s            0x00000000   Number         0  entry8a.o ABSOLUTE
    ../clib/microlib/longlong.c              0x00000000   Number         0  llsshr.o ABSOLUTE
    ../clib/microlib/longlong.c              0x00000000   Number         0  llushr.o ABSOLUTE
    ../clib/microlib/longlong.c              0x00000000   Number         0  llshl.o ABSOLUTE
    ../clib/microlib/printf/printf.c         0x00000000   Number         0  printfb.o ABSOLUTE
    ../clib/microlib/printf/printf.c         0x00000000   Number         0  printf2.o ABSOLUTE
    ../clib/microlib/printf/printf.c         0x00000000   Number         0  printf3.o ABSOLUTE
    ../clib/microlib/printf/printf.c         0x00000000   Number         0  printf0.o ABSOLUTE
    ../clib/microlib/printf/printf.c         0x00000000   Number         0  printf4.o ABSOLUTE
    ../clib/microlib/printf/printf.c         0x00000000   Number         0  printf5.o ABSOLUTE
    ../clib/microlib/printf/printf.c         0x00000000   Number         0  printf6.o ABSOLUTE
    ../clib/microlib/printf/printf.c         0x00000000   Number         0  printfa.o ABSOLUTE
    ../clib/microlib/printf/printf.c         0x00000000   Number         0  printf7.o ABSOLUTE
    ../clib/microlib/printf/printf.c         0x00000000   Number         0  printf8.o ABSOLUTE
    ../clib/microlib/printf/printf.c         0x00000000   Number         0  printf1.o ABSOLUTE
    ../clib/microlib/printf/stubs.s          0x00000000   Number         0  stubs.o ABSOLUTE
    ../clib/microlib/string/memcmp.c         0x00000000   Number         0  memcmp.o ABSOLUTE
    ../clib/microlib/string/memcpy.c         0x00000000   Number         0  memcpyc.o ABSOLUTE
    ../clib/microlib/string/memcpy.c         0x00000000   Number         0  memcpya.o ABSOLUTE
    ../clib/microlib/string/memcpy.c         0x00000000   Number         0  memcpy.o ABSOLUTE
    ../clib/microlib/string/memcpy.c         0x00000000   Number         0  memcpyb.o ABSOLUTE
    ../clib/microlib/string/memset.c         0x00000000   Number         0  memseta.o ABSOLUTE
    ../clib/microlib/string/memset.c         0x00000000   Number         0  memset.o ABSOLUTE
    ../clib/microlib/stubs.s                 0x00000000   Number         0  iusefp.o ABSOLUTE
    ../clib/microlib/unhosted.c              0x00000000   Number         0  uwrite4.o ABSOLUTE
    ../fplib/microlib/d2f.c                  0x00000000   Number         0  d2f.o ABSOLUTE
    ../fplib/microlib/f2d.c                  0x00000000   Number         0  f2d.o ABSOLUTE
    ../fplib/microlib/fpadd.c                0x00000000   Number         0  fadd.o ABSOLUTE
    ../fplib/microlib/fpadd.c                0x00000000   Number         0  dadd.o ABSOLUTE
    ../fplib/microlib/fpdiv.c                0x00000000   Number         0  fdiv.o ABSOLUTE
    ../fplib/microlib/fpdiv.c                0x00000000   Number         0  ddiv.o ABSOLUTE
    ../fplib/microlib/fpepilogue.c           0x00000000   Number         0  depilogue.o ABSOLUTE
    ../fplib/microlib/fpepilogue.c           0x00000000   Number         0  fepilogue.o ABSOLUTE
    ../fplib/microlib/fpfix.c                0x00000000   Number         0  ffixui.o ABSOLUTE
    ../fplib/microlib/fpfix.c                0x00000000   Number         0  dfixui.o ABSOLUTE
    ../fplib/microlib/fpfix.c                0x00000000   Number         0  dfixul.o ABSOLUTE
    ../fplib/microlib/fpfix.c                0x00000000   Number         0  ffixi.o ABSOLUTE
    ../fplib/microlib/fpflt.c                0x00000000   Number         0  ffltui.o ABSOLUTE
    ../fplib/microlib/fpflt.c                0x00000000   Number         0  dflti.o ABSOLUTE
    ../fplib/microlib/fpflt.c                0x00000000   Number         0  dfltui.o ABSOLUTE
    ../fplib/microlib/fpflt.c                0x00000000   Number         0  fflti.o ABSOLUTE
    ../fplib/microlib/fpmul.c                0x00000000   Number         0  fmul.o ABSOLUTE
    ../fplib/microlib/fpmul.c                0x00000000   Number         0  dmul.o ABSOLUTE
    ../fplib/microlib/fpscalb.c              0x00000000   Number         0  fscalb.o ABSOLUTE
    ..\..\..\..\..\Library\BlueNRG1_Periph_Driver\src\BlueNRG1_adc.c 0x00000000   Number         0  bluenrg1_adc.o ABSOLUTE
    ..\..\..\..\..\Library\BlueNRG1_Periph_Driver\src\BlueNRG1_dma.c 0x00000000   Number         0  bluenrg1_dma.o ABSOLUTE
    ..\..\..\..\..\Library\BlueNRG1_Periph_Driver\src\BlueNRG1_flash.c 0x00000000   Number         0  bluenrg1_flash.o ABSOLUTE
    ..\..\..\..\..\Library\BlueNRG1_Periph_Driver\src\BlueNRG1_gpio.c 0x00000000   Number         0  bluenrg1_gpio.o ABSOLUTE
    ..\..\..\..\..\Library\BlueNRG1_Periph_Driver\src\BlueNRG1_i2c.c 0x00000000   Number         0  bluenrg1_i2c.o ABSOLUTE
    ..\..\..\..\..\Library\BlueNRG1_Periph_Driver\src\BlueNRG1_mft.c 0x00000000   Number         0  bluenrg1_mft.o ABSOLUTE
    ..\..\..\..\..\Library\BlueNRG1_Periph_Driver\src\BlueNRG1_pka.c 0x00000000   Number         0  bluenrg1_pka.o ABSOLUTE
    ..\..\..\..\..\Library\BlueNRG1_Periph_Driver\src\BlueNRG1_rtc.c 0x00000000   Number         0  bluenrg1_rtc.o ABSOLUTE
    ..\..\..\..\..\Library\BlueNRG1_Periph_Driver\src\BlueNRG1_spi.c 0x00000000   Number         0  bluenrg1_spi.o ABSOLUTE
    ..\..\..\..\..\Library\BlueNRG1_Periph_Driver\src\BlueNRG1_sysCtrl.c 0x00000000   Number         0  bluenrg1_sysctrl.o ABSOLUTE
    ..\..\..\..\..\Library\BlueNRG1_Periph_Driver\src\BlueNRG1_uart.c 0x00000000   Number         0  bluenrg1_uart.o ABSOLUTE
    ..\..\..\..\..\Library\BlueNRG1_Periph_Driver\src\BlueNRG1_wdg.c 0x00000000   Number         0  bluenrg1_wdg.o ABSOLUTE
    ..\..\..\..\..\Library\BlueNRG1_Periph_Driver\src\misc.c 0x00000000   Number         0  misc.o ABSOLUTE
    ..\..\..\..\..\Library\CMSIS\Device\ST\BlueNRG1\Source\system_bluenrg1.c 0x00000000   Number         0  system_bluenrg1.o ABSOLUTE
    ..\..\..\..\..\Library\SDK_Eval_BlueNRG1\src\HTS221.c 0x00000000   Number         0  hts221.o ABSOLUTE
    ..\..\..\..\..\Library\SDK_Eval_BlueNRG1\src\LIS2MDL.c 0x00000000   Number         0  lis2mdl.o ABSOLUTE
    ..\..\..\..\..\Library\SDK_Eval_BlueNRG1\src\LPS22HH.c 0x00000000   Number         0  lps22hh.o ABSOLUTE
    ..\..\..\..\..\Library\SDK_Eval_BlueNRG1\src\LSM6DSO.c 0x00000000   Number         0  lsm6dso.o ABSOLUTE
    ..\..\..\..\..\Library\SDK_Eval_BlueNRG1\src\SDK_EVAL_Button.c 0x00000000   Number         0  sdk_eval_button.o ABSOLUTE
    ..\..\..\..\..\Library\SDK_Eval_BlueNRG1\src\SDK_EVAL_Com.c 0x00000000   Number         0  sdk_eval_com.o ABSOLUTE
    ..\..\..\..\..\Library\SDK_Eval_BlueNRG1\src\SDK_EVAL_Config.c 0x00000000   Number         0  sdk_eval_config.o ABSOLUTE
    ..\..\..\..\..\Library\SDK_Eval_BlueNRG1\src\SDK_EVAL_I2C.c 0x00000000   Number         0  sdk_eval_i2c.o ABSOLUTE
    ..\..\..\..\..\Library\SDK_Eval_BlueNRG1\src\SDK_EVAL_Led.c 0x00000000   Number         0  sdk_eval_led.o ABSOLUTE
    ..\..\..\..\..\Library\SDK_Eval_BlueNRG1\src\VL53L1X_UltraLite\core\VL53L1X_api.c 0x00000000   Number         0  vl53l1x_api.o ABSOLUTE
    ..\..\..\..\..\Library\SDK_Eval_BlueNRG1\src\VL53L1X_UltraLite\core\VL53L1X_calibration.c 0x00000000   Number         0  vl53l1x_calibration.o ABSOLUTE
    ..\..\..\..\..\Library\SDK_Eval_BlueNRG1\src\VL53L1X_UltraLite\platform\vl53l1_platform.c 0x00000000   Number         0  vl53l1_platform.o ABSOLUTE
    ..\..\..\..\..\Library\hal\src\clock.c   0x00000000   Number         0  clock.o ABSOLUTE
    ..\..\..\..\..\Library\hal\src\context_switch.s 0x00000000   Number         0  context_switch.o ABSOLUTE
    ..\..\..\..\..\Library\hal\src\miscutil.c 0x00000000   Number         0  miscutil.o ABSOLUTE
    ..\..\..\..\..\Library\hal\src\sleep.c   0x00000000   Number         0  sleep.o ABSOLUTE
    ..\..\src\BlueNRG1_it.c                  0x00000000   Number         0  bluenrg1_it.o ABSOLUTE
    ..\..\src\LED_Fading_main.c              0x00000000   Number         0  led_fading_main.o ABSOLUTE
    ..\..\src\hw_config.c                    0x00000000   Number         0  hw_config.o ABSOLUTE
    ..\..\src\sensor.c                       0x00000000   Number         0  sensor.o ABSOLUTE
    ..\\..\\..\\..\\..\\Library\\SDK_Eval_BlueNRG1\\src\\HTS221.c 0x00000000   Number         0  hts221.o ABSOLUTE
    ..\\..\\..\\..\\..\\Library\\SDK_Eval_BlueNRG1\\src\\LIS2MDL.c 0x00000000   Number         0  lis2mdl.o ABSOLUTE
    ..\\..\\..\\..\\..\\Library\\SDK_Eval_BlueNRG1\\src\\LPS22HH.c 0x00000000   Number         0  lps22hh.o ABSOLUTE
    ..\\..\\..\\..\\..\\Library\\SDK_Eval_BlueNRG1\\src\\LSM6DSO.c 0x00000000   Number         0  lsm6dso.o ABSOLUTE
    ..\\..\\..\\..\\..\\Library\\SDK_Eval_BlueNRG1\\src\\VL53L1X_UltraLite\\platform\\vl53l1_platform.c 0x00000000   Number         0  vl53l1_platform.o ABSOLUTE
    ..\\..\\src\\LED_Fading_main.c           0x00000000   Number         0  led_fading_main.o ABSOLUTE
    ..\\..\\src\\hw_config.c                 0x00000000   Number         0  hw_config.o ABSOLUTE
    cdrcmple.s                               0x00000000   Number         0  cdrcmple.o ABSOLUTE
    dc.s                                     0x00000000   Number         0  dc.o ABSOLUTE
    handlers.s                               0x00000000   Number         0  handlers.o ABSOLUTE
    init.s                                   0x00000000   Number         0  init.o ABSOLUTE
    .intvec                                  0x10040800   Section      192  system_bluenrg1.o(.intvec)
    __tagsym$$used                           0x10040800   Number         0  system_bluenrg1.o(.intvec)
    . text                                   0x100408c0   Section      160  context_switch.o(. text)
    .ARM.Collect$$$$00000000                 0x10040960   Section        0  entry.o(.ARM.Collect$$$$00000000)
    .ARM.Collect$$$$00000002                 0x10040960   Section        4  entry3.o(.ARM.Collect$$$$00000002)
    .ARM.Collect$$$$00000004                 0x10040964   Section        4  entry5.o(.ARM.Collect$$$$00000004)
    .ARM.Collect$$$$00000008                 0x10040968   Section        0  entry7b.o(.ARM.Collect$$$$00000008)
    .ARM.Collect$$$$0000000A                 0x10040968   Section        0  entry8b.o(.ARM.Collect$$$$0000000A)
    .ARM.Collect$$$$0000000B                 0x10040968   Section        8  entry9a.o(.ARM.Collect$$$$0000000B)
    .ARM.Collect$$$$0000000D                 0x10040970   Section        0  entry10a.o(.ARM.Collect$$$$0000000D)
    .ARM.Collect$$$$0000000F                 0x10040970   Section        0  entry11a.o(.ARM.Collect$$$$0000000F)
    .ARM.Collect$$$$00002713                 0x10040970   Section        4  entry3.o(.ARM.Collect$$$$00002713)
    __lit__00000000                          0x10040970   Data           4  entry3.o(.ARM.Collect$$$$00002713)
    .text                                    0x10040974   Section        0  uidiv.o(.text)
    .text                                    0x100409a0   Section        0  idiv.o(.text)
    .text                                    0x100409c8   Section        0  memcpy.o(.text)
    .text                                    0x100409f0   Section        0  memseta.o(.text)
    .text                                    0x10040a14   Section        0  fmul.o(.text)
    .text                                    0x10040a8e   Section        0  fdiv.o(.text)
    .text                                    0x10040b0c   Section        0  dadd.o(.text)
    .text                                    0x10040c70   Section        0  fflti.o(.text)
    .text                                    0x10040c88   Section        0  dflti.o(.text)
    .text                                    0x10040cb0   Section        0  dfltui.o(.text)
    .text                                    0x10040ccc   Section        0  ffixui.o(.text)
    .text                                    0x10040cf4   Section       40  cdrcmple.o(.text)
    .text                                    0x10040d1c   Section        0  llshl.o(.text)
    .text                                    0x10040d3c   Section        0  llushr.o(.text)
    .text                                    0x10040d5e   Section        0  llsshr.o(.text)
    .text                                    0x10040d84   Section        0  fepilogue.o(.text)
    .text                                    0x10040d84   Section        0  iusefp.o(.text)
    .text                                    0x10040e06   Section        0  depilogue.o(.text)
    .text                                    0x10040ec4   Section       36  init.o(.text)
    .text                                    0x10040ee8   Section        0  __dczerorl.o(.text)
    i.ADC_Handler                            0x10040f22   Section        0  system_bluenrg1.o(i.ADC_Handler)
    i.BOR_ConfigSave                         0x10040f24   Section        0  system_bluenrg1.o(i.BOR_ConfigSave)
    i.Blue_Handler                           0x10040f64   Section        0  bluenrg1_it.o(i.Blue_Handler)
    i.Clock_Init                             0x10040f68   Section        0  clock.o(i.Clock_Init)
    i.DMA_Handler                            0x10040f94   Section        0  system_bluenrg1.o(i.DMA_Handler)
    i.DeviceConfiguration                    0x10040f98   Section        0  system_bluenrg1.o(i.DeviceConfiguration)
    i.GPIO_Configuration                     0x100410ec   Section        0  hw_config.o(i.GPIO_Configuration)
    i.GPIO_Handler                           0x1004111e   Section        0  bluenrg1_it.o(i.GPIO_Handler)
    i.GPIO_Init                              0x10041120   Section        0  bluenrg1_gpio.o(i.GPIO_Init)
    i.GPIO_StructInit                        0x100411f4   Section        0  bluenrg1_gpio.o(i.GPIO_StructInit)
    i.GPIO_WriteBit                          0x10041200   Section        0  bluenrg1_gpio.o(i.GPIO_WriteBit)
    i.Get_LedGpioPin                         0x10041218   Section        0  sdk_eval_led.o(i.Get_LedGpioPin)
    i.HAL_GetPartInfo                        0x10041234   Section        0  miscutil.o(i.HAL_GetPartInfo)
    i.HTS221_Activate                        0x10041280   Section        0  hts221.o(i.HTS221_Activate)
    i.HTS221_Get_DeviceID                    0x100412b2   Section        0  hts221.o(i.HTS221_Get_DeviceID)
    i.HTS221_ReadReg                         0x100412c6   Section        0  hts221.o(i.HTS221_ReadReg)
    i.HTS221_Set_AvgH                        0x100412e0   Section        0  hts221.o(i.HTS221_Set_AvgH)
    i.HTS221_Set_AvgT                        0x10041374   Section        0  hts221.o(i.HTS221_Set_AvgT)
    i.HTS221_Set_BduMode                     0x1004140c   Section        0  hts221.o(i.HTS221_Set_BduMode)
    i.HTS221_Set_HeaterState                 0x10041490   Section        0  hts221.o(i.HTS221_Set_HeaterState)
    i.HTS221_Set_IrqActiveLevel              0x10041514   Section        0  hts221.o(i.HTS221_Set_IrqActiveLevel)
    i.HTS221_Set_IrqOutputType               0x10041594   Section        0  hts221.o(i.HTS221_Set_IrqOutputType)
    i.HTS221_Set_Odr                         0x10041614   Section        0  hts221.o(i.HTS221_Set_Odr)
    i.HTS221_Set_PowerDownMode               0x10041698   Section        0  hts221.o(i.HTS221_Set_PowerDownMode)
    i.HTS221_WriteReg                        0x1004171c   Section        0  hts221.o(i.HTS221_WriteReg)
    i.HTS221_assert_failed                   0x1004172c   Section        0  hts221.o(i.HTS221_assert_failed)
    i.HardFault_Handler                      0x10041768   Section        0  bluenrg1_it.o(i.HardFault_Handler)
    i.I2C1_Handler                           0x1004176a   Section        0  system_bluenrg1.o(i.I2C1_Handler)
    i.I2C2_Handler                           0x1004176c   Section        0  system_bluenrg1.o(i.I2C2_Handler)
    i.I2C_BeginTransaction                   0x1004176e   Section        0  bluenrg1_i2c.o(i.I2C_BeginTransaction)
    i.I2C_ClearITPendingBit                  0x1004178e   Section        0  bluenrg1_i2c.o(i.I2C_ClearITPendingBit)
    i.I2C_FillTxFIFO                         0x10041792   Section        0  bluenrg1_i2c.o(i.I2C_FillTxFIFO)
    i.I2C_FlushTx                            0x10041796   Section        0  bluenrg1_i2c.o(i.I2C_FlushTx)
    i.I2C_GetITStatus                        0x100417a0   Section        0  bluenrg1_i2c.o(i.I2C_GetITStatus)
    i.I2C_GetStatus                          0x100417aa   Section        0  bluenrg1_i2c.o(i.I2C_GetStatus)
    i.I2C_Init                               0x100417b4   Section        0  bluenrg1_i2c.o(i.I2C_Init)
    i.I2C_ReceiveData                        0x10041870   Section        0  bluenrg1_i2c.o(i.I2C_ReceiveData)
    i.I2C_StructInit                         0x10041874   Section        0  bluenrg1_i2c.o(i.I2C_StructInit)
    i.I2C_WaitFlushTx                        0x10041888   Section        0  bluenrg1_i2c.o(i.I2C_WaitFlushTx)
    i.Init_Accelerometer_Gyroscope           0x10041896   Section        0  sensor.o(i.Init_Accelerometer_Gyroscope)
    i.Init_Humidity_Sensor                   0x1004191e   Section        0  sensor.o(i.Init_Humidity_Sensor)
    i.Init_Magnetometer                      0x10041968   Section        0  sensor.o(i.Init_Magnetometer)
    i.Init_Pressure_Temperature_Sensor       0x10041994   Section        0  sensor.o(i.Init_Pressure_Temperature_Sensor)
    i.LED_AppTick                            0x100419d0   Section        0  led_fading_main.o(i.LED_AppTick)
    i.MFT1A_Handler                          0x10041a40   Section        0  system_bluenrg1.o(i.MFT1A_Handler)
    i.MFT1B_Handler                          0x10041a42   Section        0  system_bluenrg1.o(i.MFT1B_Handler)
    i.MFT2A_Handler                          0x10041a44   Section        0  system_bluenrg1.o(i.MFT2A_Handler)
    i.MFT2B_Handler                          0x10041a46   Section        0  system_bluenrg1.o(i.MFT2B_Handler)
    i.NMI_Handler                            0x10041a48   Section        0  bluenrg1_it.o(i.NMI_Handler)
    i.NVIC_SetPriority                       0x10041a4c   Section        0  system_bluenrg1.o(i.NVIC_SetPriority)
    NVIC_SetPriority                         0x10041a4d   Thumb Code    60  system_bluenrg1.o(i.NVIC_SetPriority)
    i.NVM_Handler                            0x10041a90   Section        0  system_bluenrg1.o(i.NVM_Handler)
    i.PKA_Handler                            0x10041a92   Section        0  system_bluenrg1.o(i.PKA_Handler)
    i.PendSV_Handler                         0x10041a94   Section        0  system_bluenrg1.o(i.PendSV_Handler)
    i.Platform_Init                          0x10041a96   Section        0  hw_config.o(i.Platform_Init)
    i.RESET_HANDLER                          0x10041aac   Section        0  system_bluenrg1.o(i.RESET_HANDLER)
    i.RTC_Handler                            0x10041acc   Section        0  system_bluenrg1.o(i.RTC_Handler)
    i.SET_BORconfigStatus                    0x10041ad0   Section        0  system_bluenrg1.o(i.SET_BORconfigStatus)
    i.SPI_Handler                            0x10041b0c   Section        0  system_bluenrg1.o(i.SPI_Handler)
    i.SVC_Handler                            0x10041b0e   Section        0  bluenrg1_it.o(i.SVC_Handler)
    i.SdkEvalComUartInit                     0x10041b10   Section        0  sdk_eval_com.o(i.SdkEvalComUartInit)
    i.SdkEvalI2CInit                         0x10041b70   Section        0  sdk_eval_i2c.o(i.SdkEvalI2CInit)
    i.SdkEvalI2CRead                         0x10041bd4   Section        0  sdk_eval_i2c.o(i.SdkEvalI2CRead)
    i.SdkEvalI2CRead16                       0x10041ca0   Section        0  sdk_eval_i2c.o(i.SdkEvalI2CRead16)
    i.SdkEvalI2CWrite                        0x10041d70   Section        0  sdk_eval_i2c.o(i.SdkEvalI2CWrite)
    i.SdkEvalIdentification                  0x10041df8   Section        0  sdk_eval_config.o(i.SdkEvalIdentification)
    i.SdkEvalLedInit                         0x10041e04   Section        0  sdk_eval_led.o(i.SdkEvalLedInit)
    i.SdkEvalLedOff                          0x10041e34   Section        0  sdk_eval_led.o(i.SdkEvalLedOff)
    i.SdkEvalLedOn                           0x10041e42   Section        0  sdk_eval_led.o(i.SdkEvalLedOn)
    i.SdkEvalUart_Send_Data                  0x10041e50   Section        0  sdk_eval_com.o(i.SdkEvalUart_Send_Data)
    SdkEvalUart_Send_Data                    0x10041e51   Thumb Code    22  sdk_eval_com.o(i.SdkEvalUart_Send_Data)
    i.Sensor_DeviceInit                      0x10041e68   Section        0  sensor.o(i.Sensor_DeviceInit)
    i.SensorsScan                            0x10041ebc   Section        0  sensor.o(i.SensorsScan)
    i.Set_RF_FrontEnd                        0x10042114   Section        0  system_bluenrg1.o(i.Set_RF_FrontEnd)
    i.SysCtrl_GetWakeupResetReason           0x1004215c   Section        0  bluenrg1_sysctrl.o(i.SysCtrl_GetWakeupResetReason)
    i.SysCtrl_PeripheralClockCmd             0x100421f8   Section        0  bluenrg1_sysctrl.o(i.SysCtrl_PeripheralClockCmd)
    i.SysTick_Handler                        0x10042210   Section        0  bluenrg1_it.o(i.SysTick_Handler)
    i.SystemInit                             0x100424a4   Section        0  system_bluenrg1.o(i.SystemInit)
    i.UART_Cmd                               0x1004255c   Section        0  bluenrg1_uart.o(i.UART_Cmd)
    i.UART_GetFlagStatus                     0x10042578   Section        0  bluenrg1_uart.o(i.UART_GetFlagStatus)
    i.UART_Handler                           0x10042594   Section        0  bluenrg1_it.o(i.UART_Handler)
    i.UART_Init                              0x10042598   Section        0  bluenrg1_uart.o(i.UART_Init)
    i.UART_RxFifoIrqLevelConfig              0x100426d0   Section        0  bluenrg1_uart.o(i.UART_RxFifoIrqLevelConfig)
    i.UART_SendData                          0x100426e8   Section        0  bluenrg1_uart.o(i.UART_SendData)
    i.VL53L1X_GetSensorId                    0x100426f8   Section        0  vl53l1x_api.o(i.VL53L1X_GetSensorId)
    i.VL53L1_RdWord                          0x10042712   Section        0  vl53l1_platform.o(i.VL53L1_RdWord)
    i.VL53L1_ReadMulti                       0x1004272e   Section        0  vl53l1_platform.o(i.VL53L1_ReadMulti)
    i.VL53L1_WaitMs                          0x10042744   Section        0  vl53l1_platform.o(i.VL53L1_WaitMs)
    i.WDG_Handler                            0x100427a4   Section        0  system_bluenrg1.o(i.WDG_Handler)
    i.__0printf$3                            0x100427a8   Section        0  printf3.o(i.__0printf$3)
    i.__ARM_clz                              0x100427c8   Section        0  depilogue.o(i.__ARM_clz)
    i.__low_level_init                       0x100427f8   Section        0  system_bluenrg1.o(i.__low_level_init)
    i.__scatterload_copy                     0x10042848   Section       14  handlers.o(i.__scatterload_copy)
    i.__scatterload_null                     0x10042856   Section        2  handlers.o(i.__scatterload_null)
    i.__scatterload_zeroinit                 0x10042858   Section       14  handlers.o(i.__scatterload_zeroinit)
    i._printf_core                           0x10042868   Section        0  printf3.o(i._printf_core)
    _printf_core                             0x10042869   Thumb Code   456  printf3.o(i._printf_core)
    i.fputc                                  0x10042a34   Section        0  sdk_eval_com.o(i.fputc)
    i.lis2mdl_block_data_update_set          0x10042a40   Section        0  lis2mdl.o(i.lis2mdl_block_data_update_set)
    i.lis2mdl_data_rate_set                  0x10042a70   Section        0  lis2mdl.o(i.lis2mdl_data_rate_set)
    i.lis2mdl_device_id_get                  0x10042aa0   Section        0  lis2mdl.o(i.lis2mdl_device_id_get)
    i.lis2mdl_offset_temp_comp_set           0x10042aae   Section        0  lis2mdl.o(i.lis2mdl_offset_temp_comp_set)
    i.lis2mdl_operating_mode_set             0x10042adc   Section        0  lis2mdl.o(i.lis2mdl_operating_mode_set)
    i.lis2mdl_read_reg                       0x10042b0c   Section        0  lis2mdl.o(i.lis2mdl_read_reg)
    i.lis2mdl_set_rst_mode_set               0x10042b24   Section        0  lis2mdl.o(i.lis2mdl_set_rst_mode_set)
    i.lis2mdl_write_reg                      0x10042b54   Section        0  lis2mdl.o(i.lis2mdl_write_reg)
    i.lps22hh_block_data_update_set          0x10042b64   Section        0  lps22hh.o(i.lps22hh_block_data_update_set)
    i.lps22hh_data_rate_set                  0x10042b98   Section        0  lps22hh.o(i.lps22hh_data_rate_set)
    i.lps22hh_device_id_get                  0x10042c0a   Section        0  lps22hh.o(i.lps22hh_device_id_get)
    i.lps22hh_i3c_interface_set              0x10042c18   Section        0  lps22hh.o(i.lps22hh_i3c_interface_set)
    i.lps22hh_int_notification_set           0x10042c58   Section        0  lps22hh.o(i.lps22hh_int_notification_set)
    i.lps22hh_int_pd_set                     0x10042c8c   Section        0  lps22hh.o(i.lps22hh_int_pd_set)
    i.lps22hh_pin_mode_set                   0x10042cbc   Section        0  lps22hh.o(i.lps22hh_pin_mode_set)
    i.lps22hh_pin_polarity_set               0x10042cf0   Section        0  lps22hh.o(i.lps22hh_pin_polarity_set)
    i.lps22hh_read_reg                       0x10042d24   Section        0  lps22hh.o(i.lps22hh_read_reg)
    i.lps22hh_write_reg                      0x10042d34   Section        0  lps22hh.o(i.lps22hh_write_reg)
    i.lsm6dso_acceleration_raw_get           0x10042d44   Section        0  lsm6dso.o(i.lsm6dso_acceleration_raw_get)
    i.lsm6dso_all_on_int1_set                0x10042d52   Section        0  lsm6dso.o(i.lsm6dso_all_on_int1_set)
    i.lsm6dso_auto_increment_set             0x10042d82   Section        0  lsm6dso.o(i.lsm6dso_auto_increment_set)
    i.lsm6dso_block_data_update_set          0x10042db2   Section        0  lsm6dso.o(i.lsm6dso_block_data_update_set)
    i.lsm6dso_device_id_get                  0x10042de2   Section        0  lsm6dso.o(i.lsm6dso_device_id_get)
    i.lsm6dso_gy_data_rate_set               0x10042df0   Section        0  lsm6dso.o(i.lsm6dso_gy_data_rate_set)
    i.lsm6dso_gy_full_scale_set              0x10042e1e   Section        0  lsm6dso.o(i.lsm6dso_gy_full_scale_set)
    i.lsm6dso_gy_power_mode_set              0x10042e4e   Section        0  lsm6dso.o(i.lsm6dso_gy_power_mode_set)
    i.lsm6dso_i3c_disable_set                0x10042e7c   Section        0  lsm6dso.o(i.lsm6dso_i3c_disable_set)
    i.lsm6dso_int_notification_set           0x10042ed6   Section        0  lsm6dso.o(i.lsm6dso_int_notification_set)
    i.lsm6dso_mem_bank_set                   0x10042f4a   Section        0  lsm6dso.o(i.lsm6dso_mem_bank_set)
    i.lsm6dso_pin_mode_set                   0x10042f78   Section        0  lsm6dso.o(i.lsm6dso_pin_mode_set)
    i.lsm6dso_pin_polarity_set               0x10042fa8   Section        0  lsm6dso.o(i.lsm6dso_pin_polarity_set)
    i.lsm6dso_read_reg                       0x10042fd8   Section        0  lsm6dso.o(i.lsm6dso_read_reg)
    i.lsm6dso_reset_get                      0x10042fe8   Section        0  lsm6dso.o(i.lsm6dso_reset_get)
    i.lsm6dso_reset_set                      0x10043002   Section        0  lsm6dso.o(i.lsm6dso_reset_set)
    i.lsm6dso_write_reg                      0x10043032   Section        0  lsm6dso.o(i.lsm6dso_write_reg)
    i.lsm6dso_xl_data_rate_set               0x10043042   Section        0  lsm6dso.o(i.lsm6dso_xl_data_rate_set)
    i.lsm6dso_xl_full_scale_set              0x10043070   Section        0  lsm6dso.o(i.lsm6dso_xl_full_scale_set)
    i.lsm6dso_xl_power_mode_set              0x100430a0   Section        0  lsm6dso.o(i.lsm6dso_xl_power_mode_set)
    i.main                                   0x100430e2   Section        0  led_fading_main.o(i.main)
    i.nextRF_transaction                     0x100430f8   Section        0  system_bluenrg1.o(i.nextRF_transaction)
    nextRF_transaction                       0x100430f9   Thumb Code    88  system_bluenrg1.o(i.nextRF_transaction)
    .savedMSP                                0x20000008   Section        4  system_bluenrg1.o(.savedMSP)
    __tagsym$$used                           0x20000008   Number         0  system_bluenrg1.o(.savedMSP)
    .wakeupFromSleepFlag                     0x2000000c   Section        1  system_bluenrg1.o(.wakeupFromSleepFlag)
    __tagsym$$used                           0x2000000c   Number         0  system_bluenrg1.o(.wakeupFromSleepFlag)
    .app_base                                0x20000010   Section        4  system_bluenrg1.o(.app_base)
    __tagsym$$used                           0x20000010   Number         0  system_bluenrg1.o(.app_base)
    .flash_sw_lock                           0x20000014   Section        4  system_bluenrg1.o(.flash_sw_lock)
    __tagsym$$used                           0x20000014   Number         0  system_bluenrg1.o(.flash_sw_lock)
    .rfTimeout                               0x20000018   Section        4  system_bluenrg1.o(.rfTimeout)
    __tagsym$$used                           0x20000018   Number         0  system_bluenrg1.o(.rfTimeout)
    .__blueflag_RAM                          0x20000030   Section        4  system_bluenrg1.o(.__blueflag_RAM)
    __tagsym$$used                           0x20000030   Number         0  system_bluenrg1.o(.__blueflag_RAM)
    .bss.__blue_RAM                          0x200000c0   Section      524  system_bluenrg1.o(.bss.__blue_RAM)
    __tagsym$$used                           0x200000c0   Number         0  system_bluenrg1.o(.bss.__blue_RAM)
    .data                                    0x200002cc   Section        8  bluenrg1_i2c.o(.data)
    Foncycles                                0x200002cc   Data           8  bluenrg1_i2c.o(.data)
    .data                                    0x200002d4   Section        4  sdk_eval_com.o(.data)
    .data                                    0x200002d8   Section        1  sdk_eval_config.o(.data)
    s_SdkEvalVersion                         0x200002d8   Data           1  sdk_eval_config.o(.data)
    .data                                    0x200002e0   Section       16  vl53l1_platform.o(.data)
    .data                                    0x200002f0   Section        4  system_bluenrg1.o(.data)
    .data                                    0x200002f4   Section        4  system_bluenrg1.o(.data)
    .data                                    0x200002f8   Section        4  system_bluenrg1.o(.data)
    .data                                    0x200002fc   Section        7  system_bluenrg1.o(.data)
    .data                                    0x20000304   Section       10  bluenrg1_it.o(.data)
    .data                                    0x2000030e   Section        7  sensor.o(.data)
    .data                                    0x20000315   Section        1  led_fading_main.o(.data)
    .data                                    0x20000316   Section        8  led_fading_main.o(.data)
    .data                                    0x2000031e   Section        2  led_fading_main.o(.data)
    .data                                    0x20000320   Section        2  led_fading_main.o(.data)
    .data                                    0x20000322   Section        2  led_fading_main.o(.data)
    .bss                                     0x20000324   Section       32  system_bluenrg1.o(.bss)

    Global Symbols

    Symbol Name                              Value     Ov Type        Size  Object(Section)

    BuildAttributes$$THM_ISAv3M$S$PE$A:L22$X:L11$S22$IEEE1$IW$USESV6$~STKCKD$USESV7$~SHL$OTIME$ROPI$EBA8$MICROLIB$REQ8$EABIv2 0x00000000   Number         0  anon$$obj.o ABSOLUTE
    __ARM_use_no_argv                        0x00000000   Number         0  led_fading_main.o ABSOLUTE
    _printf_a                                0x00000000   Number         0  stubs.o ABSOLUTE
    _printf_c                                0x00000000   Number         0  stubs.o ABSOLUTE
    _printf_charcount                        0x00000000   Number         0  stubs.o ABSOLUTE
    _printf_d                                0x00000000   Number         0  stubs.o ABSOLUTE
    _printf_e                                0x00000000   Number         0  stubs.o ABSOLUTE
    _printf_f                                0x00000000   Number         0  stubs.o ABSOLUTE
    _printf_flags                            0x00000000   Number         0  stubs.o ABSOLUTE
    _printf_fp_dec                           0x00000000   Number         0  stubs.o ABSOLUTE
    _printf_fp_hex                           0x00000000   Number         0  stubs.o ABSOLUTE
    _printf_g                                0x00000000   Number         0  stubs.o ABSOLUTE
    _printf_i                                0x00000000   Number         0  stubs.o ABSOLUTE
    _printf_int_dec                          0x00000000   Number         0  stubs.o ABSOLUTE
    _printf_l                                0x00000000   Number         0  stubs.o ABSOLUTE
    _printf_lc                               0x00000000   Number         0  stubs.o ABSOLUTE
    _printf_ll                               0x00000000   Number         0  stubs.o ABSOLUTE
    _printf_lld                              0x00000000   Number         0  stubs.o ABSOLUTE
    _printf_lli                              0x00000000   Number         0  stubs.o ABSOLUTE
    _printf_llo                              0x00000000   Number         0  stubs.o ABSOLUTE
    _printf_llu                              0x00000000   Number         0  stubs.o ABSOLUTE
    _printf_llx                              0x00000000   Number         0  stubs.o ABSOLUTE
    _printf_longlong_dec                     0x00000000   Number         0  stubs.o ABSOLUTE
    _printf_longlong_hex                     0x00000000   Number         0  stubs.o ABSOLUTE
    _printf_longlong_oct                     0x00000000   Number         0  stubs.o ABSOLUTE
    _printf_ls                               0x00000000   Number         0  stubs.o ABSOLUTE
    _printf_mbtowc                           0x00000000   Number         0  stubs.o ABSOLUTE
    _printf_n                                0x00000000   Number         0  stubs.o ABSOLUTE
    _printf_o                                0x00000000   Number         0  stubs.o ABSOLUTE
    _printf_p                                0x00000000   Number         0  stubs.o ABSOLUTE
    _printf_percent                          0x00000000   Number         0  stubs.o ABSOLUTE
    _printf_pre_padding                      0x00000000   Number         0  stubs.o ABSOLUTE
    _printf_return_value                     0x00000000   Number         0  stubs.o ABSOLUTE
    _printf_s                                0x00000000   Number         0  stubs.o ABSOLUTE
    _printf_sizespec                         0x00000000   Number         0  stubs.o ABSOLUTE
    _printf_str                              0x00000000   Number         0  stubs.o ABSOLUTE
    _printf_truncate_signed                  0x00000000   Number         0  stubs.o ABSOLUTE
    _printf_truncate_unsigned                0x00000000   Number         0  stubs.o ABSOLUTE
    _printf_u                                0x00000000   Number         0  stubs.o ABSOLUTE
    _printf_wc                               0x00000000   Number         0  stubs.o ABSOLUTE
    _printf_wctomb                           0x00000000   Number         0  stubs.o ABSOLUTE
    _printf_widthprec                        0x00000000   Number         0  stubs.o ABSOLUTE
    _printf_x                                0x00000000   Number         0  stubs.o ABSOLUTE
    __cpp_initialize__aeabi_                  - Undefined Weak Reference
    __cxa_finalize                            - Undefined Weak Reference
    _clock_init                               - Undefined Weak Reference
    _microlib_exit                            - Undefined Weak Reference
    __vector_table                           0x10040800   Data         192  system_bluenrg1.o(.intvec)
    CS_contextSave                           0x100408c1   Thumb Code    82  context_switch.o(. text)
    CS_contextRestore                        0x10040913   Thumb Code    42  context_switch.o(. text)
    __main                                   0x10040961   Thumb Code     0  entry.o(.ARM.Collect$$$$00000000)
    _main_stk                                0x10040961   Thumb Code     0  entry3.o(.ARM.Collect$$$$00000002)
    _main_scatterload                        0x10040965   Thumb Code     0  entry5.o(.ARM.Collect$$$$00000004)
    __main_after_scatterload                 0x10040969   Thumb Code     0  entry5.o(.ARM.Collect$$$$00000004)
    _main_clock                              0x10040969   Thumb Code     0  entry7b.o(.ARM.Collect$$$$00000008)
    _main_cpp_init                           0x10040969   Thumb Code     0  entry8b.o(.ARM.Collect$$$$0000000A)
    _main_init                               0x10040969   Thumb Code     0  entry9a.o(.ARM.Collect$$$$0000000B)
    __rt_final_cpp                           0x10040971   Thumb Code     0  entry10a.o(.ARM.Collect$$$$0000000D)
    __rt_final_exit                          0x10040971   Thumb Code     0  entry11a.o(.ARM.Collect$$$$0000000F)
    __aeabi_uidiv                            0x10040975   Thumb Code     0  uidiv.o(.text)
    __aeabi_uidivmod                         0x10040975   Thumb Code    44  uidiv.o(.text)
    __aeabi_idiv                             0x100409a1   Thumb Code     0  idiv.o(.text)
    __aeabi_idivmod                          0x100409a1   Thumb Code    40  idiv.o(.text)
    ___aeabi_memcpy8$ret                     0x100409c9   Thumb Code     0  memcpy.o(.text)
    __aeabi_memcpy                           0x100409c9   Thumb Code    40  memcpy.o(.text)
    __aeabi_memcpy4                          0x100409c9   Thumb Code     0  memcpy.o(.text)
    memcpy                                   0x100409c9   Thumb Code     0  memcpy.o(.text)
    __aeabi_memset                           0x100409f1   Thumb Code    14  memseta.o(.text)
    __aeabi_memset4                          0x100409f1   Thumb Code     0  memseta.o(.text)
    __aeabi_memset8                          0x100409f1   Thumb Code     0  memseta.o(.text)
    __aeabi_memclr                           0x100409ff   Thumb Code     4  memseta.o(.text)
    __aeabi_memclr4                          0x100409ff   Thumb Code     0  memseta.o(.text)
    __aeabi_memclr8                          0x100409ff   Thumb Code     0  memseta.o(.text)
    memset                                   0x10040a03   Thumb Code    18  memseta.o(.text)
    __aeabi_fmul                             0x10040a15   Thumb Code   122  fmul.o(.text)
    __aeabi_fdiv                             0x10040a8f   Thumb Code   124  fdiv.o(.text)
    __aeabi_dadd                             0x10040b0d   Thumb Code   328  dadd.o(.text)
    __aeabi_dsub                             0x10040c55   Thumb Code    12  dadd.o(.text)
    __aeabi_drsub                            0x10040c61   Thumb Code    12  dadd.o(.text)
    __aeabi_i2f                              0x10040c71   Thumb Code    22  fflti.o(.text)
    __aeabi_i2d                              0x10040c89   Thumb Code    34  dflti.o(.text)
    __aeabi_ui2d                             0x10040cb1   Thumb Code    24  dfltui.o(.text)
    __aeabi_f2uiz                            0x10040ccd   Thumb Code    40  ffixui.o(.text)
    __aeabi_cdrcmple                         0x10040cf5   Thumb Code    38  cdrcmple.o(.text)
    __aeabi_llsl                             0x10040d1d   Thumb Code    32  llshl.o(.text)
    _ll_shift_l                              0x10040d1d   Thumb Code     0  llshl.o(.text)
    __aeabi_llsr                             0x10040d3d   Thumb Code    34  llushr.o(.text)
    _ll_ushift_r                             0x10040d3d   Thumb Code     0  llushr.o(.text)
    __aeabi_lasr                             0x10040d5f   Thumb Code    38  llsshr.o(.text)
    _ll_sshift_r                             0x10040d5f   Thumb Code     0  llsshr.o(.text)
    __I$use$fp                               0x10040d85   Thumb Code     0  iusefp.o(.text)
    _float_round                             0x10040d85   Thumb Code    16  fepilogue.o(.text)
    _float_epilogue                          0x10040d95   Thumb Code   114  fepilogue.o(.text)
    _double_round                            0x10040e07   Thumb Code    26  depilogue.o(.text)
    _double_epilogue                         0x10040e21   Thumb Code   164  depilogue.o(.text)
    __scatterload                            0x10040ec5   Thumb Code    28  init.o(.text)
    __scatterload_rt2                        0x10040ec5   Thumb Code     0  init.o(.text)
    __decompress                             0x10040ee9   Thumb Code     0  __dczerorl.o(.text)
    __decompress0                            0x10040ee9   Thumb Code    58  __dczerorl.o(.text)
    ADC_Handler                              0x10040f23   Thumb Code     2  system_bluenrg1.o(i.ADC_Handler)
    BOR_ConfigSave                           0x10040f25   Thumb Code    54  system_bluenrg1.o(i.BOR_ConfigSave)
    Blue_Handler                             0x10040f65   Thumb Code     2  bluenrg1_it.o(i.Blue_Handler)
    Clock_Init                               0x10040f69   Thumb Code    32  clock.o(i.Clock_Init)
    DMA_Handler                              0x10040f95   Thumb Code     2  system_bluenrg1.o(i.DMA_Handler)
    DeviceConfiguration                      0x10040f99   Thumb Code   288  system_bluenrg1.o(i.DeviceConfiguration)
    GPIO_Configuration                       0x100410ed   Thumb Code    50  hw_config.o(i.GPIO_Configuration)
    GPIO_Handler                             0x1004111f   Thumb Code     2  bluenrg1_it.o(i.GPIO_Handler)
    GPIO_Init                                0x10041121   Thumb Code   206  bluenrg1_gpio.o(i.GPIO_Init)
    GPIO_StructInit                          0x100411f5   Thumb Code    12  bluenrg1_gpio.o(i.GPIO_StructInit)
    GPIO_WriteBit                            0x10041201   Thumb Code    18  bluenrg1_gpio.o(i.GPIO_WriteBit)
    Get_LedGpioPin                           0x10041219   Thumb Code    26  sdk_eval_led.o(i.Get_LedGpioPin)
    HAL_GetPartInfo                          0x10041235   Thumb Code    62  miscutil.o(i.HAL_GetPartInfo)
    HTS221_Activate                          0x10041281   Thumb Code    50  hts221.o(i.HTS221_Activate)
    HTS221_Get_DeviceID                      0x100412b3   Thumb Code    20  hts221.o(i.HTS221_Get_DeviceID)
    HTS221_ReadReg                           0x100412c7   Thumb Code    24  hts221.o(i.HTS221_ReadReg)
    HTS221_Set_AvgH                          0x100412e1   Thumb Code    92  hts221.o(i.HTS221_Set_AvgH)
    HTS221_Set_AvgT                          0x10041375   Thumb Code    92  hts221.o(i.HTS221_Set_AvgT)
    HTS221_Set_BduMode                       0x1004140d   Thumb Code    72  hts221.o(i.HTS221_Set_BduMode)
    HTS221_Set_HeaterState                   0x10041491   Thumb Code    74  hts221.o(i.HTS221_Set_HeaterState)
    HTS221_Set_IrqActiveLevel                0x10041515   Thumb Code    66  hts221.o(i.HTS221_Set_IrqActiveLevel)
    HTS221_Set_IrqOutputType                 0x10041595   Thumb Code    68  hts221.o(i.HTS221_Set_IrqOutputType)
    HTS221_Set_Odr                           0x10041615   Thumb Code    76  hts221.o(i.HTS221_Set_Odr)
    HTS221_Set_PowerDownMode                 0x10041699   Thumb Code    70  hts221.o(i.HTS221_Set_PowerDownMode)
    HTS221_WriteReg                          0x1004171d   Thumb Code    16  hts221.o(i.HTS221_WriteReg)
    HTS221_assert_failed                     0x1004172d   Thumb Code    12  hts221.o(i.HTS221_assert_failed)
    HardFault_Handler                        0x10041769   Thumb Code     2  bluenrg1_it.o(i.HardFault_Handler)
    I2C1_Handler                             0x1004176b   Thumb Code     2  system_bluenrg1.o(i.I2C1_Handler)
    I2C2_Handler                             0x1004176d   Thumb Code     2  system_bluenrg1.o(i.I2C2_Handler)
    I2C_BeginTransaction                     0x1004176f   Thumb Code    32  bluenrg1_i2c.o(i.I2C_BeginTransaction)
    I2C_ClearITPendingBit                    0x1004178f   Thumb Code     4  bluenrg1_i2c.o(i.I2C_ClearITPendingBit)
    I2C_FillTxFIFO                           0x10041793   Thumb Code     4  bluenrg1_i2c.o(i.I2C_FillTxFIFO)
    I2C_FlushTx                              0x10041797   Thumb Code    10  bluenrg1_i2c.o(i.I2C_FlushTx)
    I2C_GetITStatus                          0x100417a1   Thumb Code    10  bluenrg1_i2c.o(i.I2C_GetITStatus)
    I2C_GetStatus                            0x100417ab   Thumb Code     8  bluenrg1_i2c.o(i.I2C_GetStatus)
    I2C_Init                                 0x100417b5   Thumb Code   170  bluenrg1_i2c.o(i.I2C_Init)
    I2C_ReceiveData                          0x10041871   Thumb Code     4  bluenrg1_i2c.o(i.I2C_ReceiveData)
    I2C_StructInit                           0x10041875   Thumb Code    16  bluenrg1_i2c.o(i.I2C_StructInit)
    I2C_WaitFlushTx                          0x10041889   Thumb Code    14  bluenrg1_i2c.o(i.I2C_WaitFlushTx)
    Init_Accelerometer_Gyroscope             0x10041897   Thumb Code   136  sensor.o(i.Init_Accelerometer_Gyroscope)
    Init_Humidity_Sensor                     0x1004191f   Thumb Code    74  sensor.o(i.Init_Humidity_Sensor)
    Init_Magnetometer                        0x10041969   Thumb Code    44  sensor.o(i.Init_Magnetometer)
    Init_Pressure_Temperature_Sensor         0x10041995   Thumb Code    60  sensor.o(i.Init_Pressure_Temperature_Sensor)
    LED_AppTick                              0x100419d1   Thumb Code   106  led_fading_main.o(i.LED_AppTick)
    MFT1A_Handler                            0x10041a41   Thumb Code     2  system_bluenrg1.o(i.MFT1A_Handler)
    MFT1B_Handler                            0x10041a43   Thumb Code     2  system_bluenrg1.o(i.MFT1B_Handler)
    MFT2A_Handler                            0x10041a45   Thumb Code     2  system_bluenrg1.o(i.MFT2A_Handler)
    MFT2B_Handler                            0x10041a47   Thumb Code     2  system_bluenrg1.o(i.MFT2B_Handler)
    NMI_Handler                              0x10041a49   Thumb Code     2  bluenrg1_it.o(i.NMI_Handler)
    NVM_Handler                              0x10041a91   Thumb Code     2  system_bluenrg1.o(i.NVM_Handler)
    PKA_Handler                              0x10041a93   Thumb Code     2  system_bluenrg1.o(i.PKA_Handler)
    PendSV_Handler                           0x10041a95   Thumb Code     2  system_bluenrg1.o(i.PendSV_Handler)
    Platform_Init                            0x10041a97   Thumb Code    20  hw_config.o(i.Platform_Init)
    RESET_HANDLER                            0x10041aad   Thumb Code    28  system_bluenrg1.o(i.RESET_HANDLER)
    RTC_Handler                              0x10041acd   Thumb Code     2  system_bluenrg1.o(i.RTC_Handler)
    SET_BORconfigStatus                      0x10041ad1   Thumb Code    54  system_bluenrg1.o(i.SET_BORconfigStatus)
    SPI_Handler                              0x10041b0d   Thumb Code     2  system_bluenrg1.o(i.SPI_Handler)
    SVC_Handler                              0x10041b0f   Thumb Code     2  bluenrg1_it.o(i.SVC_Handler)
    SdkEvalComUartInit                       0x10041b11   Thumb Code    94  sdk_eval_com.o(i.SdkEvalComUartInit)
    SdkEvalI2CInit                           0x10041b71   Thumb Code    88  sdk_eval_i2c.o(i.SdkEvalI2CInit)
    SdkEvalI2CRead                           0x10041bd5   Thumb Code   194  sdk_eval_i2c.o(i.SdkEvalI2CRead)
    SdkEvalI2CRead16                         0x10041ca1   Thumb Code   200  sdk_eval_i2c.o(i.SdkEvalI2CRead16)
    SdkEvalI2CWrite                          0x10041d71   Thumb Code   128  sdk_eval_i2c.o(i.SdkEvalI2CWrite)
    SdkEvalIdentification                    0x10041df9   Thumb Code     8  sdk_eval_config.o(i.SdkEvalIdentification)
    SdkEvalLedInit                           0x10041e05   Thumb Code    48  sdk_eval_led.o(i.SdkEvalLedInit)
    SdkEvalLedOff                            0x10041e35   Thumb Code    14  sdk_eval_led.o(i.SdkEvalLedOff)
    SdkEvalLedOn                             0x10041e43   Thumb Code    14  sdk_eval_led.o(i.SdkEvalLedOn)
    Sensor_DeviceInit                        0x10041e69   Thumb Code    74  sensor.o(i.Sensor_DeviceInit)
    SensorsScan                              0x10041ebd   Thumb Code   256  sensor.o(i.SensorsScan)
    Set_RF_FrontEnd                          0x10042115   Thumb Code    66  system_bluenrg1.o(i.Set_RF_FrontEnd)
    SysCtrl_GetWakeupResetReason             0x1004215d   Thumb Code   142  bluenrg1_sysctrl.o(i.SysCtrl_GetWakeupResetReason)
    SysCtrl_PeripheralClockCmd               0x100421f9   Thumb Code    18  bluenrg1_sysctrl.o(i.SysCtrl_PeripheralClockCmd)
    SysTick_Handler                          0x10042211   Thumb Code   574  bluenrg1_it.o(i.SysTick_Handler)
    SystemInit                               0x100424a5   Thumb Code   170  system_bluenrg1.o(i.SystemInit)
    UART_Cmd                                 0x1004255d   Thumb Code    22  bluenrg1_uart.o(i.UART_Cmd)
    UART_GetFlagStatus                       0x10042579   Thumb Code    24  bluenrg1_uart.o(i.UART_GetFlagStatus)
    UART_Handler                             0x10042595   Thumb Code     2  bluenrg1_it.o(i.UART_Handler)
    UART_Init                                0x10042599   Thumb Code   302  bluenrg1_uart.o(i.UART_Init)
    UART_RxFifoIrqLevelConfig                0x100426d1   Thumb Code    18  bluenrg1_uart.o(i.UART_RxFifoIrqLevelConfig)
    UART_SendData                            0x100426e9   Thumb Code    10  bluenrg1_uart.o(i.UART_SendData)
    VL53L1X_GetSensorId                      0x100426f9   Thumb Code    26  vl53l1x_api.o(i.VL53L1X_GetSensorId)
    VL53L1_RdWord                            0x10042713   Thumb Code    28  vl53l1_platform.o(i.VL53L1_RdWord)
    VL53L1_ReadMulti                         0x1004272f   Thumb Code    20  vl53l1_platform.o(i.VL53L1_ReadMulti)
    VL53L1_WaitMs                            0x10042745   Thumb Code    88  vl53l1_platform.o(i.VL53L1_WaitMs)
    WDG_Handler                              0x100427a5   Thumb Code     2  system_bluenrg1.o(i.WDG_Handler)
    __0printf$3                              0x100427a9   Thumb Code    24  printf3.o(i.__0printf$3)
    __1printf$3                              0x100427a9   Thumb Code     0  printf3.o(i.__0printf$3)
    __2printf                                0x100427a9   Thumb Code     0  printf3.o(i.__0printf$3)
    __ARM_clz                                0x100427c9   Thumb Code    46  depilogue.o(i.__ARM_clz)
    __low_level_init                         0x100427f9   Thumb Code    68  system_bluenrg1.o(i.__low_level_init)
    __scatterload_copy                       0x10042849   Thumb Code    14  handlers.o(i.__scatterload_copy)
    __scatterload_null                       0x10042857   Thumb Code     2  handlers.o(i.__scatterload_null)
    __scatterload_zeroinit                   0x10042859   Thumb Code    14  handlers.o(i.__scatterload_zeroinit)
    fputc                                    0x10042a35   Thumb Code    12  sdk_eval_com.o(i.fputc)
    lis2mdl_block_data_update_set            0x10042a41   Thumb Code    48  lis2mdl.o(i.lis2mdl_block_data_update_set)
    lis2mdl_data_rate_set                    0x10042a71   Thumb Code    48  lis2mdl.o(i.lis2mdl_data_rate_set)
    lis2mdl_device_id_get                    0x10042aa1   Thumb Code    14  lis2mdl.o(i.lis2mdl_device_id_get)
    lis2mdl_offset_temp_comp_set             0x10042aaf   Thumb Code    46  lis2mdl.o(i.lis2mdl_offset_temp_comp_set)
    lis2mdl_operating_mode_set               0x10042add   Thumb Code    48  lis2mdl.o(i.lis2mdl_operating_mode_set)
    lis2mdl_read_reg                         0x10042b0d   Thumb Code    24  lis2mdl.o(i.lis2mdl_read_reg)
    lis2mdl_set_rst_mode_set                 0x10042b25   Thumb Code    48  lis2mdl.o(i.lis2mdl_set_rst_mode_set)
    lis2mdl_write_reg                        0x10042b55   Thumb Code    16  lis2mdl.o(i.lis2mdl_write_reg)
    lps22hh_block_data_update_set            0x10042b65   Thumb Code    52  lps22hh.o(i.lps22hh_block_data_update_set)
    lps22hh_data_rate_set                    0x10042b99   Thumb Code   114  lps22hh.o(i.lps22hh_data_rate_set)
    lps22hh_device_id_get                    0x10042c0b   Thumb Code    14  lps22hh.o(i.lps22hh_device_id_get)
    lps22hh_i3c_interface_set                0x10042c19   Thumb Code    64  lps22hh.o(i.lps22hh_i3c_interface_set)
    lps22hh_int_notification_set             0x10042c59   Thumb Code    52  lps22hh.o(i.lps22hh_int_notification_set)
    lps22hh_int_pd_set                       0x10042c8d   Thumb Code    48  lps22hh.o(i.lps22hh_int_pd_set)
    lps22hh_pin_mode_set                     0x10042cbd   Thumb Code    52  lps22hh.o(i.lps22hh_pin_mode_set)
    lps22hh_pin_polarity_set                 0x10042cf1   Thumb Code    52  lps22hh.o(i.lps22hh_pin_polarity_set)
    lps22hh_read_reg                         0x10042d25   Thumb Code    16  lps22hh.o(i.lps22hh_read_reg)
    lps22hh_write_reg                        0x10042d35   Thumb Code    16  lps22hh.o(i.lps22hh_write_reg)
    lsm6dso_acceleration_raw_get             0x10042d45   Thumb Code    14  lsm6dso.o(i.lsm6dso_acceleration_raw_get)
    lsm6dso_all_on_int1_set                  0x10042d53   Thumb Code    48  lsm6dso.o(i.lsm6dso_all_on_int1_set)
    lsm6dso_auto_increment_set               0x10042d83   Thumb Code    48  lsm6dso.o(i.lsm6dso_auto_increment_set)
    lsm6dso_block_data_update_set            0x10042db3   Thumb Code    48  lsm6dso.o(i.lsm6dso_block_data_update_set)
    lsm6dso_device_id_get                    0x10042de3   Thumb Code    14  lsm6dso.o(i.lsm6dso_device_id_get)
    lsm6dso_gy_data_rate_set                 0x10042df1   Thumb Code    46  lsm6dso.o(i.lsm6dso_gy_data_rate_set)
    lsm6dso_gy_full_scale_set                0x10042e1f   Thumb Code    48  lsm6dso.o(i.lsm6dso_gy_full_scale_set)
    lsm6dso_gy_power_mode_set                0x10042e4f   Thumb Code    46  lsm6dso.o(i.lsm6dso_gy_power_mode_set)
    lsm6dso_i3c_disable_set                  0x10042e7d   Thumb Code    90  lsm6dso.o(i.lsm6dso_i3c_disable_set)
    lsm6dso_int_notification_set             0x10042ed7   Thumb Code   116  lsm6dso.o(i.lsm6dso_int_notification_set)
    lsm6dso_mem_bank_set                     0x10042f4b   Thumb Code    46  lsm6dso.o(i.lsm6dso_mem_bank_set)
    lsm6dso_pin_mode_set                     0x10042f79   Thumb Code    48  lsm6dso.o(i.lsm6dso_pin_mode_set)
    lsm6dso_pin_polarity_set                 0x10042fa9   Thumb Code    48  lsm6dso.o(i.lsm6dso_pin_polarity_set)
    lsm6dso_read_reg                         0x10042fd9   Thumb Code    16  lsm6dso.o(i.lsm6dso_read_reg)
    lsm6dso_reset_get                        0x10042fe9   Thumb Code    26  lsm6dso.o(i.lsm6dso_reset_get)
    lsm6dso_reset_set                        0x10043003   Thumb Code    48  lsm6dso.o(i.lsm6dso_reset_set)
    lsm6dso_write_reg                        0x10043033   Thumb Code    16  lsm6dso.o(i.lsm6dso_write_reg)
    lsm6dso_xl_data_rate_set                 0x10043043   Thumb Code    46  lsm6dso.o(i.lsm6dso_xl_data_rate_set)
    lsm6dso_xl_full_scale_set                0x10043071   Thumb Code    48  lsm6dso.o(i.lsm6dso_xl_full_scale_set)
    lsm6dso_xl_power_mode_set                0x100430a1   Thumb Code    66  lsm6dso.o(i.lsm6dso_xl_power_mode_set)
    main                                     0x100430e3   Thumb Code    22  led_fading_main.o(i.main)
    Region$$Table$$Base                      0x10043158   Number         0  anon$$obj.o(Region$$Table)
    Region$$Table$$Limit                     0x100431e8   Number         0  anon$$obj.o(Region$$Table)
    savedMSP                                 0x20000008   Data           4  system_bluenrg1.o(.savedMSP)
    wakeupFromSleepFlag                      0x2000000c   Data           1  system_bluenrg1.o(.wakeupFromSleepFlag)
    app_base                                 0x20000010   Data           4  system_bluenrg1.o(.app_base)
    flash_sw_lock                            0x20000014   Data           4  system_bluenrg1.o(.flash_sw_lock)
    rfTimeout                                0x20000018   Data           4  system_bluenrg1.o(.rfTimeout)
    __blueflag_RAM                           0x20000030   Data           4  system_bluenrg1.o(.__blueflag_RAM)
    __blue_RAM                               0x200000c0   Data         524  system_bluenrg1.o(.bss.__blue_RAM)
    __stdout                                 0x200002d4   Data           4  sdk_eval_com.o(.data)
    StartTime                                0x200002e0   Data           8  vl53l1_platform.o(.data)
    CurrentTime                              0x200002e8   Data           8  vl53l1_platform.o(.data)
    savedICSR                                0x200002f0   Data           4  system_bluenrg1.o(.data)
    savedSHCSR                               0x200002f4   Data           4  system_bluenrg1.o(.data)
    savedNVIC_ISPR                           0x200002f8   Data           4  system_bluenrg1.o(.data)
    BOR_config                               0x200002fc   Data           7  system_bluenrg1.o(.data)
    SystemClockTick                          0x20000304   Data           4  bluenrg1_it.o(.data)
    data_raw_acceleration                    0x20000308   Data           6  bluenrg1_it.o(.data)
    xFeaturePresence                         0x2000030e   Data           7  sensor.o(.data)
    direction                                0x20000315   Data           1  led_fading_main.o(.data)
    cycle                                    0x20000316   Data           2  led_fading_main.o(.data)
    cycle_R                                  0x20000318   Data           2  led_fading_main.o(.data)
    cycle_G                                  0x2000031a   Data           2  led_fading_main.o(.data)
    cycle_B                                  0x2000031c   Data           2  led_fading_main.o(.data)
    stepSpeed_R                              0x2000031e   Data           2  led_fading_main.o(.data)
    stepSpeed_G                              0x20000320   Data           2  led_fading_main.o(.data)
    stepSpeed_B                              0x20000322   Data           2  led_fading_main.o(.data)
    hot_table_radio_config                   0x20000324   Data          32  system_bluenrg1.o(.bss)
    Image$$ARM_LIB_STACKHEAP$$ZI$$Limit      0x20006000   Number         0  anon$$obj.o ABSOLUTE



==============================================================================

Memory Map of the image

  Image Entry point : 0x10040961

  Load Region LR_IROM2 (Base: 0x10040000, Size: 0x00000000, Max: 0x00000800, ABSOLUTE)

    Execution Region REGION_FLASH_BOOTLOADER (Exec base: 0x10040000, Load base: 0x10040000, Size: 0x00000000, Max: 0x00000800, ABSOLUTE)

    **** No section assigned to this execution region ****



  Load Region LR_IROM1 (Base: 0x10040800, Size: 0x00002c64, Max: 0x00040000, ABSOLUTE, COMPRESSED[0x00002a60])

    Execution Region REGION_ROM (Exec base: 0x10000000, Load base: 0x10043260, Size: 0x00000800, Max: 0x00000800, ABSOLUTE)

    Exec Addr    Load Addr    Size         Type   Attr      Idx    E Section Name        Object

    0x10000000        -       0x00000800   Zero   RW            1    REGION_ROM.bss      anon$$obj.o


    Execution Region REGION_FLASH (Exec base: 0x10040800, Load base: 0x10040800, Size: 0x000029e8, Max: 0x0003e800, ABSOLUTE)

    Exec Addr    Load Addr    Size         Type   Attr      Idx    E Section Name        Object

    0x10040800   0x10040800   0x000000c0   Data   RO         5377    .intvec             system_bluenrg1.o
    0x100408c0   0x100408c0   0x000000a0   Code   RO          116    . text              context_switch.o
    0x10040960   0x10040960   0x00000000   Code   RO         5810  * .ARM.Collect$$$$00000000  mc_p.l(entry.o)
    0x10040960   0x10040960   0x00000004   Code   RO         6128    .ARM.Collect$$$$00000002  mc_p.l(entry3.o)
    0x10040964   0x10040964   0x00000004   Code   RO         6131    .ARM.Collect$$$$00000004  mc_p.l(entry5.o)
    0x10040968   0x10040968   0x00000000   Code   RO         6133    .ARM.Collect$$$$00000008  mc_p.l(entry7b.o)
    0x10040968   0x10040968   0x00000000   Code   RO         6135    .ARM.Collect$$$$0000000A  mc_p.l(entry8b.o)
    0x10040968   0x10040968   0x00000008   Code   RO         6136    .ARM.Collect$$$$0000000B  mc_p.l(entry9a.o)
    0x10040970   0x10040970   0x00000000   Code   RO         6138    .ARM.Collect$$$$0000000D  mc_p.l(entry10a.o)
    0x10040970   0x10040970   0x00000000   Code   RO         6140    .ARM.Collect$$$$0000000F  mc_p.l(entry11a.o)
    0x10040970   0x10040970   0x00000004   Code   RO         6129    .ARM.Collect$$$$00002713  mc_p.l(entry3.o)
    0x10040974   0x10040974   0x0000002c   Code   RO         5813    .text               mc_p.l(uidiv.o)
    0x100409a0   0x100409a0   0x00000028   Code   RO         5815    .text               mc_p.l(idiv.o)
    0x100409c8   0x100409c8   0x00000028   Code   RO         5817    .text               mc_p.l(memcpy.o)
    0x100409f0   0x100409f0   0x00000024   Code   RO         5823    .text               mc_p.l(memseta.o)
    0x10040a14   0x10040a14   0x0000007a   Code   RO         6096    .text               mf_p.l(fmul.o)
    0x10040a8e   0x10040a8e   0x0000007c   Code   RO         6098    .text               mf_p.l(fdiv.o)
    0x10040b0a   0x10040b0a   0x00000002   PAD
    0x10040b0c   0x10040b0c   0x00000164   Code   RO         6102    .text               mf_p.l(dadd.o)
    0x10040c70   0x10040c70   0x00000016   Code   RO         6108    .text               mf_p.l(fflti.o)
    0x10040c86   0x10040c86   0x00000002   PAD
    0x10040c88   0x10040c88   0x00000028   Code   RO         6112    .text               mf_p.l(dflti.o)
    0x10040cb0   0x10040cb0   0x0000001c   Code   RO         6114    .text               mf_p.l(dfltui.o)
    0x10040ccc   0x10040ccc   0x00000028   Code   RO         6118    .text               mf_p.l(ffixui.o)
    0x10040cf4   0x10040cf4   0x00000028   Code   RO         6124    .text               mf_p.l(cdrcmple.o)
    0x10040d1c   0x10040d1c   0x00000020   Code   RO         6144    .text               mc_p.l(llshl.o)
    0x10040d3c   0x10040d3c   0x00000022   Code   RO         6146    .text               mc_p.l(llushr.o)
    0x10040d5e   0x10040d5e   0x00000026   Code   RO         6148    .text               mc_p.l(llsshr.o)
    0x10040d84   0x10040d84   0x00000000   Code   RO         6150    .text               mc_p.l(iusefp.o)
    0x10040d84   0x10040d84   0x00000082   Code   RO         6151    .text               mf_p.l(fepilogue.o)
    0x10040e06   0x10040e06   0x000000be   Code   RO         6153    .text               mf_p.l(depilogue.o)
    0x10040ec4   0x10040ec4   0x00000024   Code   RO         6159    .text               mc_p.l(init.o)
    0x10040ee8   0x10040ee8   0x0000003a   Code   RO         6169    .text               mc_p.l(__dczerorl.o)
    0x10040f22   0x10040f22   0x00000002   Code   RO         5337    i.ADC_Handler       system_bluenrg1.o
    0x10040f24   0x10040f24   0x00000040   Code   RO         5338    i.BOR_ConfigSave    system_bluenrg1.o
    0x10040f64   0x10040f64   0x00000002   Code   RO         5563    i.Blue_Handler      bluenrg1_it.o
    0x10040f66   0x10040f66   0x00000002   PAD
    0x10040f68   0x10040f68   0x0000002c   Code   RO            5    i.Clock_Init        clock.o
    0x10040f94   0x10040f94   0x00000002   Code   RO         5340    i.DMA_Handler       system_bluenrg1.o
    0x10040f96   0x10040f96   0x00000002   PAD
    0x10040f98   0x10040f98   0x00000154   Code   RO         5341    i.DeviceConfiguration  system_bluenrg1.o
    0x100410ec   0x100410ec   0x00000032   Code   RO         5747    i.GPIO_Configuration  hw_config.o
    0x1004111e   0x1004111e   0x00000002   Code   RO         5564    i.GPIO_Handler      bluenrg1_it.o
    0x10041120   0x10041120   0x000000d4   Code   RO          615    i.GPIO_Init         bluenrg1_gpio.o
    0x100411f4   0x100411f4   0x0000000c   Code   RO          620    i.GPIO_StructInit   bluenrg1_gpio.o
    0x10041200   0x10041200   0x00000018   Code   RO          623    i.GPIO_WriteBit     bluenrg1_gpio.o
    0x10041218   0x10041218   0x0000001a   Code   RO         1979    i.Get_LedGpioPin    sdk_eval_led.o
    0x10041232   0x10041232   0x00000002   PAD
    0x10041234   0x10041234   0x0000004c   Code   RO          125    i.HAL_GetPartInfo   miscutil.o
    0x10041280   0x10041280   0x00000032   Code   RO         2028    i.HTS221_Activate   hts221.o
    0x100412b2   0x100412b2   0x00000014   Code   RO         2034    i.HTS221_Get_DeviceID  hts221.o
    0x100412c6   0x100412c6   0x00000018   Code   RO         2050    i.HTS221_ReadReg    hts221.o
    0x100412de   0x100412de   0x00000002   PAD
    0x100412e0   0x100412e0   0x00000094   Code   RO         2051    i.HTS221_Set_AvgH   hts221.o
    0x10041374   0x10041374   0x00000098   Code   RO         2053    i.HTS221_Set_AvgT   hts221.o
    0x1004140c   0x1004140c   0x00000084   Code   RO         2054    i.HTS221_Set_BduMode  hts221.o
    0x10041490   0x10041490   0x00000084   Code   RO         2055    i.HTS221_Set_HeaterState  hts221.o
    0x10041514   0x10041514   0x00000080   Code   RO         2057    i.HTS221_Set_IrqActiveLevel  hts221.o
    0x10041594   0x10041594   0x00000080   Code   RO         2059    i.HTS221_Set_IrqOutputType  hts221.o
    0x10041614   0x10041614   0x00000084   Code   RO         2060    i.HTS221_Set_Odr    hts221.o
    0x10041698   0x10041698   0x00000084   Code   RO         2061    i.HTS221_Set_PowerDownMode  hts221.o
    0x1004171c   0x1004171c   0x00000010   Code   RO         2063    i.HTS221_WriteReg   hts221.o
    0x1004172c   0x1004172c   0x0000003c   Code   RO         2064    i.HTS221_assert_failed  hts221.o
    0x10041768   0x10041768   0x00000002   Code   RO         5565    i.HardFault_Handler  bluenrg1_it.o
    0x1004176a   0x1004176a   0x00000002   Code   RO         5344    i.I2C1_Handler      system_bluenrg1.o
    0x1004176c   0x1004176c   0x00000002   Code   RO         5345    i.I2C2_Handler      system_bluenrg1.o
    0x1004176e   0x1004176e   0x00000020   Code   RO          724    i.I2C_BeginTransaction  bluenrg1_i2c.o
    0x1004178e   0x1004178e   0x00000004   Code   RO          725    i.I2C_ClearITPendingBit  bluenrg1_i2c.o
    0x10041792   0x10041792   0x00000004   Code   RO          731    i.I2C_FillTxFIFO    bluenrg1_i2c.o
    0x10041796   0x10041796   0x0000000a   Code   RO          733    i.I2C_FlushTx       bluenrg1_i2c.o
    0x100417a0   0x100417a0   0x0000000a   Code   RO          737    i.I2C_GetITStatus   bluenrg1_i2c.o
    0x100417aa   0x100417aa   0x00000008   Code   RO          738    i.I2C_GetStatus     bluenrg1_i2c.o
    0x100417b2   0x100417b2   0x00000002   PAD
    0x100417b4   0x100417b4   0x000000bc   Code   RO          740    i.I2C_Init          bluenrg1_i2c.o
    0x10041870   0x10041870   0x00000004   Code   RO          741    i.I2C_ReceiveData   bluenrg1_i2c.o
    0x10041874   0x10041874   0x00000014   Code   RO          747    i.I2C_StructInit    bluenrg1_i2c.o
    0x10041888   0x10041888   0x0000000e   Code   RO          749    i.I2C_WaitFlushTx   bluenrg1_i2c.o
    0x10041896   0x10041896   0x00000088   Code   RO         5639    i.Init_Accelerometer_Gyroscope  sensor.o
    0x1004191e   0x1004191e   0x0000004a   Code   RO         5640    i.Init_Humidity_Sensor  sensor.o
    0x10041968   0x10041968   0x0000002c   Code   RO         5641    i.Init_Magnetometer  sensor.o
    0x10041994   0x10041994   0x0000003c   Code   RO         5642    i.Init_Pressure_Temperature_Sensor  sensor.o
    0x100419d0   0x100419d0   0x00000070   Code   RO         5774    i.LED_AppTick       led_fading_main.o
    0x10041a40   0x10041a40   0x00000002   Code   RO         5346    i.MFT1A_Handler     system_bluenrg1.o
    0x10041a42   0x10041a42   0x00000002   Code   RO         5347    i.MFT1B_Handler     system_bluenrg1.o
    0x10041a44   0x10041a44   0x00000002   Code   RO         5348    i.MFT2A_Handler     system_bluenrg1.o
    0x10041a46   0x10041a46   0x00000002   Code   RO         5349    i.MFT2B_Handler     system_bluenrg1.o
    0x10041a48   0x10041a48   0x00000002   Code   RO         5566    i.NMI_Handler       bluenrg1_it.o
    0x10041a4a   0x10041a4a   0x00000002   PAD
    0x10041a4c   0x10041a4c   0x00000044   Code   RO         5351    i.NVIC_SetPriority  system_bluenrg1.o
    0x10041a90   0x10041a90   0x00000002   Code   RO         5352    i.NVM_Handler       system_bluenrg1.o
    0x10041a92   0x10041a92   0x00000002   Code   RO         5353    i.PKA_Handler       system_bluenrg1.o
    0x10041a94   0x10041a94   0x00000002   Code   RO         5354    i.PendSV_Handler    system_bluenrg1.o
    0x10041a96   0x10041a96   0x00000014   Code   RO         5748    i.Platform_Init     hw_config.o
    0x10041aaa   0x10041aaa   0x00000002   PAD
    0x10041aac   0x10041aac   0x00000020   Code   RO         5355    i.RESET_HANDLER     system_bluenrg1.o
    0x10041acc   0x10041acc   0x00000002   Code   RO         5356    i.RTC_Handler       system_bluenrg1.o
    0x10041ace   0x10041ace   0x00000002   PAD
    0x10041ad0   0x10041ad0   0x0000003c   Code   RO         5357    i.SET_BORconfigStatus  system_bluenrg1.o
    0x10041b0c   0x10041b0c   0x00000002   Code   RO         5358    i.SPI_Handler       system_bluenrg1.o
    0x10041b0e   0x10041b0e   0x00000002   Code   RO         5567    i.SVC_Handler       bluenrg1_it.o
    0x10041b10   0x10041b10   0x0000005e   Code   RO         1799    i.SdkEvalComUartInit  sdk_eval_com.o
    0x10041b6e   0x10041b6e   0x00000002   PAD
    0x10041b70   0x10041b70   0x00000064   Code   RO         1930    i.SdkEvalI2CInit    sdk_eval_i2c.o
    0x10041bd4   0x10041bd4   0x000000cc   Code   RO         1931    i.SdkEvalI2CRead    sdk_eval_i2c.o
    0x10041ca0   0x10041ca0   0x000000d0   Code   RO         1932    i.SdkEvalI2CRead16  sdk_eval_i2c.o
    0x10041d70   0x10041d70   0x00000088   Code   RO         1933    i.SdkEvalI2CWrite   sdk_eval_i2c.o
    0x10041df8   0x10041df8   0x0000000c   Code   RO         1903    i.SdkEvalIdentification  sdk_eval_config.o
    0x10041e04   0x10041e04   0x00000030   Code   RO         1981    i.SdkEvalLedInit    sdk_eval_led.o
    0x10041e34   0x10041e34   0x0000000e   Code   RO         1982    i.SdkEvalLedOff     sdk_eval_led.o
    0x10041e42   0x10041e42   0x0000000e   Code   RO         1983    i.SdkEvalLedOn      sdk_eval_led.o
    0x10041e50   0x10041e50   0x00000016   Code   RO         1801    i.SdkEvalUart_Send_Data  sdk_eval_com.o
    0x10041e66   0x10041e66   0x00000002   PAD
    0x10041e68   0x10041e68   0x00000054   Code   RO         5643    i.Sensor_DeviceInit  sensor.o
    0x10041ebc   0x10041ebc   0x00000258   Code   RO         5645    i.SensorsScan       sensor.o
    0x10042114   0x10042114   0x00000048   Code   RO         5360    i.Set_RF_FrontEnd   system_bluenrg1.o
    0x1004215c   0x1004215c   0x0000009c   Code   RO         1400    i.SysCtrl_GetWakeupResetReason  bluenrg1_sysctrl.o
    0x100421f8   0x100421f8   0x00000018   Code   RO         1401    i.SysCtrl_PeripheralClockCmd  bluenrg1_sysctrl.o
    0x10042210   0x10042210   0x00000294   Code   RO         5568    i.SysTick_Handler   bluenrg1_it.o
    0x100424a4   0x100424a4   0x000000b8   Code   RO         5362    i.SystemInit        system_bluenrg1.o
    0x1004255c   0x1004255c   0x0000001c   Code   RO         1446    i.UART_Cmd          bluenrg1_uart.o
    0x10042578   0x10042578   0x0000001c   Code   RO         1449    i.UART_GetFlagStatus  bluenrg1_uart.o
    0x10042594   0x10042594   0x00000002   Code   RO         5569    i.UART_Handler      bluenrg1_it.o
    0x10042596   0x10042596   0x00000002   PAD
    0x10042598   0x10042598   0x00000138   Code   RO         1452    i.UART_Init         bluenrg1_uart.o
    0x100426d0   0x100426d0   0x00000018   Code   RO         1457    i.UART_RxFifoIrqLevelConfig  bluenrg1_uart.o
    0x100426e8   0x100426e8   0x00000010   Code   RO         1459    i.UART_SendData     bluenrg1_uart.o
    0x100426f8   0x100426f8   0x0000001a   Code   RO         4973    i.VL53L1X_GetSensorId  vl53l1x_api.o
    0x10042712   0x10042712   0x0000001c   Code   RO         5261    i.VL53L1_RdWord     vl53l1_platform.o
    0x1004272e   0x1004272e   0x00000014   Code   RO         5262    i.VL53L1_ReadMulti  vl53l1_platform.o
    0x10042742   0x10042742   0x00000002   PAD
    0x10042744   0x10042744   0x00000060   Code   RO         5263    i.VL53L1_WaitMs     vl53l1_platform.o
    0x100427a4   0x100427a4   0x00000002   Code   RO         5364    i.WDG_Handler       system_bluenrg1.o
    0x100427a6   0x100427a6   0x00000002   PAD
    0x100427a8   0x100427a8   0x00000020   Code   RO         5920    i.__0printf$3       mc_p.l(printf3.o)
    0x100427c8   0x100427c8   0x0000002e   Code   RO         6155    i.__ARM_clz         mf_p.l(depilogue.o)
    0x100427f6   0x100427f6   0x00000002   PAD
    0x100427f8   0x100427f8   0x00000050   Code   RO         5366    i.__low_level_init  system_bluenrg1.o
    0x10042848   0x10042848   0x0000000e   Code   RO         6163    i.__scatterload_copy  mc_p.l(handlers.o)
    0x10042856   0x10042856   0x00000002   Code   RO         6164    i.__scatterload_null  mc_p.l(handlers.o)
    0x10042858   0x10042858   0x0000000e   Code   RO         6165    i.__scatterload_zeroinit  mc_p.l(handlers.o)
    0x10042866   0x10042866   0x00000002   PAD
    0x10042868   0x10042868   0x000001cc   Code   RO         5927    i._printf_core      mc_p.l(printf3.o)
    0x10042a34   0x10042a34   0x0000000c   Code   RO         1804    i.fputc             sdk_eval_com.o
    0x10042a40   0x10042a40   0x00000030   Code   RO         2273    i.lis2mdl_block_data_update_set  lis2mdl.o
    0x10042a70   0x10042a70   0x00000030   Code   RO         2279    i.lis2mdl_data_rate_set  lis2mdl.o
    0x10042aa0   0x10042aa0   0x0000000e   Code   RO         2280    i.lis2mdl_device_id_get  lis2mdl.o
    0x10042aae   0x10042aae   0x0000002e   Code   RO         2302    i.lis2mdl_offset_temp_comp_set  lis2mdl.o
    0x10042adc   0x10042adc   0x00000030   Code   RO         2304    i.lis2mdl_operating_mode_set  lis2mdl.o
    0x10042b0c   0x10042b0c   0x00000018   Code   RO         2307    i.lis2mdl_read_reg  lis2mdl.o
    0x10042b24   0x10042b24   0x00000030   Code   RO         2313    i.lis2mdl_set_rst_mode_set  lis2mdl.o
    0x10042b54   0x10042b54   0x00000010   Code   RO         2318    i.lis2mdl_write_reg  lis2mdl.o
    0x10042b64   0x10042b64   0x00000034   Code   RO         2581    i.lps22hh_block_data_update_set  lps22hh.o
    0x10042b98   0x10042b98   0x00000072   Code   RO         2585    i.lps22hh_data_rate_set  lps22hh.o
    0x10042c0a   0x10042c0a   0x0000000e   Code   RO         2586    i.lps22hh_device_id_get  lps22hh.o
    0x10042c18   0x10042c18   0x00000040   Code   RO         2611    i.lps22hh_i3c_interface_set  lps22hh.o
    0x10042c58   0x10042c58   0x00000034   Code   RO         2613    i.lps22hh_int_notification_set  lps22hh.o
    0x10042c8c   0x10042c8c   0x00000030   Code   RO         2617    i.lps22hh_int_pd_set  lps22hh.o
    0x10042cbc   0x10042cbc   0x00000034   Code   RO         2625    i.lps22hh_pin_mode_set  lps22hh.o
    0x10042cf0   0x10042cf0   0x00000034   Code   RO         2627    i.lps22hh_pin_polarity_set  lps22hh.o
    0x10042d24   0x10042d24   0x00000010   Code   RO         2638    i.lps22hh_read_reg  lps22hh.o
    0x10042d34   0x10042d34   0x00000010   Code   RO         2650    i.lps22hh_write_reg  lps22hh.o
    0x10042d44   0x10042d44   0x0000000e   Code   RO         3070    i.lsm6dso_acceleration_raw_get  lsm6dso.o
    0x10042d52   0x10042d52   0x00000030   Code   RO         3078    i.lsm6dso_all_on_int1_set  lsm6dso.o
    0x10042d82   0x10042d82   0x00000030   Code   RO         3082    i.lsm6dso_auto_increment_set  lsm6dso.o
    0x10042db2   0x10042db2   0x00000030   Code   RO         3122    i.lsm6dso_block_data_update_set  lsm6dso.o
    0x10042de2   0x10042de2   0x0000000e   Code   RO         3145    i.lsm6dso_device_id_get  lsm6dso.o
    0x10042df0   0x10042df0   0x0000002e   Code   RO         3193    i.lsm6dso_gy_data_rate_set  lsm6dso.o
    0x10042e1e   0x10042e1e   0x00000030   Code   RO         3198    i.lsm6dso_gy_full_scale_set  lsm6dso.o
    0x10042e4e   0x10042e4e   0x0000002e   Code   RO         3204    i.lsm6dso_gy_power_mode_set  lsm6dso.o
    0x10042e7c   0x10042e7c   0x0000005a   Code   RO         3212    i.lsm6dso_i3c_disable_set  lsm6dso.o
    0x10042ed6   0x10042ed6   0x00000074   Code   RO         3214    i.lsm6dso_int_notification_set  lsm6dso.o
    0x10042f4a   0x10042f4a   0x0000002e   Code   RO         3238    i.lsm6dso_mem_bank_set  lsm6dso.o
    0x10042f78   0x10042f78   0x00000030   Code   RO         3263    i.lsm6dso_pin_mode_set  lsm6dso.o
    0x10042fa8   0x10042fa8   0x00000030   Code   RO         3265    i.lsm6dso_pin_polarity_set  lsm6dso.o
    0x10042fd8   0x10042fd8   0x00000010   Code   RO         3266    i.lsm6dso_read_reg  lsm6dso.o
    0x10042fe8   0x10042fe8   0x0000001a   Code   RO         3267    i.lsm6dso_reset_get  lsm6dso.o
    0x10043002   0x10043002   0x00000030   Code   RO         3268    i.lsm6dso_reset_set  lsm6dso.o
    0x10043032   0x10043032   0x00000010   Code   RO         3346    i.lsm6dso_write_reg  lsm6dso.o
    0x10043042   0x10043042   0x0000002e   Code   RO         3348    i.lsm6dso_xl_data_rate_set  lsm6dso.o
    0x10043070   0x10043070   0x00000030   Code   RO         3355    i.lsm6dso_xl_full_scale_set  lsm6dso.o
    0x100430a0   0x100430a0   0x00000042   Code   RO         3365    i.lsm6dso_xl_power_mode_set  lsm6dso.o
    0x100430e2   0x100430e2   0x00000016   Code   RO         5775    i.main              led_fading_main.o
    0x100430f8   0x100430f8   0x00000060   Code   RO         5367    i.nextRF_transaction  system_bluenrg1.o
    0x10043158   0x10043158   0x00000090   Data   RO         6161    Region$$Table       anon$$obj.o


    Execution Region BLOCK_STACKLIB_FLASH_DATA (Exec base: 0x1007f000, Load base: 0x100431e8, Size: 0x00000000, Max: 0x00001000, ABSOLUTE, UNINIT)

    **** No section assigned to this execution region ****


    Execution Region ota_sw_activation_block (Exec base: 0x20000004, Load base: 0x100431e8, Size: 0x00000000, Max: 0x00000004, ABSOLUTE, UNINIT)

    **** No section assigned to this execution region ****


    Execution Region savedMSP_block (Exec base: 0x20000008, Load base: 0x100431e8, Size: 0x00000004, Max: 0x00000004, ABSOLUTE)

    Exec Addr    Load Addr    Size         Type   Attr      Idx    E Section Name        Object

    0x20000008   0x100431e8   0x00000004   Data   RW         5380    .savedMSP           system_bluenrg1.o


    Execution Region wakeupFromSleepFlag_block (Exec base: 0x2000000c, Load base: 0x100431ec, Size: 0x00000004, Max: 0x00000004, ABSOLUTE)

    Exec Addr    Load Addr    Size         Type   Attr      Idx    E Section Name        Object

    0x2000000c   0x100431ec   0x00000001   Data   RW         5381    .wakeupFromSleepFlag  system_bluenrg1.o


    Execution Region app_base_block (Exec base: 0x20000010, Load base: 0x100431f0, Size: 0x00000004, Max: 0x00000004, ABSOLUTE)

    Exec Addr    Load Addr    Size         Type   Attr      Idx    E Section Name        Object

    0x20000010   0x100431f0   0x00000004   Data   RW         5369    .app_base           system_bluenrg1.o


    Execution Region flash_sw_lock_block (Exec base: 0x20000014, Load base: 0x100431f4, Size: 0x00000004, Max: 0x00000004, ABSOLUTE)

    Exec Addr    Load Addr    Size         Type   Attr      Idx    E Section Name        Object

    0x20000014   0x100431f4   0x00000004   Data   RW         5376    .flash_sw_lock      system_bluenrg1.o


    Execution Region rfTimeout_block (Exec base: 0x20000018, Load base: 0x100431f8, Size: 0x00000004, Max: 0x00000004, ABSOLUTE)

    Exec Addr    Load Addr    Size         Type   Attr      Idx    E Section Name        Object

    0x20000018   0x100431f8   0x00000004   Data   RW         5379    .rfTimeout          system_bluenrg1.o


    Execution Region Blue_Flag_Ram_block (Exec base: 0x20000030, Load base: 0x100431fc, Size: 0x00000004, Max: 0x00000004, ABSOLUTE)

    Exec Addr    Load Addr    Size         Type   Attr      Idx    E Section Name        Object

    0x20000030   0x100431fc   0x00000004   Data   RW         5368    .__blueflag_RAM     system_bluenrg1.o


    Execution Region Crash_Info_block (Exec base: 0x20000034, Load base: 0x10043200, Size: 0x00000000, Max: 0x00000028, ABSOLUTE, UNINIT)

    **** No section assigned to this execution region ****


    Execution Region BLUE (Exec base: 0x200000c0, Load base: 0x10043200, Size: 0x0000020c, Max: 0x0000020c, ABSOLUTE, COMPRESSED[0x00000008])

    Exec Addr    Load Addr    Size         Type   Attr      Idx    E Section Name        Object

    0x200000c0   COMPRESSED   0x0000020c   Data   RW         5371    .bss.__blue_RAM     system_bluenrg1.o


    Execution Region REGION_RAM2 (Exec base: 0x200002cc, Load base: 0x10043208, Size: 0x00000078, Max: 0x00005d34, ABSOLUTE)

    Exec Addr    Load Addr    Size         Type   Attr      Idx    E Section Name        Object

    0x200002cc   0x10043208   0x00000008   Data   RW          750    .data               bluenrg1_i2c.o
    0x200002d4   0x10043210   0x00000004   Data   RW         1807    .data               sdk_eval_com.o
    0x200002d8   0x10043214   0x00000001   Data   RW         1904    .data               sdk_eval_config.o
    0x200002d9   0x10043215   0x00000007   PAD
    0x200002e0   0x1004321c   0x00000010   Data   RW         5268    .data               vl53l1_platform.o
    0x200002f0   0x1004322c   0x00000004   Data   RW         5372    .data               system_bluenrg1.o
    0x200002f4   0x10043230   0x00000004   Data   RW         5373    .data               system_bluenrg1.o
    0x200002f8   0x10043234   0x00000004   Data   RW         5374    .data               system_bluenrg1.o
    0x200002fc   0x10043238   0x00000007   Data   RW         5375    .data               system_bluenrg1.o
    0x20000303   0x1004323f   0x00000001   PAD
    0x20000304   0x10043240   0x0000000a   Data   RW         5570    .data               bluenrg1_it.o
    0x2000030e   0x1004324a   0x00000007   Data   RW         5646    .data               sensor.o
    0x20000315   0x10043251   0x00000001   Data   RW         5776    .data               led_fading_main.o
    0x20000316   0x10043252   0x00000008   Data   RW         5777    .data               led_fading_main.o
    0x2000031e   0x1004325a   0x00000002   Data   RW         5778    .data               led_fading_main.o
    0x20000320   0x1004325c   0x00000002   Data   RW         5779    .data               led_fading_main.o
    0x20000322   0x1004325e   0x00000002   Data   RW         5780    .data               led_fading_main.o
    0x20000324        -       0x00000020   Zero   RW         5370    .bss                system_bluenrg1.o


    Execution Region REGION_RAM3 (Exec base: 0x20000344, Load base: 0x10043260, Size: 0x00000000, Max: 0x00005d34, ABSOLUTE, UNINIT)

    **** No section assigned to this execution region ****


    Execution Region ARM_LIB_STACKHEAP (Exec base: 0x20005400, Load base: 0x10043260, Size: 0x00000c00, Max: 0x00000c00, ABSOLUTE)

    Exec Addr    Load Addr    Size         Type   Attr      Idx    E Section Name        Object

    0x20005400        -       0x00000c00   Zero   RW            2    ARM_LIB_STACKHEAP.bss  anon$$obj.o


==============================================================================

Image component sizes


      Code (inc. data)   RO Data    RW Data    ZI Data      Debug   Object Name

       248         12          0          0          0       2610   bluenrg1_gpio.o
       294         22          0          8          0       7272   bluenrg1_i2c.o
       672         86          0         10          0       7908   bluenrg1_it.o
       180         20          0          0          0       1724   bluenrg1_sysctrl.o
       408         32          0          0          0       3924   bluenrg1_uart.o
        44         12          0          0          0      53421   clock.o
       160         36          0          0          0        536   context_switch.o
      1254        522          0          0          0      14131   hts221.o
        70          0          0          0          0       1021   hw_config.o
       134          6          0         15          0       2199   led_fading_main.o
       292          0          0          0          0      10128   lis2mdl.o
       480          0          0          0          0      13355   lps22hh.o
       926          0          0          0          0      54155   lsm6dso.o
        76         14          0          0          0       3830   miscutil.o
         0          0          0          0          0       1244   sdk_eval_button.o
       128          0          0          4          0       4745   sdk_eval_com.o
        12          4          0          1          0       1396   sdk_eval_config.o
       648         38          0          0          0       4343   sdk_eval_i2c.o
       102          0          0          0          0       2951   sdk_eval_led.o
       998        354          0          7          0       4618   sensor.o
      1024        120        192        564         32      21069   system_bluenrg1.o
       144          8          0         16          0       3803   vl53l1_platform.o
        26          0          0          0          0       4340   vl53l1x_api.o

    ----------------------------------------------------------------------
      8346       1286        336        636       5152     224723   Object Totals
         0          0        144          0       5120          0   (incl. Generated)
        26          0          0         11          0          0   (incl. Padding)

    ----------------------------------------------------------------------

      Code (inc. data)   RO Data    RW Data    ZI Data      Debug   Library Member Name

        58          0          0          0          0          0   __dczerorl.o
         0          0          0          0          0          0   entry.o
         0          0          0          0          0          0   entry10a.o
         0          0          0          0          0          0   entry11a.o
         8          4          0          0          0          0   entry3.o
         4          0          0          0          0          0   entry5.o
         0          0          0          0          0          0   entry7b.o
         0          0          0          0          0          0   entry8b.o
         8          4          0          0          0          0   entry9a.o
        30          0          0          0          0          0   handlers.o
        40          0          0          0          0         72   idiv.o
        36          8          0          0          0         68   init.o
         0          0          0          0          0          0   iusefp.o
        32          0          0          0          0         68   llshl.o
        38          0          0          0          0         68   llsshr.o
        34          0          0          0          0         68   llushr.o
        40          0          0          0          0         68   memcpy.o
        36          0          0          0          0        100   memseta.o
       492         12          0          0          0        168   printf3.o
        44          0          0          0          0         72   uidiv.o
        40          2          0          0          0         68   cdrcmple.o
       356          4          0          0          0        140   dadd.o
       236          0          0          0          0        216   depilogue.o
        40          6          0          0          0         68   dflti.o
        28          4          0          0          0         68   dfltui.o
       124          0          0          0          0         72   fdiv.o
       130          0          0          0          0        144   fepilogue.o
        40          0          0          0          0         60   ffixui.o
        22          0          0          0          0         68   fflti.o
       122          0          0          0          0         72   fmul.o

    ----------------------------------------------------------------------
      2046         44          0          0          0       1728   Library Totals
         8          0          0          0          0          0   (incl. Padding)

    ----------------------------------------------------------------------

      Code (inc. data)   RO Data    RW Data    ZI Data      Debug   Library Name

       900         28          0          0          0        752   mc_p.l
      1138         16          0          0          0        976   mf_p.l

    ----------------------------------------------------------------------
      2046         44          0          0          0       1728   Library Totals

    ----------------------------------------------------------------------

==============================================================================


      Code (inc. data)   RO Data    RW Data    ZI Data      Debug   

     10392       1330        336        636       5152     220287   Grand Totals
     10392       1330        336        120       5152     220287   ELF Image Totals (compressed)
     10392       1330        336        120          0          0   ROM Totals

==============================================================================

    Total RO  Size (Code + RO Data)                10728 (  10.48kB)
    Total RW  Size (RW Data + ZI Data)              5788 (   5.65kB)
    Total ROM Size (Code + RO Data + RW Data)      10848 (  10.59kB)

==============================================================================

