<!doctype html public "-//w3c//dtd html 4.0 transitional//en">
<html><head>
<title>Static Call Graph - [.\Release\Objects\RNG_Terminal.axf]</title></head>
<body><HR>
<H1>Static Call Graph for image .\Release\Objects\RNG_Terminal.axf</H1><HR>
<BR><P>#&#060CALLGRAPH&#062# ARM Linker, 5060750: Last Updated: Tue Feb 18 11:07:24 2020
<BR><P>
<H3>Maximum Stack Usage =        104 bytes + Unknown(Cycles, Untraceable Function Pointers)</H3><H3>
Call chain for Maximum Stack Depth:</H3>
RESET_HANDLER &rArr; main &rArr; SystemInit &rArr; DeviceConfiguration &rArr; BOR_ConfigSave
<P>
<H3>
Mutually Recursive functions
</H3> <LI><a href="#[2]">HardFault_Handler</a>&nbsp;&nbsp;&nbsp;&rArr;&nbsp;&nbsp;&nbsp;<a href="#[2]">HardFault_Handler</a><BR>
 <LI><a href="#[25]">assert_failed</a>&nbsp;&nbsp;&nbsp;&rArr;&nbsp;&nbsp;&nbsp;<a href="#[25]">assert_failed</a><BR>
</UL>
<P>
<H3>
Function Pointers
</H3><UL>
 <LI><a href="#[c]">ADC_Handler</a> from system_bluenrg1.o(i.ADC_Handler) referenced from system_bluenrg1.o(.intvec)
 <LI><a href="#[a]">Blue_Handler</a> from system_bluenrg1.o(i.Blue_Handler) referenced from system_bluenrg1.o(.intvec)
 <LI><a href="#[15]">DMA_Handler</a> from system_bluenrg1.o(i.DMA_Handler) referenced from system_bluenrg1.o(.intvec)
 <LI><a href="#[6]">GPIO_Handler</a> from system_bluenrg1.o(i.GPIO_Handler) referenced from system_bluenrg1.o(.intvec)
 <LI><a href="#[2]">HardFault_Handler</a> from bluenrg1_it.o(i.HardFault_Handler) referenced from system_bluenrg1.o(.intvec)
 <LI><a href="#[e]">I2C1_Handler</a> from system_bluenrg1.o(i.I2C1_Handler) referenced from system_bluenrg1.o(.intvec)
 <LI><a href="#[d]">I2C2_Handler</a> from system_bluenrg1.o(i.I2C2_Handler) referenced from system_bluenrg1.o(.intvec)
 <LI><a href="#[f]">MFT1A_Handler</a> from system_bluenrg1.o(i.MFT1A_Handler) referenced from system_bluenrg1.o(.intvec)
 <LI><a href="#[10]">MFT1B_Handler</a> from system_bluenrg1.o(i.MFT1B_Handler) referenced from system_bluenrg1.o(.intvec)
 <LI><a href="#[11]">MFT2A_Handler</a> from system_bluenrg1.o(i.MFT2A_Handler) referenced from system_bluenrg1.o(.intvec)
 <LI><a href="#[12]">MFT2B_Handler</a> from system_bluenrg1.o(i.MFT2B_Handler) referenced from system_bluenrg1.o(.intvec)
 <LI><a href="#[1]">NMI_Handler</a> from bluenrg1_it.o(i.NMI_Handler) referenced from system_bluenrg1.o(.intvec)
 <LI><a href="#[7]">NVM_Handler</a> from system_bluenrg1.o(i.NVM_Handler) referenced from system_bluenrg1.o(.intvec)
 <LI><a href="#[14]">PKA_Handler</a> from system_bluenrg1.o(i.PKA_Handler) referenced from system_bluenrg1.o(.intvec)
 <LI><a href="#[4]">PendSV_Handler</a> from system_bluenrg1.o(i.PendSV_Handler) referenced from system_bluenrg1.o(.intvec)
 <LI><a href="#[0]">RESET_HANDLER</a> from system_bluenrg1.o(i.RESET_HANDLER) referenced from system_bluenrg1.o(.intvec)
 <LI><a href="#[13]">RTC_Handler</a> from system_bluenrg1.o(i.RTC_Handler) referenced from system_bluenrg1.o(.intvec)
 <LI><a href="#[9]">SPI_Handler</a> from system_bluenrg1.o(i.SPI_Handler) referenced from system_bluenrg1.o(.intvec)
 <LI><a href="#[3]">SVC_Handler</a> from bluenrg1_it.o(i.SVC_Handler) referenced from system_bluenrg1.o(.intvec)
 <LI><a href="#[5]">SysTick_Handler</a> from bluenrg1_it.o(i.SysTick_Handler) referenced from system_bluenrg1.o(.intvec)
 <LI><a href="#[8]">UART_Handler</a> from system_bluenrg1.o(i.UART_Handler) referenced from system_bluenrg1.o(.intvec)
 <LI><a href="#[b]">WDG_Handler</a> from system_bluenrg1.o(i.WDG_Handler) referenced from system_bluenrg1.o(.intvec)
 <LI><a href="#[17]">fputc</a> from sdk_eval_com.o(i.fputc) referenced from printf8.o(i.__0printf$8)
 <LI><a href="#[16]">main</a> from rng_terminal_main.o(i.main) referenced from entry9a.o(.ARM.Collect$$$$0000000B)
</UL>
<P>
<H3>
Global Symbols
</H3>
<P><STRONG><a name="[3d]"></a>CS_contextSave</STRONG> (Thumb, 82 bytes, Stack size 0 bytes, context_switch.o(. text), UNUSED)

<P><STRONG><a name="[36]"></a>CS_contextRestore</STRONG> (Thumb, 42 bytes, Stack size 0 bytes, context_switch.o(. text))
<BR><BR>[Called By]<UL><LI><a href="#[26]">&gt;&gt;</a>&nbsp;&nbsp;&nbsp;__low_level_init
</UL>

<P><STRONG><a name="[18]"></a>__main</STRONG> (Thumb, 0 bytes, Stack size unknown bytes, entry.o(.ARM.Collect$$$$00000000))
<BR><BR>[Called By]<UL><LI><a href="#[0]">&gt;&gt;</a>&nbsp;&nbsp;&nbsp;RESET_HANDLER
</UL>

<P><STRONG><a name="[3e]"></a>_main_stk</STRONG> (Thumb, 0 bytes, Stack size unknown bytes, entry3.o(.ARM.Collect$$$$00000002))

<P><STRONG><a name="[19]"></a>_main_scatterload</STRONG> (Thumb, 0 bytes, Stack size unknown bytes, entry5.o(.ARM.Collect$$$$00000004))
<BR><BR>[Calls]<UL><LI><a href="#[1a]">&gt;&gt;</a>&nbsp;&nbsp;&nbsp;__scatterload
</UL>

<P><STRONG><a name="[1e]"></a>__main_after_scatterload</STRONG> (Thumb, 0 bytes, Stack size unknown bytes, entry5.o(.ARM.Collect$$$$00000004))
<BR><BR>[Called By]<UL><LI><a href="#[1a]">&gt;&gt;</a>&nbsp;&nbsp;&nbsp;__scatterload
</UL>

<P><STRONG><a name="[3f]"></a>_main_clock</STRONG> (Thumb, 0 bytes, Stack size unknown bytes, entry7b.o(.ARM.Collect$$$$00000008))

<P><STRONG><a name="[40]"></a>_main_cpp_init</STRONG> (Thumb, 0 bytes, Stack size unknown bytes, entry8b.o(.ARM.Collect$$$$0000000A))

<P><STRONG><a name="[41]"></a>_main_init</STRONG> (Thumb, 0 bytes, Stack size unknown bytes, entry9a.o(.ARM.Collect$$$$0000000B))

<P><STRONG><a name="[42]"></a>__rt_final_cpp</STRONG> (Thumb, 0 bytes, Stack size unknown bytes, entry10a.o(.ARM.Collect$$$$0000000D))

<P><STRONG><a name="[43]"></a>__rt_final_exit</STRONG> (Thumb, 0 bytes, Stack size unknown bytes, entry11a.o(.ARM.Collect$$$$0000000F))

<P><STRONG><a name="[44]"></a>__aeabi_uidiv</STRONG> (Thumb, 0 bytes, Stack size 12 bytes, uidiv.o(.text), UNUSED)

<P><STRONG><a name="[31]"></a>__aeabi_uidivmod</STRONG> (Thumb, 44 bytes, Stack size 12 bytes, uidiv.o(.text))
<BR><BR>[Stack]<UL><LI>Max Depth = 12<LI>Call Chain = __aeabi_uidivmod
</UL>
<BR>[Called By]<UL><LI><a href="#[29]">&gt;&gt;</a>&nbsp;&nbsp;&nbsp;UART_Init
</UL>

<P><STRONG><a name="[45]"></a>__aeabi_memcpy</STRONG> (Thumb, 36 bytes, Stack size 0 bytes, memcpya.o(.text), UNUSED)

<P><STRONG><a name="[20]"></a>__aeabi_memcpy4</STRONG> (Thumb, 0 bytes, Stack size 0 bytes, memcpya.o(.text))
<BR><BR>[Called By]<UL><LI><a href="#[1f]">&gt;&gt;</a>&nbsp;&nbsp;&nbsp;DeviceConfiguration
</UL>

<P><STRONG><a name="[46]"></a>__aeabi_memcpy8</STRONG> (Thumb, 0 bytes, Stack size 0 bytes, memcpya.o(.text), UNUSED)

<P><STRONG><a name="[1b]"></a>__aeabi_uldivmod</STRONG> (Thumb, 96 bytes, Stack size 48 bytes, uldiv.o(.text), UNUSED)
<BR><BR>[Calls]<UL><LI><a href="#[1c]">&gt;&gt;</a>&nbsp;&nbsp;&nbsp;__aeabi_llsr
<LI><a href="#[1d]">&gt;&gt;</a>&nbsp;&nbsp;&nbsp;__aeabi_llsl
</UL>
<BR>[Called By]<UL><LI><a href="#[33]">&gt;&gt;</a>&nbsp;&nbsp;&nbsp;_printf_core
</UL>

<P><STRONG><a name="[1d]"></a>__aeabi_llsl</STRONG> (Thumb, 32 bytes, Stack size 8 bytes, llshl.o(.text), UNUSED)
<BR><BR>[Called By]<UL><LI><a href="#[1b]">&gt;&gt;</a>&nbsp;&nbsp;&nbsp;__aeabi_uldivmod
</UL>

<P><STRONG><a name="[47]"></a>_ll_shift_l</STRONG> (Thumb, 0 bytes, Stack size 8 bytes, llshl.o(.text), UNUSED)

<P><STRONG><a name="[1a]"></a>__scatterload</STRONG> (Thumb, 28 bytes, Stack size 0 bytes, init.o(.text))
<BR><BR>[Calls]<UL><LI><a href="#[1e]">&gt;&gt;</a>&nbsp;&nbsp;&nbsp;__main_after_scatterload
</UL>
<BR>[Called By]<UL><LI><a href="#[19]">&gt;&gt;</a>&nbsp;&nbsp;&nbsp;_main_scatterload
</UL>

<P><STRONG><a name="[48]"></a>__scatterload_rt2</STRONG> (Thumb, 0 bytes, Stack size 0 bytes, init.o(.text), UNUSED)

<P><STRONG><a name="[1c]"></a>__aeabi_llsr</STRONG> (Thumb, 34 bytes, Stack size 8 bytes, llushr.o(.text), UNUSED)
<BR><BR>[Called By]<UL><LI><a href="#[1b]">&gt;&gt;</a>&nbsp;&nbsp;&nbsp;__aeabi_uldivmod
</UL>

<P><STRONG><a name="[49]"></a>_ll_ushift_r</STRONG> (Thumb, 0 bytes, Stack size 8 bytes, llushr.o(.text), UNUSED)

<P><STRONG><a name="[4a]"></a>__decompress</STRONG> (Thumb, 0 bytes, Stack size unknown bytes, __dczerorl.o(.text), UNUSED)

<P><STRONG><a name="[4b]"></a>__decompress0</STRONG> (Thumb, 58 bytes, Stack size unknown bytes, __dczerorl.o(.text), UNUSED)

<P><STRONG><a name="[c]"></a>ADC_Handler</STRONG> (Thumb, 2 bytes, Stack size 0 bytes, system_bluenrg1.o(i.ADC_Handler))
<BR>[Address Reference Count : 1]<UL><LI> system_bluenrg1.o(.intvec)
</UL>
<P><STRONG><a name="[22]"></a>BOR_ConfigSave</STRONG> (Thumb, 54 bytes, Stack size 16 bytes, system_bluenrg1.o(i.BOR_ConfigSave))
<BR><BR>[Stack]<UL><LI>Max Depth = 16<LI>Call Chain = BOR_ConfigSave
</UL>
<BR>[Called By]<UL><LI><a href="#[1f]">&gt;&gt;</a>&nbsp;&nbsp;&nbsp;DeviceConfiguration
</UL>

<P><STRONG><a name="[a]"></a>Blue_Handler</STRONG> (Thumb, 2 bytes, Stack size 0 bytes, system_bluenrg1.o(i.Blue_Handler))
<BR>[Address Reference Count : 1]<UL><LI> system_bluenrg1.o(.intvec)
</UL>
<P><STRONG><a name="[15]"></a>DMA_Handler</STRONG> (Thumb, 2 bytes, Stack size 0 bytes, system_bluenrg1.o(i.DMA_Handler))
<BR>[Address Reference Count : 1]<UL><LI> system_bluenrg1.o(.intvec)
</UL>
<P><STRONG><a name="[1f]"></a>DeviceConfiguration</STRONG> (Thumb, 298 bytes, Stack size 72 bytes, system_bluenrg1.o(i.DeviceConfiguration))
<BR><BR>[Stack]<UL><LI>Max Depth = 88<LI>Call Chain = DeviceConfiguration &rArr; BOR_ConfigSave
</UL>
<BR>[Calls]<UL><LI><a href="#[21]">&gt;&gt;</a>&nbsp;&nbsp;&nbsp;HAL_GetPartInfo
<LI><a href="#[20]">&gt;&gt;</a>&nbsp;&nbsp;&nbsp;__aeabi_memcpy4
<LI><a href="#[23]">&gt;&gt;</a>&nbsp;&nbsp;&nbsp;Set_RF_FrontEnd
<LI><a href="#[22]">&gt;&gt;</a>&nbsp;&nbsp;&nbsp;BOR_ConfigSave
</UL>
<BR>[Called By]<UL><LI><a href="#[2f]">&gt;&gt;</a>&nbsp;&nbsp;&nbsp;SystemInit
</UL>

<P><STRONG><a name="[6]"></a>GPIO_Handler</STRONG> (Thumb, 2 bytes, Stack size 0 bytes, system_bluenrg1.o(i.GPIO_Handler))
<BR>[Address Reference Count : 1]<UL><LI> system_bluenrg1.o(.intvec)
</UL>
<P><STRONG><a name="[24]"></a>GPIO_Init</STRONG> (Thumb, 330 bytes, Stack size 24 bytes, bluenrg1_gpio.o(i.GPIO_Init))
<BR><BR>[Stack]<UL><LI>Max Depth = 24<LI>Call Chain = GPIO_Init
</UL>
<BR>[Calls]<UL><LI><a href="#[25]">&gt;&gt;</a>&nbsp;&nbsp;&nbsp;assert_failed
</UL>
<BR>[Called By]<UL><LI><a href="#[27]">&gt;&gt;</a>&nbsp;&nbsp;&nbsp;SdkEvalComUartInit
</UL>

<P><STRONG><a name="[21]"></a>HAL_GetPartInfo</STRONG> (Thumb, 62 bytes, Stack size 8 bytes, miscutil.o(i.HAL_GetPartInfo))
<BR><BR>[Stack]<UL><LI>Max Depth = 8<LI>Call Chain = HAL_GetPartInfo
</UL>
<BR>[Called By]<UL><LI><a href="#[1f]">&gt;&gt;</a>&nbsp;&nbsp;&nbsp;DeviceConfiguration
<LI><a href="#[35]">&gt;&gt;</a>&nbsp;&nbsp;&nbsp;nextRF_transaction
</UL>

<P><STRONG><a name="[2]"></a>HardFault_Handler</STRONG> (Thumb, 2 bytes, Stack size 0 bytes, bluenrg1_it.o(i.HardFault_Handler))
<BR><BR>[Calls]<UL><LI><a href="#[2]">&gt;&gt;</a>&nbsp;&nbsp;&nbsp;HardFault_Handler
</UL>
<BR>[Called By]<UL><LI><a href="#[2]">&gt;&gt;</a>&nbsp;&nbsp;&nbsp;HardFault_Handler
</UL>
<BR>[Address Reference Count : 1]<UL><LI> system_bluenrg1.o(.intvec)
</UL>
<P><STRONG><a name="[e]"></a>I2C1_Handler</STRONG> (Thumb, 2 bytes, Stack size 0 bytes, system_bluenrg1.o(i.I2C1_Handler))
<BR>[Address Reference Count : 1]<UL><LI> system_bluenrg1.o(.intvec)
</UL>
<P><STRONG><a name="[d]"></a>I2C2_Handler</STRONG> (Thumb, 2 bytes, Stack size 0 bytes, system_bluenrg1.o(i.I2C2_Handler))
<BR>[Address Reference Count : 1]<UL><LI> system_bluenrg1.o(.intvec)
</UL>
<P><STRONG><a name="[f]"></a>MFT1A_Handler</STRONG> (Thumb, 2 bytes, Stack size 0 bytes, system_bluenrg1.o(i.MFT1A_Handler))
<BR>[Address Reference Count : 1]<UL><LI> system_bluenrg1.o(.intvec)
</UL>
<P><STRONG><a name="[10]"></a>MFT1B_Handler</STRONG> (Thumb, 2 bytes, Stack size 0 bytes, system_bluenrg1.o(i.MFT1B_Handler))
<BR>[Address Reference Count : 1]<UL><LI> system_bluenrg1.o(.intvec)
</UL>
<P><STRONG><a name="[11]"></a>MFT2A_Handler</STRONG> (Thumb, 2 bytes, Stack size 0 bytes, system_bluenrg1.o(i.MFT2A_Handler))
<BR>[Address Reference Count : 1]<UL><LI> system_bluenrg1.o(.intvec)
</UL>
<P><STRONG><a name="[12]"></a>MFT2B_Handler</STRONG> (Thumb, 2 bytes, Stack size 0 bytes, system_bluenrg1.o(i.MFT2B_Handler))
<BR>[Address Reference Count : 1]<UL><LI> system_bluenrg1.o(.intvec)
</UL>
<P><STRONG><a name="[1]"></a>NMI_Handler</STRONG> (Thumb, 2 bytes, Stack size 0 bytes, bluenrg1_it.o(i.NMI_Handler))
<BR>[Address Reference Count : 1]<UL><LI> system_bluenrg1.o(.intvec)
</UL>
<P><STRONG><a name="[7]"></a>NVM_Handler</STRONG> (Thumb, 2 bytes, Stack size 0 bytes, system_bluenrg1.o(i.NVM_Handler))
<BR>[Address Reference Count : 1]<UL><LI> system_bluenrg1.o(.intvec)
</UL>
<P><STRONG><a name="[14]"></a>PKA_Handler</STRONG> (Thumb, 2 bytes, Stack size 0 bytes, system_bluenrg1.o(i.PKA_Handler))
<BR>[Address Reference Count : 1]<UL><LI> system_bluenrg1.o(.intvec)
</UL>
<P><STRONG><a name="[4]"></a>PendSV_Handler</STRONG> (Thumb, 2 bytes, Stack size 0 bytes, system_bluenrg1.o(i.PendSV_Handler))
<BR>[Address Reference Count : 1]<UL><LI> system_bluenrg1.o(.intvec)
</UL>
<P><STRONG><a name="[0]"></a>RESET_HANDLER</STRONG> (Thumb, 28 bytes, Stack size 8 bytes, system_bluenrg1.o(i.RESET_HANDLER))
<BR><BR>[Stack]<UL><LI>Max Depth = 104 + Unknown Stack Size
<LI>Call Chain = RESET_HANDLER &rArr; main &rArr; SystemInit &rArr; DeviceConfiguration &rArr; BOR_ConfigSave
</UL>
<BR>[Calls]<UL><LI><a href="#[18]">&gt;&gt;</a>&nbsp;&nbsp;&nbsp;__main
<LI><a href="#[16]">&gt;&gt;</a>&nbsp;&nbsp;&nbsp;main
<LI><a href="#[26]">&gt;&gt;</a>&nbsp;&nbsp;&nbsp;__low_level_init
</UL>
<BR>[Address Reference Count : 1]<UL><LI> system_bluenrg1.o(.intvec)
</UL>
<P><STRONG><a name="[3a]"></a>RNG_GetFlagStatus</STRONG> (Thumb, 14 bytes, Stack size 0 bytes, bluenrg1_rng.o(i.RNG_GetFlagStatus))
<BR><BR>[Called By]<UL><LI><a href="#[16]">&gt;&gt;</a>&nbsp;&nbsp;&nbsp;main
</UL>

<P><STRONG><a name="[13]"></a>RTC_Handler</STRONG> (Thumb, 2 bytes, Stack size 0 bytes, system_bluenrg1.o(i.RTC_Handler))
<BR>[Address Reference Count : 1]<UL><LI> system_bluenrg1.o(.intvec)
</UL>
<P><STRONG><a name="[3c]"></a>SET_BORconfigStatus</STRONG> (Thumb, 54 bytes, Stack size 12 bytes, system_bluenrg1.o(i.SET_BORconfigStatus))
<BR><BR>[Stack]<UL><LI>Max Depth = 12<LI>Call Chain = SET_BORconfigStatus
</UL>
<BR>[Called By]<UL><LI><a href="#[35]">&gt;&gt;</a>&nbsp;&nbsp;&nbsp;nextRF_transaction
</UL>

<P><STRONG><a name="[9]"></a>SPI_Handler</STRONG> (Thumb, 2 bytes, Stack size 0 bytes, system_bluenrg1.o(i.SPI_Handler))
<BR>[Address Reference Count : 1]<UL><LI> system_bluenrg1.o(.intvec)
</UL>
<P><STRONG><a name="[3]"></a>SVC_Handler</STRONG> (Thumb, 2 bytes, Stack size 0 bytes, bluenrg1_it.o(i.SVC_Handler))
<BR>[Address Reference Count : 1]<UL><LI> system_bluenrg1.o(.intvec)
</UL>
<P><STRONG><a name="[27]"></a>SdkEvalComUartInit</STRONG> (Thumb, 94 bytes, Stack size 40 bytes, sdk_eval_com.o(i.SdkEvalComUartInit))
<BR><BR>[Stack]<UL><LI>Max Depth = 68<LI>Call Chain = SdkEvalComUartInit &rArr; UART_Init &rArr; __aeabi_uidivmod
</UL>
<BR>[Calls]<UL><LI><a href="#[24]">&gt;&gt;</a>&nbsp;&nbsp;&nbsp;GPIO_Init
<LI><a href="#[2a]">&gt;&gt;</a>&nbsp;&nbsp;&nbsp;UART_RxFifoIrqLevelConfig
<LI><a href="#[29]">&gt;&gt;</a>&nbsp;&nbsp;&nbsp;UART_Init
<LI><a href="#[2b]">&gt;&gt;</a>&nbsp;&nbsp;&nbsp;UART_Cmd
<LI><a href="#[28]">&gt;&gt;</a>&nbsp;&nbsp;&nbsp;SysCtrl_PeripheralClockCmd
</UL>
<BR>[Called By]<UL><LI><a href="#[16]">&gt;&gt;</a>&nbsp;&nbsp;&nbsp;main
</UL>

<P><STRONG><a name="[39]"></a>SdkEvalIdentification</STRONG> (Thumb, 8 bytes, Stack size 0 bytes, sdk_eval_config.o(i.SdkEvalIdentification))
<BR><BR>[Called By]<UL><LI><a href="#[16]">&gt;&gt;</a>&nbsp;&nbsp;&nbsp;main
</UL>

<P><STRONG><a name="[23]"></a>Set_RF_FrontEnd</STRONG> (Thumb, 66 bytes, Stack size 0 bytes, system_bluenrg1.o(i.Set_RF_FrontEnd))
<BR><BR>[Called By]<UL><LI><a href="#[1f]">&gt;&gt;</a>&nbsp;&nbsp;&nbsp;DeviceConfiguration
</UL>

<P><STRONG><a name="[34]"></a>SysCtrl_GetWakeupResetReason</STRONG> (Thumb, 142 bytes, Stack size 0 bytes, bluenrg1_sysctrl.o(i.SysCtrl_GetWakeupResetReason))
<BR><BR>[Called By]<UL><LI><a href="#[26]">&gt;&gt;</a>&nbsp;&nbsp;&nbsp;__low_level_init
</UL>

<P><STRONG><a name="[28]"></a>SysCtrl_PeripheralClockCmd</STRONG> (Thumb, 52 bytes, Stack size 16 bytes, bluenrg1_sysctrl.o(i.SysCtrl_PeripheralClockCmd))
<BR><BR>[Stack]<UL><LI>Max Depth = 16<LI>Call Chain = SysCtrl_PeripheralClockCmd
</UL>
<BR>[Calls]<UL><LI><a href="#[25]">&gt;&gt;</a>&nbsp;&nbsp;&nbsp;assert_failed
</UL>
<BR>[Called By]<UL><LI><a href="#[27]">&gt;&gt;</a>&nbsp;&nbsp;&nbsp;SdkEvalComUartInit
</UL>

<P><STRONG><a name="[5]"></a>SysTick_Handler</STRONG> (Thumb, 2 bytes, Stack size 0 bytes, bluenrg1_it.o(i.SysTick_Handler))
<BR>[Address Reference Count : 1]<UL><LI> system_bluenrg1.o(.intvec)
</UL>
<P><STRONG><a name="[2f]"></a>SystemInit</STRONG> (Thumb, 170 bytes, Stack size 8 bytes, system_bluenrg1.o(i.SystemInit))
<BR><BR>[Stack]<UL><LI>Max Depth = 96<LI>Call Chain = SystemInit &rArr; DeviceConfiguration &rArr; BOR_ConfigSave
</UL>
<BR>[Calls]<UL><LI><a href="#[1f]">&gt;&gt;</a>&nbsp;&nbsp;&nbsp;DeviceConfiguration
<LI><a href="#[30]">&gt;&gt;</a>&nbsp;&nbsp;&nbsp;NVIC_SetPriority
</UL>
<BR>[Called By]<UL><LI><a href="#[16]">&gt;&gt;</a>&nbsp;&nbsp;&nbsp;main
</UL>

<P><STRONG><a name="[2b]"></a>UART_Cmd</STRONG> (Thumb, 38 bytes, Stack size 8 bytes, bluenrg1_uart.o(i.UART_Cmd))
<BR><BR>[Stack]<UL><LI>Max Depth = 8<LI>Call Chain = UART_Cmd
</UL>
<BR>[Calls]<UL><LI><a href="#[25]">&gt;&gt;</a>&nbsp;&nbsp;&nbsp;assert_failed
</UL>
<BR>[Called By]<UL><LI><a href="#[27]">&gt;&gt;</a>&nbsp;&nbsp;&nbsp;SdkEvalComUartInit
</UL>

<P><STRONG><a name="[2d]"></a>UART_GetFlagStatus</STRONG> (Thumb, 82 bytes, Stack size 16 bytes, bluenrg1_uart.o(i.UART_GetFlagStatus))
<BR><BR>[Stack]<UL><LI>Max Depth = 16<LI>Call Chain = UART_GetFlagStatus
</UL>
<BR>[Calls]<UL><LI><a href="#[25]">&gt;&gt;</a>&nbsp;&nbsp;&nbsp;assert_failed
</UL>
<BR>[Called By]<UL><LI><a href="#[2c]">&gt;&gt;</a>&nbsp;&nbsp;&nbsp;SdkEvalUart_Send_Data
</UL>

<P><STRONG><a name="[8]"></a>UART_Handler</STRONG> (Thumb, 2 bytes, Stack size 0 bytes, system_bluenrg1.o(i.UART_Handler))
<BR>[Address Reference Count : 1]<UL><LI> system_bluenrg1.o(.intvec)
</UL>
<P><STRONG><a name="[29]"></a>UART_Init</STRONG> (Thumb, 456 bytes, Stack size 16 bytes, bluenrg1_uart.o(i.UART_Init))
<BR><BR>[Stack]<UL><LI>Max Depth = 28<LI>Call Chain = UART_Init &rArr; __aeabi_uidivmod
</UL>
<BR>[Calls]<UL><LI><a href="#[25]">&gt;&gt;</a>&nbsp;&nbsp;&nbsp;assert_failed
<LI><a href="#[31]">&gt;&gt;</a>&nbsp;&nbsp;&nbsp;__aeabi_uidivmod
</UL>
<BR>[Called By]<UL><LI><a href="#[27]">&gt;&gt;</a>&nbsp;&nbsp;&nbsp;SdkEvalComUartInit
</UL>

<P><STRONG><a name="[2a]"></a>UART_RxFifoIrqLevelConfig</STRONG> (Thumb, 58 bytes, Stack size 8 bytes, bluenrg1_uart.o(i.UART_RxFifoIrqLevelConfig))
<BR><BR>[Stack]<UL><LI>Max Depth = 8<LI>Call Chain = UART_RxFifoIrqLevelConfig
</UL>
<BR>[Calls]<UL><LI><a href="#[25]">&gt;&gt;</a>&nbsp;&nbsp;&nbsp;assert_failed
</UL>
<BR>[Called By]<UL><LI><a href="#[27]">&gt;&gt;</a>&nbsp;&nbsp;&nbsp;SdkEvalComUartInit
</UL>

<P><STRONG><a name="[2e]"></a>UART_SendData</STRONG> (Thumb, 30 bytes, Stack size 8 bytes, bluenrg1_uart.o(i.UART_SendData))
<BR><BR>[Stack]<UL><LI>Max Depth = 8<LI>Call Chain = UART_SendData
</UL>
<BR>[Calls]<UL><LI><a href="#[25]">&gt;&gt;</a>&nbsp;&nbsp;&nbsp;assert_failed
</UL>
<BR>[Called By]<UL><LI><a href="#[2c]">&gt;&gt;</a>&nbsp;&nbsp;&nbsp;SdkEvalUart_Send_Data
</UL>

<P><STRONG><a name="[b]"></a>WDG_Handler</STRONG> (Thumb, 2 bytes, Stack size 0 bytes, system_bluenrg1.o(i.WDG_Handler))
<BR>[Address Reference Count : 1]<UL><LI> system_bluenrg1.o(.intvec)
</UL>
<P><STRONG><a name="[32]"></a>__0printf$8</STRONG> (Thumb, 24 bytes, Stack size 24 bytes, printf8.o(i.__0printf$8), UNUSED)
<BR><BR>[Calls]<UL><LI><a href="#[33]">&gt;&gt;</a>&nbsp;&nbsp;&nbsp;_printf_core
</UL>

<P><STRONG><a name="[4c]"></a>__1printf$8</STRONG> (Thumb, 0 bytes, Stack size 24 bytes, printf8.o(i.__0printf$8), UNUSED)

<P><STRONG><a name="[3b]"></a>__2printf</STRONG> (Thumb, 0 bytes, Stack size 24 bytes, printf8.o(i.__0printf$8))
<BR><BR>[Stack]<UL><LI>Max Depth = 24<LI>Call Chain = __2printf
</UL>
<BR>[Called By]<UL><LI><a href="#[16]">&gt;&gt;</a>&nbsp;&nbsp;&nbsp;main
</UL>

<P><STRONG><a name="[26]"></a>__low_level_init</STRONG> (Thumb, 68 bytes, Stack size 16 bytes, system_bluenrg1.o(i.__low_level_init))
<BR><BR>[Stack]<UL><LI>Max Depth = 60<LI>Call Chain = __low_level_init &rArr; nextRF_transaction &rArr; SET_BORconfigStatus
</UL>
<BR>[Calls]<UL><LI><a href="#[34]">&gt;&gt;</a>&nbsp;&nbsp;&nbsp;SysCtrl_GetWakeupResetReason
<LI><a href="#[35]">&gt;&gt;</a>&nbsp;&nbsp;&nbsp;nextRF_transaction
<LI><a href="#[36]">&gt;&gt;</a>&nbsp;&nbsp;&nbsp;CS_contextRestore
</UL>
<BR>[Called By]<UL><LI><a href="#[0]">&gt;&gt;</a>&nbsp;&nbsp;&nbsp;RESET_HANDLER
</UL>

<P><STRONG><a name="[4d]"></a>__scatterload_copy</STRONG> (Thumb, 14 bytes, Stack size unknown bytes, handlers.o(i.__scatterload_copy), UNUSED)

<P><STRONG><a name="[4e]"></a>__scatterload_null</STRONG> (Thumb, 2 bytes, Stack size unknown bytes, handlers.o(i.__scatterload_null), UNUSED)

<P><STRONG><a name="[4f]"></a>__scatterload_zeroinit</STRONG> (Thumb, 14 bytes, Stack size unknown bytes, handlers.o(i.__scatterload_zeroinit), UNUSED)

<P><STRONG><a name="[25]"></a>assert_failed</STRONG> (Thumb, 2 bytes, Stack size 0 bytes, rng_terminal_main.o(i.assert_failed))
<BR><BR>[Calls]<UL><LI><a href="#[25]">&gt;&gt;</a>&nbsp;&nbsp;&nbsp;assert_failed
</UL>
<BR>[Called By]<UL><LI><a href="#[24]">&gt;&gt;</a>&nbsp;&nbsp;&nbsp;GPIO_Init
<LI><a href="#[25]">&gt;&gt;</a>&nbsp;&nbsp;&nbsp;assert_failed
<LI><a href="#[2e]">&gt;&gt;</a>&nbsp;&nbsp;&nbsp;UART_SendData
<LI><a href="#[2a]">&gt;&gt;</a>&nbsp;&nbsp;&nbsp;UART_RxFifoIrqLevelConfig
<LI><a href="#[29]">&gt;&gt;</a>&nbsp;&nbsp;&nbsp;UART_Init
<LI><a href="#[2d]">&gt;&gt;</a>&nbsp;&nbsp;&nbsp;UART_GetFlagStatus
<LI><a href="#[2b]">&gt;&gt;</a>&nbsp;&nbsp;&nbsp;UART_Cmd
<LI><a href="#[28]">&gt;&gt;</a>&nbsp;&nbsp;&nbsp;SysCtrl_PeripheralClockCmd
</UL>

<P><STRONG><a name="[17]"></a>fputc</STRONG> (Thumb, 12 bytes, Stack size 8 bytes, sdk_eval_com.o(i.fputc))
<BR><BR>[Stack]<UL><LI>Max Depth = 32<LI>Call Chain = fputc &rArr; SdkEvalUart_Send_Data &rArr; UART_GetFlagStatus
</UL>
<BR>[Calls]<UL><LI><a href="#[2c]">&gt;&gt;</a>&nbsp;&nbsp;&nbsp;SdkEvalUart_Send_Data
</UL>
<BR>[Address Reference Count : 1]<UL><LI> printf8.o(i.__0printf$8)
</UL>
<P><STRONG><a name="[16]"></a>main</STRONG> (Thumb, 38 bytes, Stack size 0 bytes, rng_terminal_main.o(i.main))
<BR><BR>[Stack]<UL><LI>Max Depth = 96<LI>Call Chain = main &rArr; SystemInit &rArr; DeviceConfiguration &rArr; BOR_ConfigSave
</UL>
<BR>[Calls]<UL><LI><a href="#[3a]">&gt;&gt;</a>&nbsp;&nbsp;&nbsp;RNG_GetFlagStatus
<LI><a href="#[2f]">&gt;&gt;</a>&nbsp;&nbsp;&nbsp;SystemInit
<LI><a href="#[39]">&gt;&gt;</a>&nbsp;&nbsp;&nbsp;SdkEvalIdentification
<LI><a href="#[27]">&gt;&gt;</a>&nbsp;&nbsp;&nbsp;SdkEvalComUartInit
<LI><a href="#[3b]">&gt;&gt;</a>&nbsp;&nbsp;&nbsp;__2printf
</UL>
<BR>[Called By]<UL><LI><a href="#[0]">&gt;&gt;</a>&nbsp;&nbsp;&nbsp;RESET_HANDLER
</UL>
<BR>[Address Reference Count : 1]<UL><LI> entry9a.o(.ARM.Collect$$$$0000000B)
</UL><P>
<H3>
Local Symbols
</H3>
<P><STRONG><a name="[2c]"></a>SdkEvalUart_Send_Data</STRONG> (Thumb, 22 bytes, Stack size 8 bytes, sdk_eval_com.o(i.SdkEvalUart_Send_Data))
<BR><BR>[Stack]<UL><LI>Max Depth = 24<LI>Call Chain = SdkEvalUart_Send_Data &rArr; UART_GetFlagStatus
</UL>
<BR>[Calls]<UL><LI><a href="#[2e]">&gt;&gt;</a>&nbsp;&nbsp;&nbsp;UART_SendData
<LI><a href="#[2d]">&gt;&gt;</a>&nbsp;&nbsp;&nbsp;UART_GetFlagStatus
</UL>
<BR>[Called By]<UL><LI><a href="#[17]">&gt;&gt;</a>&nbsp;&nbsp;&nbsp;fputc
</UL>

<P><STRONG><a name="[30]"></a>NVIC_SetPriority</STRONG> (Thumb, 60 bytes, Stack size 0 bytes, system_bluenrg1.o(i.NVIC_SetPriority))
<BR><BR>[Called By]<UL><LI><a href="#[2f]">&gt;&gt;</a>&nbsp;&nbsp;&nbsp;SystemInit
</UL>

<P><STRONG><a name="[35]"></a>nextRF_transaction</STRONG> (Thumb, 88 bytes, Stack size 32 bytes, system_bluenrg1.o(i.nextRF_transaction))
<BR><BR>[Stack]<UL><LI>Max Depth = 44<LI>Call Chain = nextRF_transaction &rArr; SET_BORconfigStatus
</UL>
<BR>[Calls]<UL><LI><a href="#[21]">&gt;&gt;</a>&nbsp;&nbsp;&nbsp;HAL_GetPartInfo
<LI><a href="#[3c]">&gt;&gt;</a>&nbsp;&nbsp;&nbsp;SET_BORconfigStatus
</UL>
<BR>[Called By]<UL><LI><a href="#[26]">&gt;&gt;</a>&nbsp;&nbsp;&nbsp;__low_level_init
</UL>

<P><STRONG><a name="[33]"></a>_printf_core</STRONG> (Thumb, 1020 bytes, Stack size 104 bytes, printf8.o(i._printf_core), UNUSED)
<BR><BR>[Calls]<UL><LI><a href="#[1b]">&gt;&gt;</a>&nbsp;&nbsp;&nbsp;__aeabi_uldivmod
<LI><a href="#[37]">&gt;&gt;</a>&nbsp;&nbsp;&nbsp;_printf_pre_padding
<LI><a href="#[38]">&gt;&gt;</a>&nbsp;&nbsp;&nbsp;_printf_post_padding
</UL>
<BR>[Called By]<UL><LI><a href="#[32]">&gt;&gt;</a>&nbsp;&nbsp;&nbsp;__0printf$8
</UL>

<P><STRONG><a name="[38]"></a>_printf_post_padding</STRONG> (Thumb, 32 bytes, Stack size 24 bytes, printf8.o(i._printf_post_padding), UNUSED)
<BR><BR>[Called By]<UL><LI><a href="#[33]">&gt;&gt;</a>&nbsp;&nbsp;&nbsp;_printf_core
</UL>

<P><STRONG><a name="[37]"></a>_printf_pre_padding</STRONG> (Thumb, 44 bytes, Stack size 40 bytes, printf8.o(i._printf_pre_padding), UNUSED)
<BR><BR>[Called By]<UL><LI><a href="#[33]">&gt;&gt;</a>&nbsp;&nbsp;&nbsp;_printf_core
</UL>
<P>
<H3>
Undefined Global Symbols
</H3><HR></body></html>
