Component: ARM Compiler 5.06 update 6 (build 750) Tool: armlink [4d35ed]

==============================================================================

Section Cross References

    miscutil.o(i.BLEPLAT_get_part_info) refers to miscutil.o(i.HAL_GetPartInfo) for HAL_GetPartInfo
    miscutil.o(i.HAL_CrashHandler) refers to uwrite4.o(.text) for __aeabi_uwrite4
    miscutil.o(i.HAL_CrashHandler) refers to miscutil.o(.__crash_RAM) for .__crash_RAM
    miscutil.o(i.HAL_GetCrashInfo) refers to memcpya.o(.text) for __aeabi_memcpy
    miscutil.o(i.HAL_GetCrashInfo) refers to uwrite4.o(.text) for __aeabi_uwrite4
    miscutil.o(i.HAL_GetCrashInfo) refers to miscutil.o(.__crash_RAM) for .__crash_RAM
    bluenrg1_adc.o(i.ADC_AutoOffsetUpdate) refers to rng_terminal_main.o(i.assert_failed) for assert_failed
    bluenrg1_adc.o(i.ADC_AutoOffsetUpdate) refers to bluenrg1_adc.o(.conststring) for .conststring
    bluenrg1_adc.o(i.ADC_Calibration) refers to rng_terminal_main.o(i.assert_failed) for assert_failed
    bluenrg1_adc.o(i.ADC_Calibration) refers to bluenrg1_adc.o(.conststring) for .conststring
    bluenrg1_adc.o(i.ADC_Cmd) refers to rng_terminal_main.o(i.assert_failed) for assert_failed
    bluenrg1_adc.o(i.ADC_Cmd) refers to bluenrg1_adc.o(.conststring) for .conststring
    bluenrg1_adc.o(i.ADC_ConversionMode) refers to rng_terminal_main.o(i.assert_failed) for assert_failed
    bluenrg1_adc.o(i.ADC_ConversionMode) refers to bluenrg1_adc.o(.conststring) for .conststring
    bluenrg1_adc.o(i.ADC_ConvertBatterySensor) refers to bluenrg1_adc.o(i.ADC_ConvertSingleEndedVoltage) for ADC_ConvertSingleEndedVoltage
    bluenrg1_adc.o(i.ADC_ConvertBatterySensor) refers to fmul.o(.text) for __aeabi_fmul
    bluenrg1_adc.o(i.ADC_ConvertDifferentialVoltage) refers to ffltui.o(.text) for __aeabi_ui2f
    bluenrg1_adc.o(i.ADC_ConvertDifferentialVoltage) refers to fflti.o(.text) for __aeabi_i2f
    bluenrg1_adc.o(i.ADC_ConvertDifferentialVoltage) refers to fdiv.o(.text) for __aeabi_fdiv
    bluenrg1_adc.o(i.ADC_ConvertDifferentialVoltage) refers to fadd.o(.text) for __aeabi_fadd
    bluenrg1_adc.o(i.ADC_ConvertDifferentialVoltage) refers to fmul.o(.text) for __aeabi_fmul
    bluenrg1_adc.o(i.ADC_ConvertSingleEndedVoltage) refers to fflti.o(.text) for __aeabi_i2f
    bluenrg1_adc.o(i.ADC_ConvertSingleEndedVoltage) refers to ffltui.o(.text) for __aeabi_ui2f
    bluenrg1_adc.o(i.ADC_ConvertSingleEndedVoltage) refers to fadd.o(.text) for __aeabi_fadd
    bluenrg1_adc.o(i.ADC_ConvertSingleEndedVoltage) refers to f2d.o(.text) for __aeabi_f2d
    bluenrg1_adc.o(i.ADC_ConvertSingleEndedVoltage) refers to fdiv.o(.text) for __aeabi_fdiv
    bluenrg1_adc.o(i.ADC_ConvertSingleEndedVoltage) refers to fmul.o(.text) for __aeabi_fmul
    bluenrg1_adc.o(i.ADC_ConvertSingleEndedVoltage) refers to dadd.o(.text) for __aeabi_drsub
    bluenrg1_adc.o(i.ADC_ConvertSingleEndedVoltage) refers to dmul.o(.text) for __aeabi_dmul
    bluenrg1_adc.o(i.ADC_ConvertSingleEndedVoltage) refers to d2f.o(.text) for __aeabi_d2f
    bluenrg1_adc.o(i.ADC_ConvertTemperatureSensor) refers to bluenrg1_adc.o(i.ADC_ConvertSingleEndedVoltage) for ADC_ConvertSingleEndedVoltage
    bluenrg1_adc.o(i.ADC_ConvertTemperatureSensor) refers to fmul.o(.text) for __aeabi_fmul
    bluenrg1_adc.o(i.ADC_ConvertTemperatureSensor) refers to fadd.o(.text) for __aeabi_fsub
    bluenrg1_adc.o(i.ADC_ConvertTemperatureSensorFarenait) refers to bluenrg1_adc.o(i.ADC_ConvertSingleEndedVoltage) for ADC_ConvertSingleEndedVoltage
    bluenrg1_adc.o(i.ADC_ConvertTemperatureSensorFarenait) refers to f2d.o(.text) for __aeabi_f2d
    bluenrg1_adc.o(i.ADC_ConvertTemperatureSensorFarenait) refers to dmul.o(.text) for __aeabi_dmul
    bluenrg1_adc.o(i.ADC_ConvertTemperatureSensorFarenait) refers to dadd.o(.text) for __aeabi_dsub
    bluenrg1_adc.o(i.ADC_ConvertTemperatureSensorFarenait) refers to d2f.o(.text) for __aeabi_d2f
    bluenrg1_adc.o(i.ADC_DmaCmd) refers to rng_terminal_main.o(i.assert_failed) for assert_failed
    bluenrg1_adc.o(i.ADC_DmaCmd) refers to bluenrg1_adc.o(.conststring) for .conststring
    bluenrg1_adc.o(i.ADC_Filter) refers to rng_terminal_main.o(i.assert_failed) for assert_failed
    bluenrg1_adc.o(i.ADC_Filter) refers to bluenrg1_adc.o(.conststring) for .conststring
    bluenrg1_adc.o(i.ADC_GetConvertedData) refers to rng_terminal_main.o(i.assert_failed) for assert_failed
    bluenrg1_adc.o(i.ADC_GetConvertedData) refers to bluenrg1_adc.o(i.ADC_GetRawData) for ADC_GetRawData
    bluenrg1_adc.o(i.ADC_GetConvertedData) refers to fflti.o(.text) for __aeabi_i2f
    bluenrg1_adc.o(i.ADC_GetConvertedData) refers to bluenrg1_adc.o(i.ADC_ConvertSingleEndedVoltage) for ADC_ConvertSingleEndedVoltage
    bluenrg1_adc.o(i.ADC_GetConvertedData) refers to bluenrg1_adc.o(i.ADC_ConvertDifferentialVoltage) for ADC_ConvertDifferentialVoltage
    bluenrg1_adc.o(i.ADC_GetConvertedData) refers to bluenrg1_adc.o(i.ADC_ConvertBatterySensor) for ADC_ConvertBatterySensor
[...]
    system_bluenrg1.o(.intvec) refers to system_bluenrg1.o(i.RTC_Handler) for RTC_Handler
    system_bluenrg1.o(.intvec) refers to system_bluenrg1.o(i.PKA_Handler) for PKA_Handler
    system_bluenrg1.o(.intvec) refers to system_bluenrg1.o(i.DMA_Handler) for DMA_Handler
    rng_terminal_main.o(i.main) refers to system_bluenrg1.o(i.SystemInit) for SystemInit
    rng_terminal_main.o(i.main) refers to sdk_eval_config.o(i.SdkEvalIdentification) for SdkEvalIdentification
    rng_terminal_main.o(i.main) refers to sdk_eval_com.o(i.SdkEvalComUartInit) for SdkEvalComUartInit
    rng_terminal_main.o(i.main) refers to bluenrg1_rng.o(i.RNG_GetFlagStatus) for RNG_GetFlagStatus
    rng_terminal_main.o(i.main) refers to printf8.o(i.__0printf$8) for __2printf
    entry.o(.ARM.Collect$$$$00000000) refers (Special) to entry10a.o(.ARM.Collect$$$$0000000D) for __rt_final_cpp
    entry.o(.ARM.Collect$$$$00000000) refers (Special) to entry11a.o(.ARM.Collect$$$$0000000F) for __rt_final_exit
    entry.o(.ARM.Collect$$$$00000000) refers (Special) to entry7b.o(.ARM.Collect$$$$00000008) for _main_clock
    entry.o(.ARM.Collect$$$$00000000) refers (Special) to entry8b.o(.ARM.Collect$$$$0000000A) for _main_cpp_init
    entry.o(.ARM.Collect$$$$00000000) refers (Special) to entry9a.o(.ARM.Collect$$$$0000000B) for _main_init
    entry.o(.ARM.Collect$$$$00000000) refers (Special) to entry5.o(.ARM.Collect$$$$00000004) for _main_scatterload
    entry.o(.ARM.Collect$$$$00000000) refers (Special) to entry3.o(.ARM.Collect$$$$00000002) for _main_stk
    printfb.o(i.__0fprintf$bare) refers to printfb.o(i._printf_core) for _printf_core
    printfb.o(i.__0fprintf$bare) refers to sdk_eval_com.o(i.fputc) for fputc
    printfb.o(i.__0printf$bare) refers to printfb.o(i._printf_core) for _printf_core
    printfb.o(i.__0printf$bare) refers to sdk_eval_com.o(i.fputc) for fputc
    printfb.o(i.__0printf$bare) refers to sdk_eval_com.o(.data) for __stdout
    printfb.o(i.__0snprintf$bare) refers to printfb.o(i._printf_core) for _printf_core
    printfb.o(i.__0snprintf$bare) refers to printfb.o(i._snputc) for _snputc
    printfb.o(i.__0sprintf$bare) refers to printfb.o(i._printf_core) for _printf_core
    printfb.o(i.__0sprintf$bare) refers to printfb.o(i._sputc) for _sputc
    printfb.o(i.__0vfprintf$bare) refers to printfb.o(i._printf_core) for _printf_core
    printfb.o(i.__0vfprintf$bare) refers to sdk_eval_com.o(i.fputc) for fputc
    printfb.o(i.__0vprintf$bare) refers to printfb.o(i._printf_core) for _printf_core
    printfb.o(i.__0vprintf$bare) refers to sdk_eval_com.o(i.fputc) for fputc
    printfb.o(i.__0vprintf$bare) refers to sdk_eval_com.o(.data) for __stdout
    printfb.o(i.__0vsnprintf$bare) refers to printfb.o(i._printf_core) for _printf_core
    printfb.o(i.__0vsnprintf$bare) refers to printfb.o(i._snputc) for _snputc
    printfb.o(i.__0vsprintf$bare) refers to printfb.o(i._printf_core) for _printf_core
    printfb.o(i.__0vsprintf$bare) refers to printfb.o(i._sputc) for _sputc
    printf0.o(i.__0fprintf$0) refers to printf0.o(i._printf_core) for _printf_core
    printf0.o(i.__0fprintf$0) refers to sdk_eval_com.o(i.fputc) for fputc
    printf0.o(i.__0printf$0) refers to printf0.o(i._printf_core) for _printf_core
    printf0.o(i.__0printf$0) refers to sdk_eval_com.o(i.fputc) for fputc
    printf0.o(i.__0printf$0) refers to sdk_eval_com.o(.data) for __stdout
    printf0.o(i.__0snprintf$0) refers to printf0.o(i._printf_core) for _printf_core
    printf0.o(i.__0snprintf$0) refers to printf0.o(i._snputc) for _snputc
    printf0.o(i.__0sprintf$0) refers to printf0.o(i._printf_core) for _printf_core
    printf0.o(i.__0sprintf$0) refers to printf0.o(i._sputc) for _sputc
    printf0.o(i.__0vfprintf$0) refers to printf0.o(i._printf_core) for _printf_core
    printf0.o(i.__0vfprintf$0) refers to sdk_eval_com.o(i.fputc) for fputc
    printf0.o(i.__0vprintf$0) refers to printf0.o(i._printf_core) for _printf_core
    printf0.o(i.__0vprintf$0) refers to sdk_eval_com.o(i.fputc) for fputc
    printf0.o(i.__0vprintf$0) refers to sdk_eval_com.o(.data) for __stdout
    printf0.o(i.__0vsnprintf$0) refers to printf0.o(i._printf_core) for _printf_core
    printf0.o(i.__0vsnprintf$0) refers to printf0.o(i._snputc) for _snputc
    printf0.o(i.__0vsprintf$0) refers to printf0.o(i._printf_core) for _printf_core
    printf0.o(i.__0vsprintf$0) refers to printf0.o(i._sputc) for _sputc
    printf1.o(i.__0fprintf$1) refers to printf1.o(i._printf_core) for _printf_core
    printf1.o(i.__0fprintf$1) refers to sdk_eval_com.o(i.fputc) for fputc
    printf1.o(i.__0printf$1) refers to printf1.o(i._printf_core) for _printf_core
    printf1.o(i.__0printf$1) refers to sdk_eval_com.o(i.fputc) for fputc
    printf1.o(i.__0printf$1) refers to sdk_eval_com.o(.data) for __stdout
    printf1.o(i.__0snprintf$1) refers to printf1.o(i._printf_core) for _printf_core
    printf1.o(i.__0snprintf$1) refers to printf1.o(i._snputc) for _snputc
    printf1.o(i.__0sprintf$1) refers to printf1.o(i._printf_core) for _printf_core
    printf1.o(i.__0sprintf$1) refers to printf1.o(i._sputc) for _sputc
    printf1.o(i.__0vfprintf$1) refers to printf1.o(i._printf_core) for _printf_core
    printf1.o(i.__0vfprintf$1) refers to sdk_eval_com.o(i.fputc) for fputc
    printf1.o(i.__0vprintf$1) refers to printf1.o(i._printf_core) for _printf_core
    printf1.o(i.__0vprintf$1) refers to sdk_eval_com.o(i.fputc) for fputc
    printf1.o(i.__0vprintf$1) refers to sdk_eval_com.o(.data) for __stdout
    printf1.o(i.__0vsnprintf$1) refers to printf1.o(i._printf_core) for _printf_core
    printf1.o(i.__0vsnprintf$1) refers to printf1.o(i._snputc) for _snputc
    printf1.o(i.__0vsprintf$1) refers to printf1.o(i._printf_core) for _printf_core
    printf1.o(i.__0vsprintf$1) refers to printf1.o(i._sputc) for _sputc
    printf1.o(i._printf_core) refers to uidiv.o(.text) for __aeabi_uidivmod
    printf2.o(i.__0fprintf$2) refers to printf2.o(i._printf_core) for _printf_core
    printf2.o(i.__0fprintf$2) refers to sdk_eval_com.o(i.fputc) for fputc
    printf2.o(i.__0printf$2) refers to printf2.o(i._printf_core) for _printf_core
    printf2.o(i.__0printf$2) refers to sdk_eval_com.o(i.fputc) for fputc
    printf2.o(i.__0printf$2) refers to sdk_eval_com.o(.data) for __stdout
    printf2.o(i.__0snprintf$2) refers to printf2.o(i._printf_core) for _printf_core
    printf2.o(i.__0snprintf$2) refers to printf2.o(i._snputc) for _snputc
    printf2.o(i.__0sprintf$2) refers to printf2.o(i._printf_core) for _printf_core
    printf2.o(i.__0sprintf$2) refers to printf2.o(i._sputc) for _sputc
    printf2.o(i.__0vfprintf$2) refers to printf2.o(i._printf_core) for _printf_core
    printf2.o(i.__0vfprintf$2) refers to sdk_eval_com.o(i.fputc) for fputc
    printf2.o(i.__0vprintf$2) refers to printf2.o(i._printf_core) for _printf_core
    printf2.o(i.__0vprintf$2) refers to sdk_eval_com.o(i.fputc) for fputc
    printf2.o(i.__0vprintf$2) refers to sdk_eval_com.o(.data) for __stdout
    printf2.o(i.__0vsnprintf$2) refers to printf2.o(i._printf_core) for _printf_core
    printf2.o(i.__0vsnprintf$2) refers to printf2.o(i._snputc) for _snputc
    printf2.o(i.__0vsprintf$2) refers to printf2.o(i._printf_core) for _printf_core
    printf2.o(i.__0vsprintf$2) refers to printf2.o(i._sputc) for _sputc
    printf3.o(i.__0fprintf$3) refers to printf3.o(i._printf_core) for _printf_core
    printf3.o(i.__0fprintf$3) refers to sdk_eval_com.o(i.fputc) for fputc
    printf3.o(i.__0printf$3) refers to printf3.o(i._printf_core) for _printf_core
    printf3.o(i.__0printf$3) refers to sdk_eval_com.o(i.fputc) for fputc
    printf3.o(i.__0printf$3) refers to sdk_eval_com.o(.data) for __stdout
    printf3.o(i.__0snprintf$3) refers to printf3.o(i._printf_core) for _printf_core
    printf3.o(i.__0snprintf$3) refers to printf3.o(i._snputc) for _snputc
    printf3.o(i.__0sprintf$3) refers to printf3.o(i._printf_core) for _printf_core
    printf3.o(i.__0sprintf$3) refers to printf3.o(i._sputc) for _sputc
    printf3.o(i.__0vfprintf$3) refers to printf3.o(i._printf_core) for _printf_core
    printf3.o(i.__0vfprintf$3) refers to sdk_eval_com.o(i.fputc) for fputc
    printf3.o(i.__0vprintf$3) refers to printf3.o(i._printf_core) for _printf_core
    printf3.o(i.__0vprintf$3) refers to sdk_eval_com.o(i.fputc) for fputc
    printf3.o(i.__0vprintf$3) refers to sdk_eval_com.o(.data) for __stdout
    printf3.o(i.__0vsnprintf$3) refers to printf3.o(i._printf_core) for _printf_core
    printf3.o(i.__0vsnprintf$3) refers to printf3.o(i._snputc) for _snputc
    printf3.o(i.__0vsprintf$3) refers to printf3.o(i._printf_core) for _printf_core
    printf3.o(i.__0vsprintf$3) refers to printf3.o(i._sputc) for _sputc
    printf3.o(i._printf_core) refers to uidiv.o(.text) for __aeabi_uidivmod
    printf4.o(i.__0fprintf$4) refers to printf4.o(i._printf_core) for _printf_core
    printf4.o(i.__0fprintf$4) refers to sdk_eval_com.o(i.fputc) for fputc
    printf4.o(i.__0printf$4) refers to printf4.o(i._printf_core) for _printf_core
    printf4.o(i.__0printf$4) refers to sdk_eval_com.o(i.fputc) for fputc
    printf4.o(i.__0printf$4) refers to sdk_eval_com.o(.data) for __stdout
    printf4.o(i.__0snprintf$4) refers to printf4.o(i._printf_core) for _printf_core
    printf4.o(i.__0snprintf$4) refers to printf4.o(i._snputc) for _snputc
    printf4.o(i.__0sprintf$4) refers to printf4.o(i._printf_core) for _printf_core
    printf4.o(i.__0sprintf$4) refers to printf4.o(i._sputc) for _sputc
    printf4.o(i.__0vfprintf$4) refers to printf4.o(i._printf_core) for _printf_core
    printf4.o(i.__0vfprintf$4) refers to sdk_eval_com.o(i.fputc) for fputc
    printf4.o(i.__0vprintf$4) refers to printf4.o(i._printf_core) for _printf_core
    printf4.o(i.__0vprintf$4) refers to sdk_eval_com.o(i.fputc) for fputc
    printf4.o(i.__0vprintf$4) refers to sdk_eval_com.o(.data) for __stdout
    printf4.o(i.__0vsnprintf$4) refers to printf4.o(i._printf_core) for _printf_core
    printf4.o(i.__0vsnprintf$4) refers to printf4.o(i._snputc) for _snputc
    printf4.o(i.__0vsprintf$4) refers to printf4.o(i._printf_core) for _printf_core
    printf4.o(i.__0vsprintf$4) refers to printf4.o(i._sputc) for _sputc
    printf4.o(i._printf_core) refers to uldiv.o(.text) for __aeabi_uldivmod
    printf5.o(i.__0fprintf$5) refers to printf5.o(i._printf_core) for _printf_core
    printf5.o(i.__0fprintf$5) refers to sdk_eval_com.o(i.fputc) for fputc
    printf5.o(i.__0printf$5) refers to printf5.o(i._printf_core) for _printf_core
    printf5.o(i.__0printf$5) refers to sdk_eval_com.o(i.fputc) for fputc
    printf5.o(i.__0printf$5) refers to sdk_eval_com.o(.data) for __stdout
    printf5.o(i.__0snprintf$5) refers to printf5.o(i._printf_core) for _printf_core
    printf5.o(i.__0snprintf$5) refers to printf5.o(i._snputc) for _snputc
    printf5.o(i.__0sprintf$5) refers to printf5.o(i._printf_core) for _printf_core
    printf5.o(i.__0sprintf$5) refers to printf5.o(i._sputc) for _sputc
    printf5.o(i.__0vfprintf$5) refers to printf5.o(i._printf_core) for _printf_core
    printf5.o(i.__0vfprintf$5) refers to sdk_eval_com.o(i.fputc) for fputc
    printf5.o(i.__0vprintf$5) refers to printf5.o(i._printf_core) for _printf_core
    printf5.o(i.__0vprintf$5) refers to sdk_eval_com.o(i.fputc) for fputc
    printf5.o(i.__0vprintf$5) refers to sdk_eval_com.o(.data) for __stdout
    printf5.o(i.__0vsnprintf$5) refers to printf5.o(i._printf_core) for _printf_core
    printf5.o(i.__0vsnprintf$5) refers to printf5.o(i._snputc) for _snputc
    printf5.o(i.__0vsprintf$5) refers to printf5.o(i._printf_core) for _printf_core
    printf5.o(i.__0vsprintf$5) refers to printf5.o(i._sputc) for _sputc
    printf5.o(i._printf_core) refers to uldiv.o(.text) for __aeabi_uldivmod
    printf6.o(i.__0fprintf$6) refers to printf6.o(i._printf_core) for _printf_core
    printf6.o(i.__0fprintf$6) refers to sdk_eval_com.o(i.fputc) for fputc
    printf6.o(i.__0printf$6) refers to printf6.o(i._printf_core) for _printf_core
    printf6.o(i.__0printf$6) refers to sdk_eval_com.o(i.fputc) for fputc
    printf6.o(i.__0printf$6) refers to sdk_eval_com.o(.data) for __stdout
    printf6.o(i.__0snprintf$6) refers to printf6.o(i._printf_core) for _printf_core
    printf6.o(i.__0snprintf$6) refers to printf6.o(i._snputc) for _snputc
    printf6.o(i.__0sprintf$6) refers to printf6.o(i._printf_core) for _printf_core
    printf6.o(i.__0sprintf$6) refers to printf6.o(i._sputc) for _sputc
    printf6.o(i.__0vfprintf$6) refers to printf6.o(i._printf_core) for _printf_core
    printf6.o(i.__0vfprintf$6) refers to sdk_eval_com.o(i.fputc) for fputc
    printf6.o(i.__0vprintf$6) refers to printf6.o(i._printf_core) for _printf_core
    printf6.o(i.__0vprintf$6) refers to sdk_eval_com.o(i.fputc) for fputc
    printf6.o(i.__0vprintf$6) refers to sdk_eval_com.o(.data) for __stdout
    printf6.o(i.__0vsnprintf$6) refers to printf6.o(i._printf_core) for _printf_core
    printf6.o(i.__0vsnprintf$6) refers to printf6.o(i._snputc) for _snputc
    printf6.o(i.__0vsprintf$6) refers to printf6.o(i._printf_core) for _printf_core
    printf6.o(i.__0vsprintf$6) refers to printf6.o(i._sputc) for _sputc
    printf6.o(i._printf_core) refers to printf6.o(i._printf_pre_padding) for _printf_pre_padding
    printf6.o(i._printf_core) refers to printf6.o(i._printf_post_padding) for _printf_post_padding
    printf6.o(i._printf_core) refers to uidiv.o(.text) for __aeabi_uidivmod
    printf7.o(i.__0fprintf$7) refers to printf7.o(i._printf_core) for _printf_core
    printf7.o(i.__0fprintf$7) refers to sdk_eval_com.o(i.fputc) for fputc
    printf7.o(i.__0printf$7) refers to printf7.o(i._printf_core) for _printf_core
    printf7.o(i.__0printf$7) refers to sdk_eval_com.o(i.fputc) for fputc
    printf7.o(i.__0printf$7) refers to sdk_eval_com.o(.data) for __stdout
    printf7.o(i.__0snprintf$7) refers to printf7.o(i._printf_core) for _printf_core
    printf7.o(i.__0snprintf$7) refers to printf7.o(i._snputc) for _snputc
    printf7.o(i.__0sprintf$7) refers to printf7.o(i._printf_core) for _printf_core
    printf7.o(i.__0sprintf$7) refers to printf7.o(i._sputc) for _sputc
    printf7.o(i.__0vfprintf$7) refers to printf7.o(i._printf_core) for _printf_core
    printf7.o(i.__0vfprintf$7) refers to sdk_eval_com.o(i.fputc) for fputc
    printf7.o(i.__0vprintf$7) refers to printf7.o(i._printf_core) for _printf_core
    printf7.o(i.__0vprintf$7) refers to sdk_eval_com.o(i.fputc) for fputc
    printf7.o(i.__0vprintf$7) refers to sdk_eval_com.o(.data) for __stdout
    printf7.o(i.__0vsnprintf$7) refers to printf7.o(i._printf_core) for _printf_core
    printf7.o(i.__0vsnprintf$7) refers to printf7.o(i._snputc) for _snputc
    printf7.o(i.__0vsprintf$7) refers to printf7.o(i._printf_core) for _printf_core
    printf7.o(i.__0vsprintf$7) refers to printf7.o(i._sputc) for _sputc
    printf7.o(i._printf_core) refers to printf7.o(i._printf_pre_padding) for _printf_pre_padding
    printf7.o(i._printf_core) refers to printf7.o(i._printf_post_padding) for _printf_post_padding
    printf7.o(i._printf_core) refers to uldiv.o(.text) for __aeabi_uldivmod
    printf8.o(i.__0fprintf$8) refers to printf8.o(i._printf_core) for _printf_core
    printf8.o(i.__0fprintf$8) refers to sdk_eval_com.o(i.fputc) for fputc
    printf8.o(i.__0printf$8) refers to printf8.o(i._printf_core) for _printf_core
    printf8.o(i.__0printf$8) refers to sdk_eval_com.o(i.fputc) for fputc
    printf8.o(i.__0printf$8) refers to sdk_eval_com.o(.data) for __stdout
    printf8.o(i.__0snprintf$8) refers to printf8.o(i._printf_core) for _printf_core
    printf8.o(i.__0snprintf$8) refers to printf8.o(i._snputc) for _snputc
    printf8.o(i.__0sprintf$8) refers to printf8.o(i._printf_core) for _printf_core
    printf8.o(i.__0sprintf$8) refers to printf8.o(i._sputc) for _sputc
    printf8.o(i.__0vfprintf$8) refers to printf8.o(i._printf_core) for _printf_core
    printf8.o(i.__0vfprintf$8) refers to sdk_eval_com.o(i.fputc) for fputc
    printf8.o(i.__0vprintf$8) refers to printf8.o(i._printf_core) for _printf_core
    printf8.o(i.__0vprintf$8) refers to sdk_eval_com.o(i.fputc) for fputc
    printf8.o(i.__0vprintf$8) refers to sdk_eval_com.o(.data) for __stdout
    printf8.o(i.__0vsnprintf$8) refers to printf8.o(i._printf_core) for _printf_core
    printf8.o(i.__0vsnprintf$8) refers to printf8.o(i._snputc) for _snputc
    printf8.o(i.__0vsprintf$8) refers to printf8.o(i._printf_core) for _printf_core
    printf8.o(i.__0vsprintf$8) refers to printf8.o(i._sputc) for _sputc
    printf8.o(i._printf_core) refers to printf8.o(i._printf_pre_padding) for _printf_pre_padding
    printf8.o(i._printf_core) refers to printf8.o(i._printf_post_padding) for _printf_post_padding
    printf8.o(i._printf_core) refers to uldiv.o(.text) for __aeabi_uldivmod
    printfa.o(i.__0fprintf) refers (Special) to iusefp.o(.text) for __I$use$fp
    printfa.o(i.__0fprintf) refers to printfa.o(i._printf_core) for _printf_core
    printfa.o(i.__0fprintf) refers to sdk_eval_com.o(i.fputc) for fputc
    printfa.o(i.__0printf) refers (Special) to iusefp.o(.text) for __I$use$fp
    printfa.o(i.__0printf) refers to printfa.o(i._printf_core) for _printf_core
    printfa.o(i.__0printf) refers to sdk_eval_com.o(i.fputc) for fputc
    printfa.o(i.__0printf) refers to sdk_eval_com.o(.data) for __stdout
    printfa.o(i.__0snprintf) refers (Special) to iusefp.o(.text) for __I$use$fp
    printfa.o(i.__0snprintf) refers to printfa.o(i._printf_core) for _printf_core
    printfa.o(i.__0snprintf) refers to printfa.o(i._snputc) for _snputc
    printfa.o(i.__0sprintf) refers (Special) to iusefp.o(.text) for __I$use$fp
    printfa.o(i.__0sprintf) refers to printfa.o(i._printf_core) for _printf_core
    printfa.o(i.__0sprintf) refers to printfa.o(i._sputc) for _sputc
    printfa.o(i.__0vfprintf) refers (Special) to iusefp.o(.text) for __I$use$fp
    printfa.o(i.__0vfprintf) refers to printfa.o(i._printf_core) for _printf_core
    printfa.o(i.__0vfprintf) refers to sdk_eval_com.o(i.fputc) for fputc
    printfa.o(i.__0vprintf) refers (Special) to iusefp.o(.text) for __I$use$fp
    printfa.o(i.__0vprintf) refers to printfa.o(i._printf_core) for _printf_core
    printfa.o(i.__0vprintf) refers to sdk_eval_com.o(i.fputc) for fputc
    printfa.o(i.__0vprintf) refers to sdk_eval_com.o(.data) for __stdout
    printfa.o(i.__0vsnprintf) refers (Special) to iusefp.o(.text) for __I$use$fp
    printfa.o(i.__0vsnprintf) refers to printfa.o(i._printf_core) for _printf_core
    printfa.o(i.__0vsnprintf) refers to printfa.o(i._snputc) for _snputc
    printfa.o(i.__0vsprintf) refers (Special) to iusefp.o(.text) for __I$use$fp
    printfa.o(i.__0vsprintf) refers to printfa.o(i._printf_core) for _printf_core
    printfa.o(i.__0vsprintf) refers to printfa.o(i._sputc) for _sputc
    printfa.o(i._fp_digits) refers (Special) to iusefp.o(.text) for __I$use$fp
    printfa.o(i._fp_digits) refers to dmul.o(.text) for __aeabi_dmul
    printfa.o(i._fp_digits) refers to ddiv.o(.text) for __aeabi_ddiv
    printfa.o(i._fp_digits) refers to cdrcmple.o(.text) for __aeabi_cdrcmple
    printfa.o(i._fp_digits) refers to dadd.o(.text) for __aeabi_dadd
    printfa.o(i._fp_digits) refers to dfixul.o(.text) for __aeabi_d2ulz
    printfa.o(i._fp_digits) refers to uldiv.o(.text) for __aeabi_uldivmod
    printfa.o(i._printf_core) refers (Special) to iusefp.o(.text) for __I$use$fp
    printfa.o(i._printf_core) refers to printfa.o(i._printf_pre_padding) for _printf_pre_padding
    printfa.o(i._printf_core) refers to uldiv.o(.text) for __aeabi_uldivmod
    printfa.o(i._printf_core) refers to printfa.o(i._printf_post_padding) for _printf_post_padding
    printfa.o(i._printf_core) refers to printfa.o(i._fp_digits) for _fp_digits
    printfa.o(i._printf_core) refers to uidiv.o(.text) for __aeabi_uidivmod
    printfa.o(i._printf_post_padding) refers (Special) to iusefp.o(.text) for __I$use$fp
    printfa.o(i._printf_pre_padding) refers (Special) to iusefp.o(.text) for __I$use$fp
    printfa.o(i._snputc) refers (Special) to iusefp.o(.text) for __I$use$fp
    printfa.o(i._sputc) refers (Special) to iusefp.o(.text) for __I$use$fp
    fadd.o(.text) refers (Special) to iusefp.o(.text) for __I$use$fp
    fadd.o(.text) refers to fepilogue.o(.text) for _float_epilogue
    fmul.o(.text) refers (Special) to iusefp.o(.text) for __I$use$fp
    fdiv.o(.text) refers (Special) to iusefp.o(.text) for __I$use$fp
    fdiv.o(.text) refers to fepilogue.o(.text) for _float_round
    dadd.o(.text) refers (Special) to iusefp.o(.text) for __I$use$fp
    dadd.o(.text) refers to llshl.o(.text) for __aeabi_llsl
    dadd.o(.text) refers to llsshr.o(.text) for __aeabi_lasr
    dadd.o(.text) refers to depilogue.o(.text) for _double_epilogue
    dmul.o(.text) refers (Special) to iusefp.o(.text) for __I$use$fp
    dmul.o(.text) refers to depilogue.o(.text) for _double_epilogue
    fflti.o(.text) refers (Special) to iusefp.o(.text) for __I$use$fp
    fflti.o(.text) refers to fepilogue.o(.text) for _float_epilogue
    ffltui.o(.text) refers (Special) to iusefp.o(.text) for __I$use$fp
    ffltui.o(.text) refers to fepilogue.o(.text) for _float_epilogue
    f2d.o(.text) refers (Special) to iusefp.o(.text) for __I$use$fp
    d2f.o(.text) refers (Special) to iusefp.o(.text) for __I$use$fp
    d2f.o(.text) refers to fepilogue.o(.text) for _float_round
    entry3.o(.ARM.Collect$$$$00000002) refers to entry3.o(.ARM.Collect$$$$00002713) for __lit__00000000
    entry3.o(__vectab_stack_and_reset_area) refers to entry.o(.ARM.Collect$$$$00000000) for __main
    entry5.o(.ARM.Collect$$$$00000004) refers to init.o(.text) for __scatterload
    entry9a.o(.ARM.Collect$$$$0000000B) refers to rng_terminal_main.o(i.main) for main
    entry9b.o(.ARM.Collect$$$$0000000C) refers to rng_terminal_main.o(i.main) for main
    uldiv.o(.text) refers to llushr.o(.text) for __aeabi_llsr
    uldiv.o(.text) refers to llshl.o(.text) for __aeabi_llsl
    depilogue.o(.text) refers to depilogue.o(i.__ARM_clz) for __ARM_clz
    depilogue.o(.text) refers to llshl.o(.text) for __aeabi_llsl
    depilogue.o(.text) refers to llushr.o(.text) for __aeabi_llsr
    ddiv.o(.text) refers to depilogue.o(.text) for _double_round
    dfixul.o(.text) refers to llushr.o(.text) for __aeabi_llsr
    dfixul.o(.text) refers to llshl.o(.text) for __aeabi_llsl
    init.o(.text) refers to entry5.o(.ARM.Collect$$$$00000004) for __main_after_scatterload


==============================================================================

Removing Unused input sections from the image.

    Removing miscutil.o(.rev16_text), (4 bytes).
    Removing miscutil.o(.revsh_text), (4 bytes).
    Removing miscutil.o(i.BLEPLAT_get_part_info), (32 bytes).
    Removing miscutil.o(i.HAL_CrashHandler), (100 bytes).
    Removing miscutil.o(i.HAL_GetCrashInfo), (24 bytes).
    Removing miscutil.o(.__crash_RAM), (40 bytes).
    Removing bluenrg1_adc.o(.rev16_text), (4 bytes).
    Removing bluenrg1_adc.o(.revsh_text), (4 bytes).
    Removing bluenrg1_adc.o(i.ADC_AutoOffsetUpdate), (44 bytes).
    Removing bluenrg1_adc.o(i.ADC_Calibration), (52 bytes).
    Removing bluenrg1_adc.o(i.ADC_Cmd), (64 bytes).
    Removing bluenrg1_adc.o(i.ADC_ConversionMode), (48 bytes).
    Removing bluenrg1_adc.o(i.ADC_ConvertBatterySensor), (24 bytes).
    Removing bluenrg1_adc.o(i.ADC_ConvertDifferentialVoltage), (116 bytes).
    Removing bluenrg1_adc.o(i.ADC_ConvertSingleEndedVoltage), (176 bytes).
    Removing bluenrg1_adc.o(i.ADC_ConvertTemperatureSensor), (36 bytes).
    Removing bluenrg1_adc.o(i.ADC_ConvertTemperatureSensorFarenait), (48 bytes).
    Removing bluenrg1_adc.o(i.ADC_DeInit), (14 bytes).
    Removing bluenrg1_adc.o(i.ADC_DmaCmd), (48 bytes).
    Removing bluenrg1_adc.o(i.ADC_Filter), (48 bytes).
    Removing bluenrg1_adc.o(i.ADC_GetConvertedData), (168 bytes).
    Removing bluenrg1_adc.o(i.ADC_GetFlagStatus), (36 bytes).
    Removing bluenrg1_adc.o(i.ADC_GetFlags), (12 bytes).
    Removing bluenrg1_adc.o(i.ADC_GetITStatus), (40 bytes).
    Removing bluenrg1_adc.o(i.ADC_GetOffset), (18 bytes).
    Removing bluenrg1_adc.o(i.ADC_GetRawData), (18 bytes).
    Removing bluenrg1_adc.o(i.ADC_ITConfig), (64 bytes).
    Removing bluenrg1_adc.o(i.ADC_Init), (252 bytes).
    Removing bluenrg1_adc.o(i.ADC_SelectFrequencyMic), (48 bytes).
    Removing bluenrg1_adc.o(i.ADC_SelectInput), (72 bytes).
    Removing bluenrg1_adc.o(i.ADC_SetOffset), (18 bytes).
    Removing bluenrg1_adc.o(i.ADC_StructInit), (16 bytes).
    Removing bluenrg1_adc.o(i.ADC_ThresholdCheck), (44 bytes).
    Removing bluenrg1_adc.o(i.ADC_ThresholdConfig), (10 bytes).
    Removing bluenrg1_adc.o(.conststring), (68 bytes).
    Removing bluenrg1_dma.o(.rev16_text), (4 bytes).
    Removing bluenrg1_dma.o(.revsh_text), (4 bytes).
    Removing bluenrg1_dma.o(i.DMA_ClearFlag), (28 bytes).
    Removing bluenrg1_dma.o(i.DMA_Cmd), (124 bytes).
    Removing bluenrg1_dma.o(i.DMA_DeInit), (208 bytes).
    Removing bluenrg1_dma.o(i.DMA_FlagConfig), (136 bytes).
    Removing bluenrg1_dma.o(i.DMA_GetCurrDataCounter), (92 bytes).
    Removing bluenrg1_dma.o(i.DMA_GetFlagStatus), (36 bytes).
    Removing bluenrg1_dma.o(i.DMA_Init), (352 bytes).
    Removing bluenrg1_dma.o(i.DMA_SelectAdcChannel), (92 bytes).
    Removing bluenrg1_dma.o(i.DMA_SetCurrDataCounter), (92 bytes).
    Removing bluenrg1_dma.o(i.DMA_StructInit), (26 bytes).
    Removing bluenrg1_dma.o(.conststring), (68 bytes).
    Removing bluenrg1_flash.o(.rev16_text), (4 bytes).
    Removing bluenrg1_flash.o(.revsh_text), (4 bytes).
    Removing bluenrg1_flash.o(i.FLASH_ClearCmdDone), (16 bytes).
    Removing bluenrg1_flash.o(i.FLASH_ClearFlag), (52 bytes).
    Removing bluenrg1_flash.o(i.FLASH_ClearITPendingBit), (52 bytes).
    Removing bluenrg1_flash.o(i.FLASH_EraseAllFlash), (40 bytes).
    Removing bluenrg1_flash.o(i.FLASH_ErasePage), (64 bytes).
    Removing bluenrg1_flash.o(i.FLASH_GetFlagStatus), (60 bytes).
    Removing bluenrg1_flash.o(i.FLASH_ITConfig), (84 bytes).
    Removing bluenrg1_flash.o(i.FLASH_Lock), (12 bytes).
    Removing bluenrg1_flash.o(i.FLASH_ProgramWord), (84 bytes).
    Removing bluenrg1_flash.o(i.FLASH_ProgramWordBurst), (100 bytes).
    Removing bluenrg1_flash.o(i.FLASH_ReadByte), (40 bytes).
    Removing bluenrg1_flash.o(i.FLASH_ReadWord), (40 bytes).
    Removing bluenrg1_flash.o(i.FLASH_Unlock), (16 bytes).
    Removing bluenrg1_flash.o(i.FLASH_WaitCmdDone), (16 bytes).
    Removing bluenrg1_flash.o(.conststring), (70 bytes).
    Removing bluenrg1_gpio.o(.rev16_text), (4 bytes).
    Removing bluenrg1_gpio.o(.revsh_text), (4 bytes).
    Removing bluenrg1_gpio.o(i.GPIO_ClearITPendingBit), (36 bytes).
    Removing bluenrg1_gpio.o(i.GPIO_DeInit), (48 bytes).
    Removing bluenrg1_gpio.o(i.GPIO_EXTICmd), (60 bytes).
    Removing bluenrg1_gpio.o(i.GPIO_EXTIConfig), (136 bytes).
    Removing bluenrg1_gpio.o(i.GPIO_EXTIStructInit), (10 bytes).
    Removing bluenrg1_gpio.o(i.GPIO_GetITPendingBit), (176 bytes).
    Removing bluenrg1_gpio.o(i.GPIO_GetITStatusBit), (180 bytes).
    Removing bluenrg1_gpio.o(i.GPIO_InitLowPowerModes), (184 bytes).
    Removing bluenrg1_gpio.o(i.GPIO_ReadBit), (176 bytes).
    Removing bluenrg1_gpio.o(i.GPIO_ResetBits), (32 bytes).
    Removing bluenrg1_gpio.o(i.GPIO_SetBits), (32 bytes).
    Removing bluenrg1_gpio.o(i.GPIO_StructInit), (12 bytes).
    Removing bluenrg1_gpio.o(i.GPIO_ToggleBits), (36 bytes).
    Removing bluenrg1_gpio.o(i.GPIO_ToggleBitsLowPowerModes), (192 bytes).
    Removing bluenrg1_gpio.o(i.GPIO_WriteBit), (60 bytes).
    Removing bluenrg1_gpio.o(i.GPIO_WriteBitsLowPowerModes), (220 bytes).
    Removing bluenrg1_i2c.o(.rev16_text), (4 bytes).
    Removing bluenrg1_i2c.o(.revsh_text), (4 bytes).
    Removing bluenrg1_i2c.o(i.I2C_BeginTransaction), (200 bytes).
    Removing bluenrg1_i2c.o(i.I2C_ClearITPendingBit), (72 bytes).
    Removing bluenrg1_i2c.o(i.I2C_Cmd), (72 bytes).
    Removing bluenrg1_i2c.o(i.I2C_DMACmd), (92 bytes).
    Removing bluenrg1_i2c.o(i.I2C_DMATxBurstMode), (80 bytes).
    Removing bluenrg1_i2c.o(i.I2C_DMATxBurstSize), (76 bytes).
    Removing bluenrg1_i2c.o(i.I2C_DeInit), (56 bytes).
    Removing bluenrg1_i2c.o(i.I2C_FillTxFIFO), (44 bytes).
    Removing bluenrg1_i2c.o(i.I2C_FlushRx), (52 bytes).
    Removing bluenrg1_i2c.o(i.I2C_FlushTx), (48 bytes).
    Removing bluenrg1_i2c.o(i.I2C_GeneralCallCmd), (76 bytes).
    Removing bluenrg1_i2c.o(i.I2C_GenerateStopCondition), (52 bytes).
    Removing bluenrg1_i2c.o(i.I2C_GetITPendingBit), (76 bytes).
    Removing bluenrg1_i2c.o(i.I2C_GetITStatus), (76 bytes).
    Removing bluenrg1_i2c.o(i.I2C_GetStatus), (48 bytes).
    Removing bluenrg1_i2c.o(i.I2C_ITConfig), (100 bytes).
    Removing bluenrg1_i2c.o(i.I2C_Init), (324 bytes).
    Removing bluenrg1_i2c.o(i.I2C_ReceiveData), (44 bytes).
    Removing bluenrg1_i2c.o(i.I2C_SetHoldTime), (68 bytes).
    Removing bluenrg1_i2c.o(i.I2C_SetHoldTimeStartCondition), (112 bytes).
    Removing bluenrg1_i2c.o(i.I2C_SetRxThreshold), (72 bytes).
    Removing bluenrg1_i2c.o(i.I2C_SetSetupTimeStartCondition), (108 bytes).
    Removing bluenrg1_i2c.o(i.I2C_SetTxThreshold), (72 bytes).
    Removing bluenrg1_i2c.o(i.I2C_StructInit), (20 bytes).
    Removing bluenrg1_i2c.o(i.I2C_WaitFlushRx), (52 bytes).
    Removing bluenrg1_i2c.o(i.I2C_WaitFlushTx), (52 bytes).
    Removing bluenrg1_i2c.o(.conststring), (68 bytes).
    Removing bluenrg1_i2c.o(.data), (8 bytes).
    Removing bluenrg1_mft.o(.rev16_text), (4 bytes).
    Removing bluenrg1_mft.o(.revsh_text), (4 bytes).
    Removing bluenrg1_mft.o(i.MFT_ClearIT), (68 bytes).
    Removing bluenrg1_mft.o(i.MFT_Cmd), (72 bytes).
    Removing bluenrg1_mft.o(i.MFT_DeInit), (16 bytes).
    Removing bluenrg1_mft.o(i.MFT_EnableIT), (96 bytes).
    Removing bluenrg1_mft.o(i.MFT_GetCounter1), (44 bytes).
    Removing bluenrg1_mft.o(i.MFT_GetCounter2), (44 bytes).
    Removing bluenrg1_mft.o(i.MFT_Init), (264 bytes).
    Removing bluenrg1_mft.o(i.MFT_PulseTrainEventTriggerStatus), (44 bytes).
    Removing bluenrg1_mft.o(i.MFT_PulseTrainSoftwareTrigger), (48 bytes).
    Removing bluenrg1_mft.o(i.MFT_PulseTrainTriggerSelect), (72 bytes).
    Removing bluenrg1_mft.o(i.MFT_SelectCapturePin), (108 bytes).
    Removing bluenrg1_mft.o(i.MFT_SetCounter), (48 bytes).
    Removing bluenrg1_mft.o(i.MFT_SetCounter1), (44 bytes).
    Removing bluenrg1_mft.o(i.MFT_SetCounter2), (44 bytes).
    Removing bluenrg1_mft.o(i.MFT_StatusIT), (68 bytes).
    Removing bluenrg1_mft.o(i.MFT_StructInit), (16 bytes).
    Removing bluenrg1_mft.o(i.MFT_TnEDGES), (104 bytes).
    Removing bluenrg1_mft.o(i.MFT_TnXEN), (112 bytes).
    Removing bluenrg1_mft.o(.conststring), (68 bytes).
    Removing bluenrg1_rng.o(.rev16_text), (4 bytes).
    Removing bluenrg1_rng.o(.revsh_text), (4 bytes).
    Removing bluenrg1_rng.o(i.RNG_Cmd), (44 bytes).
    Removing bluenrg1_rng.o(.conststring), (68 bytes).
    Removing bluenrg1_rtc.o(.rev16_text), (4 bytes).
    Removing bluenrg1_rtc.o(.revsh_text), (4 bytes).
    Removing bluenrg1_rtc.o(i.RTC_AutoStart), (48 bytes).
    Removing bluenrg1_rtc.o(i.RTC_ClockwatchCmd), (48 bytes).
    Removing bluenrg1_rtc.o(i.RTC_Cmd), (44 bytes).
    Removing bluenrg1_rtc.o(i.RTC_GetNumberIrqGenerated), (12 bytes).
    Removing bluenrg1_rtc.o(i.RTC_GetTimeDate), (64 bytes).
    Removing bluenrg1_rtc.o(i.RTC_GetTimerValue), (12 bytes).
    Removing bluenrg1_rtc.o(i.RTC_IT_Clear), (36 bytes).
    Removing bluenrg1_rtc.o(i.RTC_IT_Config), (76 bytes).
    Removing bluenrg1_rtc.o(i.RTC_IT_Status), (40 bytes).
    Removing bluenrg1_rtc.o(i.RTC_Init), (136 bytes).
    Removing bluenrg1_rtc.o(i.RTC_SelectTrimmedClock), (48 bytes).
    Removing bluenrg1_rtc.o(i.RTC_SetMatchTimeDate), (252 bytes).
    Removing bluenrg1_rtc.o(i.RTC_SetTimeDate), (248 bytes).
    Removing bluenrg1_rtc.o(i.RTC_StructInit), (20 bytes).
    Removing bluenrg1_rtc.o(.conststring), (68 bytes).
    Removing bluenrg1_spi.o(.rev16_text), (4 bytes).
    Removing bluenrg1_spi.o(.revsh_text), (4 bytes).
    Removing bluenrg1_spi.o(i.SPI_ClearITPendingBit), (44 bytes).
    Removing bluenrg1_spi.o(i.SPI_ClearRXFIFO), (24 bytes).
    Removing bluenrg1_spi.o(i.SPI_ClearTXFIFO), (40 bytes).
    Removing bluenrg1_spi.o(i.SPI_Cmd), (44 bytes).
    Removing bluenrg1_spi.o(i.SPI_CommandSizeConfig), (48 bytes).
    Removing bluenrg1_spi.o(i.SPI_DMACmd), (72 bytes).
    Removing bluenrg1_spi.o(i.SPI_DataSizeConfig), (44 bytes).
    Removing bluenrg1_spi.o(i.SPI_DeInit), (36 bytes).
    Removing bluenrg1_spi.o(i.SPI_DelayBetweenFrames), (60 bytes).
    Removing bluenrg1_spi.o(i.SPI_DelayDataInput), (52 bytes).
    Removing bluenrg1_spi.o(i.SPI_EnableWaitState), (56 bytes).
    Removing bluenrg1_spi.o(i.SPI_EndianFormatReception), (56 bytes).
    Removing bluenrg1_spi.o(i.SPI_EndianFormatTransmission), (60 bytes).
    Removing bluenrg1_spi.o(i.SPI_FrameFormatConfig), (48 bytes).
    Removing bluenrg1_spi.o(i.SPI_GetFlagStatus), (56 bytes).
    Removing bluenrg1_spi.o(i.SPI_GetITStatus), (60 bytes).
    Removing bluenrg1_spi.o(i.SPI_ITConfig), (64 bytes).
    Removing bluenrg1_spi.o(i.SPI_Init), (156 bytes).
    Removing bluenrg1_spi.o(i.SPI_ReceiveData), (12 bytes).
    Removing bluenrg1_spi.o(i.SPI_RxFifoInterruptLevelConfig), (52 bytes).
    Removing bluenrg1_spi.o(i.SPI_SendData), (12 bytes).
    Removing bluenrg1_spi.o(i.SPI_SetBaudrate), (104 bytes).
    Removing bluenrg1_spi.o(i.SPI_SetDummyCharacter), (12 bytes).
    Removing bluenrg1_spi.o(i.SPI_SetMasterCommunicationMode), (56 bytes).
    Removing bluenrg1_spi.o(i.SPI_SetNumFramesToReceive), (12 bytes).
    Removing bluenrg1_spi.o(i.SPI_SetNumFramesToTransmit), (12 bytes).
    Removing bluenrg1_spi.o(i.SPI_SlaveModeOutputCmd), (48 bytes).
    Removing bluenrg1_spi.o(i.SPI_SlaveSwSelection), (48 bytes).
    Removing bluenrg1_spi.o(i.SPI_StructInit), (24 bytes).
    Removing bluenrg1_spi.o(i.SPI_TxFifoInterruptLevelConfig), (56 bytes).
    Removing bluenrg1_spi.o(.conststring), (68 bytes).
    Removing bluenrg1_sysctrl.o(.rev16_text), (4 bytes).
    Removing bluenrg1_sysctrl.o(.revsh_text), (4 bytes).
    Removing bluenrg1_sysctrl.o(i.SysCtrl_DeInit), (44 bytes).
    Removing bluenrg1_sysctrl.o(i.SysCtrl_SelectXO), (48 bytes).
    Removing bluenrg1_sysctrl.o(i.SysCtrl_WakeupFromIo), (92 bytes).
    Removing bluenrg1_uart.o(.rev16_text), (4 bytes).
    Removing bluenrg1_uart.o(.revsh_text), (4 bytes).
    Removing bluenrg1_uart.o(i.UART_BreakCmd), (48 bytes).
    Removing bluenrg1_uart.o(i.UART_ClearFlag), (56 bytes).
    Removing bluenrg1_uart.o(i.UART_ClearITPendingBit), (44 bytes).
    Removing bluenrg1_uart.o(i.UART_DMACmd), (68 bytes).
    Removing bluenrg1_uart.o(i.UART_DeInit), (64 bytes).
    Removing bluenrg1_uart.o(i.UART_GetITStatus), (48 bytes).
    Removing bluenrg1_uart.o(i.UART_ITConfig), (68 bytes).
    Removing bluenrg1_uart.o(i.UART_Oversampling), (48 bytes).
    Removing bluenrg1_uart.o(i.UART_RXTimeoutConfig), (64 bytes).
    Removing bluenrg1_uart.o(i.UART_ReceiveData), (12 bytes).
    Removing bluenrg1_uart.o(i.UART_RequestToSendCmd), (48 bytes).
    Removing bluenrg1_uart.o(i.UART_RxSwFlowControlMode), (56 bytes).
    Removing bluenrg1_uart.o(i.UART_SpecialCharDetect), (52 bytes).
    Removing bluenrg1_uart.o(i.UART_StructInit), (26 bytes).
    Removing bluenrg1_uart.o(i.UART_SwFlowControl), (52 bytes).
    Removing bluenrg1_uart.o(i.UART_TxFifoIrqLevelConfig), (68 bytes).
    Removing bluenrg1_uart.o(i.UART_TxSwFlowControlMode), (56 bytes).
    Removing bluenrg1_uart.o(i.UART_Xoff1Char), (44 bytes).
    Removing bluenrg1_uart.o(i.UART_Xoff2Char), (44 bytes).
    Removing bluenrg1_uart.o(i.UART_Xon1Char), (44 bytes).
    Removing bluenrg1_uart.o(i.UART_Xon2Char), (44 bytes).
    Removing bluenrg1_uart.o(i.UART_XonAnyBit), (48 bytes).
    Removing bluenrg1_wdg.o(.rev16_text), (4 bytes).
    Removing bluenrg1_wdg.o(.revsh_text), (4 bytes).
    Removing bluenrg1_wdg.o(i.WDG_ClearITPendingBit), (16 bytes).
    Removing bluenrg1_wdg.o(i.WDG_DisableReset), (16 bytes).
    Removing bluenrg1_wdg.o(i.WDG_Enable), (24 bytes).
    Removing bluenrg1_wdg.o(i.WDG_GetCounter), (12 bytes).
    Removing bluenrg1_wdg.o(i.WDG_GetITStatus), (20 bytes).
    Removing bluenrg1_wdg.o(i.WDG_GetWriteAccess), (20 bytes).
    Removing bluenrg1_wdg.o(i.WDG_ITConfig), (48 bytes).
    Removing bluenrg1_wdg.o(i.WDG_SetReload), (28 bytes).
    Removing bluenrg1_wdg.o(i.WDG_SetWriteAccess), (40 bytes).
    Removing bluenrg1_wdg.o(.conststring), (68 bytes).
    Removing misc.o(.rev16_text), (4 bytes).
    Removing misc.o(.revsh_text), (4 bytes).
    Removing misc.o(i.NVIC_Init), (232 bytes).
    Removing misc.o(i.SysTick_State), (104 bytes).
    Removing misc.o(i.SystemSleepCmd), (100 bytes).
    Removing sdk_eval_button.o(.rev16_text), (4 bytes).
    Removing sdk_eval_button.o(.revsh_text), (4 bytes).
    Removing sdk_eval_button.o(i.Get_ButtonGpioPin), (6 bytes).
    Removing sdk_eval_button.o(i.SdkEvalPushButtonClearITPendingBit), (12 bytes).
    Removing sdk_eval_button.o(i.SdkEvalPushButtonGetITPendingBit), (12 bytes).
    Removing sdk_eval_button.o(i.SdkEvalPushButtonGetState), (18 bytes).
    Removing sdk_eval_button.o(i.SdkEvalPushButtonInit), (38 bytes).
    Removing sdk_eval_button.o(i.SdkEvalPushButtonIrq), (66 bytes).
    Removing sdk_eval_com.o(.rev16_text), (4 bytes).
    Removing sdk_eval_com.o(.revsh_text), (4 bytes).
    Removing sdk_eval_com.o(i.Read_Buffer_Pop), (48 bytes).
    Removing sdk_eval_com.o(i.Read_Buffer_Push), (36 bytes).
    Removing sdk_eval_com.o(i.SdkEvalComIOConfig), (28 bytes).
    Removing sdk_eval_com.o(i.SdkEvalComIOProcessInputData), (26 bytes).
    Removing sdk_eval_com.o(i.SdkEvalComIOReceiveData), (16 bytes).
    Removing sdk_eval_com.o(i.SdkEvalComIOSendData), (8 bytes).
    Removing sdk_eval_com.o(i.SdkEvalComIOTxFifoNotEmpty), (20 bytes).
    Removing sdk_eval_com.o(i.SdkEvalComIOUartIrqHandler), (42 bytes).
    Removing sdk_eval_com.o(i.SdkEvalComUARTBusy), (16 bytes).
    Removing sdk_eval_com.o(i.SdkEvalComUartIrqConfig), (32 bytes).
    Removing sdk_eval_com.o(i.__io_getcharNonBlocking), (28 bytes).
    Removing sdk_eval_com.o(i.fgetc), (20 bytes).
    Removing sdk_eval_com.o(.bss), (1024 bytes).
    Removing sdk_eval_com.o(.data), (12 bytes).
    Removing sdk_eval_com.o(.data), (4 bytes).
    Removing sdk_eval_config.o(.rev16_text), (4 bytes).
    Removing sdk_eval_config.o(.revsh_text), (4 bytes).
    Removing sdk_eval_config.o(i.SdkEvalGetVersion), (12 bytes).
    Removing sdk_eval_led.o(.rev16_text), (4 bytes).
    Removing sdk_eval_led.o(.revsh_text), (4 bytes).
    Removing sdk_eval_led.o(i.Get_LedGpioPin), (26 bytes).
    Removing sdk_eval_led.o(i.SdkEvalLedGetState), (22 bytes).
    Removing sdk_eval_led.o(i.SdkEvalLedInit), (48 bytes).
    Removing sdk_eval_led.o(i.SdkEvalLedOff), (14 bytes).
    Removing sdk_eval_led.o(i.SdkEvalLedOn), (14 bytes).
    Removing sdk_eval_led.o(i.SdkEvalLedToggle), (12 bytes).
    Removing system_bluenrg1.o(.rev16_text), (4 bytes).
    Removing system_bluenrg1.o(.revsh_text), (4 bytes).
    Removing system_bluenrg1.o(i.HardFault_Handler), (2 bytes).
    Removing system_bluenrg1.o(i.NMI_Handler), (2 bytes).
    Removing system_bluenrg1.o(i.SVC_Handler), (2 bytes).
    Removing system_bluenrg1.o(i.SysTick_Handler), (2 bytes).
    Removing system_bluenrg1.o(i.Wait_LS_Stabilization), (112 bytes).
    Removing system_bluenrg1.o(.ota_sw_activation), (4 bytes).
    Removing bluenrg1_it.o(.rev16_text), (4 bytes).
    Removing bluenrg1_it.o(.revsh_text), (4 bytes).
    Removing rng_terminal_main.o(.rev16_text), (4 bytes).
    Removing rng_terminal_main.o(.revsh_text), (4 bytes).
    Removing fadd.o(.text), (178 bytes).
    Removing fmul.o(.text), (122 bytes).
    Removing fdiv.o(.text), (124 bytes).
    Removing dadd.o(.text), (356 bytes).
    Removing dmul.o(.text), (208 bytes).
    Removing fflti.o(.text), (22 bytes).
    Removing ffltui.o(.text), (14 bytes).
    Removing f2d.o(.text), (40 bytes).
    Removing d2f.o(.text), (56 bytes).
    Removing fepilogue.o(.text), (130 bytes).
    Removing depilogue.o(.text), (190 bytes).
    Removing ddiv.o(.text), (240 bytes).
    Removing dfixul.o(.text), (64 bytes).
    Removing cdrcmple.o(.text), (40 bytes).
    Removing depilogue.o(i.__ARM_clz), (46 bytes).

297 unused section(s) (total 17584 bytes) removed from the image.

==============================================================================

Image Symbol Table

    Local Symbols

    Symbol Name                              Value     Ov Type        Size  Object(Section)

    ../../../../../../Library/BlueNRG1_Periph_Driver/src/BlueNRG1_adc.c 0x00000000   Number         0  bluenrg1_adc.o ABSOLUTE
    ../../../../../../Library/BlueNRG1_Periph_Driver/src/BlueNRG1_dma.c 0x00000000   Number         0  bluenrg1_dma.o ABSOLUTE
    ../../../../../../Library/BlueNRG1_Periph_Driver/src/BlueNRG1_flash.c 0x00000000   Number         0  bluenrg1_flash.o ABSOLUTE
    ../../../../../../Library/BlueNRG1_Periph_Driver/src/BlueNRG1_gpio.c 0x00000000   Number         0  bluenrg1_gpio.o ABSOLUTE
    ../../../../../../Library/BlueNRG1_Periph_Driver/src/BlueNRG1_i2c.c 0x00000000   Number         0  bluenrg1_i2c.o ABSOLUTE
    ../../../../../../Library/BlueNRG1_Periph_Driver/src/BlueNRG1_mft.c 0x00000000   Number         0  bluenrg1_mft.o ABSOLUTE
    ../../../../../../Library/BlueNRG1_Periph_Driver/src/BlueNRG1_rng.c 0x00000000   Number         0  bluenrg1_rng.o ABSOLUTE
    ../../../../../../Library/BlueNRG1_Periph_Driver/src/BlueNRG1_rtc.c 0x00000000   Number         0  bluenrg1_rtc.o ABSOLUTE
    ../../../../../../Library/BlueNRG1_Periph_Driver/src/BlueNRG1_spi.c 0x00000000   Number         0  bluenrg1_spi.o ABSOLUTE
    ../../../../../../Library/BlueNRG1_Periph_Driver/src/BlueNRG1_sysCtrl.c 0x00000000   Number         0  bluenrg1_sysctrl.o ABSOLUTE
    ../../../../../../Library/BlueNRG1_Periph_Driver/src/BlueNRG1_uart.c 0x00000000   Number         0  bluenrg1_uart.o ABSOLUTE
    ../../../../../../Library/BlueNRG1_Periph_Driver/src/BlueNRG1_wdg.c 0x00000000   Number         0  bluenrg1_wdg.o ABSOLUTE
    ../../../../../../Library/BlueNRG1_Periph_Driver/src/misc.c 0x00000000   Number         0  misc.o ABSOLUTE
    ../../../../../../Library/CMSIS/Device/ST/BlueNRG1/Source/system_bluenrg1.c 0x00000000   Number         0  system_bluenrg1.o ABSOLUTE
    ../../../../../../Library/SDK_Eval_BlueNRG1/src/SDK_EVAL_Button.c 0x00000000   Number         0  sdk_eval_button.o ABSOLUTE
    ../../../../../../Library/SDK_Eval_BlueNRG1/src/SDK_EVAL_Com.c 0x00000000   Number         0  sdk_eval_com.o ABSOLUTE
    ../../../../../../Library/SDK_Eval_BlueNRG1/src/SDK_EVAL_Config.c 0x00000000   Number         0  sdk_eval_config.o ABSOLUTE
    ../../../../../../Library/SDK_Eval_BlueNRG1/src/SDK_EVAL_Led.c 0x00000000   Number         0  sdk_eval_led.o ABSOLUTE
    ../../../../../../Library/hal/src/miscutil.c 0x00000000   Number         0  miscutil.o ABSOLUTE
    ../../BlueNRG1_it.c                      0x00000000   Number         0  bluenrg1_it.o ABSOLUTE
    ../../RNG_terminal_main.c                0x00000000   Number         0  rng_terminal_main.o ABSOLUTE
    ../clib/../cmprslib/zerorunl.c           0x00000000   Number         0  __dczerorl.o ABSOLUTE
    ../clib/microlib/division.c              0x00000000   Number         0  uldiv.o ABSOLUTE
    ../clib/microlib/division.c              0x00000000   Number         0  uidiv.o ABSOLUTE
    ../clib/microlib/init/entry.s            0x00000000   Number         0  entry5.o ABSOLUTE
    ../clib/microlib/init/entry.s            0x00000000   Number         0  entry7a.o ABSOLUTE
    ../clib/microlib/init/entry.s            0x00000000   Number         0  entry7b.o ABSOLUTE
    ../clib/microlib/init/entry.s            0x00000000   Number         0  entry11b.o ABSOLUTE
    ../clib/microlib/init/entry.s            0x00000000   Number         0  entry8a.o ABSOLUTE
    ../clib/microlib/init/entry.s            0x00000000   Number         0  entry8b.o ABSOLUTE
    ../clib/microlib/init/entry.s            0x00000000   Number         0  entry.o ABSOLUTE
    ../clib/microlib/init/entry.s            0x00000000   Number         0  entry9a.o ABSOLUTE
    ../clib/microlib/init/entry.s            0x00000000   Number         0  entry9b.o ABSOLUTE
    ../clib/microlib/init/entry.s            0x00000000   Number         0  entry10a.o ABSOLUTE
    ../clib/microlib/init/entry.s            0x00000000   Number         0  entry11a.o ABSOLUTE
    ../clib/microlib/init/entry.s            0x00000000   Number         0  entry3.o ABSOLUTE
    ../clib/microlib/init/entry.s            0x00000000   Number         0  entry10b.o ABSOLUTE
    ../clib/microlib/longlong.c              0x00000000   Number         0  llsshr.o ABSOLUTE
    ../clib/microlib/longlong.c              0x00000000   Number         0  llshl.o ABSOLUTE
    ../clib/microlib/longlong.c              0x00000000   Number         0  llushr.o ABSOLUTE
    ../clib/microlib/printf/printf.c         0x00000000   Number         0  printf2.o ABSOLUTE
    ../clib/microlib/printf/printf.c         0x00000000   Number         0  printf1.o ABSOLUTE
    ../clib/microlib/printf/printf.c         0x00000000   Number         0  printf0.o ABSOLUTE
    ../clib/microlib/printf/printf.c         0x00000000   Number         0  printfb.o ABSOLUTE
    ../clib/microlib/printf/printf.c         0x00000000   Number         0  printf5.o ABSOLUTE
    ../clib/microlib/printf/printf.c         0x00000000   Number         0  printf3.o ABSOLUTE
    ../clib/microlib/printf/printf.c         0x00000000   Number         0  printf4.o ABSOLUTE
    ../clib/microlib/printf/printf.c         0x00000000   Number         0  printfa.o ABSOLUTE
    ../clib/microlib/printf/printf.c         0x00000000   Number         0  printf8.o ABSOLUTE
    ../clib/microlib/printf/printf.c         0x00000000   Number         0  printf7.o ABSOLUTE
    ../clib/microlib/printf/printf.c         0x00000000   Number         0  printf6.o ABSOLUTE
    ../clib/microlib/printf/stubs.s          0x00000000   Number         0  stubs.o ABSOLUTE
    ../clib/microlib/string/memcpy.c         0x00000000   Number         0  memcpya.o ABSOLUTE
    ../clib/microlib/string/memcpy.c         0x00000000   Number         0  memcpyb.o ABSOLUTE
    ../clib/microlib/stubs.s                 0x00000000   Number         0  iusefp.o ABSOLUTE
    ../clib/microlib/unhosted.c              0x00000000   Number         0  uwrite4.o ABSOLUTE
    ../fplib/microlib/d2f.c                  0x00000000   Number         0  d2f.o ABSOLUTE
    ../fplib/microlib/f2d.c                  0x00000000   Number         0  f2d.o ABSOLUTE
    ../fplib/microlib/fpadd.c                0x00000000   Number         0  fadd.o ABSOLUTE
    ../fplib/microlib/fpadd.c                0x00000000   Number         0  dadd.o ABSOLUTE
    ../fplib/microlib/fpdiv.c                0x00000000   Number         0  ddiv.o ABSOLUTE
    ../fplib/microlib/fpdiv.c                0x00000000   Number         0  fdiv.o ABSOLUTE
    ../fplib/microlib/fpepilogue.c           0x00000000   Number         0  fepilogue.o ABSOLUTE
    ../fplib/microlib/fpepilogue.c           0x00000000   Number         0  depilogue.o ABSOLUTE
    ../fplib/microlib/fpfix.c                0x00000000   Number         0  dfixul.o ABSOLUTE
    ../fplib/microlib/fpflt.c                0x00000000   Number         0  fflti.o ABSOLUTE
    ../fplib/microlib/fpflt.c                0x00000000   Number         0  ffltui.o ABSOLUTE
    ../fplib/microlib/fpmul.c                0x00000000   Number         0  dmul.o ABSOLUTE
    ../fplib/microlib/fpmul.c                0x00000000   Number         0  fmul.o ABSOLUTE
    ..\..\..\..\..\..\Library\BlueNRG1_Periph_Driver\src\BlueNRG1_adc.c 0x00000000   Number         0  bluenrg1_adc.o ABSOLUTE
    ..\..\..\..\..\..\Library\BlueNRG1_Periph_Driver\src\BlueNRG1_dma.c 0x00000000   Number         0  bluenrg1_dma.o ABSOLUTE
    ..\..\..\..\..\..\Library\BlueNRG1_Periph_Driver\src\BlueNRG1_flash.c 0x00000000   Number         0  bluenrg1_flash.o ABSOLUTE
    ..\..\..\..\..\..\Library\BlueNRG1_Periph_Driver\src\BlueNRG1_gpio.c 0x00000000   Number         0  bluenrg1_gpio.o ABSOLUTE
    ..\..\..\..\..\..\Library\BlueNRG1_Periph_Driver\src\BlueNRG1_i2c.c 0x00000000   Number         0  bluenrg1_i2c.o ABSOLUTE
    ..\..\..\..\..\..\Library\BlueNRG1_Periph_Driver\src\BlueNRG1_mft.c 0x00000000   Number         0  bluenrg1_mft.o ABSOLUTE
    ..\..\..\..\..\..\Library\BlueNRG1_Periph_Driver\src\BlueNRG1_rng.c 0x00000000   Number         0  bluenrg1_rng.o ABSOLUTE
    ..\..\..\..\..\..\Library\BlueNRG1_Periph_Driver\src\BlueNRG1_rtc.c 0x00000000   Number         0  bluenrg1_rtc.o ABSOLUTE
    ..\..\..\..\..\..\Library\BlueNRG1_Periph_Driver\src\BlueNRG1_spi.c 0x00000000   Number         0  bluenrg1_spi.o ABSOLUTE
    ..\..\..\..\..\..\Library\BlueNRG1_Periph_Driver\src\BlueNRG1_sysCtrl.c 0x00000000   Number         0  bluenrg1_sysctrl.o ABSOLUTE
    ..\..\..\..\..\..\Library\BlueNRG1_Periph_Driver\src\BlueNRG1_uart.c 0x00000000   Number         0  bluenrg1_uart.o ABSOLUTE
    ..\..\..\..\..\..\Library\BlueNRG1_Periph_Driver\src\BlueNRG1_wdg.c 0x00000000   Number         0  bluenrg1_wdg.o ABSOLUTE
    ..\..\..\..\..\..\Library\BlueNRG1_Periph_Driver\src\misc.c 0x00000000   Number         0  misc.o ABSOLUTE
    ..\..\..\..\..\..\Library\CMSIS\Device\ST\BlueNRG1\Source\system_bluenrg1.c 0x00000000   Number         0  system_bluenrg1.o ABSOLUTE
    ..\..\..\..\..\..\Library\SDK_Eval_BlueNRG1\src\SDK_EVAL_Button.c 0x00000000   Number         0  sdk_eval_button.o ABSOLUTE
    ..\..\..\..\..\..\Library\SDK_Eval_BlueNRG1\src\SDK_EVAL_Com.c 0x00000000   Number         0  sdk_eval_com.o ABSOLUTE
    ..\..\..\..\..\..\Library\SDK_Eval_BlueNRG1\src\SDK_EVAL_Config.c 0x00000000   Number         0  sdk_eval_config.o ABSOLUTE
    ..\..\..\..\..\..\Library\SDK_Eval_BlueNRG1\src\SDK_EVAL_Led.c 0x00000000   Number         0  sdk_eval_led.o ABSOLUTE
    ..\..\..\..\..\..\Library\hal\src\context_switch.s 0x00000000   Number         0  context_switch.o ABSOLUTE
    ..\..\..\..\..\..\Library\hal\src\miscutil.c 0x00000000   Number         0  miscutil.o ABSOLUTE
    ..\..\BlueNRG1_it.c                      0x00000000   Number         0  bluenrg1_it.o ABSOLUTE
    ..\..\RNG_terminal_main.c                0x00000000   Number         0  rng_terminal_main.o ABSOLUTE
    cdrcmple.s                               0x00000000   Number         0  cdrcmple.o ABSOLUTE
    dc.s                                     0x00000000   Number         0  dc.o ABSOLUTE
    handlers.s                               0x00000000   Number         0  handlers.o ABSOLUTE
    init.s                                   0x00000000   Number         0  init.o ABSOLUTE
    .intvec                                  0x10040800   Section      192  system_bluenrg1.o(.intvec)
    __tagsym$$used                           0x10040800   Number         0  system_bluenrg1.o(.intvec)
    . text                                   0x100408c0   Section      160  context_switch.o(. text)
    .ARM.Collect$$$$00000000                 0x10040960   Section        0  entry.o(.ARM.Collect$$$$00000000)
    .ARM.Collect$$$$00000002                 0x10040960   Section        4  entry3.o(.ARM.Collect$$$$00000002)
    .ARM.Collect$$$$00000004                 0x10040964   Section        4  entry5.o(.ARM.Collect$$$$00000004)
    .ARM.Collect$$$$00000008                 0x10040968   Section        0  entry7b.o(.ARM.Collect$$$$00000008)
    .ARM.Collect$$$$0000000A                 0x10040968   Section        0  entry8b.o(.ARM.Collect$$$$0000000A)
    .ARM.Collect$$$$0000000B                 0x10040968   Section        8  entry9a.o(.ARM.Collect$$$$0000000B)
    .ARM.Collect$$$$0000000D                 0x10040970   Section        0  entry10a.o(.ARM.Collect$$$$0000000D)
    .ARM.Collect$$$$0000000F                 0x10040970   Section        0  entry11a.o(.ARM.Collect$$$$0000000F)
    .ARM.Collect$$$$00002713                 0x10040970   Section        4  entry3.o(.ARM.Collect$$$$00002713)
    __lit__00000000                          0x10040970   Data           4  entry3.o(.ARM.Collect$$$$00002713)
    .text                                    0x10040974   Section        0  uidiv.o(.text)
    .text                                    0x100409a0   Section        0  memcpya.o(.text)
    .text                                    0x100409c4   Section        0  uldiv.o(.text)
    .text                                    0x10040a24   Section        0  llshl.o(.text)
    .text                                    0x10040a44   Section       36  init.o(.text)
    .text                                    0x10040a68   Section        0  llushr.o(.text)
    .text                                    0x10040a8a   Section        0  __dczerorl.o(.text)
    i.ADC_Handler                            0x10040ac4   Section        0  system_bluenrg1.o(i.ADC_Handler)
    i.BOR_ConfigSave                         0x10040ac8   Section        0  system_bluenrg1.o(i.BOR_ConfigSave)
    i.Blue_Handler                           0x10040b08   Section        0  system_bluenrg1.o(i.Blue_Handler)
    i.DMA_Handler                            0x10040b0a   Section        0  system_bluenrg1.o(i.DMA_Handler)
    i.DeviceConfiguration                    0x10040b0c   Section        0  system_bluenrg1.o(i.DeviceConfiguration)
    i.GPIO_Handler                           0x10040c70   Section        0  system_bluenrg1.o(i.GPIO_Handler)
    i.GPIO_Init                              0x10040c74   Section        0  bluenrg1_gpio.o(i.GPIO_Init)
    i.HAL_GetPartInfo                        0x10040dc8   Section        0  miscutil.o(i.HAL_GetPartInfo)
    i.HardFault_Handler                      0x10040e14   Section        0  bluenrg1_it.o(i.HardFault_Handler)
    i.I2C1_Handler                           0x10040e16   Section        0  system_bluenrg1.o(i.I2C1_Handler)
    i.I2C2_Handler                           0x10040e18   Section        0  system_bluenrg1.o(i.I2C2_Handler)
    i.MFT1A_Handler                          0x10040e1a   Section        0  system_bluenrg1.o(i.MFT1A_Handler)
    i.MFT1B_Handler                          0x10040e1c   Section        0  system_bluenrg1.o(i.MFT1B_Handler)
    i.MFT2A_Handler                          0x10040e1e   Section        0  system_bluenrg1.o(i.MFT2A_Handler)
    i.MFT2B_Handler                          0x10040e20   Section        0  system_bluenrg1.o(i.MFT2B_Handler)
    i.NMI_Handler                            0x10040e22   Section        0  bluenrg1_it.o(i.NMI_Handler)
    i.NVIC_SetPriority                       0x10040e24   Section        0  system_bluenrg1.o(i.NVIC_SetPriority)
    NVIC_SetPriority                         0x10040e25   Thumb Code    60  system_bluenrg1.o(i.NVIC_SetPriority)
    i.NVM_Handler                            0x10040e68   Section        0  system_bluenrg1.o(i.NVM_Handler)
    i.PKA_Handler                            0x10040e6a   Section        0  system_bluenrg1.o(i.PKA_Handler)
    i.PendSV_Handler                         0x10040e6c   Section        0  system_bluenrg1.o(i.PendSV_Handler)
    i.RESET_HANDLER                          0x10040e70   Section        0  system_bluenrg1.o(i.RESET_HANDLER)
    i.RNG_GetFlagStatus                      0x10040e90   Section        0  bluenrg1_rng.o(i.RNG_GetFlagStatus)
    i.RTC_Handler                            0x10040e9e   Section        0  system_bluenrg1.o(i.RTC_Handler)
    i.SET_BORconfigStatus                    0x10040ea0   Section        0  system_bluenrg1.o(i.SET_BORconfigStatus)
    i.SPI_Handler                            0x10040edc   Section        0  system_bluenrg1.o(i.SPI_Handler)
    i.SVC_Handler                            0x10040ede   Section        0  bluenrg1_it.o(i.SVC_Handler)
    i.SdkEvalComUartInit                     0x10040ee0   Section        0  sdk_eval_com.o(i.SdkEvalComUartInit)
    i.SdkEvalIdentification                  0x10040f40   Section        0  sdk_eval_config.o(i.SdkEvalIdentification)
    i.SdkEvalUart_Send_Data                  0x10040f4c   Section        0  sdk_eval_com.o(i.SdkEvalUart_Send_Data)
    SdkEvalUart_Send_Data                    0x10040f4d   Thumb Code    22  sdk_eval_com.o(i.SdkEvalUart_Send_Data)
    i.Set_RF_FrontEnd                        0x10040f64   Section        0  system_bluenrg1.o(i.Set_RF_FrontEnd)
    i.SysCtrl_GetWakeupResetReason           0x10040fac   Section        0  bluenrg1_sysctrl.o(i.SysCtrl_GetWakeupResetReason)
    i.SysCtrl_PeripheralClockCmd             0x10041048   Section        0  bluenrg1_sysctrl.o(i.SysCtrl_PeripheralClockCmd)
    i.SysTick_Handler                        0x10041088   Section        0  bluenrg1_it.o(i.SysTick_Handler)
    i.SystemInit                             0x1004108c   Section        0  system_bluenrg1.o(i.SystemInit)
    i.UART_Cmd                               0x10041144   Section        0  bluenrg1_uart.o(i.UART_Cmd)
    i.UART_GetFlagStatus                     0x10041174   Section        0  bluenrg1_uart.o(i.UART_GetFlagStatus)
    i.UART_Handler                           0x100411d4   Section        0  system_bluenrg1.o(i.UART_Handler)
    i.UART_Init                              0x100411d8   Section        0  bluenrg1_uart.o(i.UART_Init)
    i.UART_RxFifoIrqLevelConfig              0x100413b0   Section        0  bluenrg1_uart.o(i.UART_RxFifoIrqLevelConfig)
    i.UART_SendData                          0x100413f4   Section        0  bluenrg1_uart.o(i.UART_SendData)
    i.WDG_Handler                            0x10041420   Section        0  system_bluenrg1.o(i.WDG_Handler)
    i.__0printf$8                            0x10041424   Section        0  printf8.o(i.__0printf$8)
    i.__low_level_init                       0x10041444   Section        0  system_bluenrg1.o(i.__low_level_init)
    i.__scatterload_copy                     0x10041494   Section       14  handlers.o(i.__scatterload_copy)
    i.__scatterload_null                     0x100414a2   Section        2  handlers.o(i.__scatterload_null)
    i.__scatterload_zeroinit                 0x100414a4   Section       14  handlers.o(i.__scatterload_zeroinit)
    i._printf_core                           0x100414b4   Section        0  printf8.o(i._printf_core)
    _printf_core                             0x100414b5   Thumb Code  1020  printf8.o(i._printf_core)
    i._printf_post_padding                   0x100418dc   Section        0  printf8.o(i._printf_post_padding)
    _printf_post_padding                     0x100418dd   Thumb Code    32  printf8.o(i._printf_post_padding)
    i._printf_pre_padding                    0x100418fc   Section        0  printf8.o(i._printf_pre_padding)
    _printf_pre_padding                      0x100418fd   Thumb Code    44  printf8.o(i._printf_pre_padding)
    i.assert_failed                          0x10041928   Section        0  rng_terminal_main.o(i.assert_failed)
    i.fputc                                  0x1004192a   Section        0  sdk_eval_com.o(i.fputc)
    i.main                                   0x10041938   Section        0  rng_terminal_main.o(i.main)
    i.nextRF_transaction                     0x10041978   Section        0  system_bluenrg1.o(i.nextRF_transaction)
    nextRF_transaction                       0x10041979   Thumb Code    88  system_bluenrg1.o(i.nextRF_transaction)
    .conststring                             0x100419d8   Section       69  bluenrg1_gpio.o(.conststring)
    .conststring                             0x10041a20   Section       72  bluenrg1_sysctrl.o(.conststring)
    .conststring                             0x10041a68   Section       69  bluenrg1_uart.o(.conststring)
    .savedMSP                                0x20000008   Section        4  system_bluenrg1.o(.savedMSP)
    __tagsym$$used                           0x20000008   Number         0  system_bluenrg1.o(.savedMSP)
    .wakeupFromSleepFlag                     0x2000000c   Section        1  system_bluenrg1.o(.wakeupFromSleepFlag)
    __tagsym$$used                           0x2000000c   Number         0  system_bluenrg1.o(.wakeupFromSleepFlag)
    .app_base                                0x20000010   Section        4  system_bluenrg1.o(.app_base)
    __tagsym$$used                           0x20000010   Number         0  system_bluenrg1.o(.app_base)
    .flash_sw_lock                           0x20000014   Section        4  system_bluenrg1.o(.flash_sw_lock)
    __tagsym$$used                           0x20000014   Number         0  system_bluenrg1.o(.flash_sw_lock)
    .rfTimeout                               0x20000018   Section        4  system_bluenrg1.o(.rfTimeout)
    __tagsym$$used                           0x20000018   Number         0  system_bluenrg1.o(.rfTimeout)
    .__blueflag_RAM                          0x20000030   Section        4  system_bluenrg1.o(.__blueflag_RAM)
    __tagsym$$used                           0x20000030   Number         0  system_bluenrg1.o(.__blueflag_RAM)
    .bss.__blue_RAM                          0x200000c0   Section      524  system_bluenrg1.o(.bss.__blue_RAM)
    __tagsym$$used                           0x200000c0   Number         0  system_bluenrg1.o(.bss.__blue_RAM)
    .data                                    0x200002cc   Section        4  sdk_eval_com.o(.data)
    .data                                    0x200002d0   Section        1  sdk_eval_config.o(.data)
    s_SdkEvalVersion                         0x200002d0   Data           1  sdk_eval_config.o(.data)
    .data                                    0x200002d4   Section        4  system_bluenrg1.o(.data)
    .data                                    0x200002d8   Section        4  system_bluenrg1.o(.data)
    .data                                    0x200002dc   Section        4  system_bluenrg1.o(.data)
    .data                                    0x200002e0   Section        7  system_bluenrg1.o(.data)
    .bss                                     0x200002e8   Section       32  system_bluenrg1.o(.bss)

    Global Symbols

    Symbol Name                              Value     Ov Type        Size  Object(Section)

    BuildAttributes$$THM_ISAv3M$S$PE$A:L22$X:L11$S22$IEEE1$IW$USESV6$~STKCKD$USESV7$~SHL$OTIME$ROPI$EBA8$MICROLIB$REQ8$EABIv2 0x00000000   Number         0  anon$$obj.o ABSOLUTE
    __ARM_use_no_argv                        0x00000000   Number         0  rng_terminal_main.o ABSOLUTE
    _printf_a                                0x00000000   Number         0  stubs.o ABSOLUTE
    _printf_c                                0x00000000   Number         0  stubs.o ABSOLUTE
    _printf_charcount                        0x00000000   Number         0  stubs.o ABSOLUTE
    _printf_d                                0x00000000   Number         0  stubs.o ABSOLUTE
    _printf_e                                0x00000000   Number         0  stubs.o ABSOLUTE
    _printf_f                                0x00000000   Number         0  stubs.o ABSOLUTE
    _printf_flags                            0x00000000   Number         0  stubs.o ABSOLUTE
    _printf_fp_dec                           0x00000000   Number         0  stubs.o ABSOLUTE
    _printf_fp_hex                           0x00000000   Number         0  stubs.o ABSOLUTE
    _printf_g                                0x00000000   Number         0  stubs.o ABSOLUTE
    _printf_i                                0x00000000   Number         0  stubs.o ABSOLUTE
    _printf_int_dec                          0x00000000   Number         0  stubs.o ABSOLUTE
    _printf_l                                0x00000000   Number         0  stubs.o ABSOLUTE
    _printf_lc                               0x00000000   Number         0  stubs.o ABSOLUTE
    _printf_ll                               0x00000000   Number         0  stubs.o ABSOLUTE
    _printf_lld                              0x00000000   Number         0  stubs.o ABSOLUTE
    _printf_lli                              0x00000000   Number         0  stubs.o ABSOLUTE
    _printf_llo                              0x00000000   Number         0  stubs.o ABSOLUTE
    _printf_llu                              0x00000000   Number         0  stubs.o ABSOLUTE
    _printf_llx                              0x00000000   Number         0  stubs.o ABSOLUTE
    _printf_longlong_dec                     0x00000000   Number         0  stubs.o ABSOLUTE
    _printf_longlong_hex                     0x00000000   Number         0  stubs.o ABSOLUTE
    _printf_longlong_oct                     0x00000000   Number         0  stubs.o ABSOLUTE
    _printf_ls                               0x00000000   Number         0  stubs.o ABSOLUTE
    _printf_mbtowc                           0x00000000   Number         0  stubs.o ABSOLUTE
    _printf_n                                0x00000000   Number         0  stubs.o ABSOLUTE
    _printf_o                                0x00000000   Number         0  stubs.o ABSOLUTE
    _printf_p                                0x00000000   Number         0  stubs.o ABSOLUTE
    _printf_percent                          0x00000000   Number         0  stubs.o ABSOLUTE
    _printf_pre_padding                      0x00000000   Number         0  stubs.o ABSOLUTE
    _printf_return_value                     0x00000000   Number         0  stubs.o ABSOLUTE
    _printf_s                                0x00000000   Number         0  stubs.o ABSOLUTE
    _printf_sizespec                         0x00000000   Number         0  stubs.o ABSOLUTE
    _printf_str                              0x00000000   Number         0  stubs.o ABSOLUTE
    _printf_truncate_signed                  0x00000000   Number         0  stubs.o ABSOLUTE
    _printf_truncate_unsigned                0x00000000   Number         0  stubs.o ABSOLUTE
    _printf_u                                0x00000000   Number         0  stubs.o ABSOLUTE
    _printf_wc                               0x00000000   Number         0  stubs.o ABSOLUTE
    _printf_wctomb                           0x00000000   Number         0  stubs.o ABSOLUTE
    _printf_widthprec                        0x00000000   Number         0  stubs.o ABSOLUTE
    _printf_x                                0x00000000   Number         0  stubs.o ABSOLUTE
    __cpp_initialize__aeabi_                  - Undefined Weak Reference
    __cxa_finalize                            - Undefined Weak Reference
    _clock_init                               - Undefined Weak Reference
    _microlib_exit                            - Undefined Weak Reference
    __vector_table                           0x10040800   Data         192  system_bluenrg1.o(.intvec)
    CS_contextSave                           0x100408c1   Thumb Code    82  context_switch.o(. text)
    CS_contextRestore                        0x10040913   Thumb Code    42  context_switch.o(. text)
    __main                                   0x10040961   Thumb Code     0  entry.o(.ARM.Collect$$$$00000000)
    _main_stk                                0x10040961   Thumb Code     0  entry3.o(.ARM.Collect$$$$00000002)
    _main_scatterload                        0x10040965   Thumb Code     0  entry5.o(.ARM.Collect$$$$00000004)
    __main_after_scatterload                 0x10040969   Thumb Code     0  entry5.o(.ARM.Collect$$$$00000004)
    _main_clock                              0x10040969   Thumb Code     0  entry7b.o(.ARM.Collect$$$$00000008)
    _main_cpp_init                           0x10040969   Thumb Code     0  entry8b.o(.ARM.Collect$$$$0000000A)
    _main_init                               0x10040969   Thumb Code     0  entry9a.o(.ARM.Collect$$$$0000000B)
    __rt_final_cpp                           0x10040971   Thumb Code     0  entry10a.o(.ARM.Collect$$$$0000000D)
    __rt_final_exit                          0x10040971   Thumb Code     0  entry11a.o(.ARM.Collect$$$$0000000F)
    __aeabi_uidiv                            0x10040975   Thumb Code     0  uidiv.o(.text)
    __aeabi_uidivmod                         0x10040975   Thumb Code    44  uidiv.o(.text)
    __aeabi_memcpy                           0x100409a1   Thumb Code    36  memcpya.o(.text)
    __aeabi_memcpy4                          0x100409a1   Thumb Code     0  memcpya.o(.text)
    __aeabi_memcpy8                          0x100409a1   Thumb Code     0  memcpya.o(.text)
    __aeabi_uldivmod                         0x100409c5   Thumb Code    96  uldiv.o(.text)
    __aeabi_llsl                             0x10040a25   Thumb Code    32  llshl.o(.text)
    _ll_shift_l                              0x10040a25   Thumb Code     0  llshl.o(.text)
    __scatterload                            0x10040a45   Thumb Code    28  init.o(.text)
    __scatterload_rt2                        0x10040a45   Thumb Code     0  init.o(.text)
    __aeabi_llsr                             0x10040a69   Thumb Code    34  llushr.o(.text)
    _ll_ushift_r                             0x10040a69   Thumb Code     0  llushr.o(.text)
    __decompress                             0x10040a8b   Thumb Code     0  __dczerorl.o(.text)
    __decompress0                            0x10040a8b   Thumb Code    58  __dczerorl.o(.text)
    ADC_Handler                              0x10040ac5   Thumb Code     2  system_bluenrg1.o(i.ADC_Handler)
    BOR_ConfigSave                           0x10040ac9   Thumb Code    54  system_bluenrg1.o(i.BOR_ConfigSave)
    Blue_Handler                             0x10040b09   Thumb Code     2  system_bluenrg1.o(i.Blue_Handler)
    DMA_Handler                              0x10040b0b   Thumb Code     2  system_bluenrg1.o(i.DMA_Handler)
    DeviceConfiguration                      0x10040b0d   Thumb Code   298  system_bluenrg1.o(i.DeviceConfiguration)
    GPIO_Handler                             0x10040c71   Thumb Code     2  system_bluenrg1.o(i.GPIO_Handler)
    GPIO_Init                                0x10040c75   Thumb Code   330  bluenrg1_gpio.o(i.GPIO_Init)
    HAL_GetPartInfo                          0x10040dc9   Thumb Code    62  miscutil.o(i.HAL_GetPartInfo)
    HardFault_Handler                        0x10040e15   Thumb Code     2  bluenrg1_it.o(i.HardFault_Handler)
    I2C1_Handler                             0x10040e17   Thumb Code     2  system_bluenrg1.o(i.I2C1_Handler)
    I2C2_Handler                             0x10040e19   Thumb Code     2  system_bluenrg1.o(i.I2C2_Handler)
    MFT1A_Handler                            0x10040e1b   Thumb Code     2  system_bluenrg1.o(i.MFT1A_Handler)
    MFT1B_Handler                            0x10040e1d   Thumb Code     2  system_bluenrg1.o(i.MFT1B_Handler)
    MFT2A_Handler                            0x10040e1f   Thumb Code     2  system_bluenrg1.o(i.MFT2A_Handler)
    MFT2B_Handler                            0x10040e21   Thumb Code     2  system_bluenrg1.o(i.MFT2B_Handler)
    NMI_Handler                              0x10040e23   Thumb Code     2  bluenrg1_it.o(i.NMI_Handler)
    NVM_Handler                              0x10040e69   Thumb Code     2  system_bluenrg1.o(i.NVM_Handler)
    PKA_Handler                              0x10040e6b   Thumb Code     2  system_bluenrg1.o(i.PKA_Handler)
    PendSV_Handler                           0x10040e6d   Thumb Code     2  system_bluenrg1.o(i.PendSV_Handler)
    RESET_HANDLER                            0x10040e71   Thumb Code    28  system_bluenrg1.o(i.RESET_HANDLER)
    RNG_GetFlagStatus                        0x10040e91   Thumb Code    14  bluenrg1_rng.o(i.RNG_GetFlagStatus)
    RTC_Handler                              0x10040e9f   Thumb Code     2  system_bluenrg1.o(i.RTC_Handler)
    SET_BORconfigStatus                      0x10040ea1   Thumb Code    54  system_bluenrg1.o(i.SET_BORconfigStatus)
    SPI_Handler                              0x10040edd   Thumb Code     2  system_bluenrg1.o(i.SPI_Handler)
    SVC_Handler                              0x10040edf   Thumb Code     2  bluenrg1_it.o(i.SVC_Handler)
    SdkEvalComUartInit                       0x10040ee1   Thumb Code    94  sdk_eval_com.o(i.SdkEvalComUartInit)
    SdkEvalIdentification                    0x10040f41   Thumb Code     8  sdk_eval_config.o(i.SdkEvalIdentification)
    Set_RF_FrontEnd                          0x10040f65   Thumb Code    66  system_bluenrg1.o(i.Set_RF_FrontEnd)
    SysCtrl_GetWakeupResetReason             0x10040fad   Thumb Code   142  bluenrg1_sysctrl.o(i.SysCtrl_GetWakeupResetReason)
    SysCtrl_PeripheralClockCmd               0x10041049   Thumb Code    52  bluenrg1_sysctrl.o(i.SysCtrl_PeripheralClockCmd)
    SysTick_Handler                          0x10041089   Thumb Code     2  bluenrg1_it.o(i.SysTick_Handler)
    SystemInit                               0x1004108d   Thumb Code   170  system_bluenrg1.o(i.SystemInit)
    UART_Cmd                                 0x10041145   Thumb Code    38  bluenrg1_uart.o(i.UART_Cmd)
    UART_GetFlagStatus                       0x10041175   Thumb Code    82  bluenrg1_uart.o(i.UART_GetFlagStatus)
    UART_Handler                             0x100411d5   Thumb Code     2  system_bluenrg1.o(i.UART_Handler)
    UART_Init                                0x100411d9   Thumb Code   456  bluenrg1_uart.o(i.UART_Init)
    UART_RxFifoIrqLevelConfig                0x100413b1   Thumb Code    58  bluenrg1_uart.o(i.UART_RxFifoIrqLevelConfig)
    UART_SendData                            0x100413f5   Thumb Code    30  bluenrg1_uart.o(i.UART_SendData)
    WDG_Handler                              0x10041421   Thumb Code     2  system_bluenrg1.o(i.WDG_Handler)
    __0printf$8                              0x10041425   Thumb Code    24  printf8.o(i.__0printf$8)
    __1printf$8                              0x10041425   Thumb Code     0  printf8.o(i.__0printf$8)
    __2printf                                0x10041425   Thumb Code     0  printf8.o(i.__0printf$8)
    __low_level_init                         0x10041445   Thumb Code    68  system_bluenrg1.o(i.__low_level_init)
    __scatterload_copy                       0x10041495   Thumb Code    14  handlers.o(i.__scatterload_copy)
    __scatterload_null                       0x100414a3   Thumb Code     2  handlers.o(i.__scatterload_null)
    __scatterload_zeroinit                   0x100414a5   Thumb Code    14  handlers.o(i.__scatterload_zeroinit)
    assert_failed                            0x10041929   Thumb Code     2  rng_terminal_main.o(i.assert_failed)
    fputc                                    0x1004192b   Thumb Code    12  sdk_eval_com.o(i.fputc)
    main                                     0x10041939   Thumb Code    38  rng_terminal_main.o(i.main)
    Region$$Table$$Base                      0x10041ab0   Number         0  anon$$obj.o(Region$$Table)
    Region$$Table$$Limit                     0x10041b40   Number         0  anon$$obj.o(Region$$Table)
    savedMSP                                 0x20000008   Data           4  system_bluenrg1.o(.savedMSP)
    wakeupFromSleepFlag                      0x2000000c   Data           1  system_bluenrg1.o(.wakeupFromSleepFlag)
    app_base                                 0x20000010   Data           4  system_bluenrg1.o(.app_base)
    flash_sw_lock                            0x20000014   Data           4  system_bluenrg1.o(.flash_sw_lock)
    rfTimeout                                0x20000018   Data           4  system_bluenrg1.o(.rfTimeout)
    __blueflag_RAM                           0x20000030   Data           4  system_bluenrg1.o(.__blueflag_RAM)
    __blue_RAM                               0x200000c0   Data         524  system_bluenrg1.o(.bss.__blue_RAM)
    __stdout                                 0x200002cc   Data           4  sdk_eval_com.o(.data)
    savedICSR                                0x200002d4   Data           4  system_bluenrg1.o(.data)
    savedSHCSR                               0x200002d8   Data           4  system_bluenrg1.o(.data)
    savedNVIC_ISPR                           0x200002dc   Data           4  system_bluenrg1.o(.data)
    BOR_config                               0x200002e0   Data           7  system_bluenrg1.o(.data)
    hot_table_radio_config                   0x200002e8   Data          32  system_bluenrg1.o(.bss)
    Image$$ARM_LIB_STACKHEAP$$ZI$$Limit      0x20006000   Number         0  anon$$obj.o ABSOLUTE



==============================================================================

Memory Map of the image

  Image Entry point : 0x10040961

  Load Region LR_IROM2 (Base: 0x10040000, Size: 0x00000000, Max: 0x00000800, ABSOLUTE)

    Execution Region REGION_FLASH_BOOTLOADER (Exec base: 0x10040000, Load base: 0x10040000, Size: 0x00000000, Max: 0x00000800, ABSOLUTE)

    **** No section assigned to this execution region ****



  Load Region LR_IROM1 (Base: 0x10040800, Size: 0x00001580, Max: 0x00040000, ABSOLUTE, COMPRESSED[0x0000137c])

    Execution Region REGION_ROM (Exec base: 0x10000000, Load base: 0x10041b7c, Size: 0x00000800, Max: 0x00000800, ABSOLUTE)

    Exec Addr    Load Addr    Size         Type   Attr      Idx    E Section Name        Object

    0x10000000        -       0x00000800   Zero   RW            1    REGION_ROM.bss      anon$$obj.o


    Execution Region REGION_FLASH (Exec base: 0x10040800, Load base: 0x10040800, Size: 0x00001340, Max: 0x0003e800, ABSOLUTE)

    Exec Addr    Load Addr    Size         Type   Attr      Idx    E Section Name        Object

    0x10040800   0x10040800   0x000000c0   Data   RO         1893    .intvec             system_bluenrg1.o
    0x100408c0   0x100408c0   0x000000a0   Code   RO         1847    . text              context_switch.o
    0x10040960   0x10040960   0x00000000   Code   RO         2185  * .ARM.Collect$$$$00000000  mc_p.l(entry.o)
    0x10040960   0x10040960   0x00000004   Code   RO         2475    .ARM.Collect$$$$00000002  mc_p.l(entry3.o)
    0x10040964   0x10040964   0x00000004   Code   RO         2478    .ARM.Collect$$$$00000004  mc_p.l(entry5.o)
    0x10040968   0x10040968   0x00000000   Code   RO         2480    .ARM.Collect$$$$00000008  mc_p.l(entry7b.o)
    0x10040968   0x10040968   0x00000000   Code   RO         2482    .ARM.Collect$$$$0000000A  mc_p.l(entry8b.o)
    0x10040968   0x10040968   0x00000008   Code   RO         2483    .ARM.Collect$$$$0000000B  mc_p.l(entry9a.o)
    0x10040970   0x10040970   0x00000000   Code   RO         2485    .ARM.Collect$$$$0000000D  mc_p.l(entry10a.o)
    0x10040970   0x10040970   0x00000000   Code   RO         2487    .ARM.Collect$$$$0000000F  mc_p.l(entry11a.o)
    0x10040970   0x10040970   0x00000004   Code   RO         2476    .ARM.Collect$$$$00002713  mc_p.l(entry3.o)
    0x10040974   0x10040974   0x0000002c   Code   RO         2188    .text               mc_p.l(uidiv.o)
    0x100409a0   0x100409a0   0x00000024   Code   RO         2190    .text               mc_p.l(memcpya.o)
    0x100409c4   0x100409c4   0x00000060   Code   RO         2489    .text               mc_p.l(uldiv.o)
    0x10040a24   0x10040a24   0x00000020   Code   RO         2491    .text               mc_p.l(llshl.o)
    0x10040a44   0x10040a44   0x00000024   Code   RO         2508    .text               mc_p.l(init.o)
    0x10040a68   0x10040a68   0x00000022   Code   RO         2510    .text               mc_p.l(llushr.o)
    0x10040a8a   0x10040a8a   0x0000003a   Code   RO         2520    .text               mc_p.l(__dczerorl.o)
    0x10040ac4   0x10040ac4   0x00000002   Code   RO         1853    i.ADC_Handler       system_bluenrg1.o
    0x10040ac6   0x10040ac6   0x00000002   PAD
    0x10040ac8   0x10040ac8   0x00000040   Code   RO         1854    i.BOR_ConfigSave    system_bluenrg1.o
    0x10040b08   0x10040b08   0x00000002   Code   RO         1855    i.Blue_Handler      system_bluenrg1.o
    0x10040b0a   0x10040b0a   0x00000002   Code   RO         1856    i.DMA_Handler       system_bluenrg1.o
    0x10040b0c   0x10040b0c   0x00000164   Code   RO         1857    i.DeviceConfiguration  system_bluenrg1.o
    0x10040c70   0x10040c70   0x00000002   Code   RO         1858    i.GPIO_Handler      system_bluenrg1.o
    0x10040c72   0x10040c72   0x00000002   PAD
    0x10040c74   0x10040c74   0x00000154   Code   RO          452    i.GPIO_Init         bluenrg1_gpio.o
    0x10040dc8   0x10040dc8   0x0000004c   Code   RO            8    i.HAL_GetPartInfo   miscutil.o
    0x10040e14   0x10040e14   0x00000002   Code   RO         2083    i.HardFault_Handler  bluenrg1_it.o
    0x10040e16   0x10040e16   0x00000002   Code   RO         1860    i.I2C1_Handler      system_bluenrg1.o
    0x10040e18   0x10040e18   0x00000002   Code   RO         1861    i.I2C2_Handler      system_bluenrg1.o
    0x10040e1a   0x10040e1a   0x00000002   Code   RO         1862    i.MFT1A_Handler     system_bluenrg1.o
    0x10040e1c   0x10040e1c   0x00000002   Code   RO         1863    i.MFT1B_Handler     system_bluenrg1.o
    0x10040e1e   0x10040e1e   0x00000002   Code   RO         1864    i.MFT2A_Handler     system_bluenrg1.o
    0x10040e20   0x10040e20   0x00000002   Code   RO         1865    i.MFT2B_Handler     system_bluenrg1.o
    0x10040e22   0x10040e22   0x00000002   Code   RO         2084    i.NMI_Handler       bluenrg1_it.o
    0x10040e24   0x10040e24   0x00000044   Code   RO         1867    i.NVIC_SetPriority  system_bluenrg1.o
    0x10040e68   0x10040e68   0x00000002   Code   RO         1868    i.NVM_Handler       system_bluenrg1.o
    0x10040e6a   0x10040e6a   0x00000002   Code   RO         1869    i.PKA_Handler       system_bluenrg1.o
    0x10040e6c   0x10040e6c   0x00000002   Code   RO         1870    i.PendSV_Handler    system_bluenrg1.o
    0x10040e6e   0x10040e6e   0x00000002   PAD
    0x10040e70   0x10040e70   0x00000020   Code   RO         1871    i.RESET_HANDLER     system_bluenrg1.o
    0x10040e90   0x10040e90   0x0000000e   Code   RO          868    i.RNG_GetFlagStatus  bluenrg1_rng.o
    0x10040e9e   0x10040e9e   0x00000002   Code   RO         1872    i.RTC_Handler       system_bluenrg1.o
    0x10040ea0   0x10040ea0   0x0000003c   Code   RO         1873    i.SET_BORconfigStatus  system_bluenrg1.o
    0x10040edc   0x10040edc   0x00000002   Code   RO         1874    i.SPI_Handler       system_bluenrg1.o
    0x10040ede   0x10040ede   0x00000002   Code   RO         2085    i.SVC_Handler       bluenrg1_it.o
    0x10040ee0   0x10040ee0   0x0000005e   Code   RO         1642    i.SdkEvalComUartInit  sdk_eval_com.o
    0x10040f3e   0x10040f3e   0x00000002   PAD
    0x10040f40   0x10040f40   0x0000000c   Code   RO         1752    i.SdkEvalIdentification  sdk_eval_config.o
    0x10040f4c   0x10040f4c   0x00000016   Code   RO         1644    i.SdkEvalUart_Send_Data  sdk_eval_com.o
    0x10040f62   0x10040f62   0x00000002   PAD
    0x10040f64   0x10040f64   0x00000048   Code   RO         1876    i.Set_RF_FrontEnd   system_bluenrg1.o
    0x10040fac   0x10040fac   0x0000009c   Code   RO         1197    i.SysCtrl_GetWakeupResetReason  bluenrg1_sysctrl.o
    0x10041048   0x10041048   0x00000040   Code   RO         1198    i.SysCtrl_PeripheralClockCmd  bluenrg1_sysctrl.o
    0x10041088   0x10041088   0x00000002   Code   RO         2086    i.SysTick_Handler   bluenrg1_it.o
    0x1004108a   0x1004108a   0x00000002   PAD
    0x1004108c   0x1004108c   0x000000b8   Code   RO         1878    i.SystemInit        system_bluenrg1.o
    0x10041144   0x10041144   0x00000030   Code   RO         1247    i.UART_Cmd          bluenrg1_uart.o
    0x10041174   0x10041174   0x00000060   Code   RO         1250    i.UART_GetFlagStatus  bluenrg1_uart.o
    0x100411d4   0x100411d4   0x00000002   Code   RO         1879    i.UART_Handler      system_bluenrg1.o
    0x100411d6   0x100411d6   0x00000002   PAD
    0x100411d8   0x100411d8   0x000001d8   Code   RO         1253    i.UART_Init         bluenrg1_uart.o
    0x100413b0   0x100413b0   0x00000044   Code   RO         1258    i.UART_RxFifoIrqLevelConfig  bluenrg1_uart.o
    0x100413f4   0x100413f4   0x0000002c   Code   RO         1260    i.UART_SendData     bluenrg1_uart.o
    0x10041420   0x10041420   0x00000002   Code   RO         1880    i.WDG_Handler       system_bluenrg1.o
    0x10041422   0x10041422   0x00000002   PAD
    0x10041424   0x10041424   0x00000020   Code   RO         2401    i.__0printf$8       mc_p.l(printf8.o)
    0x10041444   0x10041444   0x00000050   Code   RO         1882    i.__low_level_init  system_bluenrg1.o
    0x10041494   0x10041494   0x0000000e   Code   RO         2514    i.__scatterload_copy  mc_p.l(handlers.o)
    0x100414a2   0x100414a2   0x00000002   Code   RO         2515    i.__scatterload_null  mc_p.l(handlers.o)
    0x100414a4   0x100414a4   0x0000000e   Code   RO         2516    i.__scatterload_zeroinit  mc_p.l(handlers.o)
    0x100414b2   0x100414b2   0x00000002   PAD
    0x100414b4   0x100414b4   0x00000428   Code   RO         2408    i._printf_core      mc_p.l(printf8.o)
    0x100418dc   0x100418dc   0x00000020   Code   RO         2409    i._printf_post_padding  mc_p.l(printf8.o)
    0x100418fc   0x100418fc   0x0000002c   Code   RO         2410    i._printf_pre_padding  mc_p.l(printf8.o)
    0x10041928   0x10041928   0x00000002   Code   RO         2157    i.assert_failed     rng_terminal_main.o
    0x1004192a   0x1004192a   0x0000000c   Code   RO         1647    i.fputc             sdk_eval_com.o
    0x10041936   0x10041936   0x00000002   PAD
    0x10041938   0x10041938   0x00000040   Code   RO         2158    i.main              rng_terminal_main.o
    0x10041978   0x10041978   0x00000060   Code   RO         1883    i.nextRF_transaction  system_bluenrg1.o
    0x100419d8   0x100419d8   0x00000045   Data   RO          462    .conststring        bluenrg1_gpio.o
    0x10041a1d   0x10041a1d   0x00000003   PAD
    0x10041a20   0x10041a20   0x00000048   Data   RO         1201    .conststring        bluenrg1_sysctrl.o
    0x10041a68   0x10041a68   0x00000045   Data   RO         1271    .conststring        bluenrg1_uart.o
    0x10041aad   0x10041aad   0x00000003   PAD
    0x10041ab0   0x10041ab0   0x00000090   Data   RO         2512    Region$$Table       anon$$obj.o


    Execution Region BLOCK_STACKLIB_FLASH_DATA (Exec base: 0x1007f000, Load base: 0x10041b40, Size: 0x00000000, Max: 0x00001000, ABSOLUTE, UNINIT)

    **** No section assigned to this execution region ****


    Execution Region ota_sw_activation_block (Exec base: 0x20000004, Load base: 0x10041b40, Size: 0x00000000, Max: 0x00000004, ABSOLUTE, UNINIT)

    **** No section assigned to this execution region ****


    Execution Region savedMSP_block (Exec base: 0x20000008, Load base: 0x10041b40, Size: 0x00000004, Max: 0x00000004, ABSOLUTE)

    Exec Addr    Load Addr    Size         Type   Attr      Idx    E Section Name        Object

    0x20000008   0x10041b40   0x00000004   Data   RW         1896    .savedMSP           system_bluenrg1.o


    Execution Region wakeupFromSleepFlag_block (Exec base: 0x2000000c, Load base: 0x10041b44, Size: 0x00000004, Max: 0x00000004, ABSOLUTE)

    Exec Addr    Load Addr    Size         Type   Attr      Idx    E Section Name        Object

    0x2000000c   0x10041b44   0x00000001   Data   RW         1897    .wakeupFromSleepFlag  system_bluenrg1.o


    Execution Region app_base_block (Exec base: 0x20000010, Load base: 0x10041b48, Size: 0x00000004, Max: 0x00000004, ABSOLUTE)

    Exec Addr    Load Addr    Size         Type   Attr      Idx    E Section Name        Object

    0x20000010   0x10041b48   0x00000004   Data   RW         1885    .app_base           system_bluenrg1.o


    Execution Region flash_sw_lock_block (Exec base: 0x20000014, Load base: 0x10041b4c, Size: 0x00000004, Max: 0x00000004, ABSOLUTE)

    Exec Addr    Load Addr    Size         Type   Attr      Idx    E Section Name        Object

    0x20000014   0x10041b4c   0x00000004   Data   RW         1892    .flash_sw_lock      system_bluenrg1.o


    Execution Region rfTimeout_block (Exec base: 0x20000018, Load base: 0x10041b50, Size: 0x00000004, Max: 0x00000004, ABSOLUTE)

    Exec Addr    Load Addr    Size         Type   Attr      Idx    E Section Name        Object

    0x20000018   0x10041b50   0x00000004   Data   RW         1895    .rfTimeout          system_bluenrg1.o


    Execution Region Blue_Flag_Ram_block (Exec base: 0x20000030, Load base: 0x10041b54, Size: 0x00000004, Max: 0x00000004, ABSOLUTE)

    Exec Addr    Load Addr    Size         Type   Attr      Idx    E Section Name        Object

    0x20000030   0x10041b54   0x00000004   Data   RW         1884    .__blueflag_RAM     system_bluenrg1.o


    Execution Region Crash_Info_block (Exec base: 0x20000034, Load base: 0x10041b58, Size: 0x00000000, Max: 0x00000028, ABSOLUTE, UNINIT)

    **** No section assigned to this execution region ****


    Execution Region BLUE (Exec base: 0x200000c0, Load base: 0x10041b58, Size: 0x0000020c, Max: 0x0000020c, ABSOLUTE, COMPRESSED[0x00000008])

    Exec Addr    Load Addr    Size         Type   Attr      Idx    E Section Name        Object

    0x200000c0   COMPRESSED   0x0000020c   Data   RW         1887    .bss.__blue_RAM     system_bluenrg1.o


    Execution Region REGION_RAM2 (Exec base: 0x200002cc, Load base: 0x10041b60, Size: 0x0000003c, Max: 0x00005d34, ABSOLUTE)

    Exec Addr    Load Addr    Size         Type   Attr      Idx    E Section Name        Object

    0x200002cc   0x10041b60   0x00000004   Data   RW         1650    .data               sdk_eval_com.o
    0x200002d0   0x10041b64   0x00000001   Data   RW         1753    .data               sdk_eval_config.o
    0x200002d1   0x10041b65   0x00000003   PAD
    0x200002d4   0x10041b68   0x00000004   Data   RW         1888    .data               system_bluenrg1.o
    0x200002d8   0x10041b6c   0x00000004   Data   RW         1889    .data               system_bluenrg1.o
    0x200002dc   0x10041b70   0x00000004   Data   RW         1890    .data               system_bluenrg1.o
    0x200002e0   0x10041b74   0x00000007   Data   RW         1891    .data               system_bluenrg1.o
    0x200002e7   0x10041b7b   0x00000001   PAD
    0x200002e8        -       0x00000020   Zero   RW         1886    .bss                system_bluenrg1.o


    Execution Region REGION_RAM3 (Exec base: 0x20000308, Load base: 0x10041b7c, Size: 0x00000000, Max: 0x00005d34, ABSOLUTE, UNINIT)

    **** No section assigned to this execution region ****


    Execution Region ARM_LIB_STACKHEAP (Exec base: 0x20005400, Load base: 0x10041b7c, Size: 0x00000c00, Max: 0x00000c00, ABSOLUTE)

    Exec Addr    Load Addr    Size         Type   Attr      Idx    E Section Name        Object

    0x20005400        -       0x00000c00   Zero   RW            2    ARM_LIB_STACKHEAP.bss  anon$$obj.o


==============================================================================

Image component sizes


      Code (inc. data)   RO Data    RW Data    ZI Data      Debug   Object Name

       340         10         69          0          0      10748   bluenrg1_gpio.o
         8          0          0          0          0       1818   bluenrg1_it.o
        14          0          0          0          0        596   bluenrg1_rng.o
       220         26         72          0          0       3912   bluenrg1_sysctrl.o
       728         64         69          0          0       8444   bluenrg1_uart.o
       160         36          0          0          0        548   context_switch.o
        76         14          0          0          0      31306   miscutil.o
        66         26          0          0          0       1555   rng_terminal_main.o
         0          0          0          0          0      15520   sdk_eval_button.o
       128          0          0          4          0       5513   sdk_eval_com.o
        12          4          0          1          0       1440   sdk_eval_config.o
      1046        126        192        564         32      23350   system_bluenrg1.o

    ----------------------------------------------------------------------
      2816        306        552        576       5152     104750   Object Totals
         0          0        144          0       5120          0   (incl. Generated)
        18          0          6          7          0          0   (incl. Padding)

    ----------------------------------------------------------------------

      Code (inc. data)   RO Data    RW Data    ZI Data      Debug   Library Member Name

        58          0          0          0          0          0   __dczerorl.o
         0          0          0          0          0          0   entry.o
         0          0          0          0          0          0   entry10a.o
         0          0          0          0          0          0   entry11a.o
         8          4          0          0          0          0   entry3.o
         4          0          0          0          0          0   entry5.o
         0          0          0          0          0          0   entry7b.o
         0          0          0          0          0          0   entry8b.o
         8          4          0          0          0          0   entry9a.o
        30          0          0          0          0          0   handlers.o
        36          8          0          0          0         68   init.o
        32          0          0          0          0         68   llshl.o
        34          0          0          0          0         68   llushr.o
        36          0          0          0          0         60   memcpya.o
      1172         52          0          0          0        324   printf8.o
        44          0          0          0          0         72   uidiv.o
        96          0          0          0          0         84   uldiv.o

    ----------------------------------------------------------------------
      1560         68          0          0          0        744   Library Totals
         2          0          0          0          0          0   (incl. Padding)

    ----------------------------------------------------------------------

      Code (inc. data)   RO Data    RW Data    ZI Data      Debug   Library Name

      1558         68          0          0          0        744   mc_p.l

    ----------------------------------------------------------------------
      1560         68          0          0          0        744   Library Totals

    ----------------------------------------------------------------------

==============================================================================


      Code (inc. data)   RO Data    RW Data    ZI Data      Debug   

      4376        374        552        576       5152     103562   Grand Totals
      4376        374        552         60       5152     103562   ELF Image Totals (compressed)
      4376        374        552         60          0          0   ROM Totals

==============================================================================

    Total RO  Size (Code + RO Data)                 4928 (   4.81kB)
    Total RW  Size (RW Data + ZI Data)              5728 (   5.59kB)
    Total ROM Size (Code + RO Data + RW Data)       4988 (   4.87kB)

==============================================================================

