<!doctype html public "-//w3c//dtd html 4.0 transitional//en">
<html><head>
<title>Static Call Graph - [.\Release\Objects\BLE_Beacon.axf]</title></head>
<body><HR>
<H1>Static Call Graph for image .\Release\Objects\BLE_Beacon.axf</H1><HR>
<BR><P>#&#060CALLGRAPH&#062# ARM Linker, 5060750: Last Updated: Fri Feb 14 10:01:22 2020
<BR><P>
<H3>Maximum Stack Usage =        772 bytes + Unknown(Functions without stacksize, Cycles, Untraceable Function Pointers)</H3><H3>
Call chain for Maximum Stack Depth:</H3>
RESET_HANDLER &rArr; main &rArr; BlueNRG_Sleep &rArr; BlueNRG_InternalSleep &rArr; DeviceConfiguration
<P>
<H3>
Functions with no stack information
</H3><UL>
 <LI><a href="#[6e]">ATT_fill_error_resp</a>
 <LI><a href="#[75]">Accu_Handles_Requiring_Auth</a>
 <LI><a href="#[76]">Accu_UuidTypes_Requiring_Auth</a>
 <LI><a href="#[a3]">Acl_Init</a>
 <LI><a href="#[78]">Acl_Rcv_Pkt_Handler</a>
 <LI><a href="#[7b]">Acl_Transmit_Data</a>
 <LI><a href="#[81]">Acl_Tx_Cmpl_Pkt_Handler</a>
 <LI><a href="#[85]">Att_Check_Perms</a>
 <LI><a href="#[88]">BTLE_StackTick</a>
 <LI><a href="#[9a]">BlueNRG_Stack_Initialization</a>
 <LI><a href="#[99]">BlueNRG_Stack_Perform_Deep_Sleep_Check</a>
 <LI><a href="#[b2]">Blue_Init_Global</a>
 <LI><a href="#[b3]">Blue_Set_Radio_Config_Data</a>
 <LI><a href="#[b5]">Build_Notif_Or_Ind</a>
 <LI><a href="#[b6]">CheckSecForSignedWrite</a>
 <LI><a href="#[10b]">Check_Encry_Key_Size</a>
 <LI><a href="#[b7]">Check_For_Service_Change</a>
 <LI><a href="#[87]">Check_Permission</a>
 <LI><a href="#[8b]">Controller_Process_Q</a>
 <LI><a href="#[c1]">Data_Len_Update_Offline_Processing_ucfg</a>
 <LI><a href="#[255]">Data_Length_Update_Control_ISR_ucfg</a>
 <LI><a href="#[274]">Delay_With_NOP_Cycles</a>
 <LI><a href="#[c2]">Disconnection_Offline_Processing</a>
 <LI><a href="#[ab]">Dynamic_allocator</a>
 <LI><a href="#[ac]">Dynamic_allocator_noRet</a>
 <LI><a href="#[8c]">Events_Process_Q</a>
 <LI><a href="#[a9]">Events_Process_init</a>
 <LI><a href="#[d1]">Exchg_Mtu_Resp</a>
 <LI><a href="#[d2]">Exec_Write_Resp</a>
 <LI><a href="#[bb]">Find_Attr_Index</a>
 <LI><a href="#[d8]">Find_By_Type_Val_Resp</a>
 <LI><a href="#[ba]">Find_Gatt_Client</a>
 <LI><a href="#[db]">Find_Info_Resp</a>
 <LI><a href="#[104]">Find_Timed_Out_Connection</a>
 <LI><a href="#[dc]">Flash_Write_Flagged</a>
 <LI><a href="#[de]">GAP_Connection_Complete_Handler</a>
 <LI><a href="#[1d0]">GAP_DiscProcTimeoutcb_ucfg</a>
 <LI><a href="#[e0]">GAP_Init</a>
 <LI><a href="#[a6]">GAP_Init_Context</a>
 <LI><a href="#[e8]">GAP_LL_Event_Handler_ISR</a>
 <LI><a href="#[1cf]">GAP_LimDiscTimeoutcb_ucfg</a>
 <LI><a href="#[ea]">GAP_Notify_Add_Charac</a>
 <LI><a href="#[ed]">GAP_Privacy1v2</a>
 <LI><a href="#[f5]">GAP_PrivateAddrTimercb</a>
 <LI><a href="#[8f]">GAP_Process_Q</a>
 <LI><a href="#[fa]">GAP_Set_Discoverable_Mode</a>
 <LI><a href="#[e3]">GAP_check_and_set_role_ucfg</a>
 <LI><a href="#[f9]">GAP_discover_peer_name_ucfg</a>
 <LI><a href="#[e4]">GAP_enable_controller_privacy_ucfg</a>
 <LI><a href="#[fc]">GATT_Connection_Complete_Handler</a>
 <LI><a href="#[eb]">GATT_Num_Charac_Present</a>
 <LI><a href="#[100]">GATT_Send_Packet</a>
 <LI><a href="#[103]">GATT_TimeOut_Handler</a>
 <LI><a href="#[27c]">GapIsPrivacySupported</a>
 <LI><a href="#[105]">Gatt_Add_Charac_Desc</a>
 <LI><a href="#[e6]">Gatt_Add_Characteristic</a>
 <LI><a href="#[109]">Gatt_Add_Descriptor</a>
 <LI><a href="#[e5]">Gatt_Add_Service</a>
 <LI><a href="#[190]">Gatt_Find_Srv_From_Handle</a>
 <LI><a href="#[73]">Gatt_Find_Srv_Owner_Of_Handle</a>
 <LI><a href="#[119]">Gatt_Find_Timed_Out_Connection_Index</a>
 <LI><a href="#[90]">Gatt_Process_Q</a>
 <LI><a href="#[106]">Gatt_Server_Db_Check</a>
 <LI><a href="#[11b]">Gatt_Server_Init</a>
 <LI><a href="#[11d]">Gatt_Server_L2C_Handler</a>
 <LI><a href="#[122]">Gatt_Server_L2C_Handler_ISR</a>
 <LI><a href="#[e7]">Gatt_Update_Charac_Value</a>
 <LI><a href="#[125]">Gatt_Update_Charac_Value_Ext</a>
 <LI><a href="#[b9]">Gatt_fetch_handle</a>
 <LI><a href="#[74]">Gatt_search_handle</a>
 <LI><a href="#[ff]">Gatt_search_service_handle</a>
 <LI><a href="#[f1]">Generate_Non_Resolvable_Private_Address</a>
 <LI><a href="#[fe]">Get_GAP_Handle</a>
 <LI><a href="#[e2]">Get_StaticRandAddr</a>
 <LI><a href="#[128]">HAL_Flash_Store_Data</a>
 <LI><a href="#[129]">HAL_Generate_Random_Bytes_To</a>
 <LI><a href="#[1df]">HAL_Set_TX_Power_Level</a>
 <LI><a href="#[1d4]">HAL_VTimerAcc_sysT32_ms</a>
 <LI><a href="#[12a]">HAL_VTimerGetCurrentTime_sysT32</a>
 <LI><a href="#[1d1]">HAL_VTimerTimeoutCallback</a>
 <LI><a href="#[a7]">HCI_Init</a>
 <LI><a href="#[127]">Hal_Get_Random_Number</a>
 <LI><a href="#[131]">Hal_Get_Random_Number32</a>
 <LI><a href="#[e1]">IDD_Initialize_Device_IDs</a>
 <LI><a href="#[bc]">Ind_Service_Change_Charac</a>
 <LI><a href="#[14c]">Is_Address_Initialized</a>
 <LI><a href="#[18a]">Is_Flash_Write_On_Going</a>
 <LI><a href="#[134]">L2C_Build_Command_Reject_Pdu</a>
 <LI><a href="#[136]">L2C_Connection_Complete_Handler</a>
 <LI><a href="#[139]">L2C_Connection_Complete_Signal_Handler</a>
 <LI><a href="#[141]">L2C_Get_PDU_Len</a>
 <LI><a href="#[a4]">L2C_Init</a>
 <LI><a href="#[143]">L2C_Rcv_Event_Handler</a>
 <LI><a href="#[144]">L2C_Rcv_Event_Handler_ISR</a>
 <LI><a href="#[101]">L2C_Send_Data</a>
 <LI><a href="#[148]">L2C_SigChan_Req_TimeOut_Handler</a>
 <LI><a href="#[13b]">L2C_Signal_Channel_Handler</a>
 <LI><a href="#[138]">L2C_Signal_Channel_Handler_ISR</a>
 <LI><a href="#[ee]">LL_Allow_Address_Setting</a>
 <LI><a href="#[14b]">LL_Check_And_Set_Addresses</a>
 <LI><a href="#[25d]">LL_Data_Length_Change_Event_ucfg</a>
 <LI><a href="#[152]">LL_Enable_Disable_Adv</a>
 <LI><a href="#[158]">LL_Encrypt_Plain_Data_ucfg</a>
 <LI><a href="#[14a]">LL_Get_Address</a>
 <LI><a href="#[ef]">LL_Get_AdvAddress</a>
 <LI><a href="#[15b]">LL_Get_Adv_Tx_Power_Level</a>
 <LI><a href="#[f0]">LL_Get_ScanAddress</a>
 <LI><a href="#[a1]">LL_Init</a>
 <LI><a href="#[15d]">LL_LE_Clear_White_List</a>
 <LI><a href="#[7c]">LL_Send_ACL_Data</a>
 <LI><a href="#[c8]">LL_Send_Disconnection_Req</a>
 <LI><a href="#[25e]">LL_Send_Length_Resp_ucfg</a>
 <LI><a href="#[15f]">LL_Set_Adv_Data</a>
 <LI><a href="#[155]">LL_Set_Adv_PDU_Format</a>
 <LI><a href="#[160]">LL_Set_Adv_Params</a>
 <LI><a href="#[154]">LL_Set_Advertising_Buffers</a>
 <LI><a href="#[162]">LL_Set_LTK</a>
 <LI><a href="#[150]">LL_Set_OwnAddress</a>
 <LI><a href="#[24c]">LL_Set_Scan_Resp_Data</a>
 <LI><a href="#[157]">LL_Sleep_Req</a>
 <LI><a href="#[163]">LL_Update_Advertising_Buffers</a>
 <LI><a href="#[164]">LL_Update_Scanning_Initiating_Buffers</a>
 <LI><a href="#[165]">LL_receive_data</a>
 <LI><a href="#[205]">LL_update_proc</a>
 <LI><a href="#[107]">List_Circular_Get_Size</a>
 <LI><a href="#[10d]">List_Circular_Insert_Tail</a>
 <LI><a href="#[167]">List_Circular_Node_Present</a>
 <LI><a href="#[1d6]">List_Circular_Remove_Head</a>
 <LI><a href="#[10c]">List_Circular_Remove_Node</a>
 <LI><a href="#[13f]">Mem_Buff_Append</a>
 <LI><a href="#[168]">Mem_Buff_Block_Copy</a>
 <LI><a href="#[16a]">Mem_Buff_Block_Write</a>
 <LI><a href="#[16b]">Mem_Buff_Clone</a>
 <LI><a href="#[16c]">Mem_Buff_Cmp</a>
 <LI><a href="#[16d]">Mem_Buff_Compact</a>
 <LI><a href="#[176]">Mem_Buff_Get</a>
 <LI><a href="#[173]">Mem_Buff_Get_Chain_Count</a>
 <LI><a href="#[17b]">Mem_Buff_Get_Chain_Size</a>
 <LI><a href="#[178]">Mem_Buff_Init</a>
 <LI><a href="#[16e]">Mem_Buff_Read</a>
 <LI><a href="#[179]">Mem_Buff_Release</a>
 <LI><a href="#[17c]">Mem_Buff_Resize</a>
 <LI><a href="#[16f]">Mem_Buff_Write</a>
 <LI><a href="#[c0]">PKA_Offline_Processing_ucfg</a>
 <LI><a href="#[172]">PM_Clone_Pckt</a>
 <LI><a href="#[140]">PM_Compact</a>
 <LI><a href="#[d5]">PM_Copy_Pckt_Data</a>
 <LI><a href="#[177]">PM_Eng_Config</a>
 <LI><a href="#[13e]">PM_Extract_Pdu_MBuff</a>
 <LI><a href="#[117]">PM_Get_Available_Buffer</a>
 <LI><a href="#[174]">PM_Get_Mem_Buff_Count</a>
 <LI><a href="#[120]">PM_Get_Pckt</a>
 <LI><a href="#[a2]">PM_Init</a>
 <LI><a href="#[da]">PM_Pckt_Cmp</a>
 <LI><a href="#[d7]">PM_Release_Acl_Pckt</a>
 <LI><a href="#[17a]">PM_Resize_Pckt_Pdu_Size</a>
 <LI><a href="#[71]">PM_Write_Pckt_Data</a>
 <LI><a href="#[14d]">PRIVWHIT_u8SearchAddrInList</a>
 <LI><a href="#[17d]">PRIVWHIT_vInit_Struct</a>
 <LI><a href="#[252]">PRIV_SearchAddrInWhiteList</a>
 <LI><a href="#[1dc]">PRIV_controller_privacy_csr_ucfg</a>
 <LI><a href="#[251]">PRIV_u32ProcessAdvPacket_ucfg</a>
 <LI><a href="#[bf]">PRIV_u8OfflineProcessing_ucfg</a>
 <LI><a href="#[14e]">PRIV_vGeneratePrivateAddress_ucfg</a>
 <LI><a href="#[25a]">PRIV_vGenerate_hci_le_enhanced_connection_complete_event_ucfg</a>
 <LI><a href="#[17e]">Prepare_Write_Resp</a>
 <LI><a href="#[114]">Process_Peer_Client_Data</a>
 <LI><a href="#[112]">Process_Peer_Server_Data</a>
 <LI><a href="#[b1]">RAL_Isr</a>
 <LI><a href="#[182]">Read_Blob_Resp</a>
 <LI><a href="#[184]">Read_By_Grp_Type_Resp</a>
 <LI><a href="#[180]">Read_By_Type_Resp</a>
 <LI><a href="#[183]">Read_Multi_Resp</a>
 <LI><a href="#[181]">Read_Resp</a>
 <LI><a href="#[25c]">Reclassify_All_Channels_ucfg</a>
 <LI><a href="#[192]">SDB_Add_Record</a>
 <LI><a href="#[198]">SDB_Find_Matching_LTK</a>
 <LI><a href="#[19c]">SDB_Find_Record</a>
 <LI><a href="#[ec]">SDB_Get_Number_Of_Valid_Records</a>
 <LI><a href="#[124]">SDB_flash_write_client_data</a>
 <LI><a href="#[19a]">SDB_get_security_data_record</a>
 <LI><a href="#[b8]">SDB_read_peer_bonded_data</a>
 <LI><a href="#[19b]">SMA_Diversify</a>
 <LI><a href="#[1a0]">SMA_Generate_CSRK</a>
 <LI><a href="#[1a1]">SMA_Generate_IRK</a>
 <LI><a href="#[1a2]">SMA_LP_s1_Generate_STK</a>
 <LI><a href="#[199]">SMA_generate_EDIV_recovery_DIV</a>
 <LI><a href="#[111]">SMP_Check_Is_Device_Bonded</a>
 <LI><a href="#[110]">SMP_Forget_Device_by_ConnHandle</a>
 <LI><a href="#[a5]">SMP_Init</a>
 <LI><a href="#[91]">SMP_Process_Q</a>
 <LI><a href="#[1ac]">SMP_Repeated_Attacks_Timer_cb</a>
 <LI><a href="#[1ad]">SMP_Timer_cb</a>
 <LI><a href="#[1b0]">SMP_Validate_Signed_Packet</a>
 <LI><a href="#[be]">SM_Check_Encryption_KeySize</a>
 <LI><a href="#[f2]">SM_Generate_Resolvable_Private_Address</a>
 <LI><a href="#[bd]">SM_Get_Link_Status</a>
 <LI><a href="#[86]">SM_Get_Remote_Device_Info</a>
 <LI><a href="#[145]">SM_L2CAP_Encryption_changed_Handler_ISR</a>
 <LI><a href="#[13c]">SM_L2CAP_Handler</a>
 <LI><a href="#[137]">SM_L2CAP_Handler_ISR</a>
 <LI><a href="#[19d]">SM_Resolve_Private_Address</a>
 <LI><a href="#[1ca]">Select_Next_Notification_Client</a>
 <LI><a href="#[121]">Send_Notif_Or_Ind</a>
 <LI><a href="#[b0]">Set_Host_Timer_value</a>
 <LI><a href="#[11f]">Start_Gatt_Timer</a>
 <LI><a href="#[11e]">Stop_Gatt_Timer</a>
 <LI><a href="#[189]">Timer_ExpiryCallback</a>
 <LI><a href="#[a0]">Timer_Init</a>
 <LI><a href="#[89]">Timer_ProcessQ</a>
 <LI><a href="#[f4]">Timer_StartOneShot</a>
 <LI><a href="#[1d5]">Timer_StartOneShot_sysTime32</a>
 <LI><a href="#[f3]">Timer_StopOneShot</a>
 <LI><a href="#[12b]">Timer_sysTime32_convMachineTime</a>
 <LI><a href="#[1f7]">WindowWiden1</a>
 <LI><a href="#[1fb]">WindowWiden2</a>
 <LI><a href="#[186]">Write_Cmd</a>
 <LI><a href="#[185]">Write_Resp</a>
 <LI><a href="#[9c]">_BlueNRG_Stack_Initialization</a>
 <LI><a href="#[253]">__ARM_common_memcpy1_6</a>
 <LI><a href="#[108]">__ARM_common_switch8</a>
 <LI><a href="#[fb]">_gap_set_discoverable_connectable</a>
 <LI><a href="#[206]">aci_att_exchange_mtu_resp_event</a>
 <LI><a href="#[207]">aci_att_exec_write_resp_event</a>
 <LI><a href="#[208]">aci_att_find_by_type_value_resp_event</a>
 <LI><a href="#[209]">aci_att_find_info_resp_event</a>
 <LI><a href="#[20a]">aci_att_prepare_write_resp_event</a>
 <LI><a href="#[20b]">aci_att_read_blob_resp_event</a>
 <LI><a href="#[20c]">aci_att_read_by_group_type_resp_event</a>
 <LI><a href="#[20d]">aci_att_read_by_type_resp_event</a>
 <LI><a href="#[20e]">aci_att_read_multiple_resp_event</a>
 <LI><a href="#[20f]">aci_att_read_resp_event</a>
 <LI><a href="#[210]">aci_att_write_resp_event</a>
 <LI><a href="#[7a]">aci_event_fifo_push</a>
 <LI><a href="#[79]">aci_event_fifo_push_header</a>
 <LI><a href="#[211]">aci_gap_addr_not_resolved_event</a>
 <LI><a href="#[212]">aci_gap_authorization_req_event</a>
 <LI><a href="#[213]">aci_gap_bond_lost_event</a>
 <LI><a href="#[214]">aci_gap_device_found_event</a>
 <LI><a href="#[c7]">aci_gap_init</a>
 <LI><a href="#[215]">aci_gap_keypress_notification_event</a>
 <LI><a href="#[216]">aci_gap_limited_discoverable_event</a>
 <LI><a href="#[217]">aci_gap_numeric_comparison_value_event</a>
 <LI><a href="#[218]">aci_gap_pairing_complete_event</a>
 <LI><a href="#[219]">aci_gap_pass_key_req_event</a>
 <LI><a href="#[21a]">aci_gap_proc_complete_event</a>
 <LI><a href="#[1eb]">aci_gap_set_discoverable</a>
 <LI><a href="#[21b]">aci_gap_slave_security_initiated_event</a>
 <LI><a href="#[21c]">aci_gatt_attribute_modified_event</a>
 <LI><a href="#[21d]">aci_gatt_disc_read_char_by_uuid_resp_event</a>
 <LI><a href="#[21e]">aci_gatt_error_resp_event</a>
 <LI><a href="#[21f]">aci_gatt_indication_event</a>
 <LI><a href="#[c6]">aci_gatt_init</a>
 <LI><a href="#[220]">aci_gatt_notification_event</a>
 <LI><a href="#[221]">aci_gatt_prepare_write_permit_req_event</a>
 <LI><a href="#[222]">aci_gatt_proc_complete_event</a>
 <LI><a href="#[223]">aci_gatt_proc_timeout_event</a>
 <LI><a href="#[224]">aci_gatt_read_multi_permit_req_event</a>
 <LI><a href="#[225]">aci_gatt_read_permit_req_event</a>
 <LI><a href="#[226]">aci_gatt_server_confirmation_event</a>
 <LI><a href="#[227]">aci_gatt_tx_pool_available_event</a>
 <LI><a href="#[228]">aci_gatt_write_permit_req_event</a>
 <LI><a href="#[245]">aci_hal_end_of_radio_activity_event</a>
 <LI><a href="#[229]">aci_hal_fw_error_event</a>
 <LI><a href="#[22a]">aci_hal_scan_req_report_event</a>
 <LI><a href="#[c4]">aci_hal_set_tx_power_level</a>
 <LI><a href="#[22b]">aci_l2cap_command_reject_event</a>
 <LI><a href="#[22c]">aci_l2cap_connection_update_req_event</a>
 <LI><a href="#[22d]">aci_l2cap_connection_update_resp_event</a>
 <LI><a href="#[22e]">aci_l2cap_proc_timeout_event</a>
 <LI><a href="#[d3]">acl_list_first</a>
 <LI><a href="#[17f]">acl_list_full_on_packt</a>
 <LI><a href="#[11c]">acl_list_init</a>
 <LI><a href="#[116]">acl_list_insert_head</a>
 <LI><a href="#[102]">acl_list_insert_tail</a>
 <LI><a href="#[113]">acl_list_is_empty</a>
 <LI><a href="#[d4]">acl_list_remove</a>
 <LI><a href="#[115]">acl_list_remove_head</a>
 <LI><a href="#[1e5]">advParamsCheckAndSet</a>
 <LI><a href="#[1f5]">advance_slave_timing_MultiSlave</a>
 <LI><a href="#[8e]">advance_transmit</a>
 <LI><a href="#[80]">advance_wakeup_timer</a>
 <LI><a href="#[a8]">ble_HAL_Init</a>
 <LI><a href="#[204]">cancel_connect_master_ucfg</a>
 <LI><a href="#[202]">cancel_current_master</a>
 <LI><a href="#[201]">cancel_master</a>
 <LI><a href="#[1fe]">cancel_slave</a>
 <LI><a href="#[41]">cb_aci_att_exchange_mtu_resp_event</a>
 <LI><a href="#[4b]">cb_aci_att_exec_write_resp_event</a>
 <LI><a href="#[43]">cb_aci_att_find_by_type_value_resp_event</a>
 <LI><a href="#[42]">cb_aci_att_find_info_resp_event</a>
 <LI><a href="#[4a]">cb_aci_att_prepare_write_resp_event</a>
 <LI><a href="#[46]">cb_aci_att_read_blob_resp_event</a>
 <LI><a href="#[48]">cb_aci_att_read_by_group_type_resp_event</a>
 <LI><a href="#[44]">cb_aci_att_read_by_type_resp_event</a>
 <LI><a href="#[47]">cb_aci_att_read_multiple_resp_event</a>
 <LI><a href="#[45]">cb_aci_att_read_resp_event</a>
 <LI><a href="#[49]">cb_aci_att_write_resp_event</a>
 <LI><a href="#[37]">cb_aci_gap_addr_not_resolved_event</a>
 <LI><a href="#[32]">cb_aci_gap_authorization_req_event</a>
 <LI><a href="#[34]">cb_aci_gap_bond_lost_event</a>
 <LI><a href="#[35]">cb_aci_gap_device_found_event</a>
 <LI><a href="#[39]">cb_aci_gap_keypress_notification_event</a>
 <LI><a href="#[2f]">cb_aci_gap_limited_discoverable_event</a>
 <LI><a href="#[38]">cb_aci_gap_numeric_comparison_value_event</a>
 <LI><a href="#[30]">cb_aci_gap_pairing_complete_event</a>
 <LI><a href="#[31]">cb_aci_gap_pass_key_req_event</a>
 <LI><a href="#[36]">cb_aci_gap_proc_complete_event</a>
 <LI><a href="#[33]">cb_aci_gap_slave_security_initiated_event</a>
 <LI><a href="#[3f]">cb_aci_gatt_attribute_modified_event</a>
 <LI><a href="#[50]">cb_aci_gatt_disc_read_char_by_uuid_resp_event</a>
 <LI><a href="#[4f]">cb_aci_gatt_error_resp_event</a>
 <LI><a href="#[4c]">cb_aci_gatt_indication_event</a>
 <LI><a href="#[4d]">cb_aci_gatt_notification_event</a>
 <LI><a href="#[52]">cb_aci_gatt_prepare_write_permit_req_event</a>
 <LI><a href="#[4e]">cb_aci_gatt_proc_complete_event</a>
 <LI><a href="#[40]">cb_aci_gatt_proc_timeout_event</a>
 <LI><a href="#[54]">cb_aci_gatt_read_multi_permit_req_event</a>
 <LI><a href="#[53]">cb_aci_gatt_read_permit_req_event</a>
 <LI><a href="#[56]">cb_aci_gatt_server_confirmation_event</a>
 <LI><a href="#[55]">cb_aci_gatt_tx_pool_available_event</a>
 <LI><a href="#[51]">cb_aci_gatt_write_permit_req_event</a>
 <LI><a href="#[3e]">cb_aci_hal_fw_error_event</a>
 <LI><a href="#[2c]">cb_aci_hal_scan_req_report_event</a>
 <LI><a href="#[3d]">cb_aci_l2cap_command_reject_event</a>
 <LI><a href="#[3c]">cb_aci_l2cap_connection_update_req_event</a>
 <LI><a href="#[3a]">cb_aci_l2cap_connection_update_resp_event</a>
 <LI><a href="#[3b]">cb_aci_l2cap_proc_timeout_event</a>
 <LI><a href="#[28]">cb_hci_data_buffer_overflow_event</a>
 <LI><a href="#[1d]">cb_hci_disconnection_complete_event</a>
 <LI><a href="#[1e]">cb_hci_encryption_change_event</a>
 <LI><a href="#[1f]">cb_hci_encryption_key_refresh_complete_event</a>
 <LI><a href="#[22]">cb_hci_le_advertising_report_event</a>
 <LI><a href="#[20]">cb_hci_le_connection_complete_event</a>
 <LI><a href="#[2a]">cb_hci_le_connection_update_complete_event</a>
 <LI><a href="#[23]">cb_hci_le_data_length_change_event</a>
 <LI><a href="#[27]">cb_hci_le_direct_advertising_report_event</a>
 <LI><a href="#[26]">cb_hci_le_enhanced_connection_complete_event</a>
 <LI><a href="#[25]">cb_hci_le_generate_dhkey_complete_event</a>
 <LI><a href="#[21]">cb_hci_le_long_term_key_request_event</a>
 <LI><a href="#[24]">cb_hci_le_read_local_p256_public_key_complete_event</a>
 <LI><a href="#[2b]">cb_hci_le_read_remote_used_features_complete_event</a>
 <LI><a href="#[2d]">cb_hci_number_of_completed_packets_event</a>
 <LI><a href="#[29]">cb_hci_read_remote_version_information_complete_event</a>
 <LI><a href="#[2e]">cb_hci_rx_acl_data_event</a>
 <LI><a href="#[b4]">char_copy</a>
 <LI><a href="#[260]">copy_4_u32</a>
 <LI><a href="#[1ff]">copy_tx_data_packet</a>
 <LI><a href="#[aa]">data_length_extension_csr_ucfg</a>
 <LI><a href="#[159]">encrypt</a>
 <LI><a href="#[1e4]">gapClearAllModeFlags</a>
 <LI><a href="#[240]">get_adv_addr</a>
 <LI><a href="#[f6]">get_advertiser</a>
 <LI><a href="#[7d]">get_connection_no</a>
 <LI><a href="#[153]">get_next_free_slot</a>
 <LI><a href="#[241]">get_scan_addr</a>
 <LI><a href="#[f7]">get_scan_connection</a>
 <LI><a href="#[242]">go_to_connect</a>
 <LI><a href="#[cd]">hal_radio_activity_state_callback_check</a>
 <LI><a href="#[ce]">hal_radio_activity_state_init</a>
 <LI><a href="#[244]">hal_read_radio_activity_state</a>
 <LI><a href="#[8a]">hci_acl_Process_Q</a>
 <LI><a href="#[22f]">hci_disconnection_complete_event</a>
 <LI><a href="#[230]">hci_encryption_change_event</a>
 <LI><a href="#[231]">hci_encryption_key_refresh_complete_event</a>
 <LI><a href="#[cc]">hci_hardware_error_event</a>
 <LI><a href="#[232]">hci_le_advertising_report_event</a>
 <LI><a href="#[233]">hci_le_connection_complete_event</a>
 <LI><a href="#[234]">hci_le_connection_update_complete_event</a>
 <LI><a href="#[235]">hci_le_data_length_change_event</a>
 <LI><a href="#[236]">hci_le_direct_advertising_report_event</a>
 <LI><a href="#[237]">hci_le_enhanced_connection_complete_event</a>
 <LI><a href="#[238]">hci_le_generate_dhkey_complete_event</a>
 <LI><a href="#[239]">hci_le_long_term_key_request_event</a>
 <LI><a href="#[1a7]">hci_le_long_term_key_request_reply</a>
 <LI><a href="#[1a6]">hci_le_long_term_key_requested_negative_reply</a>
 <LI><a href="#[23a]">hci_le_read_local_p256_public_key_complete_event</a>
 <LI><a href="#[23b]">hci_le_read_remote_used_features_complete_event</a>
 <LI><a href="#[24a]">hci_le_set_advertising_data</a>
 <LI><a href="#[24b]">hci_le_set_scan_response_data</a>
 <LI><a href="#[23c]">hci_number_of_completed_packets_event</a>
 <LI><a href="#[23d]">hci_read_remote_version_information_complete_event</a>
 <LI><a href="#[24d]">hci_rx_acl_data</a>
 <LI><a href="#[23e]">hci_rx_acl_data_event</a>
 <LI><a href="#[24e]">hci_tx_acl_data_done</a>
 <LI><a href="#[58]">int_cb_hci_acl_data_ind_event</a>
 <LI><a href="#[57]">int_cb_hci_acl_data_tx_cmpl_event</a>
 <LI><a href="#[59]">int_cb_hci_disconnection_complete_event</a>
 <LI><a href="#[5a]">int_cb_hci_encryption_change_event</a>
 <LI><a href="#[5b]">int_cb_hci_encryption_key_refresh_complete_event</a>
 <LI><a href="#[5e]">int_cb_hci_le_advertising_report_event</a>
 <LI><a href="#[5c]">int_cb_hci_le_connection_complete_event</a>
 <LI><a href="#[5f]">int_cb_hci_le_data_length_change_event</a>
 <LI><a href="#[63]">int_cb_hci_le_direct_advertising_report_event</a>
 <LI><a href="#[62]">int_cb_hci_le_enhanced_connection_complete_event</a>
 <LI><a href="#[61]">int_cb_hci_le_generate_dhkey_complete_event</a>
 <LI><a href="#[5d]">int_cb_hci_le_long_term_key_request_event</a>
 <LI><a href="#[60]">int_cb_hci_le_read_local_p256_public_key_complete_event</a>
 <LI><a href="#[133]">is_Buffer_All_Set_To</a>
 <LI><a href="#[7e]">is_slave</a>
 <LI><a href="#[166]">isr_Acl_Data_Indication_Queue_Full</a>
 <LI><a href="#[258]">isr_Acl_Data_TX_Cmpl_Queue_Full</a>
 <LI><a href="#[18c]">isr_event_handler</a>
 <LI><a href="#[25b]">isr_event_handler_scan_data_ucfg</a>
 <LI><a href="#[18d]">isr_postproc</a>
 <LI><a href="#[259]">isr_postproc1</a>
 <LI><a href="#[254]">isr_postproc_encrypt_data</a>
 <LI><a href="#[af]">machine_time_trans</a>
 <LI><a href="#[1da]">mem_alloc_ctx_init</a>
 <LI><a href="#[200]">microseconds_to_machine_time</a>
 <LI><a href="#[1f9]">modulo_37</a>
 <LI><a href="#[15e]">nsar_init</a>
 <LI><a href="#[18b]">read_rssi</a>
 <LI><a href="#[156]">schedule_advertise_slot</a>
 <LI><a href="#[1dd]">secure_connections_csr_ucfg</a>
 <LI><a href="#[1e6]">setGapAdvData</a>
 <LI><a href="#[ae]">set_freq</a>
 <LI><a href="#[1f6]">set_sca</a>
 <LI><a href="#[1fd]">set_string</a>
 <LI><a href="#[7f]">slave_advance</a>
 <LI><a href="#[275]">sm_RepeatedAttacks_Protection</a>
 <LI><a href="#[1b2]">sma_CMAC_generate_tag</a>
 <LI><a href="#[27a]">smp_Execute_Actions_wrt_Current_State_MI_excerpt_ucfg</a>
 <LI><a href="#[27b]">smp_Execute_Actions_wrt_Current_State_sc_excerpt_phase2as2_ucfg</a>
 <LI><a href="#[27f]">smp_Execute_Actions_wrt_Current_State_sc_excerpt_phase_1_to_2_ucfg</a>
 <LI><a href="#[282]">smp_MI_Start_Encryption_ucfg</a>
 <LI><a href="#[1ab]">smp_Process_Rx_Packet_Exception_Cases_sc_excerpt_ucfg</a>
 <LI><a href="#[28c]">smp_Process_Rx_Packet_wrt_Current_State_MI_excerpt_ucfg</a>
 <LI><a href="#[285]">smp_Process_Rx_Packet_wrt_Current_State_sc_excerpt_ucfg</a>
 <LI><a href="#[1aa]">smp____PairingFailed_Receive</a>
 <LI><a href="#[293]">smp_add_to_sdb</a>
 <LI><a href="#[1b5]">smp_find_remote_device_index</a>
 <LI><a href="#[1b1]">smp_get_CSRK</a>
 <LI><a href="#[283]">smp_get_local_identity_address</a>
 <LI><a href="#[281]">smp_keys_distribution_start</a>
 <LI><a href="#[287]">smp_keys_receiving</a>
 <LI><a href="#[297]">smp_oob_check_is_remote_data_present</a>
 <LI><a href="#[29a]">smp_pairing_2octets_packet_send</a>
 <LI><a href="#[27e]">smp_pairing_completed</a>
 <LI><a href="#[286]">smp_pairing_failed_send</a>
 <LI><a href="#[291]">smp_sc_SR_PairingConfirm_Receive_sc_excerpt_ucfg</a>
 <LI><a href="#[292]">smp_sc_SR_PairingRandom_Receive_sc_excerpt_ucfg</a>
 <LI><a href="#[280]">smp_sc_SR_Pairing_Phase_2AS1_Start_sc_excerpt_ucfg</a>
 <LI><a href="#[1a4]">smp_sc_check_for_ecc_pk_generation_request_ucfg</a>
 <LI><a href="#[296]">smp_sc_continue_on_exclusive_sc_pairing_ucfg</a>
 <LI><a href="#[24f]">smp_sc_hci_le_generate_dhkey_complete_evt_hndl_ucfg</a>
 <LI><a href="#[250]">smp_sc_hci_le_read_local_p256_public_key_complete_evt_hndl_ucfg</a>
 <LI><a href="#[1a3]">smp_sc_init_ucfg</a>
 <LI><a href="#[1af]">smp_sc_update_statistics_on_pairing_complete_ucfg</a>
 <LI><a href="#[284]">smp_send_packet</a>
 <LI><a href="#[273]">start_timebase</a>
 <LI><a href="#[1db]">state_func_call_init_csr_ucfg</a>
 <LI><a href="#[123]">store_data</a>
 <LI><a href="#[1fa]">swap_slaves</a>
 <LI><a href="#[1d3]">system_time_trans</a>
 <LI><a href="#[1d2]">system_time_trans_ext</a>
 <LI><a href="#[1f8]">time_offset1</a>
 <LI><a href="#[1fc]">time_offset2</a>
 <LI><a href="#[243]">timebase_start_connect</a>
 <LI><a href="#[257]">unpack_channel_map</a>
 <LI><a href="#[256]">unpack_update_request</a>
 <LI><a href="#[1ec]">_aci_gap_set_discoverable_param_check</a>
 <LI><a href="#[9d]">BlueNRG_Stack_Initialize_ConfigData</a>
 <LI><a href="#[9f]">BlueNRG_Stack_Initialize_Layers</a>
 <LI><a href="#[9b]">BlueNRG_Stack_Initialize_RAM_check</a>
 <LI><a href="#[8d]">BlueNRG_Stack_Perform_Crystal_Check</a>
 <LI><a href="#[ad]">BlueNRG_Start_Crystal_Measurement</a>
 <LI><a href="#[1]">isr_advertise_state</a>
 <LI><a href="#[2]">isr_connect_slave_state</a>
 <LI><a href="#[4]">isr_test_rx_state</a>
 <LI><a href="#[3]">isr_test_tx_state</a>
 <LI><a href="#[0]">isr_unknown_state</a>
 <LI><a href="#[1e9]">fifoBuf_getFreeHeader</a>
 <LI><a href="#[cf]">fifoCtrl_init</a>
 <LI><a href="#[e9]">_GAP_Parse_Advertising_Report</a>
 <LI><a href="#[f8]">aci_gap_limited_discoverable_event_push</a>
 <LI><a href="#[df]">aci_gap_proc_complete_event_push</a>
 <LI><a href="#[fd]">GATT_Server_Set_Flag</a>
 <LI><a href="#[10e]">Gatt_Flush_Pending_AclPacket_Lists</a>
 <LI><a href="#[10f]">Gatt_Reset_To_Closed_State</a>
 <LI><a href="#[11a]">Gatt_Store_Server_Database_And_Reset_CCCD</a>
 <LI><a href="#[126]">Pm_Resize_Host_Acl_Pckt</a>
 <LI><a href="#[187]">aci_gatt_indication_event_push</a>
 <LI><a href="#[188]">aci_gatt_notification_event_push</a>
 <LI><a href="#[1ce]">TimerCallback</a>
 <LI><a href="#[135]">L2C_Get_Connection_Info</a>
 <LI><a href="#[147]">L2C_Get_Connection_Info_Index</a>
 <LI><a href="#[13a]">L2C_Mux_Acl_Packet</a>
 <LI><a href="#[13d]">L2C_Rcv_Data</a>
 <LI><a href="#[146]">L2C_Reset_To_Closed_State</a>
 <LI><a href="#[142]">L2C_discard_corrupted_acl_packet</a>
 <LI><a href="#[149]">aci_l2cap_connection_update_req_event_push</a>
 <LI><a href="#[246]">hci_encryption_change_event_push</a>
 <LI><a href="#[247]">hci_encryption_key_refresh_complete_event_push</a>
 <LI><a href="#[248]">hci_le_connection_complete_event_push</a>
 <LI><a href="#[249]">hci_le_connection_update_complete_event_push</a>
 <LI><a href="#[c9]">Mem_assign</a>
 <LI><a href="#[1ed]">adapt_slot</a>
 <LI><a href="#[1ef]">nsar_insertSlotListEntry</a>
 <LI><a href="#[1f0]">nsar_searchBestFreeSlot</a>
 <LI><a href="#[272]">nsar_updateBestFreeSlot</a>
 <LI><a href="#[1ee]">nsar_updateSlotListEntry</a>
 <LI><a href="#[203]">swap_u16</a>
 <LI><a href="#[175]">PM_Check_And_Set</a>
 <LI><a href="#[25f]">wait_for_aes_ready</a>
 <LI><a href="#[1f1]">addr_u32_from_u8</a>
 <LI><a href="#[1f3]">le2ByteToInt16</a>
 <LI><a href="#[1f2]">le4ByteToInt32</a>
 <LI><a href="#[14f]">LL_Set_DirectAddress</a>
 <LI><a href="#[161]">addr_u32_from_u8</a>
 <LI><a href="#[15a]">int32ToLe4Byte</a>
 <LI><a href="#[1f4]">le4ByteToInt32</a>
 <LI><a href="#[15c]">convert_power</a>
 <LI><a href="#[29d]">swap_u16</a>
 <LI><a href="#[29c]">swap_u32</a>
 <LI><a href="#[29b]">swap_u8</a>
 <LI><a href="#[ca]">Erase_Sector</a>
 <LI><a href="#[19e]">Write_Client_Data</a>
 <LI><a href="#[1d8]">int32ToLe4Byte</a>
 <LI><a href="#[195]">sdb_delete</a>
 <LI><a href="#[19f]">sdb_find_client_data</a>
 <LI><a href="#[1d7]">sdb_get_gatt_db_start_address</a>
 <LI><a href="#[196]">sdb_invalidate_record</a>
 <LI><a href="#[194]">sdb_read_record</a>
 <LI><a href="#[193]">sdb_read_record_validity</a>
 <LI><a href="#[197]">sdb_write_record</a>
 <LI><a href="#[28e]">int32ToLe4Byte</a>
 <LI><a href="#[295]">smp_Build_AuthReq_Field</a>
 <LI><a href="#[299]">smp_Build_Pairing_ReqResp_Packet</a>
 <LI><a href="#[294]">smp_Check_Incoming_Pairing_Parameters</a>
 <LI><a href="#[278]">smp_Determine_Key_Association_Method</a>
 <LI><a href="#[1a8]">smp_Execute_Actions_wrt_Current_State</a>
 <LI><a href="#[1a5]">smp_Get_Long_Term_Key</a>
 <LI><a href="#[298]">smp_Get_Pairing_Parameters_From_Peer_Packet</a>
 <LI><a href="#[27d]">smp_Keys_Distribution_Send</a>
 <LI><a href="#[1a9]">smp_Process_Rx_Packet_wrt_Current_State</a>
 <LI><a href="#[288]">smp_Reset_Timer</a>
 <LI><a href="#[28d]">smp_SR_Compute_c1_Confirm_Value</a>
 <LI><a href="#[28f]">smp_Set_Key_Association_Method</a>
 <LI><a href="#[28a]">smp____SR_PairingConfirm_Receive</a>
 <LI><a href="#[28b]">smp____SR_PairingRandom_Receive</a>
 <LI><a href="#[289]">smp____SR_PairingRequest_Receive</a>
 <LI><a href="#[1b3]">SM_Connection_Complete_Handler</a>
 <LI><a href="#[1ea]">aci_gap_authorization_req_event_push</a>
 <LI><a href="#[1ae]">aci_gap_pairing_complete_event_push</a>
 <LI><a href="#[1b6]">smp_Keys_Distribution_Complete</a>
 <LI><a href="#[290]">smp____Pairing_Process_Abort</a>
 <LI><a href="#[70]">ATT_fill_type_val_entry</a>
 <LI><a href="#[72]">ATT_validate_prepare_req</a>
 <LI><a href="#[d9]">Pm_Resize_Host_Acl_Pckt</a>
 <LI><a href="#[d6]">aci_gatt_attribute_modified_event_push</a>
 <LI><a href="#[191]">aci_gatt_read_multi_permit_req_event_push</a>
 <LI><a href="#[18f]">aci_gatt_read_permit_req_event_push</a>
 <LI><a href="#[1d9]">aci_gatt_write_permit_req_event_push</a>
 <LI><a href="#[1b4]">sma_Calculate_Hash</a>
 <LI><a href="#[276]">sma_generate_subkeys</a>
 <LI><a href="#[277]">sma_left_shift</a>
</UL>
</UL>
<P>
<H3>
Mutually Recursive functions
</H3> <LI><a href="#[7]">HardFault_Handler</a>&nbsp;&nbsp;&nbsp;&rArr;&nbsp;&nbsp;&nbsp;<a href="#[7]">HardFault_Handler</a><BR>
</UL>
<P>
<H3>
Function Pointers
</H3><UL>
 <LI><a href="#[11]">ADC_Handler</a> from system_bluenrg1.o(i.ADC_Handler) referenced from system_bluenrg1.o(.intvec)
 <LI><a href="#[f]">Blue_Handler</a> from bluenrg1_it.o(i.Blue_Handler) referenced from system_bluenrg1.o(.intvec)
 <LI><a href="#[1a]">DMA_Handler</a> from system_bluenrg1.o(i.DMA_Handler) referenced from system_bluenrg1.o(.intvec)
 <LI><a href="#[b]">GPIO_Handler</a> from bluenrg1_it.o(i.GPIO_Handler) referenced from system_bluenrg1.o(.intvec)
 <LI><a href="#[7]">HardFault_Handler</a> from bluenrg1_it.o(i.HardFault_Handler) referenced from system_bluenrg1.o(.intvec)
 <LI><a href="#[13]">I2C1_Handler</a> from system_bluenrg1.o(i.I2C1_Handler) referenced from system_bluenrg1.o(.intvec)
 <LI><a href="#[12]">I2C2_Handler</a> from system_bluenrg1.o(i.I2C2_Handler) referenced from system_bluenrg1.o(.intvec)
 <LI><a href="#[14]">MFT1A_Handler</a> from system_bluenrg1.o(i.MFT1A_Handler) referenced from system_bluenrg1.o(.intvec)
 <LI><a href="#[15]">MFT1B_Handler</a> from system_bluenrg1.o(i.MFT1B_Handler) referenced from system_bluenrg1.o(.intvec)
 <LI><a href="#[16]">MFT2A_Handler</a> from system_bluenrg1.o(i.MFT2A_Handler) referenced from system_bluenrg1.o(.intvec)
 <LI><a href="#[17]">MFT2B_Handler</a> from system_bluenrg1.o(i.MFT2B_Handler) referenced from system_bluenrg1.o(.intvec)
 <LI><a href="#[6]">NMI_Handler</a> from bluenrg1_it.o(i.NMI_Handler) referenced from system_bluenrg1.o(.intvec)
 <LI><a href="#[c]">NVM_Handler</a> from system_bluenrg1.o(i.NVM_Handler) referenced from system_bluenrg1.o(.intvec)
 <LI><a href="#[19]">PKA_Handler</a> from system_bluenrg1.o(i.PKA_Handler) referenced from system_bluenrg1.o(.intvec)
 <LI><a href="#[9]">PendSV_Handler</a> from system_bluenrg1.o(i.PendSV_Handler) referenced from system_bluenrg1.o(.intvec)
 <LI><a href="#[5]">RESET_HANDLER</a> from system_bluenrg1.o(i.RESET_HANDLER) referenced from system_bluenrg1.o(.intvec)
 <LI><a href="#[18]">RTC_Handler</a> from system_bluenrg1.o(i.RTC_Handler) referenced from system_bluenrg1.o(.intvec)
 <LI><a href="#[e]">SPI_Handler</a> from system_bluenrg1.o(i.SPI_Handler) referenced from system_bluenrg1.o(.intvec)
 <LI><a href="#[8]">SVC_Handler</a> from bluenrg1_it.o(i.SVC_Handler) referenced from system_bluenrg1.o(.intvec)
 <LI><a href="#[a]">SysTick_Handler</a> from bluenrg1_it.o(i.SysTick_Handler) referenced from system_bluenrg1.o(.intvec)
 <LI><a href="#[d]">UART_Handler</a> from bluenrg1_it.o(i.UART_Handler) referenced from system_bluenrg1.o(.intvec)
 <LI><a href="#[10]">WDG_Handler</a> from system_bluenrg1.o(i.WDG_Handler) referenced from system_bluenrg1.o(.intvec)
 <LI><a href="#[41]">cb_aci_att_exchange_mtu_resp_event</a> from aci_events.o(i.cb_aci_att_exchange_mtu_resp_event) referenced from aci_events.o(.constdata)
 <LI><a href="#[4b]">cb_aci_att_exec_write_resp_event</a> from aci_events.o(i.cb_aci_att_exec_write_resp_event) referenced from aci_events.o(.constdata)
 <LI><a href="#[43]">cb_aci_att_find_by_type_value_resp_event</a> from aci_events.o(i.cb_aci_att_find_by_type_value_resp_event) referenced from aci_events.o(.constdata)
 <LI><a href="#[42]">cb_aci_att_find_info_resp_event</a> from aci_events.o(i.cb_aci_att_find_info_resp_event) referenced from aci_events.o(.constdata)
 <LI><a href="#[4a]">cb_aci_att_prepare_write_resp_event</a> from aci_events.o(i.cb_aci_att_prepare_write_resp_event) referenced from aci_events.o(.constdata)
 <LI><a href="#[46]">cb_aci_att_read_blob_resp_event</a> from aci_events.o(i.cb_aci_att_read_blob_resp_event) referenced from aci_events.o(.constdata)
 <LI><a href="#[48]">cb_aci_att_read_by_group_type_resp_event</a> from aci_events.o(i.cb_aci_att_read_by_group_type_resp_event) referenced from aci_events.o(.constdata)
 <LI><a href="#[44]">cb_aci_att_read_by_type_resp_event</a> from aci_events.o(i.cb_aci_att_read_by_type_resp_event) referenced from aci_events.o(.constdata)
 <LI><a href="#[47]">cb_aci_att_read_multiple_resp_event</a> from aci_events.o(i.cb_aci_att_read_multiple_resp_event) referenced from aci_events.o(.constdata)
 <LI><a href="#[45]">cb_aci_att_read_resp_event</a> from aci_events.o(i.cb_aci_att_read_resp_event) referenced from aci_events.o(.constdata)
 <LI><a href="#[49]">cb_aci_att_write_resp_event</a> from aci_events.o(i.cb_aci_att_write_resp_event) referenced from aci_events.o(.constdata)
 <LI><a href="#[37]">cb_aci_gap_addr_not_resolved_event</a> from aci_events.o(i.cb_aci_gap_addr_not_resolved_event) referenced from aci_events.o(.constdata)
 <LI><a href="#[32]">cb_aci_gap_authorization_req_event</a> from aci_events.o(i.cb_aci_gap_authorization_req_event) referenced from aci_events.o(.constdata)
 <LI><a href="#[34]">cb_aci_gap_bond_lost_event</a> from aci_events.o(i.cb_aci_gap_bond_lost_event) referenced from aci_events.o(.constdata)
 <LI><a href="#[35]">cb_aci_gap_device_found_event</a> from aci_events.o(i.cb_aci_gap_device_found_event) referenced from aci_events.o(.constdata)
 <LI><a href="#[39]">cb_aci_gap_keypress_notification_event</a> from aci_events.o(i.cb_aci_gap_keypress_notification_event) referenced from aci_events.o(.constdata)
 <LI><a href="#[2f]">cb_aci_gap_limited_discoverable_event</a> from aci_events.o(i.cb_aci_gap_limited_discoverable_event) referenced from aci_events.o(.constdata)
 <LI><a href="#[38]">cb_aci_gap_numeric_comparison_value_event</a> from aci_events.o(i.cb_aci_gap_numeric_comparison_value_event) referenced from aci_events.o(.constdata)
 <LI><a href="#[30]">cb_aci_gap_pairing_complete_event</a> from aci_events.o(i.cb_aci_gap_pairing_complete_event) referenced from aci_events.o(.constdata)
 <LI><a href="#[31]">cb_aci_gap_pass_key_req_event</a> from aci_events.o(i.cb_aci_gap_pass_key_req_event) referenced from aci_events.o(.constdata)
 <LI><a href="#[36]">cb_aci_gap_proc_complete_event</a> from aci_events.o(i.cb_aci_gap_proc_complete_event) referenced from aci_events.o(.constdata)
 <LI><a href="#[33]">cb_aci_gap_slave_security_initiated_event</a> from aci_events.o(i.cb_aci_gap_slave_security_initiated_event) referenced from aci_events.o(.constdata)
 <LI><a href="#[3f]">cb_aci_gatt_attribute_modified_event</a> from aci_events.o(i.cb_aci_gatt_attribute_modified_event) referenced from aci_events.o(.constdata)
 <LI><a href="#[50]">cb_aci_gatt_disc_read_char_by_uuid_resp_event</a> from aci_events.o(i.cb_aci_gatt_disc_read_char_by_uuid_resp_event) referenced from aci_events.o(.constdata)
 <LI><a href="#[4f]">cb_aci_gatt_error_resp_event</a> from aci_events.o(i.cb_aci_gatt_error_resp_event) referenced from aci_events.o(.constdata)
 <LI><a href="#[4c]">cb_aci_gatt_indication_event</a> from aci_events.o(i.cb_aci_gatt_indication_event) referenced from aci_events.o(.constdata)
 <LI><a href="#[4d]">cb_aci_gatt_notification_event</a> from aci_events.o(i.cb_aci_gatt_notification_event) referenced from aci_events.o(.constdata)
 <LI><a href="#[52]">cb_aci_gatt_prepare_write_permit_req_event</a> from aci_events.o(i.cb_aci_gatt_prepare_write_permit_req_event) referenced from aci_events.o(.constdata)
 <LI><a href="#[4e]">cb_aci_gatt_proc_complete_event</a> from aci_events.o(i.cb_aci_gatt_proc_complete_event) referenced from aci_events.o(.constdata)
 <LI><a href="#[40]">cb_aci_gatt_proc_timeout_event</a> from aci_events.o(i.cb_aci_gatt_proc_timeout_event) referenced from aci_events.o(.constdata)
 <LI><a href="#[54]">cb_aci_gatt_read_multi_permit_req_event</a> from aci_events.o(i.cb_aci_gatt_read_multi_permit_req_event) referenced from aci_events.o(.constdata)
 <LI><a href="#[53]">cb_aci_gatt_read_permit_req_event</a> from aci_events.o(i.cb_aci_gatt_read_permit_req_event) referenced from aci_events.o(.constdata)
 <LI><a href="#[56]">cb_aci_gatt_server_confirmation_event</a> from aci_events.o(i.cb_aci_gatt_server_confirmation_event) referenced from aci_events.o(.constdata)
 <LI><a href="#[55]">cb_aci_gatt_tx_pool_available_event</a> from aci_events.o(i.cb_aci_gatt_tx_pool_available_event) referenced from aci_events.o(.constdata)
 <LI><a href="#[51]">cb_aci_gatt_write_permit_req_event</a> from aci_events.o(i.cb_aci_gatt_write_permit_req_event) referenced from aci_events.o(.constdata)
 <LI><a href="#[3e]">cb_aci_hal_fw_error_event</a> from aci_events.o(i.cb_aci_hal_fw_error_event) referenced from aci_events.o(.constdata)
 <LI><a href="#[2c]">cb_aci_hal_scan_req_report_event</a> from aci_events.o(i.cb_aci_hal_scan_req_report_event) referenced from aci_events.o(.constdata)
 <LI><a href="#[3d]">cb_aci_l2cap_command_reject_event</a> from aci_events.o(i.cb_aci_l2cap_command_reject_event) referenced from aci_events.o(.constdata)
 <LI><a href="#[3c]">cb_aci_l2cap_connection_update_req_event</a> from aci_events.o(i.cb_aci_l2cap_connection_update_req_event) referenced from aci_events.o(.constdata)
 <LI><a href="#[3a]">cb_aci_l2cap_connection_update_resp_event</a> from aci_events.o(i.cb_aci_l2cap_connection_update_resp_event) referenced from aci_events.o(.constdata)
 <LI><a href="#[3b]">cb_aci_l2cap_proc_timeout_event</a> from aci_events.o(i.cb_aci_l2cap_proc_timeout_event) referenced from aci_events.o(.constdata)
 <LI><a href="#[28]">cb_hci_data_buffer_overflow_event</a> from aci_events.o(i.cb_hci_data_buffer_overflow_event) referenced from aci_events.o(.constdata)
 <LI><a href="#[1d]">cb_hci_disconnection_complete_event</a> from aci_events.o(i.cb_hci_disconnection_complete_event) referenced from aci_events.o(.constdata)
 <LI><a href="#[1e]">cb_hci_encryption_change_event</a> from aci_events.o(i.cb_hci_encryption_change_event) referenced from aci_events.o(.constdata)
 <LI><a href="#[1f]">cb_hci_encryption_key_refresh_complete_event</a> from aci_events.o(i.cb_hci_encryption_key_refresh_complete_event) referenced from aci_events.o(.constdata)
 <LI><a href="#[22]">cb_hci_le_advertising_report_event</a> from aci_events.o(i.cb_hci_le_advertising_report_event) referenced from aci_events.o(.constdata)
 <LI><a href="#[20]">cb_hci_le_connection_complete_event</a> from aci_events.o(i.cb_hci_le_connection_complete_event) referenced from aci_events.o(.constdata)
 <LI><a href="#[2a]">cb_hci_le_connection_update_complete_event</a> from aci_events.o(i.cb_hci_le_connection_update_complete_event) referenced from aci_events.o(.constdata)
 <LI><a href="#[23]">cb_hci_le_data_length_change_event</a> from aci_events.o(i.cb_hci_le_data_length_change_event) referenced from aci_events.o(.constdata)
 <LI><a href="#[27]">cb_hci_le_direct_advertising_report_event</a> from aci_events.o(i.cb_hci_le_direct_advertising_report_event) referenced from aci_events.o(.constdata)
 <LI><a href="#[26]">cb_hci_le_enhanced_connection_complete_event</a> from aci_events.o(i.cb_hci_le_enhanced_connection_complete_event) referenced from aci_events.o(.constdata)
 <LI><a href="#[25]">cb_hci_le_generate_dhkey_complete_event</a> from aci_events.o(i.cb_hci_le_generate_dhkey_complete_event) referenced from aci_events.o(.constdata)
 <LI><a href="#[21]">cb_hci_le_long_term_key_request_event</a> from aci_events.o(i.cb_hci_le_long_term_key_request_event) referenced from aci_events.o(.constdata)
 <LI><a href="#[24]">cb_hci_le_read_local_p256_public_key_complete_event</a> from aci_events.o(i.cb_hci_le_read_local_p256_public_key_complete_event) referenced from aci_events.o(.constdata)
 <LI><a href="#[2b]">cb_hci_le_read_remote_used_features_complete_event</a> from aci_events.o(i.cb_hci_le_read_remote_used_features_complete_event) referenced from aci_events.o(.constdata)
 <LI><a href="#[2d]">cb_hci_number_of_completed_packets_event</a> from aci_events.o(i.cb_hci_number_of_completed_packets_event) referenced from aci_events.o(.constdata)
 <LI><a href="#[29]">cb_hci_read_remote_version_information_complete_event</a> from aci_events.o(i.cb_hci_read_remote_version_information_complete_event) referenced from aci_events.o(.constdata)
 <LI><a href="#[2e]">cb_hci_rx_acl_data_event</a> from aci_events.o(i.cb_hci_rx_acl_data_event) referenced from aci_events.o(.constdata)
 <LI><a href="#[1c]">fputc</a> from sdk_eval_com.o(i.fputc) referenced from printf8.o(i.__0printf$8)
 <LI><a href="#[58]">int_cb_hci_acl_data_ind_event</a> from acl.o(i.int_cb_hci_acl_data_ind_event) referenced from aci_events.o(.constdata)
 <LI><a href="#[57]">int_cb_hci_acl_data_tx_cmpl_event</a> from acl.o(i.int_cb_hci_acl_data_tx_cmpl_event) referenced from aci_events.o(.constdata)
 <LI><a href="#[59]">int_cb_hci_disconnection_complete_event</a> from aci_events.o(i.int_cb_hci_disconnection_complete_event) referenced from aci_events.o(.constdata)
 <LI><a href="#[5a]">int_cb_hci_encryption_change_event</a> from aci_events.o(i.int_cb_hci_encryption_change_event) referenced from aci_events.o(.constdata)
 <LI><a href="#[5b]">int_cb_hci_encryption_key_refresh_complete_event</a> from aci_events.o(i.int_cb_hci_encryption_key_refresh_complete_event) referenced from aci_events.o(.constdata)
 <LI><a href="#[5e]">int_cb_hci_le_advertising_report_event</a> from aci_events.o(i.int_cb_hci_le_advertising_report_event) referenced from aci_events.o(.constdata)
 <LI><a href="#[5c]">int_cb_hci_le_connection_complete_event</a> from aci_events.o(i.int_cb_hci_le_connection_complete_event) referenced from aci_events.o(.constdata)
 <LI><a href="#[5f]">int_cb_hci_le_data_length_change_event</a> from aci_events.o(i.int_cb_hci_le_data_length_change_event) referenced from aci_events.o(.constdata)
 <LI><a href="#[63]">int_cb_hci_le_direct_advertising_report_event</a> from aci_events.o(i.int_cb_hci_le_direct_advertising_report_event) referenced from aci_events.o(.constdata)
 <LI><a href="#[62]">int_cb_hci_le_enhanced_connection_complete_event</a> from aci_events.o(i.int_cb_hci_le_enhanced_connection_complete_event) referenced from aci_events.o(.constdata)
 <LI><a href="#[61]">int_cb_hci_le_generate_dhkey_complete_event</a> from aci_events.o(i.int_cb_hci_le_generate_dhkey_complete_event) referenced from aci_events.o(.constdata)
 <LI><a href="#[5d]">int_cb_hci_le_long_term_key_request_event</a> from aci_events.o(i.int_cb_hci_le_long_term_key_request_event) referenced from aci_events.o(.constdata)
 <LI><a href="#[60]">int_cb_hci_le_read_local_p256_public_key_complete_event</a> from aci_events.o(i.int_cb_hci_le_read_local_p256_public_key_complete_event) referenced from aci_events.o(.constdata)
 <LI><a href="#[1]">isr_advertise_state</a> from ll_isr.o(i.isr_advertise_state) referenced 2 times from ll_isr.o(.data)
 <LI><a href="#[2]">isr_connect_slave_state</a> from ll_isr.o(i.isr_connect_slave_state) referenced 2 times from ll_isr.o(.data)
 <LI><a href="#[4]">isr_test_rx_state</a> from ll_isr.o(i.isr_test_rx_state) referenced 2 times from ll_isr.o(.data)
 <LI><a href="#[3]">isr_test_tx_state</a> from ll_isr.o(i.isr_test_tx_state) referenced 2 times from ll_isr.o(.data)
 <LI><a href="#[0]">isr_unknown_state</a> from ll_isr.o(i.isr_unknown_state) referenced 8 times from ll_isr.o(.data)
 <LI><a href="#[1b]">main</a> from ble_beacon_main.o(i.main) referenced from entry9a.o(.ARM.Collect$$$$0000000B)
</UL>
<P>
<H3>
Global Symbols
</H3>
<P><STRONG><a name="[96]"></a>CS_contextSave</STRONG> (Thumb, 82 bytes, Stack size 0 bytes, context_switch.o(. text))
<BR><BR>[Called By]<UL><LI><a href="#[92]">&gt;&gt;</a>&nbsp;&nbsp;&nbsp;BlueNRG_InternalSleep
</UL>

<P><STRONG><a name="[29e]"></a>CS_contextRestore</STRONG> (Thumb, 42 bytes, Stack size 0 bytes, context_switch.o(. text), UNUSED)

<P><STRONG><a name="[64]"></a>__main</STRONG> (Thumb, 0 bytes, Stack size unknown bytes, entry.o(.ARM.Collect$$$$00000000))
<BR><BR>[Called By]<UL><LI><a href="#[5]">&gt;&gt;</a>&nbsp;&nbsp;&nbsp;RESET_HANDLER
</UL>

<P><STRONG><a name="[29f]"></a>_main_stk</STRONG> (Thumb, 0 bytes, Stack size unknown bytes, entry3.o(.ARM.Collect$$$$00000002))

<P><STRONG><a name="[65]"></a>_main_scatterload</STRONG> (Thumb, 0 bytes, Stack size unknown bytes, entry5.o(.ARM.Collect$$$$00000004))
<BR><BR>[Calls]<UL><LI><a href="#[66]">&gt;&gt;</a>&nbsp;&nbsp;&nbsp;__scatterload
</UL>

<P><STRONG><a name="[6d]"></a>__main_after_scatterload</STRONG> (Thumb, 0 bytes, Stack size unknown bytes, entry5.o(.ARM.Collect$$$$00000004))
<BR><BR>[Called By]<UL><LI><a href="#[66]">&gt;&gt;</a>&nbsp;&nbsp;&nbsp;__scatterload
</UL>

<P><STRONG><a name="[2a0]"></a>_main_clock</STRONG> (Thumb, 0 bytes, Stack size unknown bytes, entry7b.o(.ARM.Collect$$$$00000008))

<P><STRONG><a name="[2a1]"></a>_main_cpp_init</STRONG> (Thumb, 0 bytes, Stack size unknown bytes, entry8b.o(.ARM.Collect$$$$0000000A))

<P><STRONG><a name="[2a2]"></a>_main_init</STRONG> (Thumb, 0 bytes, Stack size unknown bytes, entry9a.o(.ARM.Collect$$$$0000000B))

<P><STRONG><a name="[2a3]"></a>__rt_final_cpp</STRONG> (Thumb, 0 bytes, Stack size unknown bytes, entry10a.o(.ARM.Collect$$$$0000000D))

<P><STRONG><a name="[2a4]"></a>__rt_final_exit</STRONG> (Thumb, 0 bytes, Stack size unknown bytes, entry11a.o(.ARM.Collect$$$$0000000F))

<P><STRONG><a name="[2a5]"></a>__aeabi_uidiv</STRONG> (Thumb, 0 bytes, Stack size 12 bytes, uidiv.o(.text), UNUSED)

<P><STRONG><a name="[118]"></a>__aeabi_uidivmod</STRONG> (Thumb, 44 bytes, Stack size 12 bytes, uidiv.o(.text))
<BR><BR>[Stack]<UL><LI>Max Depth = 12<LI>Call Chain = __aeabi_uidivmod
</UL>
<BR>[Called By]<UL><LI><a href="#[1bb]">&gt;&gt;</a>&nbsp;&nbsp;&nbsp;UART_Init
<LI><a href="#[132]">&gt;&gt;</a>&nbsp;&nbsp;&nbsp;I2C_Init
<LI><a href="#[90]">&gt;&gt;</a>&nbsp;&nbsp;&nbsp;Gatt_Process_Q
<LI><a href="#[1ed]">&gt;&gt;</a>&nbsp;&nbsp;&nbsp;adapt_slot
</UL>

<P><STRONG><a name="[2a6]"></a>____aeabi_memcpy8$ret$move</STRONG> (Thumb, 0 bytes, Stack size 8 bytes, memmove.o(.text), UNUSED)

<P><STRONG><a name="[2a7]"></a>___aeabi_memmove$ret</STRONG> (Thumb, 0 bytes, Stack size 8 bytes, memmove.o(.text), UNUSED)

<P><STRONG><a name="[2a8]"></a>___aeabi_memmove8$ret</STRONG> (Thumb, 0 bytes, Stack size 8 bytes, memmove.o(.text), UNUSED)

<P><STRONG><a name="[10a]"></a>__aeabi_memcpy</STRONG> (Thumb, 66 bytes, Stack size 8 bytes, memmove.o(.text))
<BR><BR>[Stack]<UL><LI>Max Depth = 8<LI>Call Chain = __aeabi_memcpy
</UL>
<BR>[Called By]<UL><LI><a href="#[e5]">&gt;&gt;</a>&nbsp;&nbsp;&nbsp;Gatt_Add_Service
<LI><a href="#[e6]">&gt;&gt;</a>&nbsp;&nbsp;&nbsp;Gatt_Add_Characteristic
</UL>

<P><STRONG><a name="[279]"></a>__aeabi_memcpy4</STRONG> (Thumb, 0 bytes, Stack size 8 bytes, memmove.o(.text))
<BR><BR>[Stack]<UL><LI>Max Depth = 8<LI>Call Chain = __aeabi_memcpy4
</UL>
<BR>[Called By]<UL><LI><a href="#[293]">&gt;&gt;</a>&nbsp;&nbsp;&nbsp;smp_add_to_sdb
<LI><a href="#[278]">&gt;&gt;</a>&nbsp;&nbsp;&nbsp;smp_Determine_Key_Association_Method
</UL>

<P><STRONG><a name="[169]"></a>__aeabi_memmove4</STRONG> (Thumb, 0 bytes, Stack size 8 bytes, memmove.o(.text))
<BR><BR>[Stack]<UL><LI>Max Depth = 8<LI>Call Chain = __aeabi_memmove4
</UL>
<BR>[Called By]<UL><LI><a href="#[168]">&gt;&gt;</a>&nbsp;&nbsp;&nbsp;Mem_Buff_Block_Copy
<LI><a href="#[16a]">&gt;&gt;</a>&nbsp;&nbsp;&nbsp;Mem_Buff_Block_Write
</UL>

<P><STRONG><a name="[171]"></a>memcpy</STRONG> (Thumb, 0 bytes, Stack size 8 bytes, memmove.o(.text))
<BR><BR>[Stack]<UL><LI>Max Depth = 8<LI>Call Chain = memcpy
</UL>
<BR>[Called By]<UL><LI><a href="#[6f]">&gt;&gt;</a>&nbsp;&nbsp;&nbsp;Osal_MemCpy
</UL>

<P><STRONG><a name="[2a9]"></a>memmove</STRONG> (Thumb, 0 bytes, Stack size 8 bytes, memmove.o(.text), UNUSED)

<P><STRONG><a name="[68]"></a>__aeabi_memset</STRONG> (Thumb, 14 bytes, Stack size 0 bytes, memseta.o(.text))
<BR><BR>[Called By]<UL><LI><a href="#[69]">&gt;&gt;</a>&nbsp;&nbsp;&nbsp;memset
<LI><a href="#[67]">&gt;&gt;</a>&nbsp;&nbsp;&nbsp;__aeabi_memclr
</UL>

<P><STRONG><a name="[2aa]"></a>__aeabi_memset4</STRONG> (Thumb, 0 bytes, Stack size 0 bytes, memseta.o(.text), UNUSED)

<P><STRONG><a name="[2ab]"></a>__aeabi_memset8</STRONG> (Thumb, 0 bytes, Stack size 0 bytes, memseta.o(.text), UNUSED)

<P><STRONG><a name="[67]"></a>__aeabi_memclr</STRONG> (Thumb, 4 bytes, Stack size 0 bytes, memseta.o(.text), UNUSED)
<BR><BR>[Calls]<UL><LI><a href="#[68]">&gt;&gt;</a>&nbsp;&nbsp;&nbsp;__aeabi_memset
</UL>

<P><STRONG><a name="[1e3]"></a>__aeabi_memclr4</STRONG> (Thumb, 0 bytes, Stack size 0 bytes, memseta.o(.text))
<BR><BR>[Called By]<UL><LI><a href="#[fb]">&gt;&gt;</a>&nbsp;&nbsp;&nbsp;_gap_set_discoverable_connectable
</UL>

<P><STRONG><a name="[2ac]"></a>__aeabi_memclr8</STRONG> (Thumb, 0 bytes, Stack size 0 bytes, memseta.o(.text), UNUSED)

<P><STRONG><a name="[69]"></a>memset</STRONG> (Thumb, 18 bytes, Stack size 8 bytes, memseta.o(.text))
<BR><BR>[Stack]<UL><LI>Max Depth = 8<LI>Call Chain = memset
</UL>
<BR>[Calls]<UL><LI><a href="#[68]">&gt;&gt;</a>&nbsp;&nbsp;&nbsp;__aeabi_memset
</UL>
<BR>[Called By]<UL><LI><a href="#[d0]">&gt;&gt;</a>&nbsp;&nbsp;&nbsp;Osal_MemSet
</UL>

<P><STRONG><a name="[170]"></a>memcmp</STRONG> (Thumb, 26 bytes, Stack size 12 bytes, memcmp.o(.text))
<BR><BR>[Stack]<UL><LI>Max Depth = 12<LI>Call Chain = memcmp
</UL>
<BR>[Called By]<UL><LI><a href="#[77]">&gt;&gt;</a>&nbsp;&nbsp;&nbsp;Osal_MemCmp
</UL>

<P><STRONG><a name="[151]"></a>__aeabi_uread4</STRONG> (Thumb, 20 bytes, Stack size 0 bytes, uread4.o(.text))
<BR><BR>[Called By]<UL><LI><a href="#[14b]">&gt;&gt;</a>&nbsp;&nbsp;&nbsp;LL_Check_And_Set_Addresses
<LI><a href="#[19e]">&gt;&gt;</a>&nbsp;&nbsp;&nbsp;Write_Client_Data
</UL>

<P><STRONG><a name="[2ad]"></a>__rt_uread4</STRONG> (Thumb, 0 bytes, Stack size 0 bytes, uread4.o(.text), UNUSED)

<P><STRONG><a name="[2ae]"></a>_uread4</STRONG> (Thumb, 0 bytes, Stack size 0 bytes, uread4.o(.text), UNUSED)

<P><STRONG><a name="[6a]"></a>__aeabi_uldivmod</STRONG> (Thumb, 96 bytes, Stack size 48 bytes, uldiv.o(.text), UNUSED)
<BR><BR>[Calls]<UL><LI><a href="#[6b]">&gt;&gt;</a>&nbsp;&nbsp;&nbsp;__aeabi_llsr
<LI><a href="#[6c]">&gt;&gt;</a>&nbsp;&nbsp;&nbsp;__aeabi_llsl
</UL>
<BR>[Called By]<UL><LI><a href="#[1e1]">&gt;&gt;</a>&nbsp;&nbsp;&nbsp;_printf_core
</UL>

<P><STRONG><a name="[6c]"></a>__aeabi_llsl</STRONG> (Thumb, 32 bytes, Stack size 8 bytes, llshl.o(.text), UNUSED)
<BR><BR>[Called By]<UL><LI><a href="#[6a]">&gt;&gt;</a>&nbsp;&nbsp;&nbsp;__aeabi_uldivmod
</UL>

<P><STRONG><a name="[2af]"></a>_ll_shift_l</STRONG> (Thumb, 0 bytes, Stack size 8 bytes, llshl.o(.text), UNUSED)

<P><STRONG><a name="[66]"></a>__scatterload</STRONG> (Thumb, 28 bytes, Stack size 0 bytes, init.o(.text))
<BR><BR>[Calls]<UL><LI><a href="#[6d]">&gt;&gt;</a>&nbsp;&nbsp;&nbsp;__main_after_scatterload
</UL>
<BR>[Called By]<UL><LI><a href="#[65]">&gt;&gt;</a>&nbsp;&nbsp;&nbsp;_main_scatterload
</UL>

<P><STRONG><a name="[2b0]"></a>__scatterload_rt2</STRONG> (Thumb, 0 bytes, Stack size 0 bytes, init.o(.text), UNUSED)

<P><STRONG><a name="[6b]"></a>__aeabi_llsr</STRONG> (Thumb, 34 bytes, Stack size 8 bytes, llushr.o(.text), UNUSED)
<BR><BR>[Called By]<UL><LI><a href="#[6a]">&gt;&gt;</a>&nbsp;&nbsp;&nbsp;__aeabi_uldivmod
</UL>

<P><STRONG><a name="[2b1]"></a>_ll_ushift_r</STRONG> (Thumb, 0 bytes, Stack size 8 bytes, llushr.o(.text), UNUSED)

<P><STRONG><a name="[2b2]"></a>__decompress</STRONG> (Thumb, 0 bytes, Stack size unknown bytes, __dczerorl2.o(.text), UNUSED)

<P><STRONG><a name="[2b3]"></a>__decompress1</STRONG> (Thumb, 86 bytes, Stack size unknown bytes, __dczerorl2.o(.text), UNUSED)

<P><STRONG><a name="[270]"></a>ADC_AutoOffsetUpdate</STRONG> (Thumb, 22 bytes, Stack size 0 bytes, bluenrg1_adc.o(i.ADC_AutoOffsetUpdate))
<BR><BR>[Called By]<UL><LI><a href="#[1b]">&gt;&gt;</a>&nbsp;&nbsp;&nbsp;main
</UL>

<P><STRONG><a name="[26f]"></a>ADC_Calibration</STRONG> (Thumb, 30 bytes, Stack size 0 bytes, bluenrg1_adc.o(i.ADC_Calibration))
<BR><BR>[Called By]<UL><LI><a href="#[1b]">&gt;&gt;</a>&nbsp;&nbsp;&nbsp;main
</UL>

<P><STRONG><a name="[26a]"></a>ADC_Cmd</STRONG> (Thumb, 52 bytes, Stack size 0 bytes, bluenrg1_adc.o(i.ADC_Cmd))
<BR><BR>[Called By]<UL><LI><a href="#[1b]">&gt;&gt;</a>&nbsp;&nbsp;&nbsp;main
</UL>

<P><STRONG><a name="[26c]"></a>ADC_DeInit</STRONG> (Thumb, 14 bytes, Stack size 0 bytes, bluenrg1_adc.o(i.ADC_DeInit))
<BR><BR>[Called By]<UL><LI><a href="#[1b]">&gt;&gt;</a>&nbsp;&nbsp;&nbsp;main
</UL>

<P><STRONG><a name="[268]"></a>ADC_DmaCmd</STRONG> (Thumb, 24 bytes, Stack size 0 bytes, bluenrg1_adc.o(i.ADC_DmaCmd))
<BR><BR>[Called By]<UL><LI><a href="#[1b]">&gt;&gt;</a>&nbsp;&nbsp;&nbsp;main
</UL>

<P><STRONG><a name="[11]"></a>ADC_Handler</STRONG> (Thumb, 2 bytes, Stack size 0 bytes, system_bluenrg1.o(i.ADC_Handler))
<BR>[Address Reference Count : 1]<UL><LI> system_bluenrg1.o(.intvec)
</UL>
<P><STRONG><a name="[6e]"></a>ATT_fill_error_resp</STRONG> (Thumb, 38 bytes, Stack size unknown bytes, att.o(i.ATT_fill_error_resp))
<BR><BR>[Stack]<UL><LI>Max Depth = 16 + Unknown Stack Size
<LI>Call Chain = ATT_fill_error_resp &rArr; Osal_MemCpy &rArr; memcpy
</UL>
<BR>[Calls]<UL><LI><a href="#[6f]">&gt;&gt;</a>&nbsp;&nbsp;&nbsp;Osal_MemCpy
</UL>
<BR>[Called By]<UL><LI><a href="#[185]">&gt;&gt;</a>&nbsp;&nbsp;&nbsp;Write_Resp
<LI><a href="#[181]">&gt;&gt;</a>&nbsp;&nbsp;&nbsp;Read_Resp
<LI><a href="#[183]">&gt;&gt;</a>&nbsp;&nbsp;&nbsp;Read_Multi_Resp
<LI><a href="#[180]">&gt;&gt;</a>&nbsp;&nbsp;&nbsp;Read_By_Type_Resp
<LI><a href="#[184]">&gt;&gt;</a>&nbsp;&nbsp;&nbsp;Read_By_Grp_Type_Resp
<LI><a href="#[182]">&gt;&gt;</a>&nbsp;&nbsp;&nbsp;Read_Blob_Resp
<LI><a href="#[17e]">&gt;&gt;</a>&nbsp;&nbsp;&nbsp;Prepare_Write_Resp
<LI><a href="#[db]">&gt;&gt;</a>&nbsp;&nbsp;&nbsp;Find_Info_Resp
<LI><a href="#[d8]">&gt;&gt;</a>&nbsp;&nbsp;&nbsp;Find_By_Type_Val_Resp
<LI><a href="#[d2]">&gt;&gt;</a>&nbsp;&nbsp;&nbsp;Exec_Write_Resp
<LI><a href="#[d1]">&gt;&gt;</a>&nbsp;&nbsp;&nbsp;Exchg_Mtu_Resp
<LI><a href="#[114]">&gt;&gt;</a>&nbsp;&nbsp;&nbsp;Process_Peer_Client_Data
<LI><a href="#[11d]">&gt;&gt;</a>&nbsp;&nbsp;&nbsp;Gatt_Server_L2C_Handler
</UL>

<P><STRONG><a name="[75]"></a>Accu_Handles_Requiring_Auth</STRONG> (Thumb, 110 bytes, Stack size unknown bytes, rom_att.o(i.Accu_Handles_Requiring_Auth))
<BR><BR>[Stack]<UL><LI>Max Depth = 16 + Unknown Stack Size
<LI>Call Chain = Accu_Handles_Requiring_Auth &rArr; Osal_MemCpy &rArr; memcpy
</UL>
<BR>[Calls]<UL><LI><a href="#[6f]">&gt;&gt;</a>&nbsp;&nbsp;&nbsp;Osal_MemCpy
<LI><a href="#[74]">&gt;&gt;</a>&nbsp;&nbsp;&nbsp;Gatt_search_handle
<LI><a href="#[73]">&gt;&gt;</a>&nbsp;&nbsp;&nbsp;Gatt_Find_Srv_Owner_Of_Handle
</UL>
<BR>[Called By]<UL><LI><a href="#[183]">&gt;&gt;</a>&nbsp;&nbsp;&nbsp;Read_Multi_Resp
</UL>

<P><STRONG><a name="[76]"></a>Accu_UuidTypes_Requiring_Auth</STRONG> (Thumb, 234 bytes, Stack size unknown bytes, rom_att.o(i.Accu_UuidTypes_Requiring_Auth))
<BR><BR>[Stack]<UL><LI>Max Depth = 20 + Unknown Stack Size
<LI>Call Chain = Accu_UuidTypes_Requiring_Auth &rArr; Osal_MemCmp &rArr; memcmp
</UL>
<BR>[Calls]<UL><LI><a href="#[6f]">&gt;&gt;</a>&nbsp;&nbsp;&nbsp;Osal_MemCpy
<LI><a href="#[77]">&gt;&gt;</a>&nbsp;&nbsp;&nbsp;Osal_MemCmp
<LI><a href="#[73]">&gt;&gt;</a>&nbsp;&nbsp;&nbsp;Gatt_Find_Srv_Owner_Of_Handle
</UL>
<BR>[Called By]<UL><LI><a href="#[180]">&gt;&gt;</a>&nbsp;&nbsp;&nbsp;Read_By_Type_Resp
</UL>

<P><STRONG><a name="[a3]"></a>Acl_Init</STRONG> (Thumb, 26 bytes, Stack size unknown bytes, acl.o(i.Acl_Init))
<BR><BR>[Called By]<UL><LI><a href="#[9f]">&gt;&gt;</a>&nbsp;&nbsp;&nbsp;BlueNRG_Stack_Initialize_Layers
</UL>

<P><STRONG><a name="[78]"></a>Acl_Rcv_Pkt_Handler</STRONG> (Thumb, 56 bytes, Stack size unknown bytes, acl.o(i.Acl_Rcv_Pkt_Handler))
<BR><BR>[Calls]<UL><LI><a href="#[79]">&gt;&gt;</a>&nbsp;&nbsp;&nbsp;aci_event_fifo_push_header
<LI><a href="#[7a]">&gt;&gt;</a>&nbsp;&nbsp;&nbsp;aci_event_fifo_push
</UL>
<BR>[Called By]<UL><LI><a href="#[18c]">&gt;&gt;</a>&nbsp;&nbsp;&nbsp;isr_event_handler
</UL>

<P><STRONG><a name="[7b]"></a>Acl_Transmit_Data</STRONG> (Thumb, 92 bytes, Stack size unknown bytes, acl.o(i.Acl_Transmit_Data))
<BR><BR>[Stack]<UL><LI>Max Depth = 16 + Unknown Stack Size
<LI>Call Chain = Acl_Transmit_Data &rArr; advance_wakeup_timer &rArr; cancel_master &rArr; isr_event_handler &rArr; Osal_MemCpy &rArr; memcpy
</UL>
<BR>[Calls]<UL><LI><a href="#[7f]">&gt;&gt;</a>&nbsp;&nbsp;&nbsp;slave_advance
<LI><a href="#[80]">&gt;&gt;</a>&nbsp;&nbsp;&nbsp;advance_wakeup_timer
<LI><a href="#[7e]">&gt;&gt;</a>&nbsp;&nbsp;&nbsp;is_slave
<LI><a href="#[7d]">&gt;&gt;</a>&nbsp;&nbsp;&nbsp;get_connection_no
<LI><a href="#[7c]">&gt;&gt;</a>&nbsp;&nbsp;&nbsp;LL_Send_ACL_Data
</UL>
<BR>[Called By]<UL><LI><a href="#[8a]">&gt;&gt;</a>&nbsp;&nbsp;&nbsp;hci_acl_Process_Q
<LI><a href="#[101]">&gt;&gt;</a>&nbsp;&nbsp;&nbsp;L2C_Send_Data
</UL>

<P><STRONG><a name="[81]"></a>Acl_Tx_Cmpl_Pkt_Handler</STRONG> (Thumb, 64 bytes, Stack size unknown bytes, acl.o(i.Acl_Tx_Cmpl_Pkt_Handler))
<BR><BR>[Calls]<UL><LI><a href="#[79]">&gt;&gt;</a>&nbsp;&nbsp;&nbsp;aci_event_fifo_push_header
<LI><a href="#[7a]">&gt;&gt;</a>&nbsp;&nbsp;&nbsp;aci_event_fifo_push
</UL>
<BR>[Called By]<UL><LI><a href="#[18c]">&gt;&gt;</a>&nbsp;&nbsp;&nbsp;isr_event_handler
</UL>

<P><STRONG><a name="[82]"></a>App_SleepMode_Check</STRONG> (Thumb, 26 bytes, Stack size 8 bytes, ble_beacon_main.o(i.App_SleepMode_Check))
<BR><BR>[Stack]<UL><LI>Max Depth = 16<LI>Call Chain = App_SleepMode_Check &rArr; SdkEvalComUARTBusy
</UL>
<BR>[Calls]<UL><LI><a href="#[84]">&gt;&gt;</a>&nbsp;&nbsp;&nbsp;SdkEvalComUARTBusy
<LI><a href="#[83]">&gt;&gt;</a>&nbsp;&nbsp;&nbsp;SdkEvalComIOTxFifoNotEmpty
</UL>
<BR>[Called By]<UL><LI><a href="#[98]">&gt;&gt;</a>&nbsp;&nbsp;&nbsp;BlueNRG_Sleep
</UL>

<P><STRONG><a name="[85]"></a>Att_Check_Perms</STRONG> (Thumb, 80 bytes, Stack size unknown bytes, att.o(i.Att_Check_Perms))
<BR><BR>[Calls]<UL><LI><a href="#[86]">&gt;&gt;</a>&nbsp;&nbsp;&nbsp;SM_Get_Remote_Device_Info
<LI><a href="#[87]">&gt;&gt;</a>&nbsp;&nbsp;&nbsp;Check_Permission
</UL>
<BR>[Called By]<UL><LI><a href="#[125]">&gt;&gt;</a>&nbsp;&nbsp;&nbsp;Gatt_Update_Charac_Value_Ext
<LI><a href="#[185]">&gt;&gt;</a>&nbsp;&nbsp;&nbsp;Write_Resp
<LI><a href="#[181]">&gt;&gt;</a>&nbsp;&nbsp;&nbsp;Read_Resp
<LI><a href="#[183]">&gt;&gt;</a>&nbsp;&nbsp;&nbsp;Read_Multi_Resp
<LI><a href="#[180]">&gt;&gt;</a>&nbsp;&nbsp;&nbsp;Read_By_Type_Resp
<LI><a href="#[182]">&gt;&gt;</a>&nbsp;&nbsp;&nbsp;Read_Blob_Resp
<LI><a href="#[17e]">&gt;&gt;</a>&nbsp;&nbsp;&nbsp;Prepare_Write_Resp
<LI><a href="#[d8]">&gt;&gt;</a>&nbsp;&nbsp;&nbsp;Find_By_Type_Val_Resp
<LI><a href="#[b6]">&gt;&gt;</a>&nbsp;&nbsp;&nbsp;CheckSecForSignedWrite
</UL>

<P><STRONG><a name="[9e]"></a>BLEPLAT_get_part_info</STRONG> (Thumb, 112 bytes, Stack size 16 bytes, miscutil.o(i.BLEPLAT_get_part_info))
<BR><BR>[Stack]<UL><LI>Max Depth = 16<LI>Call Chain = BLEPLAT_get_part_info
</UL>
<BR>[Called By]<UL><LI><a href="#[9d]">&gt;&gt;</a>&nbsp;&nbsp;&nbsp;BlueNRG_Stack_Initialize_ConfigData
</UL>

<P><STRONG><a name="[88]"></a>BTLE_StackTick</STRONG> (Thumb, 128 bytes, Stack size unknown bytes, bluenrg_main_func.o(i.BTLE_StackTick))
<BR><BR>[Stack]<UL><LI>Max Depth = 20 + Unknown Stack Size
<LI>Call Chain = BTLE_StackTick &rArr; Timer_ProcessQ &rArr; TimerCallback &rArr; SMP_Repeated_Attacks_Timer_cb &rArr; Osal_MemCmp &rArr; memcmp
</UL>
<BR>[Calls]<UL><LI><a href="#[8a]">&gt;&gt;</a>&nbsp;&nbsp;&nbsp;hci_acl_Process_Q
<LI><a href="#[8e]">&gt;&gt;</a>&nbsp;&nbsp;&nbsp;advance_transmit
<LI><a href="#[89]">&gt;&gt;</a>&nbsp;&nbsp;&nbsp;Timer_ProcessQ
<LI><a href="#[91]">&gt;&gt;</a>&nbsp;&nbsp;&nbsp;SMP_Process_Q
<LI><a href="#[90]">&gt;&gt;</a>&nbsp;&nbsp;&nbsp;Gatt_Process_Q
<LI><a href="#[8f]">&gt;&gt;</a>&nbsp;&nbsp;&nbsp;GAP_Process_Q
<LI><a href="#[8c]">&gt;&gt;</a>&nbsp;&nbsp;&nbsp;Events_Process_Q
<LI><a href="#[8b]">&gt;&gt;</a>&nbsp;&nbsp;&nbsp;Controller_Process_Q
<LI><a href="#[8d]">&gt;&gt;</a>&nbsp;&nbsp;&nbsp;BlueNRG_Stack_Perform_Crystal_Check
</UL>
<BR>[Called By]<UL><LI><a href="#[1b]">&gt;&gt;</a>&nbsp;&nbsp;&nbsp;main
</UL>

<P><STRONG><a name="[98]"></a>BlueNRG_Sleep</STRONG> (Thumb, 114 bytes, Stack size 32 bytes, sleep.o(i.BlueNRG_Sleep))
<BR><BR>[Stack]<UL><LI>Max Depth = 700 + Unknown Stack Size
<LI>Call Chain = BlueNRG_Sleep &rArr; BlueNRG_InternalSleep &rArr; DeviceConfiguration
</UL>
<BR>[Calls]<UL><LI><a href="#[92]">&gt;&gt;</a>&nbsp;&nbsp;&nbsp;BlueNRG_InternalSleep
<LI><a href="#[82]">&gt;&gt;</a>&nbsp;&nbsp;&nbsp;App_SleepMode_Check
<LI><a href="#[99]">&gt;&gt;</a>&nbsp;&nbsp;&nbsp;BlueNRG_Stack_Perform_Deep_Sleep_Check
</UL>
<BR>[Called By]<UL><LI><a href="#[1b]">&gt;&gt;</a>&nbsp;&nbsp;&nbsp;main
</UL>

<P><STRONG><a name="[9a]"></a>BlueNRG_Stack_Initialization</STRONG> (Thumb, 62 bytes, Stack size unknown bytes, bluenrg_main_func.o(i.BlueNRG_Stack_Initialization))
<BR><BR>[Stack]<UL><LI>Max Depth = 16 + Unknown Stack Size
<LI>Call Chain = BlueNRG_Stack_Initialization &rArr; Osal_MemCpy &rArr; memcpy
</UL>
<BR>[Calls]<UL><LI><a href="#[6f]">&gt;&gt;</a>&nbsp;&nbsp;&nbsp;Osal_MemCpy
<LI><a href="#[9c]">&gt;&gt;</a>&nbsp;&nbsp;&nbsp;_BlueNRG_Stack_Initialization
<LI><a href="#[9b]">&gt;&gt;</a>&nbsp;&nbsp;&nbsp;BlueNRG_Stack_Initialize_RAM_check
</UL>
<BR>[Called By]<UL><LI><a href="#[1b]">&gt;&gt;</a>&nbsp;&nbsp;&nbsp;main
</UL>

<P><STRONG><a name="[99]"></a>BlueNRG_Stack_Perform_Deep_Sleep_Check</STRONG> (Thumb, 166 bytes, Stack size unknown bytes, bluenrg_main_func_speed.o(i.BlueNRG_Stack_Perform_Deep_Sleep_Check))
<BR><BR>[Calls]<UL><LI><a href="#[b0]">&gt;&gt;</a>&nbsp;&nbsp;&nbsp;Set_Host_Timer_value
</UL>
<BR>[Called By]<UL><LI><a href="#[98]">&gt;&gt;</a>&nbsp;&nbsp;&nbsp;BlueNRG_Sleep
</UL>

<P><STRONG><a name="[f]"></a>Blue_Handler</STRONG> (Thumb, 8 bytes, Stack size 8 bytes, bluenrg1_it.o(i.Blue_Handler))
<BR><BR>[Stack]<UL><LI>Max Depth = 24 + Unknown Stack Size
<LI>Call Chain = Blue_Handler &rArr; RAL_Isr &rArr; isr_event_handler &rArr; Osal_MemCpy &rArr; memcpy
</UL>
<BR>[Calls]<UL><LI><a href="#[b1]">&gt;&gt;</a>&nbsp;&nbsp;&nbsp;RAL_Isr
</UL>
<BR>[Address Reference Count : 1]<UL><LI> system_bluenrg1.o(.intvec)
</UL>
<P><STRONG><a name="[b2]"></a>Blue_Init_Global</STRONG> (Thumb, 146 bytes, Stack size unknown bytes, routines_support.o(i.Blue_Init_Global))
<BR><BR>[Calls]<UL><LI><a href="#[b3]">&gt;&gt;</a>&nbsp;&nbsp;&nbsp;Blue_Set_Radio_Config_Data
</UL>
<BR>[Called By]<UL><LI><a href="#[a1]">&gt;&gt;</a>&nbsp;&nbsp;&nbsp;LL_Init
</UL>

<P><STRONG><a name="[b3]"></a>Blue_Set_Radio_Config_Data</STRONG> (Thumb, 28 bytes, Stack size unknown bytes, rom_ll_routines_support.o(i.Blue_Set_Radio_Config_Data))
<BR><BR>[Calls]<UL><LI><a href="#[b4]">&gt;&gt;</a>&nbsp;&nbsp;&nbsp;char_copy
</UL>
<BR>[Called By]<UL><LI><a href="#[b2]">&gt;&gt;</a>&nbsp;&nbsp;&nbsp;Blue_Init_Global
</UL>

<P><STRONG><a name="[b5]"></a>Build_Notif_Or_Ind</STRONG> (Thumb, 62 bytes, Stack size unknown bytes, gatt_server.o(i.Build_Notif_Or_Ind))
<BR><BR>[Stack]<UL><LI>Max Depth = 16 + Unknown Stack Size
<LI>Call Chain = Build_Notif_Or_Ind &rArr; Osal_MemCpy &rArr; memcpy
</UL>
<BR>[Calls]<UL><LI><a href="#[6f]">&gt;&gt;</a>&nbsp;&nbsp;&nbsp;Osal_MemCpy
<LI><a href="#[71]">&gt;&gt;</a>&nbsp;&nbsp;&nbsp;PM_Write_Pckt_Data
</UL>
<BR>[Called By]<UL><LI><a href="#[125]">&gt;&gt;</a>&nbsp;&nbsp;&nbsp;Gatt_Update_Charac_Value_Ext
</UL>

<P><STRONG><a name="[b6]"></a>CheckSecForSignedWrite</STRONG> (Thumb, 44 bytes, Stack size unknown bytes, att.o(i.CheckSecForSignedWrite))
<BR><BR>[Calls]<UL><LI><a href="#[85]">&gt;&gt;</a>&nbsp;&nbsp;&nbsp;Att_Check_Perms
<LI><a href="#[86]">&gt;&gt;</a>&nbsp;&nbsp;&nbsp;SM_Get_Remote_Device_Info
</UL>
<BR>[Called By]<UL><LI><a href="#[186]">&gt;&gt;</a>&nbsp;&nbsp;&nbsp;Write_Cmd
</UL>

<P><STRONG><a name="[10b]"></a>Check_Encry_Key_Size</STRONG> (Thumb, 24 bytes, Stack size unknown bytes, rom_gatt_server.o(i.Check_Encry_Key_Size))
<BR><BR>[Called By]<UL><LI><a href="#[e6]">&gt;&gt;</a>&nbsp;&nbsp;&nbsp;Gatt_Add_Characteristic
<LI><a href="#[109]">&gt;&gt;</a>&nbsp;&nbsp;&nbsp;Gatt_Add_Descriptor
</UL>

<P><STRONG><a name="[b7]"></a>Check_For_Service_Change</STRONG> (Thumb, 826 bytes, Stack size unknown bytes, gatt_server.o(i.Check_For_Service_Change))
<BR><BR>[Stack]<UL><LI>Max Depth = 20 + Unknown Stack Size
<LI>Call Chain = Check_For_Service_Change &rArr; Osal_MemCmp &rArr; memcmp
</UL>
<BR>[Calls]<UL><LI><a href="#[6f]">&gt;&gt;</a>&nbsp;&nbsp;&nbsp;Osal_MemCpy
<LI><a href="#[77]">&gt;&gt;</a>&nbsp;&nbsp;&nbsp;Osal_MemCmp
<LI><a href="#[b8]">&gt;&gt;</a>&nbsp;&nbsp;&nbsp;SDB_read_peer_bonded_data
<LI><a href="#[bc]">&gt;&gt;</a>&nbsp;&nbsp;&nbsp;Ind_Service_Change_Charac
<LI><a href="#[b9]">&gt;&gt;</a>&nbsp;&nbsp;&nbsp;Gatt_fetch_handle
<LI><a href="#[bb]">&gt;&gt;</a>&nbsp;&nbsp;&nbsp;Find_Attr_Index
<LI><a href="#[ba]">&gt;&gt;</a>&nbsp;&nbsp;&nbsp;Find_Gatt_Client
</UL>
<BR>[Called By]<UL><LI><a href="#[90]">&gt;&gt;</a>&nbsp;&nbsp;&nbsp;Gatt_Process_Q
</UL>

<P><STRONG><a name="[87]"></a>Check_Permission</STRONG> (Thumb, 160 bytes, Stack size unknown bytes, att.o(i.Check_Permission))
<BR><BR>[Calls]<UL><LI><a href="#[bd]">&gt;&gt;</a>&nbsp;&nbsp;&nbsp;SM_Get_Link_Status
<LI><a href="#[be]">&gt;&gt;</a>&nbsp;&nbsp;&nbsp;SM_Check_Encryption_KeySize
</UL>
<BR>[Called By]<UL><LI><a href="#[85]">&gt;&gt;</a>&nbsp;&nbsp;&nbsp;Att_Check_Perms
</UL>

<P><STRONG><a name="[8b]"></a>Controller_Process_Q</STRONG> (Thumb, 28 bytes, Stack size unknown bytes, hci.o(i.Controller_Process_Q))
<BR><BR>[Calls]<UL><LI><a href="#[c0]">&gt;&gt;</a>&nbsp;&nbsp;&nbsp;PKA_Offline_Processing_ucfg
<LI><a href="#[bf]">&gt;&gt;</a>&nbsp;&nbsp;&nbsp;PRIV_u8OfflineProcessing_ucfg
<LI><a href="#[c2]">&gt;&gt;</a>&nbsp;&nbsp;&nbsp;Disconnection_Offline_Processing
<LI><a href="#[c1]">&gt;&gt;</a>&nbsp;&nbsp;&nbsp;Data_Len_Update_Offline_Processing_ucfg
<LI><a href="#[aa]">&gt;&gt;</a>&nbsp;&nbsp;&nbsp;data_length_extension_csr_ucfg
</UL>
<BR>[Called By]<UL><LI><a href="#[88]">&gt;&gt;</a>&nbsp;&nbsp;&nbsp;BTLE_StackTick
</UL>

<P><STRONG><a name="[26b]"></a>DMA_ClearFlag</STRONG> (Thumb, 8 bytes, Stack size 0 bytes, bluenrg1_dma.o(i.DMA_ClearFlag))
<BR><BR>[Called By]<UL><LI><a href="#[1b]">&gt;&gt;</a>&nbsp;&nbsp;&nbsp;main
</UL>

<P><STRONG><a name="[269]"></a>DMA_Cmd</STRONG> (Thumb, 20 bytes, Stack size 0 bytes, bluenrg1_dma.o(i.DMA_Cmd))
<BR><BR>[Called By]<UL><LI><a href="#[1b]">&gt;&gt;</a>&nbsp;&nbsp;&nbsp;main
</UL>

<P><STRONG><a name="[26d]"></a>DMA_DeInit</STRONG> (Thumb, 146 bytes, Stack size 0 bytes, bluenrg1_dma.o(i.DMA_DeInit))
<BR><BR>[Called By]<UL><LI><a href="#[1b]">&gt;&gt;</a>&nbsp;&nbsp;&nbsp;main
</UL>

<P><STRONG><a name="[1a]"></a>DMA_Handler</STRONG> (Thumb, 2 bytes, Stack size 0 bytes, system_bluenrg1.o(i.DMA_Handler))
<BR>[Address Reference Count : 1]<UL><LI> system_bluenrg1.o(.intvec)
</UL>
<P><STRONG><a name="[26e]"></a>DMA_SelectAdcChannel</STRONG> (Thumb, 18 bytes, Stack size 0 bytes, bluenrg1_dma.o(i.DMA_SelectAdcChannel))
<BR><BR>[Called By]<UL><LI><a href="#[1b]">&gt;&gt;</a>&nbsp;&nbsp;&nbsp;main
</UL>

<P><STRONG><a name="[c1]"></a>Data_Len_Update_Offline_Processing_ucfg</STRONG> (Thumb, 2 bytes, Stack size unknown bytes, ll_routines.o(i.Data_Len_Update_Offline_Processing_ucfg))
<BR><BR>[Called By]<UL><LI><a href="#[8b]">&gt;&gt;</a>&nbsp;&nbsp;&nbsp;Controller_Process_Q
</UL>

<P><STRONG><a name="[255]"></a>Data_Length_Update_Control_ISR_ucfg</STRONG> (Thumb, 4 bytes, Stack size unknown bytes, ll_isr.o(i.Data_Length_Update_Control_ISR_ucfg))
<BR><BR>[Called By]<UL><LI><a href="#[2]">&gt;&gt;</a>&nbsp;&nbsp;&nbsp;isr_connect_slave_state
</UL>

<P><STRONG><a name="[274]"></a>Delay_With_NOP_Cycles</STRONG> (Thumb, 14 bytes, Stack size unknown bytes, utils.o(i.Delay_With_NOP_Cycles))
<BR><BR>[Called By]<UL><LI><a href="#[197]">&gt;&gt;</a>&nbsp;&nbsp;&nbsp;sdb_write_record
</UL>

<P><STRONG><a name="[97]"></a>DeviceConfiguration</STRONG> (Thumb, 402 bytes, Stack size 44 bytes, system_bluenrg1.o(i.DeviceConfiguration))
<BR><BR>[Stack]<UL><LI>Max Depth = 44<LI>Call Chain = DeviceConfiguration
</UL>
<BR>[Called By]<UL><LI><a href="#[92]">&gt;&gt;</a>&nbsp;&nbsp;&nbsp;BlueNRG_InternalSleep
<LI><a href="#[1cc]">&gt;&gt;</a>&nbsp;&nbsp;&nbsp;SystemInit
</UL>

<P><STRONG><a name="[c3]"></a>Device_Init</STRONG> (Thumb, 90 bytes, Stack size 24 bytes, ble_beacon_main.o(i.Device_Init), UNUSED)
<BR><BR>[Calls]<UL><LI><a href="#[c4]">&gt;&gt;</a>&nbsp;&nbsp;&nbsp;aci_hal_set_tx_power_level
<LI><a href="#[c6]">&gt;&gt;</a>&nbsp;&nbsp;&nbsp;aci_gatt_init
<LI><a href="#[c7]">&gt;&gt;</a>&nbsp;&nbsp;&nbsp;aci_gap_init
<LI><a href="#[c5]">&gt;&gt;</a>&nbsp;&nbsp;&nbsp;__2printf
</UL>

<P><STRONG><a name="[c2]"></a>Disconnection_Offline_Processing</STRONG> (Thumb, 68 bytes, Stack size unknown bytes, ll_routines.o(i.Disconnection_Offline_Processing))
<BR><BR>[Calls]<UL><LI><a href="#[c8]">&gt;&gt;</a>&nbsp;&nbsp;&nbsp;LL_Send_Disconnection_Req
</UL>
<BR>[Called By]<UL><LI><a href="#[8b]">&gt;&gt;</a>&nbsp;&nbsp;&nbsp;Controller_Process_Q
</UL>

<P><STRONG><a name="[ab]"></a>Dynamic_allocator</STRONG> (Thumb, 596 bytes, Stack size unknown bytes, mem_alloc.o(i.Dynamic_allocator))
<BR><BR>[Calls]<UL><LI><a href="#[c9]">&gt;&gt;</a>&nbsp;&nbsp;&nbsp;Mem_assign
</UL>
<BR>[Called By]<UL><LI><a href="#[9c]">&gt;&gt;</a>&nbsp;&nbsp;&nbsp;_BlueNRG_Stack_Initialization
<LI><a href="#[9b]">&gt;&gt;</a>&nbsp;&nbsp;&nbsp;BlueNRG_Stack_Initialize_RAM_check
</UL>

<P><STRONG><a name="[ac]"></a>Dynamic_allocator_noRet</STRONG> (Thumb, 2 bytes, Stack size unknown bytes, mem_alloc.o(i.Dynamic_allocator_noRet))
<BR><BR>[Called By]<UL><LI><a href="#[9c]">&gt;&gt;</a>&nbsp;&nbsp;&nbsp;_BlueNRG_Stack_Initialization
<LI><a href="#[9b]">&gt;&gt;</a>&nbsp;&nbsp;&nbsp;BlueNRG_Stack_Initialize_RAM_check
</UL>

<P><STRONG><a name="[8c]"></a>Events_Process_Q</STRONG> (Thumb, 258 bytes, Stack size unknown bytes, aci_events.o(i.Events_Process_Q))
<BR><BR>[Calls]<UL><LI><a href="#[cc]">&gt;&gt;</a>&nbsp;&nbsp;&nbsp;hci_hardware_error_event
<LI><a href="#[cd]">&gt;&gt;</a>&nbsp;&nbsp;&nbsp;hal_radio_activity_state_callback_check
</UL>
<BR>[Called By]<UL><LI><a href="#[88]">&gt;&gt;</a>&nbsp;&nbsp;&nbsp;BTLE_StackTick
</UL>

<P><STRONG><a name="[a9]"></a>Events_Process_init</STRONG> (Thumb, 80 bytes, Stack size unknown bytes, aci_events.o(i.Events_Process_init))
<BR><BR>[Stack]<UL><LI>Max Depth = 16 + Unknown Stack Size
<LI>Call Chain = Events_Process_init &rArr; Osal_MemSet &rArr; memset
</UL>
<BR>[Calls]<UL><LI><a href="#[d0]">&gt;&gt;</a>&nbsp;&nbsp;&nbsp;Osal_MemSet
<LI><a href="#[cf]">&gt;&gt;</a>&nbsp;&nbsp;&nbsp;fifoCtrl_init
<LI><a href="#[ce]">&gt;&gt;</a>&nbsp;&nbsp;&nbsp;hal_radio_activity_state_init
</UL>
<BR>[Called By]<UL><LI><a href="#[9f]">&gt;&gt;</a>&nbsp;&nbsp;&nbsp;BlueNRG_Stack_Initialize_Layers
</UL>

<P><STRONG><a name="[d1]"></a>Exchg_Mtu_Resp</STRONG> (Thumb, 176 bytes, Stack size unknown bytes, att.o(i.Exchg_Mtu_Resp))
<BR><BR>[Stack]<UL><LI>Max Depth = 16 + Unknown Stack Size
<LI>Call Chain = Exchg_Mtu_Resp &rArr; Osal_MemCpy &rArr; memcpy
</UL>
<BR>[Calls]<UL><LI><a href="#[6f]">&gt;&gt;</a>&nbsp;&nbsp;&nbsp;Osal_MemCpy
<LI><a href="#[79]">&gt;&gt;</a>&nbsp;&nbsp;&nbsp;aci_event_fifo_push_header
<LI><a href="#[7a]">&gt;&gt;</a>&nbsp;&nbsp;&nbsp;aci_event_fifo_push
<LI><a href="#[6e]">&gt;&gt;</a>&nbsp;&nbsp;&nbsp;ATT_fill_error_resp
</UL>
<BR>[Called By]<UL><LI><a href="#[114]">&gt;&gt;</a>&nbsp;&nbsp;&nbsp;Process_Peer_Client_Data
</UL>

<P><STRONG><a name="[d2]"></a>Exec_Write_Resp</STRONG> (Thumb, 440 bytes, Stack size unknown bytes, att.o(i.Exec_Write_Resp))
<BR><BR>[Stack]<UL><LI>Max Depth = 16 + Unknown Stack Size
<LI>Call Chain = Exec_Write_Resp &rArr; Osal_MemCpy &rArr; memcpy
</UL>
<BR>[Calls]<UL><LI><a href="#[6f]">&gt;&gt;</a>&nbsp;&nbsp;&nbsp;Osal_MemCpy
<LI><a href="#[d4]">&gt;&gt;</a>&nbsp;&nbsp;&nbsp;acl_list_remove
<LI><a href="#[d3]">&gt;&gt;</a>&nbsp;&nbsp;&nbsp;acl_list_first
<LI><a href="#[d7]">&gt;&gt;</a>&nbsp;&nbsp;&nbsp;PM_Release_Acl_Pckt
<LI><a href="#[d5]">&gt;&gt;</a>&nbsp;&nbsp;&nbsp;PM_Copy_Pckt_Data
<LI><a href="#[6e]">&gt;&gt;</a>&nbsp;&nbsp;&nbsp;ATT_fill_error_resp
<LI><a href="#[74]">&gt;&gt;</a>&nbsp;&nbsp;&nbsp;Gatt_search_handle
<LI><a href="#[73]">&gt;&gt;</a>&nbsp;&nbsp;&nbsp;Gatt_Find_Srv_Owner_Of_Handle
<LI><a href="#[bb]">&gt;&gt;</a>&nbsp;&nbsp;&nbsp;Find_Attr_Index
<LI><a href="#[d6]">&gt;&gt;</a>&nbsp;&nbsp;&nbsp;aci_gatt_attribute_modified_event_push
<LI><a href="#[72]">&gt;&gt;</a>&nbsp;&nbsp;&nbsp;ATT_validate_prepare_req
</UL>
<BR>[Called By]<UL><LI><a href="#[114]">&gt;&gt;</a>&nbsp;&nbsp;&nbsp;Process_Peer_Client_Data
</UL>

<P><STRONG><a name="[cb]"></a>FLASH_ErasePage</STRONG> (Thumb, 34 bytes, Stack size 0 bytes, bluenrg1_flash.o(i.FLASH_ErasePage))
<BR><BR>[Called By]<UL><LI><a href="#[195]">&gt;&gt;</a>&nbsp;&nbsp;&nbsp;sdb_delete
<LI><a href="#[ca]">&gt;&gt;</a>&nbsp;&nbsp;&nbsp;Erase_Sector
</UL>

<P><STRONG><a name="[dd]"></a>FLASH_ProgramWord</STRONG> (Thumb, 36 bytes, Stack size 0 bytes, bluenrg1_flash.o(i.FLASH_ProgramWord))
<BR><BR>[Called By]<UL><LI><a href="#[dc]">&gt;&gt;</a>&nbsp;&nbsp;&nbsp;Flash_Write_Flagged
<LI><a href="#[128]">&gt;&gt;</a>&nbsp;&nbsp;&nbsp;HAL_Flash_Store_Data
<LI><a href="#[e1]">&gt;&gt;</a>&nbsp;&nbsp;&nbsp;IDD_Initialize_Device_IDs
<LI><a href="#[196]">&gt;&gt;</a>&nbsp;&nbsp;&nbsp;sdb_invalidate_record
</UL>

<P><STRONG><a name="[bb]"></a>Find_Attr_Index</STRONG> (Thumb, 70 bytes, Stack size unknown bytes, gatt_server.o(i.Find_Attr_Index))
<BR><BR>[Called By]<UL><LI><a href="#[185]">&gt;&gt;</a>&nbsp;&nbsp;&nbsp;Write_Resp
<LI><a href="#[186]">&gt;&gt;</a>&nbsp;&nbsp;&nbsp;Write_Cmd
<LI><a href="#[181]">&gt;&gt;</a>&nbsp;&nbsp;&nbsp;Read_Resp
<LI><a href="#[183]">&gt;&gt;</a>&nbsp;&nbsp;&nbsp;Read_Multi_Resp
<LI><a href="#[180]">&gt;&gt;</a>&nbsp;&nbsp;&nbsp;Read_By_Type_Resp
<LI><a href="#[182]">&gt;&gt;</a>&nbsp;&nbsp;&nbsp;Read_Blob_Resp
<LI><a href="#[d8]">&gt;&gt;</a>&nbsp;&nbsp;&nbsp;Find_By_Type_Val_Resp
<LI><a href="#[d2]">&gt;&gt;</a>&nbsp;&nbsp;&nbsp;Exec_Write_Resp
<LI><a href="#[b7]">&gt;&gt;</a>&nbsp;&nbsp;&nbsp;Check_For_Service_Change
<LI><a href="#[11a]">&gt;&gt;</a>&nbsp;&nbsp;&nbsp;Gatt_Store_Server_Database_And_Reset_CCCD
</UL>

<P><STRONG><a name="[d8]"></a>Find_By_Type_Val_Resp</STRONG> (Thumb, 484 bytes, Stack size unknown bytes, att.o(i.Find_By_Type_Val_Resp))
<BR><BR>[Stack]<UL><LI>Max Depth = 20 + Unknown Stack Size
<LI>Call Chain = Find_By_Type_Val_Resp &rArr; PM_Pckt_Cmp &rArr; Mem_Buff_Cmp &rArr; Osal_MemCmp &rArr; memcmp
</UL>
<BR>[Calls]<UL><LI><a href="#[6f]">&gt;&gt;</a>&nbsp;&nbsp;&nbsp;Osal_MemCpy
<LI><a href="#[85]">&gt;&gt;</a>&nbsp;&nbsp;&nbsp;Att_Check_Perms
<LI><a href="#[6e]">&gt;&gt;</a>&nbsp;&nbsp;&nbsp;ATT_fill_error_resp
<LI><a href="#[73]">&gt;&gt;</a>&nbsp;&nbsp;&nbsp;Gatt_Find_Srv_Owner_Of_Handle
<LI><a href="#[bb]">&gt;&gt;</a>&nbsp;&nbsp;&nbsp;Find_Attr_Index
<LI><a href="#[da]">&gt;&gt;</a>&nbsp;&nbsp;&nbsp;PM_Pckt_Cmp
<LI><a href="#[d9]">&gt;&gt;</a>&nbsp;&nbsp;&nbsp;Pm_Resize_Host_Acl_Pckt
<LI><a href="#[70]">&gt;&gt;</a>&nbsp;&nbsp;&nbsp;ATT_fill_type_val_entry
</UL>
<BR>[Called By]<UL><LI><a href="#[114]">&gt;&gt;</a>&nbsp;&nbsp;&nbsp;Process_Peer_Client_Data
</UL>

<P><STRONG><a name="[ba]"></a>Find_Gatt_Client</STRONG> (Thumb, 56 bytes, Stack size unknown bytes, gatt_client.o(i.Find_Gatt_Client))
<BR><BR>[Called By]<UL><LI><a href="#[114]">&gt;&gt;</a>&nbsp;&nbsp;&nbsp;Process_Peer_Client_Data
<LI><a href="#[122]">&gt;&gt;</a>&nbsp;&nbsp;&nbsp;Gatt_Server_L2C_Handler_ISR
<LI><a href="#[11d]">&gt;&gt;</a>&nbsp;&nbsp;&nbsp;Gatt_Server_L2C_Handler
<LI><a href="#[b7]">&gt;&gt;</a>&nbsp;&nbsp;&nbsp;Check_For_Service_Change
<LI><a href="#[11a]">&gt;&gt;</a>&nbsp;&nbsp;&nbsp;Gatt_Store_Server_Database_And_Reset_CCCD
</UL>

<P><STRONG><a name="[db]"></a>Find_Info_Resp</STRONG> (Thumb, 488 bytes, Stack size unknown bytes, att.o(i.Find_Info_Resp))
<BR><BR>[Stack]<UL><LI>Max Depth = 16 + Unknown Stack Size
<LI>Call Chain = Find_Info_Resp &rArr; Osal_MemCpy &rArr; memcpy
</UL>
<BR>[Calls]<UL><LI><a href="#[6f]">&gt;&gt;</a>&nbsp;&nbsp;&nbsp;Osal_MemCpy
<LI><a href="#[71]">&gt;&gt;</a>&nbsp;&nbsp;&nbsp;PM_Write_Pckt_Data
<LI><a href="#[6e]">&gt;&gt;</a>&nbsp;&nbsp;&nbsp;ATT_fill_error_resp
<LI><a href="#[73]">&gt;&gt;</a>&nbsp;&nbsp;&nbsp;Gatt_Find_Srv_Owner_Of_Handle
<LI><a href="#[d9]">&gt;&gt;</a>&nbsp;&nbsp;&nbsp;Pm_Resize_Host_Acl_Pckt
</UL>
<BR>[Called By]<UL><LI><a href="#[114]">&gt;&gt;</a>&nbsp;&nbsp;&nbsp;Process_Peer_Client_Data
</UL>

<P><STRONG><a name="[104]"></a>Find_Timed_Out_Connection</STRONG> (Thumb, 48 bytes, Stack size unknown bytes, gatt_server.o(i.Find_Timed_Out_Connection))
<BR><BR>[Called By]<UL><LI><a href="#[103]">&gt;&gt;</a>&nbsp;&nbsp;&nbsp;GATT_TimeOut_Handler
</UL>

<P><STRONG><a name="[dc]"></a>Flash_Write_Flagged</STRONG> (Thumb, 50 bytes, Stack size unknown bytes, nvm.o(i.Flash_Write_Flagged))
<BR><BR>[Calls]<UL><LI><a href="#[dd]">&gt;&gt;</a>&nbsp;&nbsp;&nbsp;FLASH_ProgramWord
</UL>
<BR>[Called By]<UL><LI><a href="#[197]">&gt;&gt;</a>&nbsp;&nbsp;&nbsp;sdb_write_record
<LI><a href="#[19e]">&gt;&gt;</a>&nbsp;&nbsp;&nbsp;Write_Client_Data
</UL>

<P><STRONG><a name="[de]"></a>GAP_Connection_Complete_Handler</STRONG> (Thumb, 100 bytes, Stack size unknown bytes, gap.o(i.GAP_Connection_Complete_Handler))
<BR><BR>[Stack]<UL><LI>Max Depth = 16 + Unknown Stack Size
<LI>Call Chain = GAP_Connection_Complete_Handler &rArr; aci_gap_proc_complete_event_push &rArr; Osal_MemCpy &rArr; memcpy
</UL>
<BR>[Calls]<UL><LI><a href="#[df]">&gt;&gt;</a>&nbsp;&nbsp;&nbsp;aci_gap_proc_complete_event_push
</UL>
<BR>[Called By]<UL><LI><a href="#[e8]">&gt;&gt;</a>&nbsp;&nbsp;&nbsp;GAP_LL_Event_Handler_ISR
</UL>

<P><STRONG><a name="[1d0]"></a>GAP_DiscProcTimeoutcb_ucfg</STRONG> (Thumb, 2 bytes, Stack size unknown bytes, gap.o(i.GAP_DiscProcTimeoutcb_ucfg))
<BR><BR>[Called By]<UL><LI><a href="#[1ce]">&gt;&gt;</a>&nbsp;&nbsp;&nbsp;TimerCallback
</UL>

<P><STRONG><a name="[e0]"></a>GAP_Init</STRONG> (Thumb, 488 bytes, Stack size unknown bytes, gap.o(i.GAP_Init))
<BR><BR>[Stack]<UL><LI>Max Depth = 16 + Unknown Stack Size
<LI>Call Chain = GAP_Init &rArr; Osal_MemCpy &rArr; memcpy
</UL>
<BR>[Calls]<UL><LI><a href="#[6f]">&gt;&gt;</a>&nbsp;&nbsp;&nbsp;Osal_MemCpy
<LI><a href="#[e7]">&gt;&gt;</a>&nbsp;&nbsp;&nbsp;Gatt_Update_Charac_Value
<LI><a href="#[e5]">&gt;&gt;</a>&nbsp;&nbsp;&nbsp;Gatt_Add_Service
<LI><a href="#[e6]">&gt;&gt;</a>&nbsp;&nbsp;&nbsp;Gatt_Add_Characteristic
<LI><a href="#[e4]">&gt;&gt;</a>&nbsp;&nbsp;&nbsp;GAP_enable_controller_privacy_ucfg
<LI><a href="#[e3]">&gt;&gt;</a>&nbsp;&nbsp;&nbsp;GAP_check_and_set_role_ucfg
[...]
<BR><BR>[Stack]<UL><LI>Max Depth = 20 + Unknown Stack Size
<LI>Call Chain = smp_Get_Long_Term_Key &rArr; Osal_MemCmp &rArr; memcmp
</UL>
<BR>[Calls]<UL><LI><a href="#[d0]">&gt;&gt;</a>&nbsp;&nbsp;&nbsp;Osal_MemSet
<LI><a href="#[6f]">&gt;&gt;</a>&nbsp;&nbsp;&nbsp;Osal_MemCpy
<LI><a href="#[77]">&gt;&gt;</a>&nbsp;&nbsp;&nbsp;Osal_MemCmp
<LI><a href="#[199]">&gt;&gt;</a>&nbsp;&nbsp;&nbsp;SMA_generate_EDIV_recovery_DIV
<LI><a href="#[19b]">&gt;&gt;</a>&nbsp;&nbsp;&nbsp;SMA_Diversify
<LI><a href="#[198]">&gt;&gt;</a>&nbsp;&nbsp;&nbsp;SDB_Find_Matching_LTK
</UL>
<BR>[Called By]<UL><LI><a href="#[91]">&gt;&gt;</a>&nbsp;&nbsp;&nbsp;SMP_Process_Q
</UL>

<P><STRONG><a name="[298]"></a>smp_Get_Pairing_Parameters_From_Peer_Packet</STRONG> (Thumb, 132 bytes, Stack size unknown bytes, securitymgr.o(i.smp_Get_Pairing_Parameters_From_Peer_Packet))
<BR><BR>[Called By]<UL><LI><a href="#[289]">&gt;&gt;</a>&nbsp;&nbsp;&nbsp;smp____SR_PairingRequest_Receive
</UL>

<P><STRONG><a name="[27d]"></a>smp_Keys_Distribution_Send</STRONG> (Thumb, 280 bytes, Stack size unknown bytes, securitymgr.o(i.smp_Keys_Distribution_Send))
<BR><BR>[Stack]<UL><LI>Max Depth = 16 + Unknown Stack Size
<LI>Call Chain = smp_Keys_Distribution_Send &rArr; PM_Write_Pckt_Data &rArr; Mem_Buff_Write &rArr; Osal_MemCpy &rArr; memcpy
</UL>
<BR>[Calls]<UL><LI><a href="#[71]">&gt;&gt;</a>&nbsp;&nbsp;&nbsp;PM_Write_Pckt_Data
<LI><a href="#[120]">&gt;&gt;</a>&nbsp;&nbsp;&nbsp;PM_Get_Pckt
<LI><a href="#[129]">&gt;&gt;</a>&nbsp;&nbsp;&nbsp;HAL_Generate_Random_Bytes_To
<LI><a href="#[283]">&gt;&gt;</a>&nbsp;&nbsp;&nbsp;smp_get_local_identity_address
<LI><a href="#[1a0]">&gt;&gt;</a>&nbsp;&nbsp;&nbsp;SMA_Generate_CSRK
<LI><a href="#[284]">&gt;&gt;</a>&nbsp;&nbsp;&nbsp;smp_send_packet
<LI><a href="#[199]">&gt;&gt;</a>&nbsp;&nbsp;&nbsp;SMA_generate_EDIV_recovery_DIV
<LI><a href="#[19b]">&gt;&gt;</a>&nbsp;&nbsp;&nbsp;SMA_Diversify
<LI><a href="#[1a1]">&gt;&gt;</a>&nbsp;&nbsp;&nbsp;SMA_Generate_IRK
</UL>
<BR>[Called By]<UL><LI><a href="#[1a8]">&gt;&gt;</a>&nbsp;&nbsp;&nbsp;smp_Execute_Actions_wrt_Current_State
</UL>

<P><STRONG><a name="[1a9]"></a>smp_Process_Rx_Packet_wrt_Current_State</STRONG> (Thumb, 238 bytes, Stack size unknown bytes, securitymgr.o(i.smp_Process_Rx_Packet_wrt_Current_State))
<BR><BR>[Stack]<UL><LI>Max Depth = 20 + Unknown Stack Size
<LI>Call Chain = smp_Process_Rx_Packet_wrt_Current_State &rArr; smp_pairing_failed_send &rArr; smp____Pairing_Process_Abort &rArr; sm_RepeatedAttacks_Protection &rArr; Osal_MemCmp &rArr; memcmp
</UL>
<BR>[Calls]<UL><LI><a href="#[79]">&gt;&gt;</a>&nbsp;&nbsp;&nbsp;aci_event_fifo_push_header
<LI><a href="#[7a]">&gt;&gt;</a>&nbsp;&nbsp;&nbsp;aci_event_fifo_push
<LI><a href="#[285]">&gt;&gt;</a>&nbsp;&nbsp;&nbsp;smp_Process_Rx_Packet_wrt_Current_State_sc_excerpt_ucfg
<LI><a href="#[28c]">&gt;&gt;</a>&nbsp;&nbsp;&nbsp;smp_Process_Rx_Packet_wrt_Current_State_MI_excerpt_ucfg
<LI><a href="#[286]">&gt;&gt;</a>&nbsp;&nbsp;&nbsp;smp_pairing_failed_send
<LI><a href="#[287]">&gt;&gt;</a>&nbsp;&nbsp;&nbsp;smp_keys_receiving
<LI><a href="#[1b5]">&gt;&gt;</a>&nbsp;&nbsp;&nbsp;smp_find_remote_device_index
<LI><a href="#[289]">&gt;&gt;</a>&nbsp;&nbsp;&nbsp;smp____SR_PairingRequest_Receive
<LI><a href="#[28b]">&gt;&gt;</a>&nbsp;&nbsp;&nbsp;smp____SR_PairingRandom_Receive
<LI><a href="#[28a]">&gt;&gt;</a>&nbsp;&nbsp;&nbsp;smp____SR_PairingConfirm_Receive
<LI><a href="#[288]">&gt;&gt;</a>&nbsp;&nbsp;&nbsp;smp_Reset_Timer
</UL>
<BR>[Called By]<UL><LI><a href="#[91]">&gt;&gt;</a>&nbsp;&nbsp;&nbsp;SMP_Process_Q
</UL>

<P><STRONG><a name="[288]"></a>smp_Reset_Timer</STRONG> (Thumb, 26 bytes, Stack size unknown bytes, securitymgr.o(i.smp_Reset_Timer))
<BR><BR>[Stack]<UL><LI>Max Depth = 16 + Unknown Stack Size
<LI>Call Chain = smp_Reset_Timer &rArr; Timer_StartOneShot &rArr; Timer_StartOneShot_sysTime32 &rArr; Osal_MemCpy &rArr; memcpy
</UL>
<BR>[Calls]<UL><LI><a href="#[f3]">&gt;&gt;</a>&nbsp;&nbsp;&nbsp;Timer_StopOneShot
<LI><a href="#[f4]">&gt;&gt;</a>&nbsp;&nbsp;&nbsp;Timer_StartOneShot
</UL>
<BR>[Called By]<UL><LI><a href="#[284]">&gt;&gt;</a>&nbsp;&nbsp;&nbsp;smp_send_packet
<LI><a href="#[1a9]">&gt;&gt;</a>&nbsp;&nbsp;&nbsp;smp_Process_Rx_Packet_wrt_Current_State
</UL>

<P><STRONG><a name="[28d]"></a>smp_SR_Compute_c1_Confirm_Value</STRONG> (Thumb, 362 bytes, Stack size unknown bytes, securitymgr.o(i.smp_SR_Compute_c1_Confirm_Value))
<BR><BR>[Stack]<UL><LI>Max Depth = 16 + Unknown Stack Size
<LI>Call Chain = smp_SR_Compute_c1_Confirm_Value &rArr; Osal_MemSet &rArr; memset
</UL>
<BR>[Calls]<UL><LI><a href="#[d0]">&gt;&gt;</a>&nbsp;&nbsp;&nbsp;Osal_MemSet
<LI><a href="#[6f]">&gt;&gt;</a>&nbsp;&nbsp;&nbsp;Osal_MemCpy
<LI><a href="#[158]">&gt;&gt;</a>&nbsp;&nbsp;&nbsp;LL_Encrypt_Plain_Data_ucfg
<LI><a href="#[28e]">&gt;&gt;</a>&nbsp;&nbsp;&nbsp;int32ToLe4Byte
<LI><a href="#[14a]">&gt;&gt;</a>&nbsp;&nbsp;&nbsp;LL_Get_Address
</UL>
<BR>[Called By]<UL><LI><a href="#[28b]">&gt;&gt;</a>&nbsp;&nbsp;&nbsp;smp____SR_PairingRandom_Receive
<LI><a href="#[28a]">&gt;&gt;</a>&nbsp;&nbsp;&nbsp;smp____SR_PairingConfirm_Receive
</UL>

<P><STRONG><a name="[28f]"></a>smp_Set_Key_Association_Method</STRONG> (Thumb, 116 bytes, Stack size unknown bytes, securitymgr.o(i.smp_Set_Key_Association_Method))
<BR><BR>[Stack]<UL><LI>Max Depth = 8 + Unknown Stack Size
<LI>Call Chain = smp_Set_Key_Association_Method &rArr; smp_Determine_Key_Association_Method &rArr; __aeabi_memcpy4
</UL>
<BR>[Calls]<UL><LI><a href="#[79]">&gt;&gt;</a>&nbsp;&nbsp;&nbsp;aci_event_fifo_push_header
<LI><a href="#[7a]">&gt;&gt;</a>&nbsp;&nbsp;&nbsp;aci_event_fifo_push
<LI><a href="#[278]">&gt;&gt;</a>&nbsp;&nbsp;&nbsp;smp_Determine_Key_Association_Method
</UL>
<BR>[Called By]<UL><LI><a href="#[289]">&gt;&gt;</a>&nbsp;&nbsp;&nbsp;smp____SR_PairingRequest_Receive
</UL>

<P><STRONG><a name="[28a]"></a>smp____SR_PairingConfirm_Receive</STRONG> (Thumb, 124 bytes, Stack size unknown bytes, securitymgr.o(i.smp____SR_PairingConfirm_Receive))
<BR><BR>[Stack]<UL><LI>Max Depth = 16 + Unknown Stack Size
<LI>Call Chain = smp____SR_PairingConfirm_Receive &rArr; PM_Write_Pckt_Data &rArr; Mem_Buff_Write &rArr; Osal_MemCpy &rArr; memcpy
</UL>
<BR>[Calls]<UL><LI><a href="#[71]">&gt;&gt;</a>&nbsp;&nbsp;&nbsp;PM_Write_Pckt_Data
<LI><a href="#[120]">&gt;&gt;</a>&nbsp;&nbsp;&nbsp;PM_Get_Pckt
<LI><a href="#[d5]">&gt;&gt;</a>&nbsp;&nbsp;&nbsp;PM_Copy_Pckt_Data
<LI><a href="#[291]">&gt;&gt;</a>&nbsp;&nbsp;&nbsp;smp_sc_SR_PairingConfirm_Receive_sc_excerpt_ucfg
<LI><a href="#[284]">&gt;&gt;</a>&nbsp;&nbsp;&nbsp;smp_send_packet
<LI><a href="#[28d]">&gt;&gt;</a>&nbsp;&nbsp;&nbsp;smp_SR_Compute_c1_Confirm_Value
</UL>
<BR>[Called By]<UL><LI><a href="#[1a9]">&gt;&gt;</a>&nbsp;&nbsp;&nbsp;smp_Process_Rx_Packet_wrt_Current_State
</UL>

<P><STRONG><a name="[28b]"></a>smp____SR_PairingRandom_Receive</STRONG> (Thumb, 296 bytes, Stack size unknown bytes, securitymgr.o(i.smp____SR_PairingRandom_Receive))
<BR><BR>[Stack]<UL><LI>Max Depth = 20 + Unknown Stack Size
<LI>Call Chain = smp____SR_PairingRandom_Receive &rArr; Osal_MemCmp &rArr; memcmp
</UL>
<BR>[Calls]<UL><LI><a href="#[d0]">&gt;&gt;</a>&nbsp;&nbsp;&nbsp;Osal_MemSet
<LI><a href="#[6f]">&gt;&gt;</a>&nbsp;&nbsp;&nbsp;Osal_MemCpy
<LI><a href="#[77]">&gt;&gt;</a>&nbsp;&nbsp;&nbsp;Osal_MemCmp
<LI><a href="#[71]">&gt;&gt;</a>&nbsp;&nbsp;&nbsp;PM_Write_Pckt_Data
<LI><a href="#[120]">&gt;&gt;</a>&nbsp;&nbsp;&nbsp;PM_Get_Pckt
<LI><a href="#[d5]">&gt;&gt;</a>&nbsp;&nbsp;&nbsp;PM_Copy_Pckt_Data
<LI><a href="#[292]">&gt;&gt;</a>&nbsp;&nbsp;&nbsp;smp_sc_SR_PairingRandom_Receive_sc_excerpt_ucfg
<LI><a href="#[286]">&gt;&gt;</a>&nbsp;&nbsp;&nbsp;smp_pairing_failed_send
<LI><a href="#[1a2]">&gt;&gt;</a>&nbsp;&nbsp;&nbsp;SMA_LP_s1_Generate_STK
<LI><a href="#[284]">&gt;&gt;</a>&nbsp;&nbsp;&nbsp;smp_send_packet
<LI><a href="#[28d]">&gt;&gt;</a>&nbsp;&nbsp;&nbsp;smp_SR_Compute_c1_Confirm_Value
<LI><a href="#[28e]">&gt;&gt;</a>&nbsp;&nbsp;&nbsp;int32ToLe4Byte
</UL>
<BR>[Called By]<UL><LI><a href="#[1a9]">&gt;&gt;</a>&nbsp;&nbsp;&nbsp;smp_Process_Rx_Packet_wrt_Current_State
</UL>

<P><STRONG><a name="[289]"></a>smp____SR_PairingRequest_Receive</STRONG> (Thumb, 444 bytes, Stack size unknown bytes, securitymgr.o(i.smp____SR_PairingRequest_Receive))
<BR><BR>[Stack]<UL><LI>Max Depth = 20 + Unknown Stack Size
<LI>Call Chain = smp____SR_PairingRequest_Receive &rArr; smp_pairing_failed_send &rArr; smp____Pairing_Process_Abort &rArr; sm_RepeatedAttacks_Protection &rArr; Osal_MemCmp &rArr; memcmp
</UL>
<BR>[Calls]<UL><LI><a href="#[120]">&gt;&gt;</a>&nbsp;&nbsp;&nbsp;PM_Get_Pckt
<LI><a href="#[296]">&gt;&gt;</a>&nbsp;&nbsp;&nbsp;smp_sc_continue_on_exclusive_sc_pairing_ucfg
<LI><a href="#[286]">&gt;&gt;</a>&nbsp;&nbsp;&nbsp;smp_pairing_failed_send
<LI><a href="#[297]">&gt;&gt;</a>&nbsp;&nbsp;&nbsp;smp_oob_check_is_remote_data_present
<LI><a href="#[293]">&gt;&gt;</a>&nbsp;&nbsp;&nbsp;smp_add_to_sdb
<LI><a href="#[284]">&gt;&gt;</a>&nbsp;&nbsp;&nbsp;smp_send_packet
<LI><a href="#[28f]">&gt;&gt;</a>&nbsp;&nbsp;&nbsp;smp_Set_Key_Association_Method
<LI><a href="#[298]">&gt;&gt;</a>&nbsp;&nbsp;&nbsp;smp_Get_Pairing_Parameters_From_Peer_Packet
<LI><a href="#[294]">&gt;&gt;</a>&nbsp;&nbsp;&nbsp;smp_Check_Incoming_Pairing_Parameters
<LI><a href="#[299]">&gt;&gt;</a>&nbsp;&nbsp;&nbsp;smp_Build_Pairing_ReqResp_Packet
<LI><a href="#[295]">&gt;&gt;</a>&nbsp;&nbsp;&nbsp;smp_Build_AuthReq_Field
</UL>
<BR>[Called By]<UL><LI><a href="#[1a9]">&gt;&gt;</a>&nbsp;&nbsp;&nbsp;smp_Process_Rx_Packet_wrt_Current_State
</UL>

<P><STRONG><a name="[1b3]"></a>SM_Connection_Complete_Handler</STRONG> (Thumb, 122 bytes, Stack size unknown bytes, smp_common.o(i.SM_Connection_Complete_Handler))
<BR><BR>[Stack]<UL><LI>Max Depth = 16 + Unknown Stack Size
<LI>Call Chain = SM_Connection_Complete_Handler &rArr; Osal_MemCpy &rArr; memcpy
</UL>
<BR>[Calls]<UL><LI><a href="#[6f]">&gt;&gt;</a>&nbsp;&nbsp;&nbsp;Osal_MemCpy
</UL>
<BR>[Called By]<UL><LI><a href="#[137]">&gt;&gt;</a>&nbsp;&nbsp;&nbsp;SM_L2CAP_Handler_ISR
</UL>

<P><STRONG><a name="[1ea]"></a>aci_gap_authorization_req_event_push</STRONG> (Thumb, 80 bytes, Stack size unknown bytes, smp_common.o(i.aci_gap_authorization_req_event_push))
<BR><BR>[Calls]<UL><LI><a href="#[79]">&gt;&gt;</a>&nbsp;&nbsp;&nbsp;aci_event_fifo_push_header
<LI><a href="#[7a]">&gt;&gt;</a>&nbsp;&nbsp;&nbsp;aci_event_fifo_push
</UL>
<BR>[Called By]<UL><LI><a href="#[27e]">&gt;&gt;</a>&nbsp;&nbsp;&nbsp;smp_pairing_completed
</UL>

<P><STRONG><a name="[1ae]"></a>aci_gap_pairing_complete_event_push</STRONG> (Thumb, 88 bytes, Stack size unknown bytes, smp_common.o(i.aci_gap_pairing_complete_event_push))
<BR><BR>[Calls]<UL><LI><a href="#[79]">&gt;&gt;</a>&nbsp;&nbsp;&nbsp;aci_event_fifo_push_header
<LI><a href="#[7a]">&gt;&gt;</a>&nbsp;&nbsp;&nbsp;aci_event_fifo_push
</UL>
<BR>[Called By]<UL><LI><a href="#[145]">&gt;&gt;</a>&nbsp;&nbsp;&nbsp;SM_L2CAP_Encryption_changed_Handler_ISR
<LI><a href="#[1ad]">&gt;&gt;</a>&nbsp;&nbsp;&nbsp;SMP_Timer_cb
<LI><a href="#[290]">&gt;&gt;</a>&nbsp;&nbsp;&nbsp;smp____Pairing_Process_Abort
<LI><a href="#[27e]">&gt;&gt;</a>&nbsp;&nbsp;&nbsp;smp_pairing_completed
</UL>

<P><STRONG><a name="[1b6]"></a>smp_Keys_Distribution_Complete</STRONG> (Thumb, 52 bytes, Stack size unknown bytes, smp_common.o(i.smp_Keys_Distribution_Complete))
<BR><BR>[Stack]<UL><LI>Max Depth = 20 + Unknown Stack Size
<LI>Call Chain = smp_Keys_Distribution_Complete &rArr; smp_pairing_completed &rArr; smp_add_to_sdb &rArr; SDB_Add_Record &rArr; Osal_MemCmp &rArr; memcmp
</UL>
<BR>[Calls]<UL><LI><a href="#[282]">&gt;&gt;</a>&nbsp;&nbsp;&nbsp;smp_MI_Start_Encryption_ucfg
<LI><a href="#[27e]">&gt;&gt;</a>&nbsp;&nbsp;&nbsp;smp_pairing_completed
</UL>
<BR>[Called By]<UL><LI><a href="#[13c]">&gt;&gt;</a>&nbsp;&nbsp;&nbsp;SM_L2CAP_Handler
</UL>

<P><STRONG><a name="[290]"></a>smp____Pairing_Process_Abort</STRONG> (Thumb, 110 bytes, Stack size unknown bytes, smp_common.o(i.smp____Pairing_Process_Abort))
<BR><BR>[Stack]<UL><LI>Max Depth = 20 + Unknown Stack Size
<LI>Call Chain = smp____Pairing_Process_Abort &rArr; sm_RepeatedAttacks_Protection &rArr; Osal_MemCmp &rArr; memcmp
</UL>
<BR>[Calls]<UL><LI><a href="#[f3]">&gt;&gt;</a>&nbsp;&nbsp;&nbsp;Timer_StopOneShot
<LI><a href="#[1af]">&gt;&gt;</a>&nbsp;&nbsp;&nbsp;smp_sc_update_statistics_on_pairing_complete_ucfg
<LI><a href="#[1ae]">&gt;&gt;</a>&nbsp;&nbsp;&nbsp;aci_gap_pairing_complete_event_push
<LI><a href="#[1b5]">&gt;&gt;</a>&nbsp;&nbsp;&nbsp;smp_find_remote_device_index
<LI><a href="#[275]">&gt;&gt;</a>&nbsp;&nbsp;&nbsp;sm_RepeatedAttacks_Protection
</UL>
<BR>[Called By]<UL><LI><a href="#[286]">&gt;&gt;</a>&nbsp;&nbsp;&nbsp;smp_pairing_failed_send
<LI><a href="#[1aa]">&gt;&gt;</a>&nbsp;&nbsp;&nbsp;smp____PairingFailed_Receive
</UL>

<P><STRONG><a name="[70]"></a>ATT_fill_type_val_entry</STRONG> (Thumb, 52 bytes, Stack size unknown bytes, att.o(i.ATT_fill_type_val_entry))
<BR><BR>[Stack]<UL><LI>Max Depth = 16 + Unknown Stack Size
<LI>Call Chain = ATT_fill_type_val_entry &rArr; PM_Write_Pckt_Data &rArr; Mem_Buff_Write &rArr; Osal_MemCpy &rArr; memcpy
</UL>
<BR>[Calls]<UL><LI><a href="#[71]">&gt;&gt;</a>&nbsp;&nbsp;&nbsp;PM_Write_Pckt_Data
</UL>
<BR>[Called By]<UL><LI><a href="#[d8]">&gt;&gt;</a>&nbsp;&nbsp;&nbsp;Find_By_Type_Val_Resp
</UL>

<P><STRONG><a name="[72]"></a>ATT_validate_prepare_req</STRONG> (Thumb, 162 bytes, Stack size unknown bytes, att.o(i.ATT_validate_prepare_req))
<BR><BR>[Stack]<UL><LI>Max Depth = 16 + Unknown Stack Size
<LI>Call Chain = ATT_validate_prepare_req &rArr; Osal_MemCpy &rArr; memcpy
</UL>
<BR>[Calls]<UL><LI><a href="#[6f]">&gt;&gt;</a>&nbsp;&nbsp;&nbsp;Osal_MemCpy
<LI><a href="#[74]">&gt;&gt;</a>&nbsp;&nbsp;&nbsp;Gatt_search_handle
<LI><a href="#[73]">&gt;&gt;</a>&nbsp;&nbsp;&nbsp;Gatt_Find_Srv_Owner_Of_Handle
</UL>
<BR>[Called By]<UL><LI><a href="#[d2]">&gt;&gt;</a>&nbsp;&nbsp;&nbsp;Exec_Write_Resp
</UL>

<P><STRONG><a name="[d9]"></a>Pm_Resize_Host_Acl_Pckt</STRONG> (Thumb, 14 bytes, Stack size unknown bytes, att.o(i.Pm_Resize_Host_Acl_Pckt))
<BR><BR>[Calls]<UL><LI><a href="#[17a]">&gt;&gt;</a>&nbsp;&nbsp;&nbsp;PM_Resize_Pckt_Pdu_Size
</UL>
<BR>[Called By]<UL><LI><a href="#[181]">&gt;&gt;</a>&nbsp;&nbsp;&nbsp;Read_Resp
<LI><a href="#[183]">&gt;&gt;</a>&nbsp;&nbsp;&nbsp;Read_Multi_Resp
<LI><a href="#[180]">&gt;&gt;</a>&nbsp;&nbsp;&nbsp;Read_By_Type_Resp
<LI><a href="#[184]">&gt;&gt;</a>&nbsp;&nbsp;&nbsp;Read_By_Grp_Type_Resp
<LI><a href="#[182]">&gt;&gt;</a>&nbsp;&nbsp;&nbsp;Read_Blob_Resp
<LI><a href="#[17e]">&gt;&gt;</a>&nbsp;&nbsp;&nbsp;Prepare_Write_Resp
<LI><a href="#[db]">&gt;&gt;</a>&nbsp;&nbsp;&nbsp;Find_Info_Resp
<LI><a href="#[d8]">&gt;&gt;</a>&nbsp;&nbsp;&nbsp;Find_By_Type_Val_Resp
</UL>

<P><STRONG><a name="[d6]"></a>aci_gatt_attribute_modified_event_push</STRONG> (Thumb, 116 bytes, Stack size unknown bytes, att.o(i.aci_gatt_attribute_modified_event_push))
<BR><BR>[Stack]<UL><LI>Max Depth = 16 + Unknown Stack Size
<LI>Call Chain = aci_gatt_attribute_modified_event_push &rArr; Osal_MemCpy &rArr; memcpy
</UL>
<BR>[Calls]<UL><LI><a href="#[6f]">&gt;&gt;</a>&nbsp;&nbsp;&nbsp;Osal_MemCpy
<LI><a href="#[79]">&gt;&gt;</a>&nbsp;&nbsp;&nbsp;aci_event_fifo_push_header
<LI><a href="#[7a]">&gt;&gt;</a>&nbsp;&nbsp;&nbsp;aci_event_fifo_push
</UL>
<BR>[Called By]<UL><LI><a href="#[185]">&gt;&gt;</a>&nbsp;&nbsp;&nbsp;Write_Resp
<LI><a href="#[186]">&gt;&gt;</a>&nbsp;&nbsp;&nbsp;Write_Cmd
<LI><a href="#[d2]">&gt;&gt;</a>&nbsp;&nbsp;&nbsp;Exec_Write_Resp
</UL>

<P><STRONG><a name="[191]"></a>aci_gatt_read_multi_permit_req_event_push</STRONG> (Thumb, 98 bytes, Stack size unknown bytes, att.o(i.aci_gatt_read_multi_permit_req_event_push))
<BR><BR>[Stack]<UL><LI>Max Depth = 16 + Unknown Stack Size
<LI>Call Chain = aci_gatt_read_multi_permit_req_event_push &rArr; Osal_MemCpy &rArr; memcpy
</UL>
<BR>[Calls]<UL><LI><a href="#[6f]">&gt;&gt;</a>&nbsp;&nbsp;&nbsp;Osal_MemCpy
<LI><a href="#[79]">&gt;&gt;</a>&nbsp;&nbsp;&nbsp;aci_event_fifo_push_header
<LI><a href="#[7a]">&gt;&gt;</a>&nbsp;&nbsp;&nbsp;aci_event_fifo_push
</UL>
<BR>[Called By]<UL><LI><a href="#[183]">&gt;&gt;</a>&nbsp;&nbsp;&nbsp;Read_Multi_Resp
<LI><a href="#[180]">&gt;&gt;</a>&nbsp;&nbsp;&nbsp;Read_By_Type_Resp
</UL>

<P><STRONG><a name="[18f]"></a>aci_gatt_read_permit_req_event_push</STRONG> (Thumb, 74 bytes, Stack size unknown bytes, att.o(i.aci_gatt_read_permit_req_event_push))
<BR><BR>[Calls]<UL><LI><a href="#[79]">&gt;&gt;</a>&nbsp;&nbsp;&nbsp;aci_event_fifo_push_header
<LI><a href="#[7a]">&gt;&gt;</a>&nbsp;&nbsp;&nbsp;aci_event_fifo_push
</UL>
<BR>[Called By]<UL><LI><a href="#[181]">&gt;&gt;</a>&nbsp;&nbsp;&nbsp;Read_Resp
<LI><a href="#[182]">&gt;&gt;</a>&nbsp;&nbsp;&nbsp;Read_Blob_Resp
</UL>

<P><STRONG><a name="[1d9]"></a>aci_gatt_write_permit_req_event_push</STRONG> (Thumb, 104 bytes, Stack size unknown bytes, att.o(i.aci_gatt_write_permit_req_event_push))
<BR><BR>[Stack]<UL><LI>Max Depth = 16 + Unknown Stack Size
<LI>Call Chain = aci_gatt_write_permit_req_event_push &rArr; PM_Copy_Pckt_Data &rArr; Mem_Buff_Read &rArr; Osal_MemCpy &rArr; memcpy
</UL>
<BR>[Calls]<UL><LI><a href="#[79]">&gt;&gt;</a>&nbsp;&nbsp;&nbsp;aci_event_fifo_push_header
<LI><a href="#[7a]">&gt;&gt;</a>&nbsp;&nbsp;&nbsp;aci_event_fifo_push
<LI><a href="#[d5]">&gt;&gt;</a>&nbsp;&nbsp;&nbsp;PM_Copy_Pckt_Data
</UL>
<BR>[Called By]<UL><LI><a href="#[185]">&gt;&gt;</a>&nbsp;&nbsp;&nbsp;Write_Resp
<LI><a href="#[186]">&gt;&gt;</a>&nbsp;&nbsp;&nbsp;Write_Cmd
</UL>

<P><STRONG><a name="[1b4]"></a>sma_Calculate_Hash</STRONG> (Thumb, 56 bytes, Stack size unknown bytes, smp_algo_sap.o(i.sma_Calculate_Hash))
<BR><BR>[Stack]<UL><LI>Max Depth = 16 + Unknown Stack Size
<LI>Call Chain = sma_Calculate_Hash &rArr; Osal_MemSet &rArr; memset
</UL>
<BR>[Calls]<UL><LI><a href="#[d0]">&gt;&gt;</a>&nbsp;&nbsp;&nbsp;Osal_MemSet
<LI><a href="#[6f]">&gt;&gt;</a>&nbsp;&nbsp;&nbsp;Osal_MemCpy
<LI><a href="#[158]">&gt;&gt;</a>&nbsp;&nbsp;&nbsp;LL_Encrypt_Plain_Data_ucfg
</UL>
<BR>[Called By]<UL><LI><a href="#[19d]">&gt;&gt;</a>&nbsp;&nbsp;&nbsp;SM_Resolve_Private_Address
<LI><a href="#[f2]">&gt;&gt;</a>&nbsp;&nbsp;&nbsp;SM_Generate_Resolvable_Private_Address
</UL>

<P><STRONG><a name="[276]"></a>sma_generate_subkeys</STRONG> (Thumb, 128 bytes, Stack size unknown bytes, smp_algo_sap.o(i.sma_generate_subkeys))
<BR><BR>[Stack]<UL><LI>Max Depth = 16 + Unknown Stack Size
<LI>Call Chain = sma_generate_subkeys &rArr; LL_Encrypt_Plain_Data_ucfg &rArr; Osal_MemCpy &rArr; memcpy
</UL>
<BR>[Calls]<UL><LI><a href="#[158]">&gt;&gt;</a>&nbsp;&nbsp;&nbsp;LL_Encrypt_Plain_Data_ucfg
<LI><a href="#[277]">&gt;&gt;</a>&nbsp;&nbsp;&nbsp;sma_left_shift
</UL>
<BR>[Called By]<UL><LI><a href="#[1b2]">&gt;&gt;</a>&nbsp;&nbsp;&nbsp;sma_CMAC_generate_tag
</UL>

<P><STRONG><a name="[277]"></a>sma_left_shift</STRONG> (Thumb, 44 bytes, Stack size unknown bytes, smp_algo_sap.o(i.sma_left_shift))
<BR><BR>[Called By]<UL><LI><a href="#[276]">&gt;&gt;</a>&nbsp;&nbsp;&nbsp;sma_generate_subkeys
</UL>

<P><STRONG><a name="[1e1]"></a>_printf_core</STRONG> (Thumb, 1020 bytes, Stack size 104 bytes, printf8.o(i._printf_core), UNUSED)
<BR><BR>[Calls]<UL><LI><a href="#[6a]">&gt;&gt;</a>&nbsp;&nbsp;&nbsp;__aeabi_uldivmod
<LI><a href="#[1e7]">&gt;&gt;</a>&nbsp;&nbsp;&nbsp;_printf_pre_padding
<LI><a href="#[1e8]">&gt;&gt;</a>&nbsp;&nbsp;&nbsp;_printf_post_padding
</UL>
<BR>[Called By]<UL><LI><a href="#[1e0]">&gt;&gt;</a>&nbsp;&nbsp;&nbsp;__0printf$8
</UL>

<P><STRONG><a name="[1e8]"></a>_printf_post_padding</STRONG> (Thumb, 32 bytes, Stack size 24 bytes, printf8.o(i._printf_post_padding), UNUSED)
<BR><BR>[Called By]<UL><LI><a href="#[1e1]">&gt;&gt;</a>&nbsp;&nbsp;&nbsp;_printf_core
</UL>

<P><STRONG><a name="[1e7]"></a>_printf_pre_padding</STRONG> (Thumb, 44 bytes, Stack size 40 bytes, printf8.o(i._printf_pre_padding), UNUSED)
<BR><BR>[Called By]<UL><LI><a href="#[1e1]">&gt;&gt;</a>&nbsp;&nbsp;&nbsp;_printf_core
</UL>
<P>
<H3>
Undefined Global Symbols
</H3><HR></body></html>
