Component: ARM Compiler 5.06 update 6 (build 750) Tool: armlink [4d35ed]

==============================================================================

Section Cross References

    context_switch.o(. text) refers to system_bluenrg1.o(.savedMSP) for savedMSP
    context_switch.o(. text) refers to system_bluenrg1.o(.data) for savedICSR
    context_switch.o(. text) refers to system_bluenrg1.o(.data) for savedSHCSR
    context_switch.o(. text) refers to system_bluenrg1.o(.data) for savedNVIC_ISPR
    miscutil.o(i.BLEPLAT_get_part_info) refers to miscutil.o(i.HAL_GetPartInfo) for HAL_GetPartInfo
    miscutil.o(i.HAL_CrashHandler) refers to uwrite4.o(.text) for __aeabi_uwrite4
    miscutil.o(i.HAL_CrashHandler) refers to miscutil.o(.__crash_RAM) for .__crash_RAM
    miscutil.o(i.HAL_GetCrashInfo) refers to memcpya.o(.text) for __aeabi_memcpy
    miscutil.o(i.HAL_GetCrashInfo) refers to uwrite4.o(.text) for __aeabi_uwrite4
    miscutil.o(i.HAL_GetCrashInfo) refers to miscutil.o(.__crash_RAM) for .__crash_RAM
    bluenrg1_adc.o(i.ADC_ConvertBatterySensor) refers to bluenrg1_adc.o(i.ADC_ConvertSingleEndedVoltage) for ADC_ConvertSingleEndedVoltage
    bluenrg1_adc.o(i.ADC_ConvertBatterySensor) refers to fmul.o(.text) for __aeabi_fmul
    bluenrg1_adc.o(i.ADC_ConvertDifferentialVoltage) refers to ffltui.o(.text) for __aeabi_ui2f
    bluenrg1_adc.o(i.ADC_ConvertDifferentialVoltage) refers to fflti.o(.text) for __aeabi_i2f
    bluenrg1_adc.o(i.ADC_ConvertDifferentialVoltage) refers to fdiv.o(.text) for __aeabi_fdiv
    bluenrg1_adc.o(i.ADC_ConvertDifferentialVoltage) refers to fadd.o(.text) for __aeabi_fadd
    bluenrg1_adc.o(i.ADC_ConvertDifferentialVoltage) refers to fmul.o(.text) for __aeabi_fmul
    bluenrg1_adc.o(i.ADC_ConvertSingleEndedVoltage) refers to fflti.o(.text) for __aeabi_i2f
    bluenrg1_adc.o(i.ADC_ConvertSingleEndedVoltage) refers to ffltui.o(.text) for __aeabi_ui2f
    bluenrg1_adc.o(i.ADC_ConvertSingleEndedVoltage) refers to fadd.o(.text) for __aeabi_fadd
    bluenrg1_adc.o(i.ADC_ConvertSingleEndedVoltage) refers to f2d.o(.text) for __aeabi_f2d
    bluenrg1_adc.o(i.ADC_ConvertSingleEndedVoltage) refers to fdiv.o(.text) for __aeabi_fdiv
    bluenrg1_adc.o(i.ADC_ConvertSingleEndedVoltage) refers to fmul.o(.text) for __aeabi_fmul
    bluenrg1_adc.o(i.ADC_ConvertSingleEndedVoltage) refers to dadd.o(.text) for __aeabi_drsub
    bluenrg1_adc.o(i.ADC_ConvertSingleEndedVoltage) refers to dmul.o(.text) for __aeabi_dmul
    bluenrg1_adc.o(i.ADC_ConvertSingleEndedVoltage) refers to d2f.o(.text) for __aeabi_d2f
    bluenrg1_adc.o(i.ADC_ConvertTemperatureSensor) refers to bluenrg1_adc.o(i.ADC_ConvertSingleEndedVoltage) for ADC_ConvertSingleEndedVoltage
    bluenrg1_adc.o(i.ADC_ConvertTemperatureSensor) refers to fmul.o(.text) for __aeabi_fmul
    bluenrg1_adc.o(i.ADC_ConvertTemperatureSensor) refers to fadd.o(.text) for __aeabi_fsub
    bluenrg1_adc.o(i.ADC_ConvertTemperatureSensorFarenait) refers to bluenrg1_adc.o(i.ADC_ConvertSingleEndedVoltage) for ADC_ConvertSingleEndedVoltage
    bluenrg1_adc.o(i.ADC_ConvertTemperatureSensorFarenait) refers to f2d.o(.text) for __aeabi_f2d
    bluenrg1_adc.o(i.ADC_ConvertTemperatureSensorFarenait) refers to dmul.o(.text) for __aeabi_dmul
    bluenrg1_adc.o(i.ADC_ConvertTemperatureSensorFarenait) refers to dadd.o(.text) for __aeabi_dsub
    bluenrg1_adc.o(i.ADC_ConvertTemperatureSensorFarenait) refers to d2f.o(.text) for __aeabi_d2f
    bluenrg1_adc.o(i.ADC_GetConvertedData) refers to bluenrg1_adc.o(i.ADC_GetRawData) for ADC_GetRawData
    bluenrg1_adc.o(i.ADC_GetConvertedData) refers to fflti.o(.text) for __aeabi_i2f
    bluenrg1_adc.o(i.ADC_GetConvertedData) refers to bluenrg1_adc.o(i.ADC_ConvertSingleEndedVoltage) for ADC_ConvertSingleEndedVoltage
    bluenrg1_adc.o(i.ADC_GetConvertedData) refers to bluenrg1_adc.o(i.ADC_ConvertDifferentialVoltage) for ADC_ConvertDifferentialVoltage
    bluenrg1_adc.o(i.ADC_GetConvertedData) refers to bluenrg1_adc.o(i.ADC_ConvertBatterySensor) for ADC_ConvertBatterySensor
    bluenrg1_adc.o(i.ADC_GetConvertedData) refers to bluenrg1_adc.o(i.ADC_ConvertTemperatureSensor) for ADC_ConvertTemperatureSensor
    bluenrg1_flash.o(i.FLASH_EraseAllFlash) refers to bluenrg1_flash.o(i.FLASH_WaitCmdDone) for FLASH_WaitCmdDone
    bluenrg1_flash.o(i.FLASH_EraseAllFlash) refers to system_bluenrg1.o(.flash_sw_lock) for flash_sw_lock
    bluenrg1_flash.o(i.FLASH_ErasePage) refers to bluenrg1_flash.o(i.FLASH_WaitCmdDone) for FLASH_WaitCmdDone
    bluenrg1_flash.o(i.FLASH_ErasePage) refers to system_bluenrg1.o(.flash_sw_lock) for flash_sw_lock
    bluenrg1_flash.o(i.FLASH_Lock) refers to system_bluenrg1.o(.flash_sw_lock) for flash_sw_lock
    bluenrg1_flash.o(i.FLASH_ProgramWord) refers to bluenrg1_flash.o(i.FLASH_WaitCmdDone) for FLASH_WaitCmdDone
    bluenrg1_flash.o(i.FLASH_ProgramWord) refers to system_bluenrg1.o(.flash_sw_lock) for flash_sw_lock
[...]
    system_bluenrg1.o(.intvec) refers to bluenrg1_it.o(i.NMI_Handler) for NMI_Handler
    system_bluenrg1.o(.intvec) refers to bluenrg1_it.o(i.HardFault_Handler) for HardFault_Handler
    system_bluenrg1.o(.intvec) refers to bluenrg1_it.o(i.SVC_Handler) for SVC_Handler
    system_bluenrg1.o(.intvec) refers to system_bluenrg1.o(i.PendSV_Handler) for PendSV_Handler
    system_bluenrg1.o(.intvec) refers to bluenrg1_it.o(i.SysTick_Handler) for SysTick_Handler
    system_bluenrg1.o(.intvec) refers to system_bluenrg1.o(i.GPIO_Handler) for GPIO_Handler
    system_bluenrg1.o(.intvec) refers to system_bluenrg1.o(i.NVM_Handler) for NVM_Handler
    system_bluenrg1.o(.intvec) refers to system_bluenrg1.o(i.UART_Handler) for UART_Handler
    system_bluenrg1.o(.intvec) refers to system_bluenrg1.o(i.SPI_Handler) for SPI_Handler
    system_bluenrg1.o(.intvec) refers to system_bluenrg1.o(i.Blue_Handler) for Blue_Handler
    system_bluenrg1.o(.intvec) refers to system_bluenrg1.o(i.WDG_Handler) for WDG_Handler
    system_bluenrg1.o(.intvec) refers to system_bluenrg1.o(i.ADC_Handler) for ADC_Handler
    system_bluenrg1.o(.intvec) refers to system_bluenrg1.o(i.I2C2_Handler) for I2C2_Handler
    system_bluenrg1.o(.intvec) refers to system_bluenrg1.o(i.I2C1_Handler) for I2C1_Handler
    system_bluenrg1.o(.intvec) refers to system_bluenrg1.o(i.MFT1A_Handler) for MFT1A_Handler
    system_bluenrg1.o(.intvec) refers to system_bluenrg1.o(i.MFT1B_Handler) for MFT1B_Handler
    system_bluenrg1.o(.intvec) refers to system_bluenrg1.o(i.MFT2A_Handler) for MFT2A_Handler
    system_bluenrg1.o(.intvec) refers to system_bluenrg1.o(i.MFT2B_Handler) for MFT2B_Handler
    system_bluenrg1.o(.intvec) refers to system_bluenrg1.o(i.RTC_Handler) for RTC_Handler
    system_bluenrg1.o(.intvec) refers to system_bluenrg1.o(i.PKA_Handler) for PKA_Handler
    system_bluenrg1.o(.intvec) refers to bluenrg1_it.o(i.DMA_Handler) for DMA_Handler
    bluenrg1_it.o(i.HardFault_Handler) refers to miscutil.o(i.HAL_CrashHandler) for HAL_CrashHandler
    bluenrg1_it.o(i.NMI_Handler) refers to miscutil.o(i.HAL_CrashHandler) for HAL_CrashHandler
    micro_hello_world_main.o(i.main) refers to system_bluenrg1.o(i.SystemInit) for SystemInit
    micro_hello_world_main.o(i.main) refers to miscutil.o(i.HAL_GetPartInfo) for HAL_GetPartInfo
    micro_hello_world_main.o(i.main) refers to sdk_eval_config.o(i.SdkEvalIdentification) for SdkEvalIdentification
    micro_hello_world_main.o(i.main) refers to sdk_eval_com.o(i.SdkEvalComUartInit) for SdkEvalComUartInit
    micro_hello_world_main.o(i.main) refers to miscutil.o(i.HAL_GetCrashInfo) for HAL_GetCrashInfo
    micro_hello_world_main.o(i.main) refers to printf8.o(i.__0printf$8) for __2printf
    micro_hello_world_main.o(i.main) refers to uidiv.o(.text) for __aeabi_uidivmod
    entry.o(.ARM.Collect$$$$00000000) refers (Special) to entry10a.o(.ARM.Collect$$$$0000000D) for __rt_final_cpp
    entry.o(.ARM.Collect$$$$00000000) refers (Special) to entry11a.o(.ARM.Collect$$$$0000000F) for __rt_final_exit
    entry.o(.ARM.Collect$$$$00000000) refers (Special) to entry7b.o(.ARM.Collect$$$$00000008) for _main_clock
    entry.o(.ARM.Collect$$$$00000000) refers (Special) to entry8b.o(.ARM.Collect$$$$0000000A) for _main_cpp_init
    entry.o(.ARM.Collect$$$$00000000) refers (Special) to entry9a.o(.ARM.Collect$$$$0000000B) for _main_init
    entry.o(.ARM.Collect$$$$00000000) refers (Special) to entry5.o(.ARM.Collect$$$$00000004) for _main_scatterload
    entry.o(.ARM.Collect$$$$00000000) refers (Special) to entry3.o(.ARM.Collect$$$$00000002) for _main_stk
    printfb.o(i.__0fprintf$bare) refers to printfb.o(i._printf_core) for _printf_core
    printfb.o(i.__0fprintf$bare) refers to sdk_eval_com.o(i.fputc) for fputc
    printfb.o(i.__0printf$bare) refers to printfb.o(i._printf_core) for _printf_core
    printfb.o(i.__0printf$bare) refers to sdk_eval_com.o(i.fputc) for fputc
    printfb.o(i.__0printf$bare) refers to sdk_eval_com.o(.data) for __stdout
    printfb.o(i.__0snprintf$bare) refers to printfb.o(i._printf_core) for _printf_core
    printfb.o(i.__0snprintf$bare) refers to printfb.o(i._snputc) for _snputc
    printfb.o(i.__0sprintf$bare) refers to printfb.o(i._printf_core) for _printf_core
    printfb.o(i.__0sprintf$bare) refers to printfb.o(i._sputc) for _sputc
    printfb.o(i.__0vfprintf$bare) refers to printfb.o(i._printf_core) for _printf_core
    printfb.o(i.__0vfprintf$bare) refers to sdk_eval_com.o(i.fputc) for fputc
    printfb.o(i.__0vprintf$bare) refers to printfb.o(i._printf_core) for _printf_core
    printfb.o(i.__0vprintf$bare) refers to sdk_eval_com.o(i.fputc) for fputc
    printfb.o(i.__0vprintf$bare) refers to sdk_eval_com.o(.data) for __stdout
    printfb.o(i.__0vsnprintf$bare) refers to printfb.o(i._printf_core) for _printf_core
    printfb.o(i.__0vsnprintf$bare) refers to printfb.o(i._snputc) for _snputc
    printfb.o(i.__0vsprintf$bare) refers to printfb.o(i._printf_core) for _printf_core
    printfb.o(i.__0vsprintf$bare) refers to printfb.o(i._sputc) for _sputc
    printf0.o(i.__0fprintf$0) refers to printf0.o(i._printf_core) for _printf_core
    printf0.o(i.__0fprintf$0) refers to sdk_eval_com.o(i.fputc) for fputc
    printf0.o(i.__0printf$0) refers to printf0.o(i._printf_core) for _printf_core
    printf0.o(i.__0printf$0) refers to sdk_eval_com.o(i.fputc) for fputc
    printf0.o(i.__0printf$0) refers to sdk_eval_com.o(.data) for __stdout
    printf0.o(i.__0snprintf$0) refers to printf0.o(i._printf_core) for _printf_core
    printf0.o(i.__0snprintf$0) refers to printf0.o(i._snputc) for _snputc
    printf0.o(i.__0sprintf$0) refers to printf0.o(i._printf_core) for _printf_core
    printf0.o(i.__0sprintf$0) refers to printf0.o(i._sputc) for _sputc
    printf0.o(i.__0vfprintf$0) refers to printf0.o(i._printf_core) for _printf_core
    printf0.o(i.__0vfprintf$0) refers to sdk_eval_com.o(i.fputc) for fputc
    printf0.o(i.__0vprintf$0) refers to printf0.o(i._printf_core) for _printf_core
    printf0.o(i.__0vprintf$0) refers to sdk_eval_com.o(i.fputc) for fputc
    printf0.o(i.__0vprintf$0) refers to sdk_eval_com.o(.data) for __stdout
    printf0.o(i.__0vsnprintf$0) refers to printf0.o(i._printf_core) for _printf_core
    printf0.o(i.__0vsnprintf$0) refers to printf0.o(i._snputc) for _snputc
    printf0.o(i.__0vsprintf$0) refers to printf0.o(i._printf_core) for _printf_core
    printf0.o(i.__0vsprintf$0) refers to printf0.o(i._sputc) for _sputc
    printf1.o(i.__0fprintf$1) refers to printf1.o(i._printf_core) for _printf_core
    printf1.o(i.__0fprintf$1) refers to sdk_eval_com.o(i.fputc) for fputc
    printf1.o(i.__0printf$1) refers to printf1.o(i._printf_core) for _printf_core
    printf1.o(i.__0printf$1) refers to sdk_eval_com.o(i.fputc) for fputc
    printf1.o(i.__0printf$1) refers to sdk_eval_com.o(.data) for __stdout
    printf1.o(i.__0snprintf$1) refers to printf1.o(i._printf_core) for _printf_core
    printf1.o(i.__0snprintf$1) refers to printf1.o(i._snputc) for _snputc
    printf1.o(i.__0sprintf$1) refers to printf1.o(i._printf_core) for _printf_core
    printf1.o(i.__0sprintf$1) refers to printf1.o(i._sputc) for _sputc
    printf1.o(i.__0vfprintf$1) refers to printf1.o(i._printf_core) for _printf_core
    printf1.o(i.__0vfprintf$1) refers to sdk_eval_com.o(i.fputc) for fputc
    printf1.o(i.__0vprintf$1) refers to printf1.o(i._printf_core) for _printf_core
    printf1.o(i.__0vprintf$1) refers to sdk_eval_com.o(i.fputc) for fputc
    printf1.o(i.__0vprintf$1) refers to sdk_eval_com.o(.data) for __stdout
    printf1.o(i.__0vsnprintf$1) refers to printf1.o(i._printf_core) for _printf_core
    printf1.o(i.__0vsnprintf$1) refers to printf1.o(i._snputc) for _snputc
    printf1.o(i.__0vsprintf$1) refers to printf1.o(i._printf_core) for _printf_core
    printf1.o(i.__0vsprintf$1) refers to printf1.o(i._sputc) for _sputc
    printf1.o(i._printf_core) refers to uidiv.o(.text) for __aeabi_uidivmod
    printf2.o(i.__0fprintf$2) refers to printf2.o(i._printf_core) for _printf_core
    printf2.o(i.__0fprintf$2) refers to sdk_eval_com.o(i.fputc) for fputc
    printf2.o(i.__0printf$2) refers to printf2.o(i._printf_core) for _printf_core
    printf2.o(i.__0printf$2) refers to sdk_eval_com.o(i.fputc) for fputc
    printf2.o(i.__0printf$2) refers to sdk_eval_com.o(.data) for __stdout
    printf2.o(i.__0snprintf$2) refers to printf2.o(i._printf_core) for _printf_core
    printf2.o(i.__0snprintf$2) refers to printf2.o(i._snputc) for _snputc
    printf2.o(i.__0sprintf$2) refers to printf2.o(i._printf_core) for _printf_core
    printf2.o(i.__0sprintf$2) refers to printf2.o(i._sputc) for _sputc
    printf2.o(i.__0vfprintf$2) refers to printf2.o(i._printf_core) for _printf_core
    printf2.o(i.__0vfprintf$2) refers to sdk_eval_com.o(i.fputc) for fputc
    printf2.o(i.__0vprintf$2) refers to printf2.o(i._printf_core) for _printf_core
    printf2.o(i.__0vprintf$2) refers to sdk_eval_com.o(i.fputc) for fputc
    printf2.o(i.__0vprintf$2) refers to sdk_eval_com.o(.data) for __stdout
    printf2.o(i.__0vsnprintf$2) refers to printf2.o(i._printf_core) for _printf_core
    printf2.o(i.__0vsnprintf$2) refers to printf2.o(i._snputc) for _snputc
    printf2.o(i.__0vsprintf$2) refers to printf2.o(i._printf_core) for _printf_core
    printf2.o(i.__0vsprintf$2) refers to printf2.o(i._sputc) for _sputc
    printf3.o(i.__0fprintf$3) refers to printf3.o(i._printf_core) for _printf_core
    printf3.o(i.__0fprintf$3) refers to sdk_eval_com.o(i.fputc) for fputc
    printf3.o(i.__0printf$3) refers to printf3.o(i._printf_core) for _printf_core
    printf3.o(i.__0printf$3) refers to sdk_eval_com.o(i.fputc) for fputc
    printf3.o(i.__0printf$3) refers to sdk_eval_com.o(.data) for __stdout
    printf3.o(i.__0snprintf$3) refers to printf3.o(i._printf_core) for _printf_core
    printf3.o(i.__0snprintf$3) refers to printf3.o(i._snputc) for _snputc
    printf3.o(i.__0sprintf$3) refers to printf3.o(i._printf_core) for _printf_core
    printf3.o(i.__0sprintf$3) refers to printf3.o(i._sputc) for _sputc
    printf3.o(i.__0vfprintf$3) refers to printf3.o(i._printf_core) for _printf_core
    printf3.o(i.__0vfprintf$3) refers to sdk_eval_com.o(i.fputc) for fputc
    printf3.o(i.__0vprintf$3) refers to printf3.o(i._printf_core) for _printf_core
    printf3.o(i.__0vprintf$3) refers to sdk_eval_com.o(i.fputc) for fputc
    printf3.o(i.__0vprintf$3) refers to sdk_eval_com.o(.data) for __stdout
    printf3.o(i.__0vsnprintf$3) refers to printf3.o(i._printf_core) for _printf_core
    printf3.o(i.__0vsnprintf$3) refers to printf3.o(i._snputc) for _snputc
    printf3.o(i.__0vsprintf$3) refers to printf3.o(i._printf_core) for _printf_core
    printf3.o(i.__0vsprintf$3) refers to printf3.o(i._sputc) for _sputc
    printf3.o(i._printf_core) refers to uidiv.o(.text) for __aeabi_uidivmod
    printf4.o(i.__0fprintf$4) refers to printf4.o(i._printf_core) for _printf_core
    printf4.o(i.__0fprintf$4) refers to sdk_eval_com.o(i.fputc) for fputc
    printf4.o(i.__0printf$4) refers to printf4.o(i._printf_core) for _printf_core
    printf4.o(i.__0printf$4) refers to sdk_eval_com.o(i.fputc) for fputc
    printf4.o(i.__0printf$4) refers to sdk_eval_com.o(.data) for __stdout
    printf4.o(i.__0snprintf$4) refers to printf4.o(i._printf_core) for _printf_core
    printf4.o(i.__0snprintf$4) refers to printf4.o(i._snputc) for _snputc
    printf4.o(i.__0sprintf$4) refers to printf4.o(i._printf_core) for _printf_core
    printf4.o(i.__0sprintf$4) refers to printf4.o(i._sputc) for _sputc
    printf4.o(i.__0vfprintf$4) refers to printf4.o(i._printf_core) for _printf_core
    printf4.o(i.__0vfprintf$4) refers to sdk_eval_com.o(i.fputc) for fputc
    printf4.o(i.__0vprintf$4) refers to printf4.o(i._printf_core) for _printf_core
    printf4.o(i.__0vprintf$4) refers to sdk_eval_com.o(i.fputc) for fputc
    printf4.o(i.__0vprintf$4) refers to sdk_eval_com.o(.data) for __stdout
    printf4.o(i.__0vsnprintf$4) refers to printf4.o(i._printf_core) for _printf_core
    printf4.o(i.__0vsnprintf$4) refers to printf4.o(i._snputc) for _snputc
    printf4.o(i.__0vsprintf$4) refers to printf4.o(i._printf_core) for _printf_core
    printf4.o(i.__0vsprintf$4) refers to printf4.o(i._sputc) for _sputc
    printf4.o(i._printf_core) refers to uldiv.o(.text) for __aeabi_uldivmod
    printf5.o(i.__0fprintf$5) refers to printf5.o(i._printf_core) for _printf_core
    printf5.o(i.__0fprintf$5) refers to sdk_eval_com.o(i.fputc) for fputc
    printf5.o(i.__0printf$5) refers to printf5.o(i._printf_core) for _printf_core
    printf5.o(i.__0printf$5) refers to sdk_eval_com.o(i.fputc) for fputc
    printf5.o(i.__0printf$5) refers to sdk_eval_com.o(.data) for __stdout
    printf5.o(i.__0snprintf$5) refers to printf5.o(i._printf_core) for _printf_core
    printf5.o(i.__0snprintf$5) refers to printf5.o(i._snputc) for _snputc
    printf5.o(i.__0sprintf$5) refers to printf5.o(i._printf_core) for _printf_core
    printf5.o(i.__0sprintf$5) refers to printf5.o(i._sputc) for _sputc
    printf5.o(i.__0vfprintf$5) refers to printf5.o(i._printf_core) for _printf_core
    printf5.o(i.__0vfprintf$5) refers to sdk_eval_com.o(i.fputc) for fputc
    printf5.o(i.__0vprintf$5) refers to printf5.o(i._printf_core) for _printf_core
    printf5.o(i.__0vprintf$5) refers to sdk_eval_com.o(i.fputc) for fputc
    printf5.o(i.__0vprintf$5) refers to sdk_eval_com.o(.data) for __stdout
    printf5.o(i.__0vsnprintf$5) refers to printf5.o(i._printf_core) for _printf_core
    printf5.o(i.__0vsnprintf$5) refers to printf5.o(i._snputc) for _snputc
    printf5.o(i.__0vsprintf$5) refers to printf5.o(i._printf_core) for _printf_core
    printf5.o(i.__0vsprintf$5) refers to printf5.o(i._sputc) for _sputc
    printf5.o(i._printf_core) refers to uldiv.o(.text) for __aeabi_uldivmod
    printf6.o(i.__0fprintf$6) refers to printf6.o(i._printf_core) for _printf_core
    printf6.o(i.__0fprintf$6) refers to sdk_eval_com.o(i.fputc) for fputc
    printf6.o(i.__0printf$6) refers to printf6.o(i._printf_core) for _printf_core
    printf6.o(i.__0printf$6) refers to sdk_eval_com.o(i.fputc) for fputc
    printf6.o(i.__0printf$6) refers to sdk_eval_com.o(.data) for __stdout
    printf6.o(i.__0snprintf$6) refers to printf6.o(i._printf_core) for _printf_core
    printf6.o(i.__0snprintf$6) refers to printf6.o(i._snputc) for _snputc
    printf6.o(i.__0sprintf$6) refers to printf6.o(i._printf_core) for _printf_core
    printf6.o(i.__0sprintf$6) refers to printf6.o(i._sputc) for _sputc
    printf6.o(i.__0vfprintf$6) refers to printf6.o(i._printf_core) for _printf_core
    printf6.o(i.__0vfprintf$6) refers to sdk_eval_com.o(i.fputc) for fputc
    printf6.o(i.__0vprintf$6) refers to printf6.o(i._printf_core) for _printf_core
    printf6.o(i.__0vprintf$6) refers to sdk_eval_com.o(i.fputc) for fputc
    printf6.o(i.__0vprintf$6) refers to sdk_eval_com.o(.data) for __stdout
    printf6.o(i.__0vsnprintf$6) refers to printf6.o(i._printf_core) for _printf_core
    printf6.o(i.__0vsnprintf$6) refers to printf6.o(i._snputc) for _snputc
    printf6.o(i.__0vsprintf$6) refers to printf6.o(i._printf_core) for _printf_core
    printf6.o(i.__0vsprintf$6) refers to printf6.o(i._sputc) for _sputc
    printf6.o(i._printf_core) refers to printf6.o(i._printf_pre_padding) for _printf_pre_padding
    printf6.o(i._printf_core) refers to printf6.o(i._printf_post_padding) for _printf_post_padding
    printf6.o(i._printf_core) refers to uidiv.o(.text) for __aeabi_uidivmod
    printf7.o(i.__0fprintf$7) refers to printf7.o(i._printf_core) for _printf_core
    printf7.o(i.__0fprintf$7) refers to sdk_eval_com.o(i.fputc) for fputc
    printf7.o(i.__0printf$7) refers to printf7.o(i._printf_core) for _printf_core
    printf7.o(i.__0printf$7) refers to sdk_eval_com.o(i.fputc) for fputc
    printf7.o(i.__0printf$7) refers to sdk_eval_com.o(.data) for __stdout
    printf7.o(i.__0snprintf$7) refers to printf7.o(i._printf_core) for _printf_core
    printf7.o(i.__0snprintf$7) refers to printf7.o(i._snputc) for _snputc
    printf7.o(i.__0sprintf$7) refers to printf7.o(i._printf_core) for _printf_core
    printf7.o(i.__0sprintf$7) refers to printf7.o(i._sputc) for _sputc
    printf7.o(i.__0vfprintf$7) refers to printf7.o(i._printf_core) for _printf_core
    printf7.o(i.__0vfprintf$7) refers to sdk_eval_com.o(i.fputc) for fputc
    printf7.o(i.__0vprintf$7) refers to printf7.o(i._printf_core) for _printf_core
    printf7.o(i.__0vprintf$7) refers to sdk_eval_com.o(i.fputc) for fputc
    printf7.o(i.__0vprintf$7) refers to sdk_eval_com.o(.data) for __stdout
    printf7.o(i.__0vsnprintf$7) refers to printf7.o(i._printf_core) for _printf_core
    printf7.o(i.__0vsnprintf$7) refers to printf7.o(i._snputc) for _snputc
    printf7.o(i.__0vsprintf$7) refers to printf7.o(i._printf_core) for _printf_core
    printf7.o(i.__0vsprintf$7) refers to printf7.o(i._sputc) for _sputc
    printf7.o(i._printf_core) refers to printf7.o(i._printf_pre_padding) for _printf_pre_padding
    printf7.o(i._printf_core) refers to printf7.o(i._printf_post_padding) for _printf_post_padding
    printf7.o(i._printf_core) refers to uldiv.o(.text) for __aeabi_uldivmod
    printf8.o(i.__0fprintf$8) refers to printf8.o(i._printf_core) for _printf_core
    printf8.o(i.__0fprintf$8) refers to sdk_eval_com.o(i.fputc) for fputc
    printf8.o(i.__0printf$8) refers to printf8.o(i._printf_core) for _printf_core
    printf8.o(i.__0printf$8) refers to sdk_eval_com.o(i.fputc) for fputc
    printf8.o(i.__0printf$8) refers to sdk_eval_com.o(.data) for __stdout
    printf8.o(i.__0snprintf$8) refers to printf8.o(i._printf_core) for _printf_core
    printf8.o(i.__0snprintf$8) refers to printf8.o(i._snputc) for _snputc
    printf8.o(i.__0sprintf$8) refers to printf8.o(i._printf_core) for _printf_core
    printf8.o(i.__0sprintf$8) refers to printf8.o(i._sputc) for _sputc
    printf8.o(i.__0vfprintf$8) refers to printf8.o(i._printf_core) for _printf_core
    printf8.o(i.__0vfprintf$8) refers to sdk_eval_com.o(i.fputc) for fputc
    printf8.o(i.__0vprintf$8) refers to printf8.o(i._printf_core) for _printf_core
    printf8.o(i.__0vprintf$8) refers to sdk_eval_com.o(i.fputc) for fputc
    printf8.o(i.__0vprintf$8) refers to sdk_eval_com.o(.data) for __stdout
    printf8.o(i.__0vsnprintf$8) refers to printf8.o(i._printf_core) for _printf_core
    printf8.o(i.__0vsnprintf$8) refers to printf8.o(i._snputc) for _snputc
    printf8.o(i.__0vsprintf$8) refers to printf8.o(i._printf_core) for _printf_core
    printf8.o(i.__0vsprintf$8) refers to printf8.o(i._sputc) for _sputc
    printf8.o(i._printf_core) refers to printf8.o(i._printf_pre_padding) for _printf_pre_padding
    printf8.o(i._printf_core) refers to printf8.o(i._printf_post_padding) for _printf_post_padding
    printf8.o(i._printf_core) refers to uldiv.o(.text) for __aeabi_uldivmod
    printfa.o(i.__0fprintf) refers (Special) to iusefp.o(.text) for __I$use$fp
    printfa.o(i.__0fprintf) refers to printfa.o(i._printf_core) for _printf_core
    printfa.o(i.__0fprintf) refers to sdk_eval_com.o(i.fputc) for fputc
    printfa.o(i.__0printf) refers (Special) to iusefp.o(.text) for __I$use$fp
    printfa.o(i.__0printf) refers to printfa.o(i._printf_core) for _printf_core
    printfa.o(i.__0printf) refers to sdk_eval_com.o(i.fputc) for fputc
    printfa.o(i.__0printf) refers to sdk_eval_com.o(.data) for __stdout
    printfa.o(i.__0snprintf) refers (Special) to iusefp.o(.text) for __I$use$fp
    printfa.o(i.__0snprintf) refers to printfa.o(i._printf_core) for _printf_core
    printfa.o(i.__0snprintf) refers to printfa.o(i._snputc) for _snputc
    printfa.o(i.__0sprintf) refers (Special) to iusefp.o(.text) for __I$use$fp
    printfa.o(i.__0sprintf) refers to printfa.o(i._printf_core) for _printf_core
    printfa.o(i.__0sprintf) refers to printfa.o(i._sputc) for _sputc
    printfa.o(i.__0vfprintf) refers (Special) to iusefp.o(.text) for __I$use$fp
    printfa.o(i.__0vfprintf) refers to printfa.o(i._printf_core) for _printf_core
    printfa.o(i.__0vfprintf) refers to sdk_eval_com.o(i.fputc) for fputc
    printfa.o(i.__0vprintf) refers (Special) to iusefp.o(.text) for __I$use$fp
    printfa.o(i.__0vprintf) refers to printfa.o(i._printf_core) for _printf_core
    printfa.o(i.__0vprintf) refers to sdk_eval_com.o(i.fputc) for fputc
    printfa.o(i.__0vprintf) refers to sdk_eval_com.o(.data) for __stdout
    printfa.o(i.__0vsnprintf) refers (Special) to iusefp.o(.text) for __I$use$fp
    printfa.o(i.__0vsnprintf) refers to printfa.o(i._printf_core) for _printf_core
    printfa.o(i.__0vsnprintf) refers to printfa.o(i._snputc) for _snputc
    printfa.o(i.__0vsprintf) refers (Special) to iusefp.o(.text) for __I$use$fp
    printfa.o(i.__0vsprintf) refers to printfa.o(i._printf_core) for _printf_core
    printfa.o(i.__0vsprintf) refers to printfa.o(i._sputc) for _sputc
    printfa.o(i._fp_digits) refers (Special) to iusefp.o(.text) for __I$use$fp
    printfa.o(i._fp_digits) refers to dmul.o(.text) for __aeabi_dmul
    printfa.o(i._fp_digits) refers to ddiv.o(.text) for __aeabi_ddiv
    printfa.o(i._fp_digits) refers to cdrcmple.o(.text) for __aeabi_cdrcmple
    printfa.o(i._fp_digits) refers to dadd.o(.text) for __aeabi_dadd
    printfa.o(i._fp_digits) refers to dfixul.o(.text) for __aeabi_d2ulz
    printfa.o(i._fp_digits) refers to uldiv.o(.text) for __aeabi_uldivmod
    printfa.o(i._printf_core) refers (Special) to iusefp.o(.text) for __I$use$fp
    printfa.o(i._printf_core) refers to printfa.o(i._printf_pre_padding) for _printf_pre_padding
    printfa.o(i._printf_core) refers to uldiv.o(.text) for __aeabi_uldivmod
    printfa.o(i._printf_core) refers to printfa.o(i._printf_post_padding) for _printf_post_padding
    printfa.o(i._printf_core) refers to printfa.o(i._fp_digits) for _fp_digits
    printfa.o(i._printf_core) refers to uidiv.o(.text) for __aeabi_uidivmod
    printfa.o(i._printf_post_padding) refers (Special) to iusefp.o(.text) for __I$use$fp
    printfa.o(i._printf_pre_padding) refers (Special) to iusefp.o(.text) for __I$use$fp
    printfa.o(i._snputc) refers (Special) to iusefp.o(.text) for __I$use$fp
    printfa.o(i._sputc) refers (Special) to iusefp.o(.text) for __I$use$fp
    fadd.o(.text) refers (Special) to iusefp.o(.text) for __I$use$fp
    fadd.o(.text) refers to fepilogue.o(.text) for _float_epilogue
    fmul.o(.text) refers (Special) to iusefp.o(.text) for __I$use$fp
    fdiv.o(.text) refers (Special) to iusefp.o(.text) for __I$use$fp
    fdiv.o(.text) refers to fepilogue.o(.text) for _float_round
    dadd.o(.text) refers (Special) to iusefp.o(.text) for __I$use$fp
    dadd.o(.text) refers to llshl.o(.text) for __aeabi_llsl
    dadd.o(.text) refers to llsshr.o(.text) for __aeabi_lasr
    dadd.o(.text) refers to depilogue.o(.text) for _double_epilogue
    dmul.o(.text) refers (Special) to iusefp.o(.text) for __I$use$fp
    dmul.o(.text) refers to depilogue.o(.text) for _double_epilogue
    fflti.o(.text) refers (Special) to iusefp.o(.text) for __I$use$fp
    fflti.o(.text) refers to fepilogue.o(.text) for _float_epilogue
    ffltui.o(.text) refers (Special) to iusefp.o(.text) for __I$use$fp
    ffltui.o(.text) refers to fepilogue.o(.text) for _float_epilogue
    f2d.o(.text) refers (Special) to iusefp.o(.text) for __I$use$fp
    d2f.o(.text) refers (Special) to iusefp.o(.text) for __I$use$fp
    d2f.o(.text) refers to fepilogue.o(.text) for _float_round
    entry3.o(.ARM.Collect$$$$00000002) refers to entry3.o(.ARM.Collect$$$$00002713) for __lit__00000000
    entry3.o(__vectab_stack_and_reset_area) refers to entry.o(.ARM.Collect$$$$00000000) for __main
    entry5.o(.ARM.Collect$$$$00000004) refers to init.o(.text) for __scatterload
    entry9a.o(.ARM.Collect$$$$0000000B) refers to micro_hello_world_main.o(i.main) for main
    entry9b.o(.ARM.Collect$$$$0000000C) refers to micro_hello_world_main.o(i.main) for main
    uldiv.o(.text) refers to llushr.o(.text) for __aeabi_llsr
    uldiv.o(.text) refers to llshl.o(.text) for __aeabi_llsl
    depilogue.o(.text) refers to depilogue.o(i.__ARM_clz) for __ARM_clz
    depilogue.o(.text) refers to llshl.o(.text) for __aeabi_llsl
    depilogue.o(.text) refers to llushr.o(.text) for __aeabi_llsr
    ddiv.o(.text) refers to depilogue.o(.text) for _double_round
    dfixul.o(.text) refers to llushr.o(.text) for __aeabi_llsr
    dfixul.o(.text) refers to llshl.o(.text) for __aeabi_llsl
    init.o(.text) refers to entry5.o(.ARM.Collect$$$$00000004) for __main_after_scatterload


==============================================================================

Removing Unused input sections from the image.

    Removing miscutil.o(.rev16_text), (4 bytes).
    Removing miscutil.o(.revsh_text), (4 bytes).
    Removing miscutil.o(i.BLEPLAT_get_part_info), (32 bytes).
    Removing bluenrg1_adc.o(.rev16_text), (4 bytes).
    Removing bluenrg1_adc.o(.revsh_text), (4 bytes).
    Removing bluenrg1_adc.o(i.ADC_AutoOffsetUpdate), (22 bytes).
    Removing bluenrg1_adc.o(i.ADC_Calibration), (30 bytes).
    Removing bluenrg1_adc.o(i.ADC_Cmd), (44 bytes).
    Removing bluenrg1_adc.o(i.ADC_ConversionMode), (24 bytes).
    Removing bluenrg1_adc.o(i.ADC_ConvertBatterySensor), (24 bytes).
    Removing bluenrg1_adc.o(i.ADC_ConvertDifferentialVoltage), (116 bytes).
    Removing bluenrg1_adc.o(i.ADC_ConvertSingleEndedVoltage), (176 bytes).
    Removing bluenrg1_adc.o(i.ADC_ConvertTemperatureSensor), (36 bytes).
    Removing bluenrg1_adc.o(i.ADC_ConvertTemperatureSensorFarenait), (48 bytes).
    Removing bluenrg1_adc.o(i.ADC_DeInit), (14 bytes).
    Removing bluenrg1_adc.o(i.ADC_DmaCmd), (24 bytes).
    Removing bluenrg1_adc.o(i.ADC_Filter), (24 bytes).
    Removing bluenrg1_adc.o(i.ADC_GetConvertedData), (100 bytes).
    Removing bluenrg1_adc.o(i.ADC_GetFlagStatus), (18 bytes).
    Removing bluenrg1_adc.o(i.ADC_GetFlags), (12 bytes).
    Removing bluenrg1_adc.o(i.ADC_GetITStatus), (18 bytes).
    Removing bluenrg1_adc.o(i.ADC_GetOffset), (18 bytes).
    Removing bluenrg1_adc.o(i.ADC_GetRawData), (18 bytes).
    Removing bluenrg1_adc.o(i.ADC_ITConfig), (20 bytes).
    Removing bluenrg1_adc.o(i.ADC_Init), (114 bytes).
    Removing bluenrg1_adc.o(i.ADC_SelectFrequencyMic), (30 bytes).
    Removing bluenrg1_adc.o(i.ADC_SelectInput), (20 bytes).
    Removing bluenrg1_adc.o(i.ADC_SetOffset), (18 bytes).
    Removing bluenrg1_adc.o(i.ADC_StructInit), (16 bytes).
    Removing bluenrg1_adc.o(i.ADC_ThresholdCheck), (22 bytes).
    Removing bluenrg1_adc.o(i.ADC_ThresholdConfig), (10 bytes).
    Removing bluenrg1_dma.o(.rev16_text), (4 bytes).
    Removing bluenrg1_dma.o(.revsh_text), (4 bytes).
    Removing bluenrg1_dma.o(i.DMA_ClearFlag), (8 bytes).
    Removing bluenrg1_dma.o(i.DMA_Cmd), (20 bytes).
    Removing bluenrg1_dma.o(i.DMA_DeInit), (140 bytes).
    Removing bluenrg1_dma.o(i.DMA_FlagConfig), (16 bytes).
    Removing bluenrg1_dma.o(i.DMA_GetCurrDataCounter), (6 bytes).
    Removing bluenrg1_dma.o(i.DMA_GetFlagStatus), (18 bytes).
    Removing bluenrg1_dma.o(i.DMA_Init), (60 bytes).
    Removing bluenrg1_dma.o(i.DMA_SelectAdcChannel), (24 bytes).
    Removing bluenrg1_dma.o(i.DMA_SetCurrDataCounter), (4 bytes).
    Removing bluenrg1_dma.o(i.DMA_StructInit), (26 bytes).
    Removing bluenrg1_flash.o(.rev16_text), (4 bytes).
    Removing bluenrg1_flash.o(.revsh_text), (4 bytes).
    Removing bluenrg1_flash.o(i.FLASH_ClearCmdDone), (16 bytes).
    Removing bluenrg1_flash.o(i.FLASH_ClearFlag), (12 bytes).
    Removing bluenrg1_flash.o(i.FLASH_ClearITPendingBit), (12 bytes).
    Removing bluenrg1_flash.o(i.FLASH_EraseAllFlash), (40 bytes).
    Removing bluenrg1_flash.o(i.FLASH_ErasePage), (48 bytes).
    Removing bluenrg1_flash.o(i.FLASH_GetFlagStatus), (20 bytes).
    Removing bluenrg1_flash.o(i.FLASH_ITConfig), (28 bytes).
    Removing bluenrg1_flash.o(i.FLASH_Lock), (12 bytes).
    Removing bluenrg1_flash.o(i.FLASH_ProgramWord), (52 bytes).
    Removing bluenrg1_flash.o(i.FLASH_ProgramWordBurst), (64 bytes).
    Removing bluenrg1_flash.o(i.FLASH_ReadByte), (4 bytes).
    Removing bluenrg1_flash.o(i.FLASH_ReadWord), (4 bytes).
    Removing bluenrg1_flash.o(i.FLASH_Unlock), (16 bytes).
    Removing bluenrg1_flash.o(i.FLASH_WaitCmdDone), (16 bytes).
    Removing bluenrg1_gpio.o(.rev16_text), (4 bytes).
    Removing bluenrg1_gpio.o(.revsh_text), (4 bytes).
    Removing bluenrg1_gpio.o(i.GPIO_ClearITPendingBit), (12 bytes).
    Removing bluenrg1_gpio.o(i.GPIO_DeInit), (48 bytes).
    Removing bluenrg1_gpio.o(i.GPIO_EXTICmd), (20 bytes).
    Removing bluenrg1_gpio.o(i.GPIO_EXTIConfig), (66 bytes).
    Removing bluenrg1_gpio.o(i.GPIO_EXTIStructInit), (10 bytes).
    Removing bluenrg1_gpio.o(i.GPIO_GetITPendingBit), (18 bytes).
    Removing bluenrg1_gpio.o(i.GPIO_GetITStatusBit), (18 bytes).
    Removing bluenrg1_gpio.o(i.GPIO_InitLowPowerModes), (96 bytes).
    Removing bluenrg1_gpio.o(i.GPIO_ReadBit), (18 bytes).
    Removing bluenrg1_gpio.o(i.GPIO_ResetBits), (12 bytes).
    Removing bluenrg1_gpio.o(i.GPIO_SetBits), (8 bytes).
    Removing bluenrg1_gpio.o(i.GPIO_StructInit), (12 bytes).
    Removing bluenrg1_gpio.o(i.GPIO_ToggleBits), (12 bytes).
    Removing bluenrg1_gpio.o(i.GPIO_ToggleBitsLowPowerModes), (28 bytes).
    Removing bluenrg1_gpio.o(i.GPIO_WriteBit), (24 bytes).
    Removing bluenrg1_gpio.o(i.GPIO_WriteBitsLowPowerModes), (36 bytes).
    Removing bluenrg1_i2c.o(.rev16_text), (4 bytes).
    Removing bluenrg1_i2c.o(.revsh_text), (4 bytes).
    Removing bluenrg1_i2c.o(i.I2C_BeginTransaction), (32 bytes).
    Removing bluenrg1_i2c.o(i.I2C_ClearITPendingBit), (4 bytes).
    Removing bluenrg1_i2c.o(i.I2C_Cmd), (20 bytes).
    Removing bluenrg1_i2c.o(i.I2C_DMACmd), (16 bytes).
    Removing bluenrg1_i2c.o(i.I2C_DMATxBurstMode), (20 bytes).
    Removing bluenrg1_i2c.o(i.I2C_DMATxBurstSize), (18 bytes).
    Removing bluenrg1_i2c.o(i.I2C_DeInit), (20 bytes).
    Removing bluenrg1_i2c.o(i.I2C_FillTxFIFO), (4 bytes).
    Removing bluenrg1_i2c.o(i.I2C_FlushRx), (12 bytes).
    Removing bluenrg1_i2c.o(i.I2C_FlushTx), (10 bytes).
    Removing bluenrg1_i2c.o(i.I2C_GeneralCallCmd), (18 bytes).
    Removing bluenrg1_i2c.o(i.I2C_GenerateStopCondition), (12 bytes).
    Removing bluenrg1_i2c.o(i.I2C_GetITPendingBit), (10 bytes).
    Removing bluenrg1_i2c.o(i.I2C_GetITStatus), (10 bytes).
    Removing bluenrg1_i2c.o(i.I2C_GetStatus), (8 bytes).
    Removing bluenrg1_i2c.o(i.I2C_ITConfig), (16 bytes).
    Removing bluenrg1_i2c.o(i.I2C_Init), (188 bytes).
    Removing bluenrg1_i2c.o(i.I2C_ReceiveData), (4 bytes).
    Removing bluenrg1_i2c.o(i.I2C_SetHoldTime), (6 bytes).
    Removing bluenrg1_i2c.o(i.I2C_SetHoldTimeStartCondition), (52 bytes).
    Removing bluenrg1_i2c.o(i.I2C_SetRxThreshold), (16 bytes).
    Removing bluenrg1_i2c.o(i.I2C_SetSetupTimeStartCondition), (52 bytes).
    Removing bluenrg1_i2c.o(i.I2C_SetTxThreshold), (16 bytes).
    Removing bluenrg1_i2c.o(i.I2C_StructInit), (20 bytes).
    Removing bluenrg1_i2c.o(i.I2C_WaitFlushRx), (14 bytes).
    Removing bluenrg1_i2c.o(i.I2C_WaitFlushTx), (14 bytes).
    Removing bluenrg1_i2c.o(.data), (8 bytes).
    Removing bluenrg1_mft.o(.rev16_text), (4 bytes).
    Removing bluenrg1_mft.o(.revsh_text), (4 bytes).
    Removing bluenrg1_mft.o(i.MFT_ClearIT), (10 bytes).
    Removing bluenrg1_mft.o(i.MFT_Cmd), (18 bytes).
    Removing bluenrg1_mft.o(i.MFT_DeInit), (16 bytes).
    Removing bluenrg1_mft.o(i.MFT_EnableIT), (18 bytes).
    Removing bluenrg1_mft.o(i.MFT_GetCounter1), (4 bytes).
    Removing bluenrg1_mft.o(i.MFT_GetCounter2), (4 bytes).
    Removing bluenrg1_mft.o(i.MFT_Init), (136 bytes).
    Removing bluenrg1_mft.o(i.MFT_PulseTrainEventTriggerStatus), (8 bytes).
    Removing bluenrg1_mft.o(i.MFT_PulseTrainSoftwareTrigger), (12 bytes).
    Removing bluenrg1_mft.o(i.MFT_PulseTrainTriggerSelect), (18 bytes).
    Removing bluenrg1_mft.o(i.MFT_SelectCapturePin), (68 bytes).
    Removing bluenrg1_mft.o(i.MFT_SetCounter), (6 bytes).
    Removing bluenrg1_mft.o(i.MFT_SetCounter1), (4 bytes).
    Removing bluenrg1_mft.o(i.MFT_SetCounter2), (4 bytes).
    Removing bluenrg1_mft.o(i.MFT_StatusIT), (10 bytes).
    Removing bluenrg1_mft.o(i.MFT_StructInit), (16 bytes).
    Removing bluenrg1_mft.o(i.MFT_TnEDGES), (32 bytes).
    Removing bluenrg1_mft.o(i.MFT_TnXEN), (36 bytes).
    Removing bluenrg1_rng.o(.rev16_text), (4 bytes).
    Removing bluenrg1_rng.o(.revsh_text), (4 bytes).
    Removing bluenrg1_rng.o(i.RNG_Cmd), (22 bytes).
    Removing bluenrg1_rng.o(i.RNG_GetFlagStatus), (14 bytes).
    Removing bluenrg1_rtc.o(.rev16_text), (4 bytes).
    Removing bluenrg1_rtc.o(.revsh_text), (4 bytes).
    Removing bluenrg1_rtc.o(i.RTC_AutoStart), (24 bytes).
    Removing bluenrg1_rtc.o(i.RTC_ClockwatchCmd), (28 bytes).
    Removing bluenrg1_rtc.o(i.RTC_Cmd), (24 bytes).
    Removing bluenrg1_rtc.o(i.RTC_GetNumberIrqGenerated), (12 bytes).
    Removing bluenrg1_rtc.o(i.RTC_GetTimeDate), (64 bytes).
    Removing bluenrg1_rtc.o(i.RTC_GetTimerValue), (12 bytes).
    Removing bluenrg1_rtc.o(i.RTC_IT_Clear), (12 bytes).
    Removing bluenrg1_rtc.o(i.RTC_IT_Config), (36 bytes).
    Removing bluenrg1_rtc.o(i.RTC_IT_Status), (20 bytes).
    Removing bluenrg1_rtc.o(i.RTC_Init), (96 bytes).
    Removing bluenrg1_rtc.o(i.RTC_SelectTrimmedClock), (28 bytes).
    Removing bluenrg1_rtc.o(i.RTC_SetMatchTimeDate), (128 bytes).
    Removing bluenrg1_rtc.o(i.RTC_SetTimeDate), (128 bytes).
    Removing bluenrg1_rtc.o(i.RTC_StructInit), (20 bytes).
    Removing bluenrg1_spi.o(.rev16_text), (4 bytes).
    Removing bluenrg1_spi.o(.revsh_text), (4 bytes).
    Removing bluenrg1_spi.o(i.SPI_ClearITPendingBit), (16 bytes).
    Removing bluenrg1_spi.o(i.SPI_ClearRXFIFO), (24 bytes).
    Removing bluenrg1_spi.o(i.SPI_ClearTXFIFO), (40 bytes).
    Removing bluenrg1_spi.o(i.SPI_Cmd), (24 bytes).
    Removing bluenrg1_spi.o(i.SPI_CommandSizeConfig), (24 bytes).
    Removing bluenrg1_spi.o(i.SPI_DMACmd), (24 bytes).
    Removing bluenrg1_spi.o(i.SPI_DataSizeConfig), (24 bytes).
    Removing bluenrg1_spi.o(i.SPI_DeInit), (36 bytes).
    Removing bluenrg1_spi.o(i.SPI_DelayBetweenFrames), (24 bytes).
    Removing bluenrg1_spi.o(i.SPI_DelayDataInput), (28 bytes).
    Removing bluenrg1_spi.o(i.SPI_EnableWaitState), (32 bytes).
    Removing bluenrg1_spi.o(i.SPI_EndianFormatReception), (24 bytes).
    Removing bluenrg1_spi.o(i.SPI_EndianFormatTransmission), (24 bytes).
    Removing bluenrg1_spi.o(i.SPI_FrameFormatConfig), (24 bytes).
    Removing bluenrg1_spi.o(i.SPI_GetFlagStatus), (20 bytes).
    Removing bluenrg1_spi.o(i.SPI_GetITStatus), (20 bytes).
    Removing bluenrg1_spi.o(i.SPI_ITConfig), (24 bytes).
    Removing bluenrg1_spi.o(i.SPI_Init), (84 bytes).
    Removing bluenrg1_spi.o(i.SPI_ReceiveData), (12 bytes).
    Removing bluenrg1_spi.o(i.SPI_RxFifoInterruptLevelConfig), (24 bytes).
    Removing bluenrg1_spi.o(i.SPI_SendData), (12 bytes).
    Removing bluenrg1_spi.o(i.SPI_SetBaudrate), (72 bytes).
    Removing bluenrg1_spi.o(i.SPI_SetDummyCharacter), (12 bytes).
    Removing bluenrg1_spi.o(i.SPI_SetMasterCommunicationMode), (24 bytes).
    Removing bluenrg1_spi.o(i.SPI_SetNumFramesToReceive), (12 bytes).
    Removing bluenrg1_spi.o(i.SPI_SetNumFramesToTransmit), (12 bytes).
    Removing bluenrg1_spi.o(i.SPI_SlaveModeOutputCmd), (24 bytes).
    Removing bluenrg1_spi.o(i.SPI_SlaveSwSelection), (24 bytes).
    Removing bluenrg1_spi.o(i.SPI_StructInit), (24 bytes).
    Removing bluenrg1_spi.o(i.SPI_TxFifoInterruptLevelConfig), (24 bytes).
    Removing bluenrg1_sysctrl.o(.rev16_text), (4 bytes).
    Removing bluenrg1_sysctrl.o(.revsh_text), (4 bytes).
    Removing bluenrg1_sysctrl.o(i.SysCtrl_DeInit), (44 bytes).
    Removing bluenrg1_sysctrl.o(i.SysCtrl_SelectXO), (32 bytes).
    Removing bluenrg1_sysctrl.o(i.SysCtrl_WakeupFromIo), (36 bytes).
    Removing bluenrg1_uart.o(.rev16_text), (4 bytes).
    Removing bluenrg1_uart.o(.revsh_text), (4 bytes).
    Removing bluenrg1_uart.o(i.UART_BreakCmd), (24 bytes).
    Removing bluenrg1_uart.o(i.UART_ClearFlag), (12 bytes).
    Removing bluenrg1_uart.o(i.UART_ClearITPendingBit), (12 bytes).
    Removing bluenrg1_uart.o(i.UART_DMACmd), (24 bytes).
    Removing bluenrg1_uart.o(i.UART_DeInit), (64 bytes).
    Removing bluenrg1_uart.o(i.UART_GetITStatus), (20 bytes).
    Removing bluenrg1_uart.o(i.UART_ITConfig), (24 bytes).
    Removing bluenrg1_uart.o(i.UART_Oversampling), (24 bytes).
    Removing bluenrg1_uart.o(i.UART_RXTimeoutConfig), (64 bytes).
    Removing bluenrg1_uart.o(i.UART_ReceiveData), (12 bytes).
    Removing bluenrg1_uart.o(i.UART_RequestToSendCmd), (24 bytes).
    Removing bluenrg1_uart.o(i.UART_RxSwFlowControlMode), (24 bytes).
    Removing bluenrg1_uart.o(i.UART_SpecialCharDetect), (28 bytes).
    Removing bluenrg1_uart.o(i.UART_StructInit), (26 bytes).
    Removing bluenrg1_uart.o(i.UART_SwFlowControl), (28 bytes).
    Removing bluenrg1_uart.o(i.UART_TxFifoIrqLevelConfig), (24 bytes).
    Removing bluenrg1_uart.o(i.UART_TxSwFlowControlMode), (24 bytes).
    Removing bluenrg1_uart.o(i.UART_Xoff1Char), (12 bytes).
    Removing bluenrg1_uart.o(i.UART_Xoff2Char), (12 bytes).
    Removing bluenrg1_uart.o(i.UART_Xon1Char), (12 bytes).
    Removing bluenrg1_uart.o(i.UART_Xon2Char), (12 bytes).
    Removing bluenrg1_uart.o(i.UART_XonAnyBit), (28 bytes).
    Removing bluenrg1_wdg.o(.rev16_text), (4 bytes).
    Removing bluenrg1_wdg.o(.revsh_text), (4 bytes).
    Removing bluenrg1_wdg.o(i.WDG_ClearITPendingBit), (16 bytes).
    Removing bluenrg1_wdg.o(i.WDG_DisableReset), (16 bytes).
    Removing bluenrg1_wdg.o(i.WDG_Enable), (24 bytes).
    Removing bluenrg1_wdg.o(i.WDG_GetCounter), (12 bytes).
    Removing bluenrg1_wdg.o(i.WDG_GetITStatus), (20 bytes).
    Removing bluenrg1_wdg.o(i.WDG_GetWriteAccess), (20 bytes).
    Removing bluenrg1_wdg.o(i.WDG_ITConfig), (28 bytes).
    Removing bluenrg1_wdg.o(i.WDG_SetReload), (12 bytes).
    Removing bluenrg1_wdg.o(i.WDG_SetWriteAccess), (20 bytes).
    Removing misc.o(.rev16_text), (4 bytes).
    Removing misc.o(.revsh_text), (4 bytes).
    Removing misc.o(i.NVIC_Init), (136 bytes).
    Removing misc.o(i.SysTick_State), (28 bytes).
    Removing misc.o(i.SystemSleepCmd), (24 bytes).
    Removing sdk_eval_com.o(.rev16_text), (4 bytes).
    Removing sdk_eval_com.o(.revsh_text), (4 bytes).
    Removing sdk_eval_com.o(i.Read_Buffer_Pop), (48 bytes).
    Removing sdk_eval_com.o(i.Read_Buffer_Push), (36 bytes).
    Removing sdk_eval_com.o(i.SdkEvalComIOConfig), (28 bytes).
    Removing sdk_eval_com.o(i.SdkEvalComIOProcessInputData), (26 bytes).
    Removing sdk_eval_com.o(i.SdkEvalComIOReceiveData), (16 bytes).
    Removing sdk_eval_com.o(i.SdkEvalComIOSendData), (8 bytes).
    Removing sdk_eval_com.o(i.SdkEvalComIOTxFifoNotEmpty), (20 bytes).
    Removing sdk_eval_com.o(i.SdkEvalComIOUartIrqHandler), (42 bytes).
    Removing sdk_eval_com.o(i.SdkEvalComUARTBusy), (16 bytes).
    Removing sdk_eval_com.o(i.SdkEvalComUartIrqConfig), (32 bytes).
    Removing sdk_eval_com.o(i.__io_getcharNonBlocking), (28 bytes).
    Removing sdk_eval_com.o(i.fgetc), (20 bytes).
    Removing sdk_eval_com.o(.bss), (1024 bytes).
    Removing sdk_eval_com.o(.data), (12 bytes).
    Removing sdk_eval_com.o(.data), (4 bytes).
    Removing sdk_eval_config.o(.rev16_text), (4 bytes).
    Removing sdk_eval_config.o(.revsh_text), (4 bytes).
    Removing sdk_eval_config.o(i.SdkEvalGetVersion), (12 bytes).
    Removing system_bluenrg1.o(.rev16_text), (4 bytes).
    Removing system_bluenrg1.o(.revsh_text), (4 bytes).
    Removing system_bluenrg1.o(i.DMA_Handler), (2 bytes).
    Removing system_bluenrg1.o(i.HardFault_Handler), (2 bytes).
    Removing system_bluenrg1.o(i.NMI_Handler), (2 bytes).
    Removing system_bluenrg1.o(i.SVC_Handler), (2 bytes).
    Removing system_bluenrg1.o(i.SysTick_Handler), (2 bytes).
    Removing system_bluenrg1.o(i.Wait_LS_Stabilization), (112 bytes).
    Removing system_bluenrg1.o(.ota_sw_activation), (4 bytes).
    Removing bluenrg1_it.o(.rev16_text), (4 bytes).
    Removing bluenrg1_it.o(.revsh_text), (4 bytes).
    Removing micro_hello_world_main.o(.rev16_text), (4 bytes).
    Removing micro_hello_world_main.o(.revsh_text), (4 bytes).
    Removing fadd.o(.text), (178 bytes).
    Removing fmul.o(.text), (122 bytes).
    Removing fdiv.o(.text), (124 bytes).
    Removing dadd.o(.text), (356 bytes).
    Removing dmul.o(.text), (208 bytes).
    Removing fflti.o(.text), (22 bytes).
    Removing ffltui.o(.text), (14 bytes).
    Removing f2d.o(.text), (40 bytes).
    Removing d2f.o(.text), (56 bytes).
    Removing fepilogue.o(.text), (130 bytes).
    Removing depilogue.o(.text), (190 bytes).
    Removing ddiv.o(.text), (240 bytes).
    Removing dfixul.o(.text), (64 bytes).
    Removing cdrcmple.o(.text), (40 bytes).
    Removing depilogue.o(i.__ARM_clz), (46 bytes).

271 unused section(s) (total 9134 bytes) removed from the image.

==============================================================================

Image Symbol Table

    Local Symbols

    Symbol Name                              Value     Ov Type        Size  Object(Section)

    ../../../../../../Library/BlueNRG1_Periph_Driver/src/BlueNRG1_adc.c 0x00000000   Number         0  bluenrg1_adc.o ABSOLUTE
    ../../../../../../Library/BlueNRG1_Periph_Driver/src/BlueNRG1_dma.c 0x00000000   Number         0  bluenrg1_dma.o ABSOLUTE
    ../../../../../../Library/BlueNRG1_Periph_Driver/src/BlueNRG1_flash.c 0x00000000   Number         0  bluenrg1_flash.o ABSOLUTE
    ../../../../../../Library/BlueNRG1_Periph_Driver/src/BlueNRG1_gpio.c 0x00000000   Number         0  bluenrg1_gpio.o ABSOLUTE
    ../../../../../../Library/BlueNRG1_Periph_Driver/src/BlueNRG1_i2c.c 0x00000000   Number         0  bluenrg1_i2c.o ABSOLUTE
    ../../../../../../Library/BlueNRG1_Periph_Driver/src/BlueNRG1_mft.c 0x00000000   Number         0  bluenrg1_mft.o ABSOLUTE
    ../../../../../../Library/BlueNRG1_Periph_Driver/src/BlueNRG1_rng.c 0x00000000   Number         0  bluenrg1_rng.o ABSOLUTE
    ../../../../../../Library/BlueNRG1_Periph_Driver/src/BlueNRG1_rtc.c 0x00000000   Number         0  bluenrg1_rtc.o ABSOLUTE
    ../../../../../../Library/BlueNRG1_Periph_Driver/src/BlueNRG1_spi.c 0x00000000   Number         0  bluenrg1_spi.o ABSOLUTE
    ../../../../../../Library/BlueNRG1_Periph_Driver/src/BlueNRG1_sysCtrl.c 0x00000000   Number         0  bluenrg1_sysctrl.o ABSOLUTE
    ../../../../../../Library/BlueNRG1_Periph_Driver/src/BlueNRG1_uart.c 0x00000000   Number         0  bluenrg1_uart.o ABSOLUTE
    ../../../../../../Library/BlueNRG1_Periph_Driver/src/BlueNRG1_wdg.c 0x00000000   Number         0  bluenrg1_wdg.o ABSOLUTE
    ../../../../../../Library/BlueNRG1_Periph_Driver/src/misc.c 0x00000000   Number         0  misc.o ABSOLUTE
    ../../../../../../Library/CMSIS/Device/ST/BlueNRG1/Source/system_bluenrg1.c 0x00000000   Number         0  system_bluenrg1.o ABSOLUTE
    ../../../../../../Library/SDK_Eval_BlueNRG1/src/SDK_EVAL_Com.c 0x00000000   Number         0  sdk_eval_com.o ABSOLUTE
    ../../../../../../Library/SDK_Eval_BlueNRG1/src/SDK_EVAL_Config.c 0x00000000   Number         0  sdk_eval_config.o ABSOLUTE
    ../../../../../../Library/hal/src/miscutil.c 0x00000000   Number         0  miscutil.o ABSOLUTE
    ../../BlueNRG1_it.c                      0x00000000   Number         0  bluenrg1_it.o ABSOLUTE
    ../../Micro_Hello_World_main.c           0x00000000   Number         0  micro_hello_world_main.o ABSOLUTE
    ../clib/../cmprslib/zerorunl.c           0x00000000   Number         0  __dczerorl.o ABSOLUTE
    ../clib/microlib/division.c              0x00000000   Number         0  uldiv.o ABSOLUTE
    ../clib/microlib/division.c              0x00000000   Number         0  uidiv.o ABSOLUTE
    ../clib/microlib/init/entry.s            0x00000000   Number         0  entry8b.o ABSOLUTE
    ../clib/microlib/init/entry.s            0x00000000   Number         0  entry9a.o ABSOLUTE
    ../clib/microlib/init/entry.s            0x00000000   Number         0  entry9b.o ABSOLUTE
    ../clib/microlib/init/entry.s            0x00000000   Number         0  entry10a.o ABSOLUTE
    ../clib/microlib/init/entry.s            0x00000000   Number         0  entry11a.o ABSOLUTE
    ../clib/microlib/init/entry.s            0x00000000   Number         0  entry11b.o ABSOLUTE
    ../clib/microlib/init/entry.s            0x00000000   Number         0  entry.o ABSOLUTE
    ../clib/microlib/init/entry.s            0x00000000   Number         0  entry8a.o ABSOLUTE
    ../clib/microlib/init/entry.s            0x00000000   Number         0  entry7b.o ABSOLUTE
    ../clib/microlib/init/entry.s            0x00000000   Number         0  entry7a.o ABSOLUTE
    ../clib/microlib/init/entry.s            0x00000000   Number         0  entry5.o ABSOLUTE
    ../clib/microlib/init/entry.s            0x00000000   Number         0  entry3.o ABSOLUTE
    ../clib/microlib/init/entry.s            0x00000000   Number         0  entry10b.o ABSOLUTE
    ../clib/microlib/longlong.c              0x00000000   Number         0  llshl.o ABSOLUTE
    ../clib/microlib/longlong.c              0x00000000   Number         0  llushr.o ABSOLUTE
    ../clib/microlib/longlong.c              0x00000000   Number         0  llsshr.o ABSOLUTE
    ../clib/microlib/printf/printf.c         0x00000000   Number         0  printf1.o ABSOLUTE
    ../clib/microlib/printf/printf.c         0x00000000   Number         0  printf0.o ABSOLUTE
    ../clib/microlib/printf/printf.c         0x00000000   Number         0  printfb.o ABSOLUTE
    ../clib/microlib/printf/printf.c         0x00000000   Number         0  printf8.o ABSOLUTE
    ../clib/microlib/printf/printf.c         0x00000000   Number         0  printf7.o ABSOLUTE
    ../clib/microlib/printf/printf.c         0x00000000   Number         0  printf6.o ABSOLUTE
    ../clib/microlib/printf/printf.c         0x00000000   Number         0  printf5.o ABSOLUTE
    ../clib/microlib/printf/printf.c         0x00000000   Number         0  printf4.o ABSOLUTE
    ../clib/microlib/printf/printf.c         0x00000000   Number         0  printf3.o ABSOLUTE
    ../clib/microlib/printf/printf.c         0x00000000   Number         0  printf2.o ABSOLUTE
    ../clib/microlib/printf/printf.c         0x00000000   Number         0  printfa.o ABSOLUTE
    ../clib/microlib/printf/stubs.s          0x00000000   Number         0  stubs.o ABSOLUTE
    ../clib/microlib/string/memcpy.c         0x00000000   Number         0  memcpya.o ABSOLUTE
    ../clib/microlib/string/memcpy.c         0x00000000   Number         0  memcpyb.o ABSOLUTE
    ../clib/microlib/stubs.s                 0x00000000   Number         0  iusefp.o ABSOLUTE
    ../clib/microlib/unhosted.c              0x00000000   Number         0  uwrite4.o ABSOLUTE
    ../fplib/microlib/d2f.c                  0x00000000   Number         0  d2f.o ABSOLUTE
    ../fplib/microlib/f2d.c                  0x00000000   Number         0  f2d.o ABSOLUTE
    ../fplib/microlib/fpadd.c                0x00000000   Number         0  dadd.o ABSOLUTE
    ../fplib/microlib/fpadd.c                0x00000000   Number         0  fadd.o ABSOLUTE
    ../fplib/microlib/fpdiv.c                0x00000000   Number         0  fdiv.o ABSOLUTE
    ../fplib/microlib/fpdiv.c                0x00000000   Number         0  ddiv.o ABSOLUTE
    ../fplib/microlib/fpepilogue.c           0x00000000   Number         0  fepilogue.o ABSOLUTE
    ../fplib/microlib/fpepilogue.c           0x00000000   Number         0  depilogue.o ABSOLUTE
    ../fplib/microlib/fpfix.c                0x00000000   Number         0  dfixul.o ABSOLUTE
    ../fplib/microlib/fpflt.c                0x00000000   Number         0  fflti.o ABSOLUTE
    ../fplib/microlib/fpflt.c                0x00000000   Number         0  ffltui.o ABSOLUTE
    ../fplib/microlib/fpmul.c                0x00000000   Number         0  dmul.o ABSOLUTE
    ../fplib/microlib/fpmul.c                0x00000000   Number         0  fmul.o ABSOLUTE
    ..\..\..\..\..\..\Library\BlueNRG1_Periph_Driver\src\BlueNRG1_adc.c 0x00000000   Number         0  bluenrg1_adc.o ABSOLUTE
    ..\..\..\..\..\..\Library\BlueNRG1_Periph_Driver\src\BlueNRG1_dma.c 0x00000000   Number         0  bluenrg1_dma.o ABSOLUTE
    ..\..\..\..\..\..\Library\BlueNRG1_Periph_Driver\src\BlueNRG1_flash.c 0x00000000   Number         0  bluenrg1_flash.o ABSOLUTE
    ..\..\..\..\..\..\Library\BlueNRG1_Periph_Driver\src\BlueNRG1_gpio.c 0x00000000   Number         0  bluenrg1_gpio.o ABSOLUTE
    ..\..\..\..\..\..\Library\BlueNRG1_Periph_Driver\src\BlueNRG1_i2c.c 0x00000000   Number         0  bluenrg1_i2c.o ABSOLUTE
    ..\..\..\..\..\..\Library\BlueNRG1_Periph_Driver\src\BlueNRG1_mft.c 0x00000000   Number         0  bluenrg1_mft.o ABSOLUTE
    ..\..\..\..\..\..\Library\BlueNRG1_Periph_Driver\src\BlueNRG1_rng.c 0x00000000   Number         0  bluenrg1_rng.o ABSOLUTE
    ..\..\..\..\..\..\Library\BlueNRG1_Periph_Driver\src\BlueNRG1_rtc.c 0x00000000   Number         0  bluenrg1_rtc.o ABSOLUTE
    ..\..\..\..\..\..\Library\BlueNRG1_Periph_Driver\src\BlueNRG1_spi.c 0x00000000   Number         0  bluenrg1_spi.o ABSOLUTE
    ..\..\..\..\..\..\Library\BlueNRG1_Periph_Driver\src\BlueNRG1_sysCtrl.c 0x00000000   Number         0  bluenrg1_sysctrl.o ABSOLUTE
    ..\..\..\..\..\..\Library\BlueNRG1_Periph_Driver\src\BlueNRG1_uart.c 0x00000000   Number         0  bluenrg1_uart.o ABSOLUTE
    ..\..\..\..\..\..\Library\BlueNRG1_Periph_Driver\src\BlueNRG1_wdg.c 0x00000000   Number         0  bluenrg1_wdg.o ABSOLUTE
    ..\..\..\..\..\..\Library\BlueNRG1_Periph_Driver\src\misc.c 0x00000000   Number         0  misc.o ABSOLUTE
    ..\..\..\..\..\..\Library\CMSIS\Device\ST\BlueNRG1\Source\system_bluenrg1.c 0x00000000   Number         0  system_bluenrg1.o ABSOLUTE
    ..\..\..\..\..\..\Library\SDK_Eval_BlueNRG1\src\SDK_EVAL_Com.c 0x00000000   Number         0  sdk_eval_com.o ABSOLUTE
    ..\..\..\..\..\..\Library\SDK_Eval_BlueNRG1\src\SDK_EVAL_Config.c 0x00000000   Number         0  sdk_eval_config.o ABSOLUTE
    ..\..\..\..\..\..\Library\hal\src\context_switch.s 0x00000000   Number         0  context_switch.o ABSOLUTE
    ..\..\..\..\..\..\Library\hal\src\miscutil.c 0x00000000   Number         0  miscutil.o ABSOLUTE
    ..\..\BlueNRG1_it.c                      0x00000000   Number         0  bluenrg1_it.o ABSOLUTE
    ..\..\Micro_Hello_World_main.c           0x00000000   Number         0  micro_hello_world_main.o ABSOLUTE
    cdrcmple.s                               0x00000000   Number         0  cdrcmple.o ABSOLUTE
    dc.s                                     0x00000000   Number         0  dc.o ABSOLUTE
    handlers.s                               0x00000000   Number         0  handlers.o ABSOLUTE
    init.s                                   0x00000000   Number         0  init.o ABSOLUTE
    .intvec                                  0x10040800   Section      192  system_bluenrg1.o(.intvec)
    __tagsym$$used                           0x10040800   Number         0  system_bluenrg1.o(.intvec)
    . text                                   0x100408c0   Section      160  context_switch.o(. text)
    .ARM.Collect$$$$00000000                 0x10040960   Section        0  entry.o(.ARM.Collect$$$$00000000)
    .ARM.Collect$$$$00000002                 0x10040960   Section        4  entry3.o(.ARM.Collect$$$$00000002)
    .ARM.Collect$$$$00000004                 0x10040964   Section        4  entry5.o(.ARM.Collect$$$$00000004)
    .ARM.Collect$$$$00000008                 0x10040968   Section        0  entry7b.o(.ARM.Collect$$$$00000008)
    .ARM.Collect$$$$0000000A                 0x10040968   Section        0  entry8b.o(.ARM.Collect$$$$0000000A)
    .ARM.Collect$$$$0000000B                 0x10040968   Section        8  entry9a.o(.ARM.Collect$$$$0000000B)
    .ARM.Collect$$$$0000000D                 0x10040970   Section        0  entry10a.o(.ARM.Collect$$$$0000000D)
    .ARM.Collect$$$$0000000F                 0x10040970   Section        0  entry11a.o(.ARM.Collect$$$$0000000F)
    .ARM.Collect$$$$00002713                 0x10040970   Section        4  entry3.o(.ARM.Collect$$$$00002713)
    __lit__00000000                          0x10040970   Data           4  entry3.o(.ARM.Collect$$$$00002713)
    .text                                    0x10040974   Section        0  uidiv.o(.text)
    .text                                    0x100409a0   Section        0  memcpya.o(.text)
    .text                                    0x100409c4   Section        0  uwrite4.o(.text)
    .text                                    0x100409d6   Section        0  uldiv.o(.text)
    .text                                    0x10040a36   Section        0  llshl.o(.text)
    .text                                    0x10040a58   Section       36  init.o(.text)
    .text                                    0x10040a7c   Section        0  llushr.o(.text)
    .text                                    0x10040a9e   Section        0  __dczerorl.o(.text)
    i.ADC_Handler                            0x10040ad8   Section        0  system_bluenrg1.o(i.ADC_Handler)
    i.BOR_ConfigSave                         0x10040adc   Section        0  system_bluenrg1.o(i.BOR_ConfigSave)
    i.Blue_Handler                           0x10040b1c   Section        0  system_bluenrg1.o(i.Blue_Handler)
    i.DMA_Handler                            0x10040b1e   Section        0  bluenrg1_it.o(i.DMA_Handler)
    i.DeviceConfiguration                    0x10040b20   Section        0  system_bluenrg1.o(i.DeviceConfiguration)
    i.GPIO_Handler                           0x10040c84   Section        0  system_bluenrg1.o(i.GPIO_Handler)
    i.GPIO_Init                              0x10040c88   Section        0  bluenrg1_gpio.o(i.GPIO_Init)
    i.HAL_CrashHandler                       0x10040d5c   Section        0  miscutil.o(i.HAL_CrashHandler)
    i.HAL_GetCrashInfo                       0x10040dc0   Section        0  miscutil.o(i.HAL_GetCrashInfo)
    i.HAL_GetPartInfo                        0x10040dd8   Section        0  miscutil.o(i.HAL_GetPartInfo)
    i.HardFault_Handler                      0x10040e24   Section        0  bluenrg1_it.o(i.HardFault_Handler)
    i.I2C1_Handler                           0x10040e34   Section        0  system_bluenrg1.o(i.I2C1_Handler)
    i.I2C2_Handler                           0x10040e36   Section        0  system_bluenrg1.o(i.I2C2_Handler)
    i.MFT1A_Handler                          0x10040e38   Section        0  system_bluenrg1.o(i.MFT1A_Handler)
    i.MFT1B_Handler                          0x10040e3a   Section        0  system_bluenrg1.o(i.MFT1B_Handler)
    i.MFT2A_Handler                          0x10040e3c   Section        0  system_bluenrg1.o(i.MFT2A_Handler)
    i.MFT2B_Handler                          0x10040e3e   Section        0  system_bluenrg1.o(i.MFT2B_Handler)
    i.NMI_Handler                            0x10040e40   Section        0  bluenrg1_it.o(i.NMI_Handler)
    i.NVIC_SetPriority                       0x10040e50   Section        0  system_bluenrg1.o(i.NVIC_SetPriority)
    NVIC_SetPriority                         0x10040e51   Thumb Code    60  system_bluenrg1.o(i.NVIC_SetPriority)
    i.NVM_Handler                            0x10040e94   Section        0  system_bluenrg1.o(i.NVM_Handler)
    i.PKA_Handler                            0x10040e96   Section        0  system_bluenrg1.o(i.PKA_Handler)
    i.PendSV_Handler                         0x10040e98   Section        0  system_bluenrg1.o(i.PendSV_Handler)
    i.RESET_HANDLER                          0x10040e9c   Section        0  system_bluenrg1.o(i.RESET_HANDLER)
    i.RTC_Handler                            0x10040ebc   Section        0  system_bluenrg1.o(i.RTC_Handler)
    i.SET_BORconfigStatus                    0x10040ec0   Section        0  system_bluenrg1.o(i.SET_BORconfigStatus)
    i.SPI_Handler                            0x10040efc   Section        0  system_bluenrg1.o(i.SPI_Handler)
    i.SVC_Handler                            0x10040efe   Section        0  bluenrg1_it.o(i.SVC_Handler)
    i.SdkEvalComUartInit                     0x10040f00   Section        0  sdk_eval_com.o(i.SdkEvalComUartInit)
    i.SdkEvalIdentification                  0x10040f60   Section        0  sdk_eval_config.o(i.SdkEvalIdentification)
    i.SdkEvalUart_Send_Data                  0x10040f6c   Section        0  sdk_eval_com.o(i.SdkEvalUart_Send_Data)
    SdkEvalUart_Send_Data                    0x10040f6d   Thumb Code    22  sdk_eval_com.o(i.SdkEvalUart_Send_Data)
    i.Set_RF_FrontEnd                        0x10040f84   Section        0  system_bluenrg1.o(i.Set_RF_FrontEnd)
    i.SysCtrl_GetWakeupResetReason           0x10040fcc   Section        0  bluenrg1_sysctrl.o(i.SysCtrl_GetWakeupResetReason)
    i.SysCtrl_PeripheralClockCmd             0x10041068   Section        0  bluenrg1_sysctrl.o(i.SysCtrl_PeripheralClockCmd)
    i.SysTick_Handler                        0x10041080   Section        0  bluenrg1_it.o(i.SysTick_Handler)
    i.SystemInit                             0x10041084   Section        0  system_bluenrg1.o(i.SystemInit)
    i.UART_Cmd                               0x1004113c   Section        0  bluenrg1_uart.o(i.UART_Cmd)
    i.UART_GetFlagStatus                     0x10041158   Section        0  bluenrg1_uart.o(i.UART_GetFlagStatus)
    i.UART_Handler                           0x10041174   Section        0  system_bluenrg1.o(i.UART_Handler)
    i.UART_Init                              0x10041178   Section        0  bluenrg1_uart.o(i.UART_Init)
    i.UART_RxFifoIrqLevelConfig              0x100412b0   Section        0  bluenrg1_uart.o(i.UART_RxFifoIrqLevelConfig)
    i.UART_SendData                          0x100412c8   Section        0  bluenrg1_uart.o(i.UART_SendData)
    i.WDG_Handler                            0x100412d8   Section        0  system_bluenrg1.o(i.WDG_Handler)
    i.__0printf$8                            0x100412dc   Section        0  printf8.o(i.__0printf$8)
    i.__low_level_init                       0x100412fc   Section        0  system_bluenrg1.o(i.__low_level_init)
    i.__scatterload_copy                     0x1004134c   Section       14  handlers.o(i.__scatterload_copy)
    i.__scatterload_null                     0x1004135a   Section        2  handlers.o(i.__scatterload_null)
    i.__scatterload_zeroinit                 0x1004135c   Section       14  handlers.o(i.__scatterload_zeroinit)
    i._printf_core                           0x1004136c   Section        0  printf8.o(i._printf_core)
    _printf_core                             0x1004136d   Thumb Code  1020  printf8.o(i._printf_core)
    i._printf_post_padding                   0x10041794   Section        0  printf8.o(i._printf_post_padding)
    _printf_post_padding                     0x10041795   Thumb Code    32  printf8.o(i._printf_post_padding)
    i._printf_pre_padding                    0x100417b4   Section        0  printf8.o(i._printf_pre_padding)
    _printf_pre_padding                      0x100417b5   Thumb Code    44  printf8.o(i._printf_pre_padding)
    i.fputc                                  0x100417e0   Section        0  sdk_eval_com.o(i.fputc)
    i.main                                   0x100417ec   Section        0  micro_hello_world_main.o(i.main)
    i.nextRF_transaction                     0x10041a48   Section        0  system_bluenrg1.o(i.nextRF_transaction)
    nextRF_transaction                       0x10041a49   Thumb Code    88  system_bluenrg1.o(i.nextRF_transaction)
    .savedMSP                                0x20000008   Section        4  system_bluenrg1.o(.savedMSP)
    __tagsym$$used                           0x20000008   Number         0  system_bluenrg1.o(.savedMSP)
    .wakeupFromSleepFlag                     0x2000000c   Section        1  system_bluenrg1.o(.wakeupFromSleepFlag)
    __tagsym$$used                           0x2000000c   Number         0  system_bluenrg1.o(.wakeupFromSleepFlag)
    .app_base                                0x20000010   Section        4  system_bluenrg1.o(.app_base)
    __tagsym$$used                           0x20000010   Number         0  system_bluenrg1.o(.app_base)
    .flash_sw_lock                           0x20000014   Section        4  system_bluenrg1.o(.flash_sw_lock)
    __tagsym$$used                           0x20000014   Number         0  system_bluenrg1.o(.flash_sw_lock)
    .rfTimeout                               0x20000018   Section        4  system_bluenrg1.o(.rfTimeout)
    __tagsym$$used                           0x20000018   Number         0  system_bluenrg1.o(.rfTimeout)
    .__blueflag_RAM                          0x20000030   Section        4  system_bluenrg1.o(.__blueflag_RAM)
    __tagsym$$used                           0x20000030   Number         0  system_bluenrg1.o(.__blueflag_RAM)
    .__crash_RAM                             0x20000034   Section       40  miscutil.o(.__crash_RAM)
    .bss.__blue_RAM                          0x200000c0   Section      524  system_bluenrg1.o(.bss.__blue_RAM)
    __tagsym$$used                           0x200000c0   Number         0  system_bluenrg1.o(.bss.__blue_RAM)
    .data                                    0x200002cc   Section        4  sdk_eval_com.o(.data)
    .data                                    0x200002d0   Section        1  sdk_eval_config.o(.data)
    s_SdkEvalVersion                         0x200002d0   Data           1  sdk_eval_config.o(.data)
    .data                                    0x200002d4   Section        4  system_bluenrg1.o(.data)
    .data                                    0x200002d8   Section        4  system_bluenrg1.o(.data)
    .data                                    0x200002dc   Section        4  system_bluenrg1.o(.data)
    .data                                    0x200002e0   Section        7  system_bluenrg1.o(.data)
    .bss                                     0x200002e8   Section       32  system_bluenrg1.o(.bss)

    Global Symbols

    Symbol Name                              Value     Ov Type        Size  Object(Section)

    BuildAttributes$$THM_ISAv3M$S$PE$A:L22$X:L11$S22$IEEE1$IW$USESV6$~STKCKD$USESV7$~SHL$OTIME$ROPI$EBA8$MICROLIB$REQ8$EABIv2 0x00000000   Number         0  anon$$obj.o ABSOLUTE
    __ARM_use_no_argv                        0x00000000   Number         0  micro_hello_world_main.o ABSOLUTE
    _printf_a                                0x00000000   Number         0  stubs.o ABSOLUTE
    _printf_c                                0x00000000   Number         0  stubs.o ABSOLUTE
    _printf_charcount                        0x00000000   Number         0  stubs.o ABSOLUTE
    _printf_d                                0x00000000   Number         0  stubs.o ABSOLUTE
    _printf_e                                0x00000000   Number         0  stubs.o ABSOLUTE
    _printf_f                                0x00000000   Number         0  stubs.o ABSOLUTE
    _printf_flags                            0x00000000   Number         0  stubs.o ABSOLUTE
    _printf_fp_dec                           0x00000000   Number         0  stubs.o ABSOLUTE
    _printf_fp_hex                           0x00000000   Number         0  stubs.o ABSOLUTE
    _printf_g                                0x00000000   Number         0  stubs.o ABSOLUTE
    _printf_i                                0x00000000   Number         0  stubs.o ABSOLUTE
    _printf_int_dec                          0x00000000   Number         0  stubs.o ABSOLUTE
    _printf_l                                0x00000000   Number         0  stubs.o ABSOLUTE
    _printf_lc                               0x00000000   Number         0  stubs.o ABSOLUTE
    _printf_ll                               0x00000000   Number         0  stubs.o ABSOLUTE
    _printf_lld                              0x00000000   Number         0  stubs.o ABSOLUTE
    _printf_lli                              0x00000000   Number         0  stubs.o ABSOLUTE
    _printf_llo                              0x00000000   Number         0  stubs.o ABSOLUTE
    _printf_llu                              0x00000000   Number         0  stubs.o ABSOLUTE
    _printf_llx                              0x00000000   Number         0  stubs.o ABSOLUTE
    _printf_longlong_dec                     0x00000000   Number         0  stubs.o ABSOLUTE
    _printf_longlong_hex                     0x00000000   Number         0  stubs.o ABSOLUTE
    _printf_longlong_oct                     0x00000000   Number         0  stubs.o ABSOLUTE
    _printf_ls                               0x00000000   Number         0  stubs.o ABSOLUTE
    _printf_mbtowc                           0x00000000   Number         0  stubs.o ABSOLUTE
    _printf_n                                0x00000000   Number         0  stubs.o ABSOLUTE
    _printf_o                                0x00000000   Number         0  stubs.o ABSOLUTE
    _printf_p                                0x00000000   Number         0  stubs.o ABSOLUTE
    _printf_percent                          0x00000000   Number         0  stubs.o ABSOLUTE
    _printf_pre_padding                      0x00000000   Number         0  stubs.o ABSOLUTE
    _printf_return_value                     0x00000000   Number         0  stubs.o ABSOLUTE
    _printf_s                                0x00000000   Number         0  stubs.o ABSOLUTE
    _printf_sizespec                         0x00000000   Number         0  stubs.o ABSOLUTE
    _printf_str                              0x00000000   Number         0  stubs.o ABSOLUTE
    _printf_truncate_signed                  0x00000000   Number         0  stubs.o ABSOLUTE
    _printf_truncate_unsigned                0x00000000   Number         0  stubs.o ABSOLUTE
    _printf_u                                0x00000000   Number         0  stubs.o ABSOLUTE
    _printf_wc                               0x00000000   Number         0  stubs.o ABSOLUTE
    _printf_wctomb                           0x00000000   Number         0  stubs.o ABSOLUTE
    _printf_widthprec                        0x00000000   Number         0  stubs.o ABSOLUTE
    _printf_x                                0x00000000   Number         0  stubs.o ABSOLUTE
    __cpp_initialize__aeabi_                  - Undefined Weak Reference
    __cxa_finalize                            - Undefined Weak Reference
    _clock_init                               - Undefined Weak Reference
    _microlib_exit                            - Undefined Weak Reference
    __vector_table                           0x10040800   Data         192  system_bluenrg1.o(.intvec)
    CS_contextSave                           0x100408c1   Thumb Code    82  context_switch.o(. text)
    CS_contextRestore                        0x10040913   Thumb Code    42  context_switch.o(. text)
    __main                                   0x10040961   Thumb Code     0  entry.o(.ARM.Collect$$$$00000000)
    _main_stk                                0x10040961   Thumb Code     0  entry3.o(.ARM.Collect$$$$00000002)
    _main_scatterload                        0x10040965   Thumb Code     0  entry5.o(.ARM.Collect$$$$00000004)
    __main_after_scatterload                 0x10040969   Thumb Code     0  entry5.o(.ARM.Collect$$$$00000004)
    _main_clock                              0x10040969   Thumb Code     0  entry7b.o(.ARM.Collect$$$$00000008)
    _main_cpp_init                           0x10040969   Thumb Code     0  entry8b.o(.ARM.Collect$$$$0000000A)
    _main_init                               0x10040969   Thumb Code     0  entry9a.o(.ARM.Collect$$$$0000000B)
    __rt_final_cpp                           0x10040971   Thumb Code     0  entry10a.o(.ARM.Collect$$$$0000000D)
    __rt_final_exit                          0x10040971   Thumb Code     0  entry11a.o(.ARM.Collect$$$$0000000F)
    __aeabi_uidiv                            0x10040975   Thumb Code     0  uidiv.o(.text)
    __aeabi_uidivmod                         0x10040975   Thumb Code    44  uidiv.o(.text)
    __aeabi_memcpy                           0x100409a1   Thumb Code    36  memcpya.o(.text)
    __aeabi_memcpy4                          0x100409a1   Thumb Code     0  memcpya.o(.text)
    __aeabi_memcpy8                          0x100409a1   Thumb Code     0  memcpya.o(.text)
    __aeabi_uwrite4                          0x100409c5   Thumb Code    18  uwrite4.o(.text)
    __rt_uwrite4                             0x100409c5   Thumb Code     0  uwrite4.o(.text)
    _uwrite4                                 0x100409c5   Thumb Code     0  uwrite4.o(.text)
    __aeabi_uldivmod                         0x100409d7   Thumb Code    96  uldiv.o(.text)
    __aeabi_llsl                             0x10040a37   Thumb Code    32  llshl.o(.text)
    _ll_shift_l                              0x10040a37   Thumb Code     0  llshl.o(.text)
    __scatterload                            0x10040a59   Thumb Code    28  init.o(.text)
    __scatterload_rt2                        0x10040a59   Thumb Code     0  init.o(.text)
    __aeabi_llsr                             0x10040a7d   Thumb Code    34  llushr.o(.text)
    _ll_ushift_r                             0x10040a7d   Thumb Code     0  llushr.o(.text)
    __decompress                             0x10040a9f   Thumb Code     0  __dczerorl.o(.text)
    __decompress0                            0x10040a9f   Thumb Code    58  __dczerorl.o(.text)
    ADC_Handler                              0x10040ad9   Thumb Code     2  system_bluenrg1.o(i.ADC_Handler)
    BOR_ConfigSave                           0x10040add   Thumb Code    54  system_bluenrg1.o(i.BOR_ConfigSave)
    Blue_Handler                             0x10040b1d   Thumb Code     2  system_bluenrg1.o(i.Blue_Handler)
    DMA_Handler                              0x10040b1f   Thumb Code     2  bluenrg1_it.o(i.DMA_Handler)
    DeviceConfiguration                      0x10040b21   Thumb Code   298  system_bluenrg1.o(i.DeviceConfiguration)
    GPIO_Handler                             0x10040c85   Thumb Code     2  system_bluenrg1.o(i.GPIO_Handler)
    GPIO_Init                                0x10040c89   Thumb Code   206  bluenrg1_gpio.o(i.GPIO_Init)
    HAL_CrashHandler                         0x10040d5d   Thumb Code    84  miscutil.o(i.HAL_CrashHandler)
    HAL_GetCrashInfo                         0x10040dc1   Thumb Code    20  miscutil.o(i.HAL_GetCrashInfo)
    HAL_GetPartInfo                          0x10040dd9   Thumb Code    62  miscutil.o(i.HAL_GetPartInfo)
    HardFault_Handler                        0x10040e25   Thumb Code    12  bluenrg1_it.o(i.HardFault_Handler)
    I2C1_Handler                             0x10040e35   Thumb Code     2  system_bluenrg1.o(i.I2C1_Handler)
    I2C2_Handler                             0x10040e37   Thumb Code     2  system_bluenrg1.o(i.I2C2_Handler)
    MFT1A_Handler                            0x10040e39   Thumb Code     2  system_bluenrg1.o(i.MFT1A_Handler)
    MFT1B_Handler                            0x10040e3b   Thumb Code     2  system_bluenrg1.o(i.MFT1B_Handler)
    MFT2A_Handler                            0x10040e3d   Thumb Code     2  system_bluenrg1.o(i.MFT2A_Handler)
    MFT2B_Handler                            0x10040e3f   Thumb Code     2  system_bluenrg1.o(i.MFT2B_Handler)
    NMI_Handler                              0x10040e41   Thumb Code    12  bluenrg1_it.o(i.NMI_Handler)
    NVM_Handler                              0x10040e95   Thumb Code     2  system_bluenrg1.o(i.NVM_Handler)
    PKA_Handler                              0x10040e97   Thumb Code     2  system_bluenrg1.o(i.PKA_Handler)
    PendSV_Handler                           0x10040e99   Thumb Code     2  system_bluenrg1.o(i.PendSV_Handler)
    RESET_HANDLER                            0x10040e9d   Thumb Code    28  system_bluenrg1.o(i.RESET_HANDLER)
    RTC_Handler                              0x10040ebd   Thumb Code     2  system_bluenrg1.o(i.RTC_Handler)
    SET_BORconfigStatus                      0x10040ec1   Thumb Code    54  system_bluenrg1.o(i.SET_BORconfigStatus)
    SPI_Handler                              0x10040efd   Thumb Code     2  system_bluenrg1.o(i.SPI_Handler)
    SVC_Handler                              0x10040eff   Thumb Code     2  bluenrg1_it.o(i.SVC_Handler)
    SdkEvalComUartInit                       0x10040f01   Thumb Code    94  sdk_eval_com.o(i.SdkEvalComUartInit)
    SdkEvalIdentification                    0x10040f61   Thumb Code     8  sdk_eval_config.o(i.SdkEvalIdentification)
    Set_RF_FrontEnd                          0x10040f85   Thumb Code    66  system_bluenrg1.o(i.Set_RF_FrontEnd)
    SysCtrl_GetWakeupResetReason             0x10040fcd   Thumb Code   142  bluenrg1_sysctrl.o(i.SysCtrl_GetWakeupResetReason)
    SysCtrl_PeripheralClockCmd               0x10041069   Thumb Code    18  bluenrg1_sysctrl.o(i.SysCtrl_PeripheralClockCmd)
    SysTick_Handler                          0x10041081   Thumb Code     2  bluenrg1_it.o(i.SysTick_Handler)
    SystemInit                               0x10041085   Thumb Code   170  system_bluenrg1.o(i.SystemInit)
    UART_Cmd                                 0x1004113d   Thumb Code    22  bluenrg1_uart.o(i.UART_Cmd)
    UART_GetFlagStatus                       0x10041159   Thumb Code    24  bluenrg1_uart.o(i.UART_GetFlagStatus)
    UART_Handler                             0x10041175   Thumb Code     2  system_bluenrg1.o(i.UART_Handler)
    UART_Init                                0x10041179   Thumb Code   302  bluenrg1_uart.o(i.UART_Init)
    UART_RxFifoIrqLevelConfig                0x100412b1   Thumb Code    18  bluenrg1_uart.o(i.UART_RxFifoIrqLevelConfig)
    UART_SendData                            0x100412c9   Thumb Code    10  bluenrg1_uart.o(i.UART_SendData)
    WDG_Handler                              0x100412d9   Thumb Code     2  system_bluenrg1.o(i.WDG_Handler)
    __0printf$8                              0x100412dd   Thumb Code    24  printf8.o(i.__0printf$8)
    __1printf$8                              0x100412dd   Thumb Code     0  printf8.o(i.__0printf$8)
    __2printf                                0x100412dd   Thumb Code     0  printf8.o(i.__0printf$8)
    __low_level_init                         0x100412fd   Thumb Code    68  system_bluenrg1.o(i.__low_level_init)
    __scatterload_copy                       0x1004134d   Thumb Code    14  handlers.o(i.__scatterload_copy)
    __scatterload_null                       0x1004135b   Thumb Code     2  handlers.o(i.__scatterload_null)
    __scatterload_zeroinit                   0x1004135d   Thumb Code    14  handlers.o(i.__scatterload_zeroinit)
    fputc                                    0x100417e1   Thumb Code    12  sdk_eval_com.o(i.fputc)
    main                                     0x100417ed   Thumb Code   158  micro_hello_world_main.o(i.main)
    Region$$Table$$Base                      0x10041aa8   Number         0  anon$$obj.o(Region$$Table)
    Region$$Table$$Limit                     0x10041b38   Number         0  anon$$obj.o(Region$$Table)
    savedMSP                                 0x20000008   Data           4  system_bluenrg1.o(.savedMSP)
    wakeupFromSleepFlag                      0x2000000c   Data           1  system_bluenrg1.o(.wakeupFromSleepFlag)
    app_base                                 0x20000010   Data           4  system_bluenrg1.o(.app_base)
    flash_sw_lock                            0x20000014   Data           4  system_bluenrg1.o(.flash_sw_lock)
    rfTimeout                                0x20000018   Data           4  system_bluenrg1.o(.rfTimeout)
    __blueflag_RAM                           0x20000030   Data           4  system_bluenrg1.o(.__blueflag_RAM)
    crash_info_ram                           0x20000034   Data          40  miscutil.o(.__crash_RAM)
    __blue_RAM                               0x200000c0   Data         524  system_bluenrg1.o(.bss.__blue_RAM)
    __stdout                                 0x200002cc   Data           4  sdk_eval_com.o(.data)
    savedICSR                                0x200002d4   Data           4  system_bluenrg1.o(.data)
    savedSHCSR                               0x200002d8   Data           4  system_bluenrg1.o(.data)
    savedNVIC_ISPR                           0x200002dc   Data           4  system_bluenrg1.o(.data)
    BOR_config                               0x200002e0   Data           7  system_bluenrg1.o(.data)
    hot_table_radio_config                   0x200002e8   Data          32  system_bluenrg1.o(.bss)
    Image$$ARM_LIB_STACKHEAP$$ZI$$Limit      0x20006000   Number         0  anon$$obj.o ABSOLUTE



==============================================================================

Memory Map of the image

  Image Entry point : 0x10040961

  Load Region LR_IROM2 (Base: 0x10040000, Size: 0x00000000, Max: 0x00000800, ABSOLUTE)

    Execution Region REGION_FLASH_BOOTLOADER (Exec base: 0x10040000, Load base: 0x10040000, Size: 0x00000000, Max: 0x00000800, ABSOLUTE)

    **** No section assigned to this execution region ****



  Load Region LR_IROM1 (Base: 0x10040800, Size: 0x00001578, Max: 0x00040000, ABSOLUTE, COMPRESSED[0x00001374])

    Execution Region REGION_ROM (Exec base: 0x10000000, Load base: 0x10041b74, Size: 0x00000800, Max: 0x00000800, ABSOLUTE)

    Exec Addr    Load Addr    Size         Type   Attr      Idx    E Section Name        Object

    0x10000000        -       0x00000800   Zero   RW            1    REGION_ROM.bss      anon$$obj.o


    Execution Region REGION_FLASH (Exec base: 0x10040800, Load base: 0x10040800, Size: 0x00001338, Max: 0x0003e800, ABSOLUTE)

    Exec Addr    Load Addr    Size         Type   Attr      Idx    E Section Name        Object

    0x10040800   0x10040800   0x000000c0   Data   RO         1773    .intvec             system_bluenrg1.o
    0x100408c0   0x100408c0   0x000000a0   Code   RO            3    . text              context_switch.o
    0x10040960   0x10040960   0x00000000   Code   RO         2081  * .ARM.Collect$$$$00000000  mc_p.l(entry.o)
    0x10040960   0x10040960   0x00000004   Code   RO         2371    .ARM.Collect$$$$00000002  mc_p.l(entry3.o)
    0x10040964   0x10040964   0x00000004   Code   RO         2374    .ARM.Collect$$$$00000004  mc_p.l(entry5.o)
    0x10040968   0x10040968   0x00000000   Code   RO         2376    .ARM.Collect$$$$00000008  mc_p.l(entry7b.o)
    0x10040968   0x10040968   0x00000000   Code   RO         2378    .ARM.Collect$$$$0000000A  mc_p.l(entry8b.o)
    0x10040968   0x10040968   0x00000008   Code   RO         2379    .ARM.Collect$$$$0000000B  mc_p.l(entry9a.o)
    0x10040970   0x10040970   0x00000000   Code   RO         2381    .ARM.Collect$$$$0000000D  mc_p.l(entry10a.o)
    0x10040970   0x10040970   0x00000000   Code   RO         2383    .ARM.Collect$$$$0000000F  mc_p.l(entry11a.o)
    0x10040970   0x10040970   0x00000004   Code   RO         2372    .ARM.Collect$$$$00002713  mc_p.l(entry3.o)
    0x10040974   0x10040974   0x0000002c   Code   RO         2084    .text               mc_p.l(uidiv.o)
    0x100409a0   0x100409a0   0x00000024   Code   RO         2086    .text               mc_p.l(memcpya.o)
    0x100409c4   0x100409c4   0x00000012   Code   RO         2351    .text               mc_p.l(uwrite4.o)
    0x100409d6   0x100409d6   0x00000060   Code   RO         2385    .text               mc_p.l(uldiv.o)
    0x10040a36   0x10040a36   0x00000020   Code   RO         2387    .text               mc_p.l(llshl.o)
    0x10040a56   0x10040a56   0x00000002   PAD
    0x10040a58   0x10040a58   0x00000024   Code   RO         2404    .text               mc_p.l(init.o)
    0x10040a7c   0x10040a7c   0x00000022   Code   RO         2406    .text               mc_p.l(llushr.o)
    0x10040a9e   0x10040a9e   0x0000003a   Code   RO         2416    .text               mc_p.l(__dczerorl.o)
    0x10040ad8   0x10040ad8   0x00000002   Code   RO         1733    i.ADC_Handler       system_bluenrg1.o
    0x10040ada   0x10040ada   0x00000002   PAD
    0x10040adc   0x10040adc   0x00000040   Code   RO         1734    i.BOR_ConfigSave    system_bluenrg1.o
    0x10040b1c   0x10040b1c   0x00000002   Code   RO         1735    i.Blue_Handler      system_bluenrg1.o
    0x10040b1e   0x10040b1e   0x00000002   Code   RO         1963    i.DMA_Handler       bluenrg1_it.o
    0x10040b20   0x10040b20   0x00000164   Code   RO         1737    i.DeviceConfiguration  system_bluenrg1.o
    0x10040c84   0x10040c84   0x00000002   Code   RO         1738    i.GPIO_Handler      system_bluenrg1.o
    0x10040c86   0x10040c86   0x00000002   PAD
    0x10040c88   0x10040c88   0x000000d4   Code   RO          453    i.GPIO_Init         bluenrg1_gpio.o
    0x10040d5c   0x10040d5c   0x00000064   Code   RO           12    i.HAL_CrashHandler  miscutil.o
    0x10040dc0   0x10040dc0   0x00000018   Code   RO           13    i.HAL_GetCrashInfo  miscutil.o
    0x10040dd8   0x10040dd8   0x0000004c   Code   RO           14    i.HAL_GetPartInfo   miscutil.o
    0x10040e24   0x10040e24   0x00000010   Code   RO         1964    i.HardFault_Handler  bluenrg1_it.o
    0x10040e34   0x10040e34   0x00000002   Code   RO         1740    i.I2C1_Handler      system_bluenrg1.o
    0x10040e36   0x10040e36   0x00000002   Code   RO         1741    i.I2C2_Handler      system_bluenrg1.o
    0x10040e38   0x10040e38   0x00000002   Code   RO         1742    i.MFT1A_Handler     system_bluenrg1.o
    0x10040e3a   0x10040e3a   0x00000002   Code   RO         1743    i.MFT1B_Handler     system_bluenrg1.o
    0x10040e3c   0x10040e3c   0x00000002   Code   RO         1744    i.MFT2A_Handler     system_bluenrg1.o
    0x10040e3e   0x10040e3e   0x00000002   Code   RO         1745    i.MFT2B_Handler     system_bluenrg1.o
    0x10040e40   0x10040e40   0x00000010   Code   RO         1965    i.NMI_Handler       bluenrg1_it.o
    0x10040e50   0x10040e50   0x00000044   Code   RO         1747    i.NVIC_SetPriority  system_bluenrg1.o
    0x10040e94   0x10040e94   0x00000002   Code   RO         1748    i.NVM_Handler       system_bluenrg1.o
    0x10040e96   0x10040e96   0x00000002   Code   RO         1749    i.PKA_Handler       system_bluenrg1.o
    0x10040e98   0x10040e98   0x00000002   Code   RO         1750    i.PendSV_Handler    system_bluenrg1.o
    0x10040e9a   0x10040e9a   0x00000002   PAD
    0x10040e9c   0x10040e9c   0x00000020   Code   RO         1751    i.RESET_HANDLER     system_bluenrg1.o
    0x10040ebc   0x10040ebc   0x00000002   Code   RO         1752    i.RTC_Handler       system_bluenrg1.o
    0x10040ebe   0x10040ebe   0x00000002   PAD
    0x10040ec0   0x10040ec0   0x0000003c   Code   RO         1753    i.SET_BORconfigStatus  system_bluenrg1.o
    0x10040efc   0x10040efc   0x00000002   Code   RO         1754    i.SPI_Handler       system_bluenrg1.o
    0x10040efe   0x10040efe   0x00000002   Code   RO         1966    i.SVC_Handler       bluenrg1_it.o
    0x10040f00   0x10040f00   0x0000005e   Code   RO         1535    i.SdkEvalComUartInit  sdk_eval_com.o
    0x10040f5e   0x10040f5e   0x00000002   PAD
    0x10040f60   0x10040f60   0x0000000c   Code   RO         1688    i.SdkEvalIdentification  sdk_eval_config.o
    0x10040f6c   0x10040f6c   0x00000016   Code   RO         1537    i.SdkEvalUart_Send_Data  sdk_eval_com.o
    0x10040f82   0x10040f82   0x00000002   PAD
    0x10040f84   0x10040f84   0x00000048   Code   RO         1756    i.Set_RF_FrontEnd   system_bluenrg1.o
    0x10040fcc   0x10040fcc   0x0000009c   Code   RO         1192    i.SysCtrl_GetWakeupResetReason  bluenrg1_sysctrl.o
    0x10041068   0x10041068   0x00000018   Code   RO         1193    i.SysCtrl_PeripheralClockCmd  bluenrg1_sysctrl.o
    0x10041080   0x10041080   0x00000002   Code   RO         1967    i.SysTick_Handler   bluenrg1_it.o
    0x10041082   0x10041082   0x00000002   PAD
    0x10041084   0x10041084   0x000000b8   Code   RO         1758    i.SystemInit        system_bluenrg1.o
    0x1004113c   0x1004113c   0x0000001c   Code   RO         1241    i.UART_Cmd          bluenrg1_uart.o
    0x10041158   0x10041158   0x0000001c   Code   RO         1244    i.UART_GetFlagStatus  bluenrg1_uart.o
    0x10041174   0x10041174   0x00000002   Code   RO         1759    i.UART_Handler      system_bluenrg1.o
    0x10041176   0x10041176   0x00000002   PAD
    0x10041178   0x10041178   0x00000138   Code   RO         1247    i.UART_Init         bluenrg1_uart.o
    0x100412b0   0x100412b0   0x00000018   Code   RO         1252    i.UART_RxFifoIrqLevelConfig  bluenrg1_uart.o
    0x100412c8   0x100412c8   0x00000010   Code   RO         1254    i.UART_SendData     bluenrg1_uart.o
    0x100412d8   0x100412d8   0x00000002   Code   RO         1760    i.WDG_Handler       system_bluenrg1.o
    0x100412da   0x100412da   0x00000002   PAD
    0x100412dc   0x100412dc   0x00000020   Code   RO         2297    i.__0printf$8       mc_p.l(printf8.o)
    0x100412fc   0x100412fc   0x00000050   Code   RO         1762    i.__low_level_init  system_bluenrg1.o
    0x1004134c   0x1004134c   0x0000000e   Code   RO         2410    i.__scatterload_copy  mc_p.l(handlers.o)
    0x1004135a   0x1004135a   0x00000002   Code   RO         2411    i.__scatterload_null  mc_p.l(handlers.o)
    0x1004135c   0x1004135c   0x0000000e   Code   RO         2412    i.__scatterload_zeroinit  mc_p.l(handlers.o)
    0x1004136a   0x1004136a   0x00000002   PAD
    0x1004136c   0x1004136c   0x00000428   Code   RO         2304    i._printf_core      mc_p.l(printf8.o)
    0x10041794   0x10041794   0x00000020   Code   RO         2305    i._printf_post_padding  mc_p.l(printf8.o)
    0x100417b4   0x100417b4   0x0000002c   Code   RO         2306    i._printf_pre_padding  mc_p.l(printf8.o)
    0x100417e0   0x100417e0   0x0000000c   Code   RO         1540    i.fputc             sdk_eval_com.o
    0x100417ec   0x100417ec   0x0000025c   Code   RO         2010    i.main              micro_hello_world_main.o
    0x10041a48   0x10041a48   0x00000060   Code   RO         1763    i.nextRF_transaction  system_bluenrg1.o
    0x10041aa8   0x10041aa8   0x00000090   Data   RO         2408    Region$$Table       anon$$obj.o


    Execution Region BLOCK_STACKLIB_FLASH_DATA (Exec base: 0x1007f000, Load base: 0x10041b38, Size: 0x00000000, Max: 0x00001000, ABSOLUTE, UNINIT)

    **** No section assigned to this execution region ****


    Execution Region ota_sw_activation_block (Exec base: 0x20000004, Load base: 0x10041b38, Size: 0x00000000, Max: 0x00000004, ABSOLUTE, UNINIT)

    **** No section assigned to this execution region ****


    Execution Region savedMSP_block (Exec base: 0x20000008, Load base: 0x10041b38, Size: 0x00000004, Max: 0x00000004, ABSOLUTE)

    Exec Addr    Load Addr    Size         Type   Attr      Idx    E Section Name        Object

    0x20000008   0x10041b38   0x00000004   Data   RW         1776    .savedMSP           system_bluenrg1.o


    Execution Region wakeupFromSleepFlag_block (Exec base: 0x2000000c, Load base: 0x10041b3c, Size: 0x00000004, Max: 0x00000004, ABSOLUTE)

    Exec Addr    Load Addr    Size         Type   Attr      Idx    E Section Name        Object

    0x2000000c   0x10041b3c   0x00000001   Data   RW         1777    .wakeupFromSleepFlag  system_bluenrg1.o


    Execution Region app_base_block (Exec base: 0x20000010, Load base: 0x10041b40, Size: 0x00000004, Max: 0x00000004, ABSOLUTE)

    Exec Addr    Load Addr    Size         Type   Attr      Idx    E Section Name        Object

    0x20000010   0x10041b40   0x00000004   Data   RW         1765    .app_base           system_bluenrg1.o


    Execution Region flash_sw_lock_block (Exec base: 0x20000014, Load base: 0x10041b44, Size: 0x00000004, Max: 0x00000004, ABSOLUTE)

    Exec Addr    Load Addr    Size         Type   Attr      Idx    E Section Name        Object

    0x20000014   0x10041b44   0x00000004   Data   RW         1772    .flash_sw_lock      system_bluenrg1.o


    Execution Region rfTimeout_block (Exec base: 0x20000018, Load base: 0x10041b48, Size: 0x00000004, Max: 0x00000004, ABSOLUTE)

    Exec Addr    Load Addr    Size         Type   Attr      Idx    E Section Name        Object

    0x20000018   0x10041b48   0x00000004   Data   RW         1775    .rfTimeout          system_bluenrg1.o


    Execution Region Blue_Flag_Ram_block (Exec base: 0x20000030, Load base: 0x10041b4c, Size: 0x00000004, Max: 0x00000004, ABSOLUTE)

    Exec Addr    Load Addr    Size         Type   Attr      Idx    E Section Name        Object

    0x20000030   0x10041b4c   0x00000004   Data   RW         1764    .__blueflag_RAM     system_bluenrg1.o


    Execution Region Crash_Info_block (Exec base: 0x20000034, Load base: 0x10041b50, Size: 0x00000028, Max: 0x00000028, ABSOLUTE, UNINIT)

    Exec Addr    Load Addr    Size         Type   Attr      Idx    E Section Name        Object

    0x20000034        -       0x00000028   Zero   RW           15    .__crash_RAM        miscutil.o


    Execution Region BLUE (Exec base: 0x200000c0, Load base: 0x10041b50, Size: 0x0000020c, Max: 0x0000020c, ABSOLUTE, COMPRESSED[0x00000008])

    Exec Addr    Load Addr    Size         Type   Attr      Idx    E Section Name        Object

    0x200000c0   COMPRESSED   0x0000020c   Data   RW         1767    .bss.__blue_RAM     system_bluenrg1.o


    Execution Region REGION_RAM2 (Exec base: 0x200002cc, Load base: 0x10041b58, Size: 0x0000003c, Max: 0x00005d34, ABSOLUTE)

    Exec Addr    Load Addr    Size         Type   Attr      Idx    E Section Name        Object

    0x200002cc   0x10041b58   0x00000004   Data   RW         1543    .data               sdk_eval_com.o
    0x200002d0   0x10041b5c   0x00000001   Data   RW         1689    .data               sdk_eval_config.o
    0x200002d1   0x10041b5d   0x00000003   PAD
    0x200002d4   0x10041b60   0x00000004   Data   RW         1768    .data               system_bluenrg1.o
    0x200002d8   0x10041b64   0x00000004   Data   RW         1769    .data               system_bluenrg1.o
    0x200002dc   0x10041b68   0x00000004   Data   RW         1770    .data               system_bluenrg1.o
    0x200002e0   0x10041b6c   0x00000007   Data   RW         1771    .data               system_bluenrg1.o
    0x200002e7   0x10041b73   0x00000001   PAD
    0x200002e8        -       0x00000020   Zero   RW         1766    .bss                system_bluenrg1.o


    Execution Region REGION_RAM3 (Exec base: 0x20000308, Load base: 0x10041b74, Size: 0x00000000, Max: 0x00005d34, ABSOLUTE, UNINIT)

    **** No section assigned to this execution region ****


    Execution Region ARM_LIB_STACKHEAP (Exec base: 0x20005400, Load base: 0x10041b74, Size: 0x00000c00, Max: 0x00000c00, ABSOLUTE)

    Exec Addr    Load Addr    Size         Type   Attr      Idx    E Section Name        Object

    0x20005400        -       0x00000c00   Zero   RW            2    ARM_LIB_STACKHEAP.bss  anon$$obj.o


==============================================================================

Image component sizes


      Code (inc. data)   RO Data    RW Data    ZI Data      Debug   Object Name

       212          6          0          0          0      10696   bluenrg1_gpio.o
        38          8          0          0          0       3592   bluenrg1_it.o
       180         20          0          0          0       3832   bluenrg1_sysctrl.o
       408         32          0          0          0       8224   bluenrg1_uart.o
       160         36          0          0          0        584   context_switch.o
       604        446          0          0          0       3484   micro_hello_world_main.o
       200         34          0          0         40      38925   miscutil.o
       128          0          0          4          0      21081   sdk_eval_com.o
        12          4          0          1          0       1456   sdk_eval_config.o
      1044        126        192        564         32      22880   system_bluenrg1.o

    ----------------------------------------------------------------------
      3004        712        336        576       5192     114754   Object Totals
         0          0        144          0       5120          0   (incl. Generated)
        18          0          0          7          0          0   (incl. Padding)

    ----------------------------------------------------------------------

      Code (inc. data)   RO Data    RW Data    ZI Data      Debug   Library Member Name

        58          0          0          0          0          0   __dczerorl.o
         0          0          0          0          0          0   entry.o
         0          0          0          0          0          0   entry10a.o
         0          0          0          0          0          0   entry11a.o
         8          4          0          0          0          0   entry3.o
         4          0          0          0          0          0   entry5.o
         0          0          0          0          0          0   entry7b.o
         0          0          0          0          0          0   entry8b.o
         8          4          0          0          0          0   entry9a.o
        30          0          0          0          0          0   handlers.o
        36          8          0          0          0         68   init.o
        32          0          0          0          0         68   llshl.o
        34          0          0          0          0         68   llushr.o
        36          0          0          0          0         60   memcpya.o
      1172         52          0          0          0        324   printf8.o
        44          0          0          0          0         72   uidiv.o
        96          0          0          0          0         84   uldiv.o
        18          0          0          0          0         60   uwrite4.o

    ----------------------------------------------------------------------
      1580         68          0          0          0        804   Library Totals
         4          0          0          0          0          0   (incl. Padding)

    ----------------------------------------------------------------------

      Code (inc. data)   RO Data    RW Data    ZI Data      Debug   Library Name

      1576         68          0          0          0        804   mc_p.l

    ----------------------------------------------------------------------
      1580         68          0          0          0        804   Library Totals

    ----------------------------------------------------------------------

==============================================================================


      Code (inc. data)   RO Data    RW Data    ZI Data      Debug   

      4584        780        336        576       5192     113538   Grand Totals
      4584        780        336         60       5192     113538   ELF Image Totals (compressed)
      4584        780        336         60          0          0   ROM Totals

==============================================================================

    Total RO  Size (Code + RO Data)                 4920 (   4.80kB)
    Total RW  Size (RW Data + ZI Data)              5768 (   5.63kB)
    Total ROM Size (Code + RO Data + RW Data)       4980 (   4.86kB)

==============================================================================

