<!doctype html public "-//w3c//dtd html 4.0 transitional//en">
<html><head>
<title>Static Call Graph - [.\Client_bidirectional\Objects\BLE_Throughput_Client_bidirectional.axf]</title></head>
<body><HR>
<H1>Static Call Graph for image .\Client_bidirectional\Objects\BLE_Throughput_Client_bidirectional.axf</H1><HR>
<BR><P>#&#060CALLGRAPH&#062# ARM Linker, 5060750: Last Updated: Mon Feb 24 09:20:52 2020
<BR><P>
<H3>Maximum Stack Usage =        220 bytes + Unknown(Functions without stacksize, Cycles, Untraceable Function Pointers)</H3><H3>
Call chain for Maximum Stack Depth:</H3>
RESET_HANDLER &rArr; main &rArr; BTLE_StackTick &rArr; SMP_Process_Q &rArr; smp_Execute_Actions_wrt_Current_State &rArr; smp_Execute_Actions_wrt_Current_State_MI_excerpt_ucfg &rArr; smp_Execute_Actions_wrt_Current_State_MI_excerpt &rArr; smp_sc_MI_Pairing_Phase_2AS1_Start_sc_excerpt_ucfg &rArr; smp_sc_MI_Pairing_Phase_2AS1_Start_sc_excerpt &rArr; smp____MI_PairingConfirm_Send &rArr; smp_sc_MI_PairingConfirm_Send_sc_excerpt_ucfg &rArr; smp_sc_MI_PairingConfirm_Send_sc_excerpt &rArr; SMA_SC_Gen_f4_Confirm &rArr; AES_CMAC_Encrypt &rArr; AES_CMAC_Encrypt_Finish &rArr; AES_CMAC_Encrypt_Append &rArr; AES_general_enc &rArr; AES_general_SW_enc
<P>
<H3>
Functions with no stack information
</H3><UL>
 <LI><a href="#[81]">AES128ECB_Wrapper</a>
 <LI><a href="#[85]">AES_CMAC_Encrypt</a>
 <LI><a href="#[96]">ATT_fill_error_resp</a>
 <LI><a href="#[9c]">Accu_Handles_Requiring_Auth</a>
 <LI><a href="#[9d]">Accu_UuidTypes_Requiring_Auth</a>
 <LI><a href="#[ce]">Acl_Init</a>
 <LI><a href="#[9f]">Acl_Rcv_Pkt_Handler</a>
 <LI><a href="#[a2]">Acl_Transmit_Data</a>
 <LI><a href="#[a8]">Acl_Tx_Cmpl_Pkt_Handler</a>
 <LI><a href="#[a9]">Att_Check_Perms</a>
 <LI><a href="#[ac]">Att_Send_Find_By_Typ_Val_Req_Pdu</a>
 <LI><a href="#[ae]">Att_Send_Find_Info_Req_Pdu</a>
 <LI><a href="#[af]">Att_Send_Read_Blob_Req_Pdu</a>
 <LI><a href="#[b0]">Att_Send_Read_By_Grp_Typ_Req_Pdu</a>
 <LI><a href="#[b1]">Att_Send_Read_By_Typ_Req_Pdu</a>
 <LI><a href="#[b2]">Att_Send_Write_Cmd_Pdu</a>
 <LI><a href="#[b3]">Att_Send_Write_Req_Pdu</a>
 <LI><a href="#[1ce]">BLEPLAT_PKA_Get_Current_Operation</a>
 <LI><a href="#[b5]">BLEPLAT_PKA_Start_P256_DHKey_Generation</a>
 <LI><a href="#[b8]">BLEPLAT_PKA_Start_P256_Public_Key_Generation</a>
 <LI><a href="#[bc]">BTLE_StackTick</a>
 <LI><a href="#[c6]">BlueNRG_Stack_Initialization</a>
 <LI><a href="#[dc]">Blue_Init_Global</a>
 <LI><a href="#[dd]">Blue_Set_Radio_Config_Data</a>
 <LI><a href="#[df]">Build_Notif_Or_Ind</a>
 <LI><a href="#[e0]">CheckSecForSignedWrite</a>
 <LI><a href="#[149]">Check_Encry_Key_Size</a>
 <LI><a href="#[e1]">Check_For_Service_Change</a>
 <LI><a href="#[ab]">Check_Permission</a>
 <LI><a href="#[bf]">Controller_Process_Q</a>
 <LI><a href="#[ee]">Data_Len_Update_Offline_Processing</a>
 <LI><a href="#[f0]">Data_Length_Update_Control_ISR</a>
 <LI><a href="#[2e7]">Delay_With_NOP_Cycles</a>
 <LI><a href="#[ed]">Disconnection_Offline_Processing</a>
 <LI><a href="#[d6]">Dynamic_allocator</a>
 <LI><a href="#[d7]">Dynamic_allocator_noRet</a>
 <LI><a href="#[c0]">Events_Process_Q</a>
 <LI><a href="#[d4]">Events_Process_init</a>
 <LI><a href="#[100]">Exchg_Mtu_Resp</a>
 <LI><a href="#[101]">Exec_Write_Resp</a>
 <LI><a href="#[e5]">Find_Attr_Index</a>
 <LI><a href="#[109]">Find_By_Type_Val_Resp</a>
 <LI><a href="#[e4]">Find_Gatt_Client</a>
 <LI><a href="#[10c]">Find_Info_Resp</a>
 <LI><a href="#[142]">Find_Timed_Out_Connection</a>
 <LI><a href="#[10d]">Flash_Write_Flagged</a>
 <LI><a href="#[10e]">GAP_Connection_Complete_Handler</a>
 <LI><a href="#[110]">GAP_Create_Connection</a>
 <LI><a href="#[114]">GAP_DiscProcTimeoutcb</a>
 <LI><a href="#[116]">GAP_Init</a>
 <LI><a href="#[d1]">GAP_Init_Context</a>
 <LI><a href="#[11e]">GAP_Internal_Evt_Handler</a>
 <LI><a href="#[11f]">GAP_LL_Event_Handler_ISR</a>
 <LI><a href="#[121]">GAP_LimDiscTimeoutcb</a>
 <LI><a href="#[125]">GAP_Notify_Add_Charac</a>
 <LI><a href="#[112]">GAP_Privacy1v2</a>
 <LI><a href="#[12f]">GAP_PrivateAddrTimercb</a>
 <LI><a href="#[c3]">GAP_Process_Q</a>
 <LI><a href="#[168]">GAP_Started_Gatt_Proc</a>
 <LI><a href="#[133]">GAP_check_and_set_role</a>
 <LI><a href="#[134]">GAP_discover_peer_name</a>
 <LI><a href="#[136]">GAP_enable_controller_privacy</a>
 <LI><a href="#[13a]">GATT_Connection_Complete_Handler</a>
 <LI><a href="#[126]">GATT_Num_Charac_Present</a>
 <LI><a href="#[13e]">GATT_Send_Packet</a>
 <LI><a href="#[141]">GATT_TimeOut_Handler</a>
 <LI><a href="#[2ee]">GapIsPrivacySupported</a>
 <LI><a href="#[143]">Gatt_Add_Charac_Desc</a>
 <LI><a href="#[11c]">Gatt_Add_Characteristic</a>
 <LI><a href="#[147]">Gatt_Add_Descriptor</a>
 <LI><a href="#[11b]">Gatt_Add_Service</a>
 <LI><a href="#[14f]">Gatt_Disc_Charac_By_Uuid</a>
 <LI><a href="#[1ff]">Gatt_Find_Srv_From_Handle</a>
 <LI><a href="#[9a]">Gatt_Find_Srv_Owner_Of_Handle</a>
 <LI><a href="#[15d]">Gatt_Find_Timed_Out_Connection_Index</a>
 <LI><a href="#[c4]">Gatt_Process_Q</a>
 <LI><a href="#[135]">Gatt_Read_Charac_By_Uuid</a>
 <LI><a href="#[144]">Gatt_Server_Db_Check</a>
 <LI><a href="#[15f]">Gatt_Server_Init</a>
 <LI><a href="#[161]">Gatt_Server_L2C_Handler</a>
 <LI><a href="#[165]">Gatt_Server_L2C_Handler_ISR</a>
 <LI><a href="#[11d]">Gatt_Update_Charac_Value</a>
 <LI><a href="#[171]">Gatt_Update_Charac_Value_Ext</a>
 <LI><a href="#[174]">Gatt_Write_Charac_Desc</a>
 <LI><a href="#[175]">Gatt_Write_Without_Resp</a>
 <LI><a href="#[e3]">Gatt_fetch_handle</a>
 <LI><a href="#[9b]">Gatt_search_handle</a>
 <LI><a href="#[13d]">Gatt_search_service_handle</a>
 <LI><a href="#[12b]">Generate_Non_Resolvable_Private_Address</a>
 <LI><a href="#[13c]">Get_GAP_Handle</a>
 <LI><a href="#[118]">Get_StaticRandAddr</a>
 <LI><a href="#[178]">HAL_Flash_Store_Data</a>
 <LI><a href="#[179]">HAL_Generate_Random_Bytes_To</a>
 <LI><a href="#[25d]">HAL_Set_TX_Power_Level</a>
 <LI><a href="#[252]">HAL_VTimerAcc_sysT32_ms</a>
 <LI><a href="#[17a]">HAL_VTimerGetCurrentTime_sysT32</a>
 <LI><a href="#[24d]">HAL_VTimerTimeoutCallback</a>
 <LI><a href="#[17c]">HAL_Write_ConfigData</a>
 <LI><a href="#[d2]">HCI_Init</a>
 <LI><a href="#[177]">Hal_Get_Random_Number</a>
 <LI><a href="#[b9]">Hal_Get_Random_Number32</a>
 <LI><a href="#[117]">IDD_Initialize_Device_IDs</a>
 <LI><a href="#[e6]">Ind_Service_Change_Charac</a>
 <LI><a href="#[199]">Is_Address_Initialized</a>
 <LI><a href="#[1f9]">Is_Flash_Write_On_Going</a>
 <LI><a href="#[181]">L2C_Build_Command_Reject_Pdu</a>
 <LI><a href="#[183]">L2C_Connection_Complete_Handler</a>
 <LI><a href="#[186]">L2C_Connection_Complete_Signal_Handler</a>
 <LI><a href="#[18e]">L2C_Get_PDU_Len</a>
 <LI><a href="#[cf]">L2C_Init</a>
 <LI><a href="#[190]">L2C_Rcv_Event_Handler</a>
 <LI><a href="#[191]">L2C_Rcv_Event_Handler_ISR</a>
 <LI><a href="#[13f]">L2C_Send_Data</a>
 <LI><a href="#[195]">L2C_SigChan_Req_TimeOut_Handler</a>
 <LI><a href="#[188]">L2C_Signal_Channel_Handler</a>
 <LI><a href="#[185]">L2C_Signal_Channel_Handler_ISR</a>
 <LI><a href="#[128]">LL_Allow_Address_Setting</a>
 <LI><a href="#[198]">LL_Check_And_Set_Addresses</a>
 <LI><a href="#[113]">LL_Create_Connection</a>
 <LI><a href="#[f2]">LL_Data_Length_Change_Event</a>
 <LI><a href="#[f1]">LL_Data_Length_Update</a>
 <LI><a href="#[122]">LL_Enable_Disable_Adv</a>
 <LI><a href="#[111]">LL_Enable_Disable_Scan</a>
 <LI><a href="#[1ab]">LL_Encrypt_Plain_Data</a>
 <LI><a href="#[197]">LL_Get_Address</a>
 <LI><a href="#[129]">LL_Get_AdvAddress</a>
 <LI><a href="#[12a]">LL_Get_ScanAddress</a>
 <LI><a href="#[cc]">LL_Init</a>
 <LI><a href="#[1af]">LL_LE_Clear_White_List</a>
 <LI><a href="#[1b1]">LL_LE_Set_Address_Resolution_Enable</a>
 <LI><a href="#[137]">LL_LE_Set_Resolvable_Private_Address_Timeout</a>
 <LI><a href="#[a3]">LL_Send_ACL_Data</a>
 <LI><a href="#[f7]">LL_Send_Disconnection_Req</a>
 <LI><a href="#[1b4]">LL_Send_Length_Resp</a>
 <LI><a href="#[139]">LL_SetAddressResolutionEnable</a>
 <LI><a href="#[1a5]">LL_Set_Adv_PDU_Format</a>
 <LI><a href="#[1a4]">LL_Set_Advertising_Buffers</a>
 <LI><a href="#[ef]">LL_Set_Data_Length</a>
 <LI><a href="#[1b8]">LL_Set_LTK</a>
 <LI><a href="#[19d]">LL_Set_OwnAddress</a>
 <LI><a href="#[1a7]">LL_Sleep_Req</a>
 <LI><a href="#[1b9]">LL_Start_Encryption</a>
 <LI><a href="#[1bb]">LL_Update_Advertising_Buffers</a>
 <LI><a href="#[1bc]">LL_Update_Scanning_Initiating_Buffers</a>
 <LI><a href="#[1bd]">LL_receive_data</a>
 <LI><a href="#[28f]">LL_update_proc</a>
 <LI><a href="#[145]">List_Circular_Get_Size</a>
 <LI><a href="#[14b]">List_Circular_Insert_Tail</a>
 <LI><a href="#[1bf]">List_Circular_Node_Present</a>
 <LI><a href="#[254]">List_Circular_Remove_Head</a>
 <LI><a href="#[14a]">List_Circular_Remove_Node</a>
 <LI><a href="#[18c]">Mem_Buff_Append</a>
 <LI><a href="#[1c2]">Mem_Buff_Block_Copy</a>
 <LI><a href="#[1c4]">Mem_Buff_Block_Write</a>
 <LI><a href="#[1c5]">Mem_Buff_Clone</a>
 <LI><a href="#[1c6]">Mem_Buff_Cmp</a>
 <LI><a href="#[1c7]">Mem_Buff_Compact</a>
 <LI><a href="#[1d6]">Mem_Buff_Get</a>
 <LI><a href="#[1d3]">Mem_Buff_Get_Chain_Count</a>
 <LI><a href="#[1da]">Mem_Buff_Get_Chain_Size</a>
 <LI><a href="#[1d7]">Mem_Buff_Init</a>
 <LI><a href="#[1c8]">Mem_Buff_Read</a>
 <LI><a href="#[1d8]">Mem_Buff_Release</a>
 <LI><a href="#[1db]">Mem_Buff_Resize</a>
 <LI><a href="#[1c9]">Mem_Buff_Write</a>
 <LI><a href="#[1cc]">PKA_Offline_Processing</a>
 <LI><a href="#[1d2]">PM_Clone_Pckt</a>
 <LI><a href="#[18d]">PM_Compact</a>
 <LI><a href="#[104]">PM_Copy_Pckt_Data</a>
 <LI><a href="#[17d]">PM_Eng_Config</a>
 <LI><a href="#[18b]">PM_Extract_Pdu_MBuff</a>
 <LI><a href="#[15a]">PM_Get_Available_Buffer</a>
 <LI><a href="#[1d4]">PM_Get_Mem_Buff_Count</a>
 <LI><a href="#[150]">PM_Get_Pckt</a>
 <LI><a href="#[cd]">PM_Init</a>
 <LI><a href="#[10b]">PM_Pckt_Cmp</a>
 <LI><a href="#[106]">PM_Release_Acl_Pckt</a>
 <LI><a href="#[1d9]">PM_Resize_Pckt_Pdu_Size</a>
 <LI><a href="#[98]">PM_Write_Pckt_Data</a>
 <LI><a href="#[1dc]">PRIVWHIT_u8AddAddrInList</a>
 <LI><a href="#[1dd]">PRIVWHIT_u8RemoveAddrInList</a>
 <LI><a href="#[19a]">PRIVWHIT_u8SearchAddrInList</a>
 <LI><a href="#[1de]">PRIVWHIT_vInit_Struct</a>
 <LI><a href="#[1e2]">PRIV_SearchAddrInRPAList</a>
 <LI><a href="#[1e0]">PRIV_SearchAddrInScratchList</a>
 <LI><a href="#[1e3]">PRIV_SearchAddrInWhiteList</a>
 <LI><a href="#[1df]">PRIV_u32ProcessAdvPacket</a>
 <LI><a href="#[1e5]">PRIV_u8OfflineProcessing</a>
 <LI><a href="#[1e1]">PRIV_u8ResolvePrivateAddress</a>
 <LI><a href="#[1e7]">PRIV_u8ResolvePrivateAddressUnit</a>
 <LI><a href="#[1e6]">PRIV_vGeneratePrivateAddress</a>
 <LI><a href="#[1e8]">PRIV_vGenerate_hci_le_direct_advertising_report_event</a>
 <LI><a href="#[1eb]">PRIV_vGenerate_hci_le_enhanced_connection_complete_event</a>
 <LI><a href="#[1ed]">Prepare_Write_Resp</a>
 <LI><a href="#[157]">Process_Peer_Client_Data</a>
 <LI><a href="#[155]">Process_Peer_Server_Data</a>
 <LI><a href="#[db]">RAL_Isr</a>
 <LI><a href="#[1f1]">Read_Blob_Resp</a>
 <LI><a href="#[1f3]">Read_By_Grp_Type_Resp</a>
 <LI><a href="#[1ef]">Read_By_Type_Resp</a>
 <LI><a href="#[1f2]">Read_Multi_Resp</a>
 <LI><a href="#[1f0]">Read_Resp</a>
 <LI><a href="#[201]">Reclassify_All_Channels</a>
 <LI><a href="#[203]">SDB_Add_Record</a>
 <LI><a href="#[209]">SDB_Find_Matching_LTK</a>
 <LI><a href="#[20d]">SDB_Find_Record</a>
 <LI><a href="#[127]">SDB_Get_Number_Of_Valid_Records</a>
 <LI><a href="#[167]">SDB_flash_write_client_data</a>
 <LI><a href="#[20b]">SDB_get_security_data_record</a>
 <LI><a href="#[e2]">SDB_read_peer_bonded_data</a>
 <LI><a href="#[20c]">SMA_Diversify</a>
 <LI><a href="#[211]">SMA_Generate_CSRK</a>
 <LI><a href="#[212]">SMA_Generate_IRK</a>
 <LI><a href="#[213]">SMA_LP_s1_Generate_STK</a>
 <LI><a href="#[214]">SMA_SC_Gen_f4_Confirm</a>
 <LI><a href="#[216]">SMA_SC_Gen_f5_Keys</a>
 <LI><a href="#[217]">SMA_SC_Gen_f6_Check_Val</a>
 <LI><a href="#[218]">SMA_SC_Gen_g2_NumComp_Val</a>
 <LI><a href="#[20a]">SMA_generate_EDIV_recovery_DIV</a>
 <LI><a href="#[154]">SMP_Check_Is_Device_Bonded</a>
 <LI><a href="#[153]">SMP_Forget_Device_by_ConnHandle</a>
 <LI><a href="#[d0]">SMP_Init</a>
 <LI><a href="#[21a]">SMP_MI_PairingRequest_Send</a>
 <LI><a href="#[c5]">SMP_Process_Q</a>
 <LI><a href="#[229]">SMP_Repeated_Attacks_Timer_cb</a>
 <LI><a href="#[22a]">SMP_Timer_cb</a>
 <LI><a href="#[22d]">SMP_Validate_Signed_Packet</a>
 <LI><a href="#[17e]">SMP_sc_force_debug_key_usage</a>
 <LI><a href="#[e8]">SM_Check_Encryption_KeySize</a>
 <LI><a href="#[12c]">SM_Generate_Resolvable_Private_Address</a>
 <LI><a href="#[e7]">SM_Get_Link_Status</a>
 <LI><a href="#[aa]">SM_Get_Remote_Device_Info</a>
 <LI><a href="#[192]">SM_L2CAP_Encryption_changed_Handler_ISR</a>
 <LI><a href="#[189]">SM_L2CAP_Handler</a>
 <LI><a href="#[184]">SM_L2CAP_Handler_ISR</a>
 <LI><a href="#[20e]">SM_Resolve_Private_Address</a>
 <LI><a href="#[242]">Select_Next_Notification_Client</a>
 <LI><a href="#[164]">Send_Notif_Or_Ind</a>
 <LI><a href="#[251]">Set_Host_Timer_value</a>
 <LI><a href="#[163]">Start_Gatt_Timer</a>
 <LI><a href="#[162]">Stop_Gatt_Timer</a>
 <LI><a href="#[1f8]">Timer_ExpiryCallback</a>
 <LI><a href="#[cb]">Timer_Init</a>
 <LI><a href="#[bd]">Timer_ProcessQ</a>
 <LI><a href="#[12e]">Timer_StartOneShot</a>
 <LI><a href="#[253]">Timer_StartOneShot_sysTime32</a>
 <LI><a href="#[12d]">Timer_StopOneShot</a>
 <LI><a href="#[17b]">Timer_sysTime32_convMachineTime</a>
 <LI><a href="#[280]">WindowWiden1</a>
 <LI><a href="#[284]">WindowWiden2</a>
 <LI><a href="#[1f5]">Write_Cmd</a>
 <LI><a href="#[1f4]">Write_Resp</a>
 <LI><a href="#[c8]">_BlueNRG_Stack_Initialization</a>
 <LI><a href="#[2d7]">__ARM_common_memcpy1_6</a>
 <LI><a href="#[146]">__ARM_common_switch8</a>
 <LI><a href="#[290]">aci_att_exchange_mtu_resp_event</a>
 <LI><a href="#[291]">aci_att_exec_write_resp_event</a>
 <LI><a href="#[292]">aci_att_find_by_type_value_resp_event</a>
 <LI><a href="#[293]">aci_att_find_info_resp_event</a>
 <LI><a href="#[294]">aci_att_prepare_write_resp_event</a>
 <LI><a href="#[295]">aci_att_read_blob_resp_event</a>
 <LI><a href="#[296]">aci_att_read_by_group_type_resp_event</a>
 <LI><a href="#[297]">aci_att_read_by_type_resp_event</a>
 <LI><a href="#[298]">aci_att_read_multiple_resp_event</a>
 <LI><a href="#[299]">aci_att_read_resp_event</a>
 <LI><a href="#[29a]">aci_att_write_resp_event</a>
 <LI><a href="#[a1]">aci_event_fifo_push</a>
 <LI><a href="#[a0]">aci_event_fifo_push_header</a>
 <LI><a href="#[29b]">aci_gap_addr_not_resolved_event</a>
 <LI><a href="#[29c]">aci_gap_authorization_req_event</a>
 <LI><a href="#[29d]">aci_gap_bond_lost_event</a>
 <LI><a href="#[26e]">aci_gap_create_connection_api</a>
 <LI><a href="#[29e]">aci_gap_device_found_event</a>
 <LI><a href="#[24a]">aci_gap_init</a>
 <LI><a href="#[29f]">aci_gap_keypress_notification_event</a>
 <LI><a href="#[2a0]">aci_gap_limited_discoverable_event</a>
 <LI><a href="#[2a1]">aci_gap_numeric_comparison_value_event</a>
 <LI><a href="#[2a2]">aci_gap_pairing_complete_event</a>
 <LI><a href="#[2a3]">aci_gap_pass_key_req_event</a>
 <LI><a href="#[2a4]">aci_gap_proc_complete_event</a>
 <LI><a href="#[2a5]">aci_gap_slave_security_initiated_event</a>
 <LI><a href="#[8f]">aci_gatt_disc_char_by_uuid</a>
 <LI><a href="#[2a6]">aci_gatt_error_resp_event</a>
 <LI><a href="#[2a7]">aci_gatt_indication_event</a>
 <LI><a href="#[249]">aci_gatt_init</a>
 <LI><a href="#[2a8]">aci_gatt_prepare_write_permit_req_event</a>
 <LI><a href="#[2a9]">aci_gatt_proc_timeout_event</a>
 <LI><a href="#[2aa]">aci_gatt_read_multi_permit_req_event</a>
 <LI><a href="#[2ab]">aci_gatt_read_permit_req_event</a>
 <LI><a href="#[2ac]">aci_gatt_server_confirmation_event</a>
 <LI><a href="#[24b]">aci_gatt_update_char_value_ext</a>
 <LI><a href="#[93]">aci_gatt_write_char_desc</a>
 <LI><a href="#[2ae]">aci_gatt_write_permit_req_event</a>
 <LI><a href="#[95]">aci_gatt_write_without_resp</a>
 <LI><a href="#[2cb]">aci_hal_end_of_radio_activity_event</a>
 <LI><a href="#[2af]">aci_hal_fw_error_event</a>
 <LI><a href="#[2b0]">aci_hal_scan_req_report_event</a>
 <LI><a href="#[248]">aci_hal_set_tx_power_level</a>
 <LI><a href="#[247]">aci_hal_write_config_data</a>
 <LI><a href="#[2b1]">aci_l2cap_command_reject_event</a>
 <LI><a href="#[2b2]">aci_l2cap_connection_update_req_event</a>
 <LI><a href="#[2b3]">aci_l2cap_connection_update_resp_event</a>
 <LI><a href="#[2b4]">aci_l2cap_proc_timeout_event</a>
 <LI><a href="#[102]">acl_list_first</a>
 <LI><a href="#[1ee]">acl_list_full_on_packt</a>
 <LI><a href="#[160]">acl_list_init</a>
 <LI><a href="#[159]">acl_list_insert_head</a>
 <LI><a href="#[140]">acl_list_insert_tail</a>
 <LI><a href="#[156]">acl_list_is_empty</a>
 <LI><a href="#[103]">acl_list_remove</a>
 <LI><a href="#[158]">acl_list_remove_head</a>
 <LI><a href="#[27e]">advance_slave_timing_MultiSlave</a>
 <LI><a href="#[c2]">advance_transmit</a>
 <LI><a href="#[a7]">advance_wakeup_timer</a>
 <LI><a href="#[28c]">anchor_replace</a>
 <LI><a href="#[d3]">ble_HAL_Init</a>
 <LI><a href="#[28b]">cancel_connect_master</a>
 <LI><a href="#[1a8]">cancel_current_master</a>
 <LI><a href="#[28a]">cancel_master</a>
 <LI><a href="#[287]">cancel_slave</a>
 <LI><a href="#[46]">cb_aci_att_exchange_mtu_resp_event</a>
 <LI><a href="#[50]">cb_aci_att_exec_write_resp_event</a>
 <LI><a href="#[48]">cb_aci_att_find_by_type_value_resp_event</a>
 <LI><a href="#[47]">cb_aci_att_find_info_resp_event</a>
 <LI><a href="#[4f]">cb_aci_att_prepare_write_resp_event</a>
 <LI><a href="#[4b]">cb_aci_att_read_blob_resp_event</a>
 <LI><a href="#[4d]">cb_aci_att_read_by_group_type_resp_event</a>
 <LI><a href="#[49]">cb_aci_att_read_by_type_resp_event</a>
 <LI><a href="#[4c]">cb_aci_att_read_multiple_resp_event</a>
 <LI><a href="#[4a]">cb_aci_att_read_resp_event</a>
 <LI><a href="#[4e]">cb_aci_att_write_resp_event</a>
 <LI><a href="#[3c]">cb_aci_gap_addr_not_resolved_event</a>
 <LI><a href="#[37]">cb_aci_gap_authorization_req_event</a>
 <LI><a href="#[39]">cb_aci_gap_bond_lost_event</a>
 <LI><a href="#[3a]">cb_aci_gap_device_found_event</a>
 <LI><a href="#[3e]">cb_aci_gap_keypress_notification_event</a>
 <LI><a href="#[34]">cb_aci_gap_limited_discoverable_event</a>
 <LI><a href="#[3d]">cb_aci_gap_numeric_comparison_value_event</a>
 <LI><a href="#[35]">cb_aci_gap_pairing_complete_event</a>
 <LI><a href="#[36]">cb_aci_gap_pass_key_req_event</a>
 <LI><a href="#[3b]">cb_aci_gap_proc_complete_event</a>
 <LI><a href="#[38]">cb_aci_gap_slave_security_initiated_event</a>
 <LI><a href="#[44]">cb_aci_gatt_attribute_modified_event</a>
 <LI><a href="#[55]">cb_aci_gatt_disc_read_char_by_uuid_resp_event</a>
 <LI><a href="#[54]">cb_aci_gatt_error_resp_event</a>
 <LI><a href="#[51]">cb_aci_gatt_indication_event</a>
 <LI><a href="#[52]">cb_aci_gatt_notification_event</a>
 <LI><a href="#[57]">cb_aci_gatt_prepare_write_permit_req_event</a>
 <LI><a href="#[53]">cb_aci_gatt_proc_complete_event</a>
 <LI><a href="#[45]">cb_aci_gatt_proc_timeout_event</a>
 <LI><a href="#[59]">cb_aci_gatt_read_multi_permit_req_event</a>
 <LI><a href="#[58]">cb_aci_gatt_read_permit_req_event</a>
 <LI><a href="#[5b]">cb_aci_gatt_server_confirmation_event</a>
 <LI><a href="#[5a]">cb_aci_gatt_tx_pool_available_event</a>
 <LI><a href="#[56]">cb_aci_gatt_write_permit_req_event</a>
 <LI><a href="#[43]">cb_aci_hal_fw_error_event</a>
 <LI><a href="#[31]">cb_aci_hal_scan_req_report_event</a>
 <LI><a href="#[42]">cb_aci_l2cap_command_reject_event</a>
 <LI><a href="#[41]">cb_aci_l2cap_connection_update_req_event</a>
 <LI><a href="#[3f]">cb_aci_l2cap_connection_update_resp_event</a>
 <LI><a href="#[40]">cb_aci_l2cap_proc_timeout_event</a>
 <LI><a href="#[2d]">cb_hci_data_buffer_overflow_event</a>
 <LI><a href="#[22]">cb_hci_disconnection_complete_event</a>
 <LI><a href="#[23]">cb_hci_encryption_change_event</a>
 <LI><a href="#[24]">cb_hci_encryption_key_refresh_complete_event</a>
 <LI><a href="#[27]">cb_hci_le_advertising_report_event</a>
 <LI><a href="#[25]">cb_hci_le_connection_complete_event</a>
 <LI><a href="#[2f]">cb_hci_le_connection_update_complete_event</a>
 <LI><a href="#[28]">cb_hci_le_data_length_change_event</a>
 <LI><a href="#[2c]">cb_hci_le_direct_advertising_report_event</a>
 <LI><a href="#[2b]">cb_hci_le_enhanced_connection_complete_event</a>
 <LI><a href="#[2a]">cb_hci_le_generate_dhkey_complete_event</a>
 <LI><a href="#[26]">cb_hci_le_long_term_key_request_event</a>
 <LI><a href="#[29]">cb_hci_le_read_local_p256_public_key_complete_event</a>
 <LI><a href="#[30]">cb_hci_le_read_remote_used_features_complete_event</a>
 <LI><a href="#[32]">cb_hci_number_of_completed_packets_event</a>
 <LI><a href="#[2e]">cb_hci_read_remote_version_information_complete_event</a>
 <LI><a href="#[33]">cb_hci_rx_acl_data_event</a>
 <LI><a href="#[de]">char_copy</a>
 <LI><a href="#[2e0]">copy_4_u32</a>
 <LI><a href="#[215]">copy_swap_buffer</a>
 <LI><a href="#[288]">copy_tx_data_packet</a>
 <LI><a href="#[1ac]">encrypt</a>
 <LI><a href="#[337]">full_state_func_call_init</a>
 <LI><a href="#[2c5]">get_adv_addr</a>
 <LI><a href="#[130]">get_advertiser</a>
 <LI><a href="#[a4]">get_connection_no</a>
 <LI><a href="#[1a3]">get_next_free_slot</a>
 <LI><a href="#[2c6]">get_scan_addr</a>
 <LI><a href="#[131]">get_scan_connection</a>
 <LI><a href="#[2c7]">go_to_connect</a>
 <LI><a href="#[2c9]">go_to_connect_master</a>
 <LI><a href="#[fc]">hal_radio_activity_state_callback_check</a>
 <LI><a href="#[fd]">hal_radio_activity_state_init</a>
 <LI><a href="#[2ca]">hal_read_radio_activity_state</a>
 <LI><a href="#[be]">hci_acl_Process_Q</a>
 <LI><a href="#[2b6]">hci_encryption_change_event</a>
 <LI><a href="#[2b7]">hci_encryption_key_refresh_complete_event</a>
 <LI><a href="#[fb]">hci_hardware_error_event</a>
 <LI><a href="#[2b8]">hci_le_advertising_report_event</a>
 <LI><a href="#[2ba]">hci_le_connection_update_complete_event</a>
 <LI><a href="#[2bb]">hci_le_data_length_change_event</a>
 <LI><a href="#[2bc]">hci_le_direct_advertising_report_event</a>
 <LI><a href="#[2bd]">hci_le_enhanced_connection_complete_event</a>
 <LI><a href="#[2d1]">hci_le_generate_dhkey_api</a>
 <LI><a href="#[2be]">hci_le_generate_dhkey_complete_event</a>
 <LI><a href="#[2bf]">hci_le_long_term_key_request_event</a>
 <LI><a href="#[224]">hci_le_long_term_key_request_reply</a>
 <LI><a href="#[223]">hci_le_long_term_key_requested_negative_reply</a>
 <LI><a href="#[2d2]">hci_le_read_local_p256_public_key_api</a>
 <LI><a href="#[2c0]">hci_le_read_local_p256_public_key_complete_event</a>
 <LI><a href="#[2c1]">hci_le_read_remote_used_features_complete_event</a>
 <LI><a href="#[138]">hci_le_set_event_mask</a>
 <LI><a href="#[26f]">hci_load_connParams</a>
 <LI><a href="#[2c2]">hci_number_of_completed_packets_event</a>
 <LI><a href="#[2c3]">hci_read_remote_version_information_complete_event</a>
 <LI><a href="#[2d3]">hci_rx_acl_data</a>
 <LI><a href="#[2c4]">hci_rx_acl_data_event</a>
 <LI><a href="#[2d4]">hci_tx_acl_data_done</a>
 <LI><a href="#[5d]">int_cb_hci_acl_data_ind_event</a>
 <LI><a href="#[5c]">int_cb_hci_acl_data_tx_cmpl_event</a>
 <LI><a href="#[5e]">int_cb_hci_disconnection_complete_event</a>
 <LI><a href="#[5f]">int_cb_hci_encryption_change_event</a>
 <LI><a href="#[60]">int_cb_hci_encryption_key_refresh_complete_event</a>
 <LI><a href="#[63]">int_cb_hci_le_advertising_report_event</a>
 <LI><a href="#[61]">int_cb_hci_le_connection_complete_event</a>
 <LI><a href="#[64]">int_cb_hci_le_data_length_change_event</a>
 <LI><a href="#[68]">int_cb_hci_le_direct_advertising_report_event</a>
 <LI><a href="#[67]">int_cb_hci_le_enhanced_connection_complete_event</a>
 <LI><a href="#[66]">int_cb_hci_le_generate_dhkey_complete_event</a>
 <LI><a href="#[62]">int_cb_hci_le_long_term_key_request_event</a>
 <LI><a href="#[65]">int_cb_hci_le_read_local_p256_public_key_complete_event</a>
 <LI><a href="#[180]">is_Buffer_All_Set_To</a>
 <LI><a href="#[2e2]">is_connected</a>
 <LI><a href="#[a5]">is_slave</a>
 <LI><a href="#[1be]">isr_Acl_Data_Indication_Queue_Full</a>
 <LI><a href="#[2d9]">isr_Acl_Data_TX_Cmpl_Queue_Full</a>
 <LI><a href="#[1fb]">isr_event_handler</a>
 <LI><a href="#[2de]">isr_event_handler_scan_data</a>
 <LI><a href="#[1fc]">isr_postproc</a>
 <LI><a href="#[2da]">isr_postproc1</a>
 <LI><a href="#[2d8]">isr_postproc_encrypt_data</a>
 <LI><a href="#[2e1]">ll_write_supported_data</a>
 <LI><a href="#[da]">machine_time_trans</a>
 <LI><a href="#[258]">mem_alloc_ctx_init</a>
 <LI><a href="#[289]">microseconds_to_machine_time</a>
 <LI><a href="#[282]">modulo_37</a>
 <LI><a href="#[1b0]">nsar_init</a>
 <LI><a href="#[1fa]">read_rssi</a>
 <LI><a href="#[19e]">request_connect_slot</a>
 <LI><a href="#[1a9]">request_scan_slot</a>
 <LI><a href="#[1a6]">schedule_advertise_slot</a>
 <LI><a href="#[d9]">set_freq</a>
 <LI><a href="#[27f]">set_sca</a>
 <LI><a href="#[286]">set_string</a>
 <LI><a href="#[a6]">slave_advance</a>
 <LI><a href="#[2e8]">sm_RepeatedAttacks_Protection</a>
 <LI><a href="#[21b]">sm_search_blackList</a>
 <LI><a href="#[22f]">sma_CMAC_generate_tag</a>
 <LI><a href="#[2f4]">smp_Execute_Actions_wrt_Current_State_MI_excerpt</a>
 <LI><a href="#[2f7]">smp_Execute_Actions_wrt_Current_State_sc_MI_excerpt_phase2as2</a>
 <LI><a href="#[2fa]">smp_Execute_Actions_wrt_Current_State_sc_excerpt_phase2as2</a>
 <LI><a href="#[2fd]">smp_Execute_Actions_wrt_Current_State_sc_excerpt_phase_1_to_2</a>
 <LI><a href="#[303]">smp_MI_Start_Encryption</a>
 <LI><a href="#[304]">smp_Process_Rx_Packet_Exception_Cases_sc_excerpt</a>
 <LI><a href="#[30c]">smp_Process_Rx_Packet_wrt_Current_State_MI_excerpt</a>
 <LI><a href="#[310]">smp_Process_Rx_Packet_wrt_Current_State_sc_excerpt</a>
 <LI><a href="#[227]">smp____PairingFailed_Receive</a>
 <LI><a href="#[322]">smp_add_to_sdb</a>
 <LI><a href="#[233]">smp_find_remote_device_index</a>
 <LI><a href="#[22e]">smp_get_CSRK</a>
 <LI><a href="#[300]">smp_get_local_identity_address</a>
 <LI><a href="#[2f3]">smp_keys_distribution_start</a>
 <LI><a href="#[306]">smp_keys_receiving</a>
 <LI><a href="#[21e]">smp_oob_check_is_remote_data_present</a>
 <LI><a href="#[31e]">smp_oob_get_remote_data_reference</a>
 <LI><a href="#[324]">smp_pairing_2octets_packet_send</a>
 <LI><a href="#[2f0]">smp_pairing_completed</a>
 <LI><a href="#[2fc]">smp_pairing_failed_send</a>
 <LI><a href="#[325]">smp_sc_MI_PairingConfirm_Send_sc_excerpt</a>
 <LI><a href="#[326]">smp_sc_MI_PairingRandom_Receive_sc_excerpt1</a>
 <LI><a href="#[327]">smp_sc_MI_PairingRandom_Receive_sc_excerpt2</a>
 <LI><a href="#[329]">smp_sc_MI_PairingResponse_Receive_sc_excerpt</a>
 <LI><a href="#[32a]">smp_sc_MI_Pairing_Phase_2AS1_Start_sc_excerpt</a>
 <LI><a href="#[32c]">smp_sc_SR_PairingConfirm_Receive_sc_excerpt</a>
 <LI><a href="#[32d]">smp_sc_SR_PairingRandom_Receive_sc_excerpt</a>
 <LI><a href="#[32e]">smp_sc_SR_Pairing_Phase_2AS1_Start_sc_excerpt</a>
 <LI><a href="#[32f]">smp_sc_check_for_ecc_pk_generation_request</a>
 <LI><a href="#[330]">smp_sc_continue_on_exclusive_sc_pairing</a>
 <LI><a href="#[331]">smp_sc_force_debug_private_key</a>
 <LI><a href="#[332]">smp_sc_hci_le_generate_dhkey_complete_evt_hndl</a>
 <LI><a href="#[333]">smp_sc_hci_le_read_local_p256_public_key_complete_evt_hndl</a>
 <LI><a href="#[335]">smp_sc_init</a>
 <LI><a href="#[230]">smp_sc_is_any_other_sc_pairing_ongoing</a>
 <LI><a href="#[334]">smp_sc_is_debug_key_usage_forced</a>
 <LI><a href="#[32b]">smp_sc_pairing_oob_confirm_receive_verify</a>
 <LI><a href="#[312]">smp_sc_pairing_public_key_receive</a>
 <LI><a href="#[2ff]">smp_sc_pairing_public_key_send</a>
 <LI><a href="#[311]">smp_sc_phase_2as2_dhkey_check_receive</a>
 <LI><a href="#[2fb]">smp_sc_phase_2as2_start</a>
 <LI><a href="#[2fe]">smp_sc_submit_ecc_pk_generation_request</a>
 <LI><a href="#[336]">smp_sc_update_statistics_on_pairing_complete</a>
 <LI><a href="#[220]">smp_send_packet</a>
 <LI><a href="#[1aa]">start_timebase</a>
 <LI><a href="#[166]">store_data</a>
 <LI><a href="#[283]">swap_slaves</a>
 <LI><a href="#[250]">system_time_trans</a>
 <LI><a href="#[24f]">system_time_trans_ext</a>
 <LI><a href="#[281]">time_offset1</a>
 <LI><a href="#[285]">time_offset2</a>
 <LI><a href="#[2c8]">timebase_start_connect</a>
 <LI><a href="#[2dc]">unpack_channel_map</a>
 <LI><a href="#[2db]">unpack_update_request</a>
 <LI><a href="#[265]">_load_uuid</a>
 <LI><a href="#[c9]">BlueNRG_Stack_Initialize_ConfigData</a>
 <LI><a href="#[ca]">BlueNRG_Stack_Initialize_Layers</a>
 <LI><a href="#[c7]">BlueNRG_Stack_Initialize_RAM_check</a>
 <LI><a href="#[c1]">BlueNRG_Stack_Perform_Crystal_Check</a>
 <LI><a href="#[d8]">BlueNRG_Start_Crystal_Measurement</a>
 <LI><a href="#[120]">_GAP_Parse_Advertising_Report</a>
 <LI><a href="#[123]">aci_gap_limited_discoverable_event_push</a>
 <LI><a href="#[10f]">aci_gap_proc_complete_event_push</a>
 <LI><a href="#[1]">isr_advertise_state</a>
 <LI><a href="#[21]">isr_connect_master_state</a>
 <LI><a href="#[2]">isr_connect_slave_state</a>
 <LI><a href="#[20]">isr_scan_state</a>
 <LI><a href="#[4]">isr_test_rx_state</a>
 <LI><a href="#[3]">isr_test_tx_state</a>
 <LI><a href="#[0]">isr_unknown_state</a>
 <LI><a href="#[1e9]">hci_le_direct_advertising_report_event_push</a>
 <LI><a href="#[1b2]">scan_connection_or_advertiser</a>
 <LI><a href="#[1b3]">LL_Send_Length_Req</a>
 <LI><a href="#[1b5]">MIN_U16</a>
 <LI><a href="#[19f]">check_access_address_patched</a>
 <LI><a href="#[2cc]">hci_encryption_change_event_push</a>
 <LI><a href="#[2cd]">hci_encryption_key_refresh_complete_event_push</a>
 <LI><a href="#[2ce]">hci_le_advertising_report_event_push</a>
 <LI><a href="#[2cf]">hci_le_connection_complete_event_push</a>
 <LI><a href="#[2d0]">hci_le_connection_update_complete_event_push</a>
 <LI><a href="#[1a1]">int32ToLe3Byte</a>
 <LI><a href="#[1a0]">int32ToLe4Byte</a>
 <LI><a href="#[27a]">addr_u32_from_u8</a>
 <LI><a href="#[27c]">le2ByteToInt16</a>
 <LI><a href="#[27b]">le4ByteToInt32</a>
 <LI><a href="#[1ba]">le4ByteToInt32</a>
 <LI><a href="#[33a]">swap_u16</a>
 <LI><a href="#[339]">swap_u32</a>
 <LI><a href="#[338]">swap_u8</a>
 <LI><a href="#[270]">aci_gap_numeric_comparison_value_event_push</a>
 <LI><a href="#[302]">int32ToLe4Byte</a>
 <LI><a href="#[328]">le4ByteToInt32</a>
 <LI><a href="#[21d]">smp_Build_AuthReq_Field</a>
 <LI><a href="#[21f]">smp_Build_Pairing_ReqResp_Packet</a>
 <LI><a href="#[318]">smp_Check_Incoming_Pairing_Parameters</a>
 <LI><a href="#[2eb]">smp_Determine_Key_Association_Method</a>
 <LI><a href="#[225]">smp_Execute_Actions_wrt_Current_State</a>
 <LI><a href="#[222]">smp_Get_Long_Term_Key</a>
 <LI><a href="#[31a]">smp_Get_Pairing_Parameters_From_Peer_Packet</a>
 <LI><a href="#[2ef]">smp_Keys_Distribution_Send</a>
 <LI><a href="#[301]">smp_LP_MI_Compute_c1_Confirm_Value</a>
 <LI><a href="#[226]">smp_Process_Rx_Packet_wrt_Current_State</a>
 <LI><a href="#[307]">smp_Reset_Timer</a>
 <LI><a href="#[313]">smp_SR_Compute_c1_Confirm_Value</a>
 <LI><a href="#[314]">smp_Set_Key_Association_Method</a>
 <LI><a href="#[2f8]">smp____MI_PairingConfirm_Receive</a>
 <LI><a href="#[2f6]">smp____MI_PairingConfirm_Send</a>
 <LI><a href="#[30d]">smp____MI_PairingRandom_Receive</a>
 <LI><a href="#[30f]">smp____MI_PairingResponse_Receive</a>
 <LI><a href="#[30e]">smp____MI_SecurityRequest_Receive</a>
 <LI><a href="#[309]">smp____SR_PairingConfirm_Receive</a>
 <LI><a href="#[30a]">smp____SR_PairingRandom_Receive</a>
 <LI><a href="#[308]">smp____SR_PairingRequest_Receive</a>
 <LI><a href="#[31c]">smp____SC_Phase_2AS2_DHKeyCheck_Send</a>
 <LI><a href="#[31d]">smp____SC_Phase_2AS2_Generate_DHKeyCheck</a>
 <LI><a href="#[31f]">smp____SC_Phase_2AS2__Set_Addresses</a>
 <LI><a href="#[26c]">fifoBuf_getFreeHeader</a>
 <LI><a href="#[fe]">fifoCtrl_init</a>
 <LI><a href="#[e9]">Check_and_find_gatt_client</a>
 <LI><a href="#[176]">GATT_Server_Set_Flag</a>
 <LI><a href="#[14c]">Gatt_Check_Not_Error_Resp</a>
 <LI><a href="#[1c]">Gatt_Disc_All_Charac_By_Uuid_Cb</a>
 <LI><a href="#[1d]">Gatt_Read_Charac_By_Uuid_Cb</a>
 <LI><a href="#[14e]">Gatt_Super_Handler</a>
 <LI><a href="#[15c]">Gatt_Super_Handler_Task7</a>
 <LI><a href="#[173]">Gatt_Write</a>
 <LI><a href="#[1e]">Gatt_Write_Cb</a>
 <LI><a href="#[268]">aci_att_find_by_type_value_resp_event_push</a>
 <LI><a href="#[269]">aci_att_find_info_resp_event_push</a>
 <LI><a href="#[16e]">aci_att_read_blob_resp_event_push</a>
 <LI><a href="#[26a]">aci_att_read_by_group_type_resp_event_push</a>
 <LI><a href="#[26b]">aci_att_read_by_type_resp_event_push</a>
 <LI><a href="#[16d]">aci_att_read_multiple_resp_event_push</a>
 <LI><a href="#[16c]">aci_att_read_resp_event_push</a>
 <LI><a href="#[169]">aci_gatt_disc_read_char_by_uuid_resp_event_push</a>
 <LI><a href="#[14d]">aci_gatt_error_resp_event_push</a>
 <LI><a href="#[16b]">aci_gatt_proc_complete_event_push</a>
 <LI><a href="#[170]">int16ToLe2Byte</a>
 <LI><a href="#[16f]">le2ByteToInt16</a>
 <LI><a href="#[16a]">send_gatt_event</a>
 <LI><a href="#[13b]">GATT_Server_Set_Flag</a>
 <LI><a href="#[151]">Gatt_Flush_Pending_AclPacket_Lists</a>
 <LI><a href="#[152]">Gatt_Reset_To_Closed_State</a>
 <LI><a href="#[15e]">Gatt_Store_Server_Database_And_Reset_CCCD</a>
 <LI><a href="#[172]">Pm_Resize_Host_Acl_Pckt</a>
 <LI><a href="#[1f6]">aci_gatt_indication_event_push</a>
 <LI><a href="#[1f7]">aci_gatt_notification_event_push</a>
 <LI><a href="#[24c]">TimerCallback</a>
 <LI><a href="#[182]">L2C_Get_Connection_Info</a>
 <LI><a href="#[194]">L2C_Get_Connection_Info_Index</a>
 <LI><a href="#[187]">L2C_Mux_Acl_Packet</a>
 <LI><a href="#[18a]">L2C_Rcv_Data</a>
 <LI><a href="#[193]">L2C_Reset_To_Closed_State</a>
 <LI><a href="#[18f]">L2C_discard_corrupted_acl_packet</a>
 <LI><a href="#[196]">aci_l2cap_connection_update_req_event_push</a>
 <LI><a href="#[f8]">Mem_assign</a>
 <LI><a href="#[276]">adapt_slot</a>
 <LI><a href="#[278]">nsar_insertSlotListEntry</a>
 <LI><a href="#[279]">nsar_searchBestFreeSlot</a>
 <LI><a href="#[2e6]">nsar_updateBestFreeSlot</a>
 <LI><a href="#[277]">nsar_updateSlotListEntry</a>
 <LI><a href="#[28e]">swap_u16</a>
 <LI><a href="#[1d5]">PM_Check_And_Set</a>
 <LI><a href="#[2df]">wait_for_aes_ready</a>
 <LI><a href="#[19c]">LL_Set_DirectAddress</a>
 <LI><a href="#[1b7]">addr_u32_from_u8</a>
 <LI><a href="#[1ae]">int32ToLe4Byte</a>
 <LI><a href="#[27d]">le4ByteToInt32</a>
 <LI><a href="#[f9]">Erase_Sector</a>
 <LI><a href="#[20f]">Write_Client_Data</a>
 <LI><a href="#[256]">int32ToLe4Byte</a>
 <LI><a href="#[206]">sdb_delete</a>
 <LI><a href="#[210]">sdb_find_client_data</a>
 <LI><a href="#[255]">sdb_get_gatt_db_start_address</a>
 <LI><a href="#[207]">sdb_invalidate_record</a>
 <LI><a href="#[205]">sdb_read_record</a>
 <LI><a href="#[204]">sdb_read_record_validity</a>
 <LI><a href="#[208]">sdb_write_record</a>
 <LI><a href="#[232]">sma_Calculate_Hash</a>
 <LI><a href="#[2e9]">sma_generate_subkeys</a>
 <LI><a href="#[2ea]">sma_left_shift</a>
 <LI><a href="#[231]">SM_Connection_Complete_Handler</a>
 <LI><a href="#[26d]">aci_gap_authorization_req_event_push</a>
 <LI><a href="#[22b]">aci_gap_pairing_complete_event_push</a>
 <LI><a href="#[234]">smp_Keys_Distribution_Complete</a>
 <LI><a href="#[31b]">smp____Pairing_Process_Abort</a>
 <LI><a href="#[97]">ATT_fill_type_val_entry</a>
 <LI><a href="#[99]">ATT_validate_prepare_req</a>
 <LI><a href="#[10a]">Pm_Resize_Host_Acl_Pckt</a>
 <LI><a href="#[105]">aci_gatt_attribute_modified_event_push</a>
 <LI><a href="#[200]">aci_gatt_read_multi_permit_req_event_push</a>
 <LI><a href="#[1fe]">aci_gatt_read_permit_req_event_push</a>
 <LI><a href="#[257]">aci_gatt_write_permit_req_event_push</a>
 <LI><a href="#[ad]">Pm_Resize_Host_Acl_Pckt</a>
</UL>
</UL>
<P>
<H3>
Mutually Recursive functions
</H3> <LI><a href="#[7]">HardFault_Handler</a>&nbsp;&nbsp;&nbsp;&rArr;&nbsp;&nbsp;&nbsp;<a href="#[7]">HardFault_Handler</a><BR>
</UL>
<P>
<H3>
Function Pointers
</H3><UL>
 <LI><a href="#[11]">ADC_Handler</a> from system_bluenrg1.o(i.ADC_Handler) referenced from system_bluenrg1.o(.intvec)
 <LI><a href="#[f]">Blue_Handler</a> from bluenrg1_it.o(i.Blue_Handler) referenced from system_bluenrg1.o(.intvec)
 <LI><a href="#[1a]">DMA_Handler</a> from system_bluenrg1.o(i.DMA_Handler) referenced from system_bluenrg1.o(.intvec)
 <LI><a href="#[b]">GPIO_Handler</a> from bluenrg1_it.o(i.GPIO_Handler) referenced from system_bluenrg1.o(.intvec)
 <LI><a href="#[1c]">Gatt_Disc_All_Charac_By_Uuid_Cb</a> from gatt_client.o(i.Gatt_Disc_All_Charac_By_Uuid_Cb) referenced from gatt_client.o(i.Gatt_Disc_Charac_By_Uuid)
 <LI><a href="#[1d]">Gatt_Read_Charac_By_Uuid_Cb</a> from gatt_client.o(i.Gatt_Read_Charac_By_Uuid_Cb) referenced from gatt_client.o(i.Gatt_Read_Charac_By_Uuid)
 <LI><a href="#[1e]">Gatt_Write_Cb</a> from gatt_client.o(i.Gatt_Write_Cb) referenced from gatt_client.o(i.Gatt_Write)
 <LI><a href="#[7]">HardFault_Handler</a> from bluenrg1_it.o(i.HardFault_Handler) referenced from system_bluenrg1.o(.intvec)
 <LI><a href="#[13]">I2C1_Handler</a> from system_bluenrg1.o(i.I2C1_Handler) referenced from system_bluenrg1.o(.intvec)
 <LI><a href="#[12]">I2C2_Handler</a> from system_bluenrg1.o(i.I2C2_Handler) referenced from system_bluenrg1.o(.intvec)
 <LI><a href="#[14]">MFT1A_Handler</a> from system_bluenrg1.o(i.MFT1A_Handler) referenced from system_bluenrg1.o(.intvec)
 <LI><a href="#[15]">MFT1B_Handler</a> from system_bluenrg1.o(i.MFT1B_Handler) referenced from system_bluenrg1.o(.intvec)
 <LI><a href="#[16]">MFT2A_Handler</a> from system_bluenrg1.o(i.MFT2A_Handler) referenced from system_bluenrg1.o(.intvec)
 <LI><a href="#[17]">MFT2B_Handler</a> from system_bluenrg1.o(i.MFT2B_Handler) referenced from system_bluenrg1.o(.intvec)
 <LI><a href="#[6]">NMI_Handler</a> from bluenrg1_it.o(i.NMI_Handler) referenced from system_bluenrg1.o(.intvec)
 <LI><a href="#[c]">NVM_Handler</a> from system_bluenrg1.o(i.NVM_Handler) referenced from system_bluenrg1.o(.intvec)
 <LI><a href="#[19]">PKA_Handler</a> from system_bluenrg1.o(i.PKA_Handler) referenced from system_bluenrg1.o(.intvec)
 <LI><a href="#[9]">PendSV_Handler</a> from system_bluenrg1.o(i.PendSV_Handler) referenced from system_bluenrg1.o(.intvec)
 <LI><a href="#[5]">RESET_HANDLER</a> from system_bluenrg1.o(i.RESET_HANDLER) referenced from system_bluenrg1.o(.intvec)
 <LI><a href="#[18]">RTC_Handler</a> from system_bluenrg1.o(i.RTC_Handler) referenced from system_bluenrg1.o(.intvec)
 <LI><a href="#[e]">SPI_Handler</a> from system_bluenrg1.o(i.SPI_Handler) referenced from system_bluenrg1.o(.intvec)
 <LI><a href="#[8]">SVC_Handler</a> from bluenrg1_it.o(i.SVC_Handler) referenced from system_bluenrg1.o(.intvec)
 <LI><a href="#[a]">SysTick_Handler</a> from bluenrg1_it.o(i.SysTick_Handler) referenced from system_bluenrg1.o(.intvec)
 <LI><a href="#[d]">UART_Handler</a> from bluenrg1_it.o(i.UART_Handler) referenced from system_bluenrg1.o(.intvec)
 <LI><a href="#[10]">WDG_Handler</a> from system_bluenrg1.o(i.WDG_Handler) referenced from system_bluenrg1.o(.intvec)
 <LI><a href="#[46]">cb_aci_att_exchange_mtu_resp_event</a> from aci_events.o(i.cb_aci_att_exchange_mtu_resp_event) referenced from aci_events.o(.constdata)
 <LI><a href="#[50]">cb_aci_att_exec_write_resp_event</a> from aci_events.o(i.cb_aci_att_exec_write_resp_event) referenced from aci_events.o(.constdata)
 <LI><a href="#[48]">cb_aci_att_find_by_type_value_resp_event</a> from aci_events.o(i.cb_aci_att_find_by_type_value_resp_event) referenced from aci_events.o(.constdata)
 <LI><a href="#[47]">cb_aci_att_find_info_resp_event</a> from aci_events.o(i.cb_aci_att_find_info_resp_event) referenced from aci_events.o(.constdata)
 <LI><a href="#[4f]">cb_aci_att_prepare_write_resp_event</a> from aci_events.o(i.cb_aci_att_prepare_write_resp_event) referenced from aci_events.o(.constdata)
 <LI><a href="#[4b]">cb_aci_att_read_blob_resp_event</a> from aci_events.o(i.cb_aci_att_read_blob_resp_event) referenced from aci_events.o(.constdata)
 <LI><a href="#[4d]">cb_aci_att_read_by_group_type_resp_event</a> from aci_events.o(i.cb_aci_att_read_by_group_type_resp_event) referenced from aci_events.o(.constdata)
 <LI><a href="#[49]">cb_aci_att_read_by_type_resp_event</a> from aci_events.o(i.cb_aci_att_read_by_type_resp_event) referenced from aci_events.o(.constdata)
 <LI><a href="#[4c]">cb_aci_att_read_multiple_resp_event</a> from aci_events.o(i.cb_aci_att_read_multiple_resp_event) referenced from aci_events.o(.constdata)
 <LI><a href="#[4a]">cb_aci_att_read_resp_event</a> from aci_events.o(i.cb_aci_att_read_resp_event) referenced from aci_events.o(.constdata)
 <LI><a href="#[4e]">cb_aci_att_write_resp_event</a> from aci_events.o(i.cb_aci_att_write_resp_event) referenced from aci_events.o(.constdata)
 <LI><a href="#[3c]">cb_aci_gap_addr_not_resolved_event</a> from aci_events.o(i.cb_aci_gap_addr_not_resolved_event) referenced from aci_events.o(.constdata)
 <LI><a href="#[37]">cb_aci_gap_authorization_req_event</a> from aci_events.o(i.cb_aci_gap_authorization_req_event) referenced from aci_events.o(.constdata)
 <LI><a href="#[39]">cb_aci_gap_bond_lost_event</a> from aci_events.o(i.cb_aci_gap_bond_lost_event) referenced from aci_events.o(.constdata)
 <LI><a href="#[3a]">cb_aci_gap_device_found_event</a> from aci_events.o(i.cb_aci_gap_device_found_event) referenced from aci_events.o(.constdata)
 <LI><a href="#[3e]">cb_aci_gap_keypress_notification_event</a> from aci_events.o(i.cb_aci_gap_keypress_notification_event) referenced from aci_events.o(.constdata)
 <LI><a href="#[34]">cb_aci_gap_limited_discoverable_event</a> from aci_events.o(i.cb_aci_gap_limited_discoverable_event) referenced from aci_events.o(.constdata)
 <LI><a href="#[3d]">cb_aci_gap_numeric_comparison_value_event</a> from aci_events.o(i.cb_aci_gap_numeric_comparison_value_event) referenced from aci_events.o(.constdata)
 <LI><a href="#[35]">cb_aci_gap_pairing_complete_event</a> from aci_events.o(i.cb_aci_gap_pairing_complete_event) referenced from aci_events.o(.constdata)
 <LI><a href="#[36]">cb_aci_gap_pass_key_req_event</a> from aci_events.o(i.cb_aci_gap_pass_key_req_event) referenced from aci_events.o(.constdata)
 <LI><a href="#[3b]">cb_aci_gap_proc_complete_event</a> from aci_events.o(i.cb_aci_gap_proc_complete_event) referenced from aci_events.o(.constdata)
 <LI><a href="#[38]">cb_aci_gap_slave_security_initiated_event</a> from aci_events.o(i.cb_aci_gap_slave_security_initiated_event) referenced from aci_events.o(.constdata)
 <LI><a href="#[44]">cb_aci_gatt_attribute_modified_event</a> from aci_events.o(i.cb_aci_gatt_attribute_modified_event) referenced from aci_events.o(.constdata)
 <LI><a href="#[55]">cb_aci_gatt_disc_read_char_by_uuid_resp_event</a> from aci_events.o(i.cb_aci_gatt_disc_read_char_by_uuid_resp_event) referenced from aci_events.o(.constdata)
 <LI><a href="#[54]">cb_aci_gatt_error_resp_event</a> from aci_events.o(i.cb_aci_gatt_error_resp_event) referenced from aci_events.o(.constdata)
 <LI><a href="#[51]">cb_aci_gatt_indication_event</a> from aci_events.o(i.cb_aci_gatt_indication_event) referenced from aci_events.o(.constdata)
 <LI><a href="#[52]">cb_aci_gatt_notification_event</a> from aci_events.o(i.cb_aci_gatt_notification_event) referenced from aci_events.o(.constdata)
 <LI><a href="#[57]">cb_aci_gatt_prepare_write_permit_req_event</a> from aci_events.o(i.cb_aci_gatt_prepare_write_permit_req_event) referenced from aci_events.o(.constdata)
 <LI><a href="#[53]">cb_aci_gatt_proc_complete_event</a> from aci_events.o(i.cb_aci_gatt_proc_complete_event) referenced from aci_events.o(.constdata)
 <LI><a href="#[45]">cb_aci_gatt_proc_timeout_event</a> from aci_events.o(i.cb_aci_gatt_proc_timeout_event) referenced from aci_events.o(.constdata)
 <LI><a href="#[59]">cb_aci_gatt_read_multi_permit_req_event</a> from aci_events.o(i.cb_aci_gatt_read_multi_permit_req_event) referenced from aci_events.o(.constdata)
 <LI><a href="#[58]">cb_aci_gatt_read_permit_req_event</a> from aci_events.o(i.cb_aci_gatt_read_permit_req_event) referenced from aci_events.o(.constdata)
 <LI><a href="#[5b]">cb_aci_gatt_server_confirmation_event</a> from aci_events.o(i.cb_aci_gatt_server_confirmation_event) referenced from aci_events.o(.constdata)
 <LI><a href="#[5a]">cb_aci_gatt_tx_pool_available_event</a> from aci_events.o(i.cb_aci_gatt_tx_pool_available_event) referenced from aci_events.o(.constdata)
 <LI><a href="#[56]">cb_aci_gatt_write_permit_req_event</a> from aci_events.o(i.cb_aci_gatt_write_permit_req_event) referenced from aci_events.o(.constdata)
 <LI><a href="#[43]">cb_aci_hal_fw_error_event</a> from aci_events.o(i.cb_aci_hal_fw_error_event) referenced from aci_events.o(.constdata)
 <LI><a href="#[31]">cb_aci_hal_scan_req_report_event</a> from aci_events.o(i.cb_aci_hal_scan_req_report_event) referenced from aci_events.o(.constdata)
 <LI><a href="#[42]">cb_aci_l2cap_command_reject_event</a> from aci_events.o(i.cb_aci_l2cap_command_reject_event) referenced from aci_events.o(.constdata)
 <LI><a href="#[41]">cb_aci_l2cap_connection_update_req_event</a> from aci_events.o(i.cb_aci_l2cap_connection_update_req_event) referenced from aci_events.o(.constdata)
 <LI><a href="#[3f]">cb_aci_l2cap_connection_update_resp_event</a> from aci_events.o(i.cb_aci_l2cap_connection_update_resp_event) referenced from aci_events.o(.constdata)
 <LI><a href="#[40]">cb_aci_l2cap_proc_timeout_event</a> from aci_events.o(i.cb_aci_l2cap_proc_timeout_event) referenced from aci_events.o(.constdata)
 <LI><a href="#[2d]">cb_hci_data_buffer_overflow_event</a> from aci_events.o(i.cb_hci_data_buffer_overflow_event) referenced from aci_events.o(.constdata)
 <LI><a href="#[22]">cb_hci_disconnection_complete_event</a> from aci_events.o(i.cb_hci_disconnection_complete_event) referenced from aci_events.o(.constdata)
 <LI><a href="#[23]">cb_hci_encryption_change_event</a> from aci_events.o(i.cb_hci_encryption_change_event) referenced from aci_events.o(.constdata)
 <LI><a href="#[24]">cb_hci_encryption_key_refresh_complete_event</a> from aci_events.o(i.cb_hci_encryption_key_refresh_complete_event) referenced from aci_events.o(.constdata)
 <LI><a href="#[27]">cb_hci_le_advertising_report_event</a> from aci_events.o(i.cb_hci_le_advertising_report_event) referenced from aci_events.o(.constdata)
 <LI><a href="#[25]">cb_hci_le_connection_complete_event</a> from aci_events.o(i.cb_hci_le_connection_complete_event) referenced from aci_events.o(.constdata)
 <LI><a href="#[2f]">cb_hci_le_connection_update_complete_event</a> from aci_events.o(i.cb_hci_le_connection_update_complete_event) referenced from aci_events.o(.constdata)
 <LI><a href="#[28]">cb_hci_le_data_length_change_event</a> from aci_events.o(i.cb_hci_le_data_length_change_event) referenced from aci_events.o(.constdata)
 <LI><a href="#[2c]">cb_hci_le_direct_advertising_report_event</a> from aci_events.o(i.cb_hci_le_direct_advertising_report_event) referenced from aci_events.o(.constdata)
 <LI><a href="#[2b]">cb_hci_le_enhanced_connection_complete_event</a> from aci_events.o(i.cb_hci_le_enhanced_connection_complete_event) referenced from aci_events.o(.constdata)
 <LI><a href="#[2a]">cb_hci_le_generate_dhkey_complete_event</a> from aci_events.o(i.cb_hci_le_generate_dhkey_complete_event) referenced from aci_events.o(.constdata)
 <LI><a href="#[26]">cb_hci_le_long_term_key_request_event</a> from aci_events.o(i.cb_hci_le_long_term_key_request_event) referenced from aci_events.o(.constdata)
 <LI><a href="#[29]">cb_hci_le_read_local_p256_public_key_complete_event</a> from aci_events.o(i.cb_hci_le_read_local_p256_public_key_complete_event) referenced from aci_events.o(.constdata)
 <LI><a href="#[30]">cb_hci_le_read_remote_used_features_complete_event</a> from aci_events.o(i.cb_hci_le_read_remote_used_features_complete_event) referenced from aci_events.o(.constdata)
 <LI><a href="#[32]">cb_hci_number_of_completed_packets_event</a> from aci_events.o(i.cb_hci_number_of_completed_packets_event) referenced from aci_events.o(.constdata)
 <LI><a href="#[2e]">cb_hci_read_remote_version_information_complete_event</a> from aci_events.o(i.cb_hci_read_remote_version_information_complete_event) referenced from aci_events.o(.constdata)
 <LI><a href="#[33]">cb_hci_rx_acl_data_event</a> from aci_events.o(i.cb_hci_rx_acl_data_event) referenced from aci_events.o(.constdata)
 <LI><a href="#[1f]">fputc</a> from sdk_eval_com.o(i.fputc) referenced from printfa.o(i.__0printf)
 <LI><a href="#[5d]">int_cb_hci_acl_data_ind_event</a> from acl.o(i.int_cb_hci_acl_data_ind_event) referenced from aci_events.o(.constdata)
 <LI><a href="#[5c]">int_cb_hci_acl_data_tx_cmpl_event</a> from acl.o(i.int_cb_hci_acl_data_tx_cmpl_event) referenced from aci_events.o(.constdata)
 <LI><a href="#[5e]">int_cb_hci_disconnection_complete_event</a> from aci_events.o(i.int_cb_hci_disconnection_complete_event) referenced from aci_events.o(.constdata)
 <LI><a href="#[5f]">int_cb_hci_encryption_change_event</a> from aci_events.o(i.int_cb_hci_encryption_change_event) referenced from aci_events.o(.constdata)
 <LI><a href="#[60]">int_cb_hci_encryption_key_refresh_complete_event</a> from aci_events.o(i.int_cb_hci_encryption_key_refresh_complete_event) referenced from aci_events.o(.constdata)
 <LI><a href="#[63]">int_cb_hci_le_advertising_report_event</a> from aci_events.o(i.int_cb_hci_le_advertising_report_event) referenced from aci_events.o(.constdata)
 <LI><a href="#[61]">int_cb_hci_le_connection_complete_event</a> from aci_events.o(i.int_cb_hci_le_connection_complete_event) referenced from aci_events.o(.constdata)
 <LI><a href="#[64]">int_cb_hci_le_data_length_change_event</a> from aci_events.o(i.int_cb_hci_le_data_length_change_event) referenced from aci_events.o(.constdata)
 <LI><a href="#[68]">int_cb_hci_le_direct_advertising_report_event</a> from aci_events.o(i.int_cb_hci_le_direct_advertising_report_event) referenced from aci_events.o(.constdata)
 <LI><a href="#[67]">int_cb_hci_le_enhanced_connection_complete_event</a> from aci_events.o(i.int_cb_hci_le_enhanced_connection_complete_event) referenced from aci_events.o(.constdata)
 <LI><a href="#[66]">int_cb_hci_le_generate_dhkey_complete_event</a> from aci_events.o(i.int_cb_hci_le_generate_dhkey_complete_event) referenced from aci_events.o(.constdata)
 <LI><a href="#[62]">int_cb_hci_le_long_term_key_request_event</a> from aci_events.o(i.int_cb_hci_le_long_term_key_request_event) referenced from aci_events.o(.constdata)
 <LI><a href="#[65]">int_cb_hci_le_read_local_p256_public_key_complete_event</a> from aci_events.o(i.int_cb_hci_le_read_local_p256_public_key_complete_event) referenced from aci_events.o(.constdata)
 <LI><a href="#[1]">isr_advertise_state</a> from ll_isr.o(i.isr_advertise_state) referenced 2 times from ll_isr.o(.data)
 <LI><a href="#[21]">isr_connect_master_state</a> from ll_isr.o(i.isr_connect_master_state) referenced from ll_isr.o(i.full_state_func_call_init)
 <LI><a href="#[2]">isr_connect_slave_state</a> from ll_isr.o(i.isr_connect_slave_state) referenced 2 times from ll_isr.o(.data)
 <LI><a href="#[20]">isr_scan_state</a> from ll_isr.o(i.isr_scan_state) referenced from ll_isr.o(i.full_state_func_call_init)
 <LI><a href="#[4]">isr_test_rx_state</a> from ll_isr.o(i.isr_test_rx_state) referenced 2 times from ll_isr.o(.data)
 <LI><a href="#[3]">isr_test_tx_state</a> from ll_isr.o(i.isr_test_tx_state) referenced 2 times from ll_isr.o(.data)
 <LI><a href="#[0]">isr_unknown_state</a> from ll_isr.o(i.isr_unknown_state) referenced 8 times from ll_isr.o(.data)
 <LI><a href="#[1b]">main</a> from ble_throughput_main.o(i.main) referenced from entry9a.o(.ARM.Collect$$$$0000000B)
</UL>
<P>
<H3>
Global Symbols
</H3>
<P><STRONG><a name="[33b]"></a>CS_contextSave</STRONG> (Thumb, 82 bytes, Stack size 0 bytes, context_switch.o(. text), UNUSED)

<P><STRONG><a name="[262]"></a>CS_contextRestore</STRONG> (Thumb, 42 bytes, Stack size 0 bytes, context_switch.o(. text))
<BR><BR>[Called By]<UL><LI><a href="#[1fd]">&gt;&gt;</a>&nbsp;&nbsp;&nbsp;__low_level_init
</UL>

<P><STRONG><a name="[69]"></a>__main</STRONG> (Thumb, 0 bytes, Stack size unknown bytes, entry.o(.ARM.Collect$$$$00000000))
<BR><BR>[Called By]<UL><LI><a href="#[5]">&gt;&gt;</a>&nbsp;&nbsp;&nbsp;RESET_HANDLER
</UL>

<P><STRONG><a name="[33c]"></a>_main_stk</STRONG> (Thumb, 0 bytes, Stack size unknown bytes, entry3.o(.ARM.Collect$$$$00000002))

<P><STRONG><a name="[6a]"></a>_main_scatterload</STRONG> (Thumb, 0 bytes, Stack size unknown bytes, entry5.o(.ARM.Collect$$$$00000004))
<BR><BR>[Calls]<UL><LI><a href="#[6b]">&gt;&gt;</a>&nbsp;&nbsp;&nbsp;__scatterload
</UL>

<P><STRONG><a name="[80]"></a>__main_after_scatterload</STRONG> (Thumb, 0 bytes, Stack size unknown bytes, entry5.o(.ARM.Collect$$$$00000004))
<BR><BR>[Called By]<UL><LI><a href="#[6b]">&gt;&gt;</a>&nbsp;&nbsp;&nbsp;__scatterload
</UL>

<P><STRONG><a name="[33d]"></a>_main_clock</STRONG> (Thumb, 0 bytes, Stack size unknown bytes, entry7b.o(.ARM.Collect$$$$00000008))

<P><STRONG><a name="[33e]"></a>_main_cpp_init</STRONG> (Thumb, 0 bytes, Stack size unknown bytes, entry8b.o(.ARM.Collect$$$$0000000A))

<P><STRONG><a name="[33f]"></a>_main_init</STRONG> (Thumb, 0 bytes, Stack size unknown bytes, entry9a.o(.ARM.Collect$$$$0000000B))

<P><STRONG><a name="[340]"></a>__rt_final_cpp</STRONG> (Thumb, 0 bytes, Stack size unknown bytes, entry10a.o(.ARM.Collect$$$$0000000D))

<P><STRONG><a name="[341]"></a>__rt_final_exit</STRONG> (Thumb, 0 bytes, Stack size unknown bytes, entry11a.o(.ARM.Collect$$$$0000000F))

<P><STRONG><a name="[342]"></a>__aeabi_uidiv</STRONG> (Thumb, 0 bytes, Stack size 12 bytes, uidiv.o(.text), UNUSED)

<P><STRONG><a name="[15b]"></a>__aeabi_uidivmod</STRONG> (Thumb, 44 bytes, Stack size 12 bytes, uidiv.o(.text))
<BR><BR>[Stack]<UL><LI>Max Depth = 12<LI>Call Chain = __aeabi_uidivmod
</UL>
<BR>[Called By]<UL><LI><a href="#[23d]">&gt;&gt;</a>&nbsp;&nbsp;&nbsp;UART_Init
<LI><a href="#[113]">&gt;&gt;</a>&nbsp;&nbsp;&nbsp;LL_Create_Connection
<LI><a href="#[c4]">&gt;&gt;</a>&nbsp;&nbsp;&nbsp;Gatt_Process_Q
<LI><a href="#[273]">&gt;&gt;</a>&nbsp;&nbsp;&nbsp;aci_gatt_notification_event
<LI><a href="#[336]">&gt;&gt;</a>&nbsp;&nbsp;&nbsp;smp_sc_update_statistics_on_pairing_complete
<LI><a href="#[32d]">&gt;&gt;</a>&nbsp;&nbsp;&nbsp;smp_sc_SR_PairingRandom_Receive_sc_excerpt
<LI><a href="#[327]">&gt;&gt;</a>&nbsp;&nbsp;&nbsp;smp_sc_MI_PairingRandom_Receive_sc_excerpt2
<LI><a href="#[276]">&gt;&gt;</a>&nbsp;&nbsp;&nbsp;adapt_slot
<LI><a href="#[15c]">&gt;&gt;</a>&nbsp;&nbsp;&nbsp;Gatt_Super_Handler_Task7
<LI><a href="#[14e]">&gt;&gt;</a>&nbsp;&nbsp;&nbsp;Gatt_Super_Handler
<LI><a href="#[25f]">&gt;&gt;</a>&nbsp;&nbsp;&nbsp;_printf_core
</UL>

<P><STRONG><a name="[343]"></a>____aeabi_memcpy8$ret$move</STRONG> (Thumb, 0 bytes, Stack size 8 bytes, memmove.o(.text), UNUSED)

<P><STRONG><a name="[344]"></a>___aeabi_memmove$ret</STRONG> (Thumb, 0 bytes, Stack size 8 bytes, memmove.o(.text), UNUSED)

<P><STRONG><a name="[345]"></a>___aeabi_memmove8$ret</STRONG> (Thumb, 0 bytes, Stack size 8 bytes, memmove.o(.text), UNUSED)

<P><STRONG><a name="[148]"></a>__aeabi_memcpy</STRONG> (Thumb, 66 bytes, Stack size 8 bytes, memmove.o(.text))
<BR><BR>[Stack]<UL><LI>Max Depth = 8<LI>Call Chain = __aeabi_memcpy
</UL>
<BR>[Called By]<UL><LI><a href="#[135]">&gt;&gt;</a>&nbsp;&nbsp;&nbsp;Gatt_Read_Charac_By_Uuid
<LI><a href="#[14f]">&gt;&gt;</a>&nbsp;&nbsp;&nbsp;Gatt_Disc_Charac_By_Uuid
<LI><a href="#[11b]">&gt;&gt;</a>&nbsp;&nbsp;&nbsp;Gatt_Add_Service
<LI><a href="#[11c]">&gt;&gt;</a>&nbsp;&nbsp;&nbsp;Gatt_Add_Characteristic
</UL>

<P><STRONG><a name="[94]"></a>__aeabi_memcpy4</STRONG> (Thumb, 0 bytes, Stack size 8 bytes, memmove.o(.text))
<BR><BR>[Stack]<UL><LI>Max Depth = 8<LI>Call Chain = __aeabi_memcpy4
</UL>
<BR>[Called By]<UL><LI><a href="#[b6]">&gt;&gt;</a>&nbsp;&nbsp;&nbsp;PKA_SetData
<LI><a href="#[216]">&gt;&gt;</a>&nbsp;&nbsp;&nbsp;SMA_SC_Gen_f5_Keys
<LI><a href="#[322]">&gt;&gt;</a>&nbsp;&nbsp;&nbsp;smp_add_to_sdb
<LI><a href="#[2eb]">&gt;&gt;</a>&nbsp;&nbsp;&nbsp;smp_Determine_Key_Association_Method
<LI><a href="#[b8]">&gt;&gt;</a>&nbsp;&nbsp;&nbsp;BLEPLAT_PKA_Start_P256_Public_Key_Generation
<LI><a href="#[8c]">&gt;&gt;</a>&nbsp;&nbsp;&nbsp;APP_Tick
<LI><a href="#[f4]">&gt;&gt;</a>&nbsp;&nbsp;&nbsp;DeviceConfiguration
</UL>

<P><STRONG><a name="[1c3]"></a>__aeabi_memmove4</STRONG> (Thumb, 0 bytes, Stack size 8 bytes, memmove.o(.text))
<BR><BR>[Stack]<UL><LI>Max Depth = 8<LI>Call Chain = __aeabi_memmove4
</UL>
<BR>[Called By]<UL><LI><a href="#[1c4]">&gt;&gt;</a>&nbsp;&nbsp;&nbsp;Mem_Buff_Block_Write
<LI><a href="#[1c2]">&gt;&gt;</a>&nbsp;&nbsp;&nbsp;Mem_Buff_Block_Copy
</UL>

<P><STRONG><a name="[1cb]"></a>memcpy</STRONG> (Thumb, 0 bytes, Stack size 8 bytes, memmove.o(.text))
<BR><BR>[Stack]<UL><LI>Max Depth = 8<LI>Call Chain = memcpy
</UL>
<BR>[Called By]<UL><LI><a href="#[8e]">&gt;&gt;</a>&nbsp;&nbsp;&nbsp;Osal_MemCpy
</UL>

<P><STRONG><a name="[346]"></a>memmove</STRONG> (Thumb, 0 bytes, Stack size 8 bytes, memmove.o(.text), UNUSED)

<P><STRONG><a name="[6d]"></a>__aeabi_memset</STRONG> (Thumb, 14 bytes, Stack size 0 bytes, memseta.o(.text))
<BR><BR>[Called By]<UL><LI><a href="#[6e]">&gt;&gt;</a>&nbsp;&nbsp;&nbsp;memset
<LI><a href="#[6c]">&gt;&gt;</a>&nbsp;&nbsp;&nbsp;__aeabi_memclr
</UL>

<P><STRONG><a name="[347]"></a>__aeabi_memset4</STRONG> (Thumb, 0 bytes, Stack size 0 bytes, memseta.o(.text), UNUSED)

<P><STRONG><a name="[348]"></a>__aeabi_memset8</STRONG> (Thumb, 0 bytes, Stack size 0 bytes, memseta.o(.text), UNUSED)

<P><STRONG><a name="[6c]"></a>__aeabi_memclr</STRONG> (Thumb, 4 bytes, Stack size 0 bytes, memseta.o(.text), UNUSED)
<BR><BR>[Calls]<UL><LI><a href="#[6d]">&gt;&gt;</a>&nbsp;&nbsp;&nbsp;__aeabi_memset
</UL>

<P><STRONG><a name="[349]"></a>__aeabi_memclr4</STRONG> (Thumb, 0 bytes, Stack size 0 bytes, memseta.o(.text), UNUSED)

<P><STRONG><a name="[34a]"></a>__aeabi_memclr8</STRONG> (Thumb, 0 bytes, Stack size 0 bytes, memseta.o(.text), UNUSED)

<P><STRONG><a name="[6e]"></a>memset</STRONG> (Thumb, 18 bytes, Stack size 8 bytes, memseta.o(.text))
<BR><BR>[Stack]<UL><LI>Max Depth = 8<LI>Call Chain = memset
</UL>
<BR>[Calls]<UL><LI><a href="#[6d]">&gt;&gt;</a>&nbsp;&nbsp;&nbsp;__aeabi_memset
</UL>
<BR>[Called By]<UL><LI><a href="#[ff]">&gt;&gt;</a>&nbsp;&nbsp;&nbsp;Osal_MemSet
</UL>

<P><STRONG><a name="[1ca]"></a>memcmp</STRONG> (Thumb, 26 bytes, Stack size 12 bytes, memcmp.o(.text))
<BR><BR>[Stack]<UL><LI>Max Depth = 12<LI>Call Chain = memcmp
</UL>
<BR>[Called By]<UL><LI><a href="#[9e]">&gt;&gt;</a>&nbsp;&nbsp;&nbsp;Osal_MemCmp
<LI><a href="#[273]">&gt;&gt;</a>&nbsp;&nbsp;&nbsp;aci_gatt_notification_event
</UL>

<P><STRONG><a name="[83]"></a>__aeabi_uread4</STRONG> (Thumb, 20 bytes, Stack size 0 bytes, uread4.o(.text))
<BR><BR>[Called By]<UL><LI><a href="#[81]">&gt;&gt;</a>&nbsp;&nbsp;&nbsp;AES128ECB_Wrapper
<LI><a href="#[198]">&gt;&gt;</a>&nbsp;&nbsp;&nbsp;LL_Check_And_Set_Addresses
<LI><a href="#[273]">&gt;&gt;</a>&nbsp;&nbsp;&nbsp;aci_gatt_notification_event
<LI><a href="#[1df]">&gt;&gt;</a>&nbsp;&nbsp;&nbsp;PRIV_u32ProcessAdvPacket
<LI><a href="#[20f]">&gt;&gt;</a>&nbsp;&nbsp;&nbsp;Write_Client_Data
<LI><a href="#[82]">&gt;&gt;</a>&nbsp;&nbsp;&nbsp;AES_keyschedule_enc
<LI><a href="#[87]">&gt;&gt;</a>&nbsp;&nbsp;&nbsp;AES_CMAC_Encrypt_Append
</UL>

<P><STRONG><a name="[34b]"></a>__rt_uread4</STRONG> (Thumb, 0 bytes, Stack size 0 bytes, uread4.o(.text), UNUSED)

<P><STRONG><a name="[34c]"></a>_uread4</STRONG> (Thumb, 0 bytes, Stack size 0 bytes, uread4.o(.text), UNUSED)

<P><STRONG><a name="[6f]"></a>__aeabi_fdiv</STRONG> (Thumb, 124 bytes, Stack size 16 bytes, fdiv.o(.text))
<BR><BR>[Stack]<UL><LI>Max Depth = 16<LI>Call Chain = __aeabi_fdiv
</UL>
<BR>[Calls]<UL><LI><a href="#[70]">&gt;&gt;</a>&nbsp;&nbsp;&nbsp;_float_round
</UL>
<BR>[Called By]<UL><LI><a href="#[273]">&gt;&gt;</a>&nbsp;&nbsp;&nbsp;aci_gatt_notification_event
</UL>

<P><STRONG><a name="[71]"></a>__aeabi_dadd</STRONG> (Thumb, 328 bytes, Stack size 48 bytes, dadd.o(.text), UNUSED)
<BR><BR>[Calls]<UL><LI><a href="#[73]">&gt;&gt;</a>&nbsp;&nbsp;&nbsp;__aeabi_lasr
<LI><a href="#[72]">&gt;&gt;</a>&nbsp;&nbsp;&nbsp;__aeabi_llsl
<LI><a href="#[75]">&gt;&gt;</a>&nbsp;&nbsp;&nbsp;_double_round
<LI><a href="#[74]">&gt;&gt;</a>&nbsp;&nbsp;&nbsp;_double_epilogue
</UL>
<BR>[Called By]<UL><LI><a href="#[76]">&gt;&gt;</a>&nbsp;&nbsp;&nbsp;__aeabi_dsub
<LI><a href="#[77]">&gt;&gt;</a>&nbsp;&nbsp;&nbsp;__aeabi_drsub
<LI><a href="#[263]">&gt;&gt;</a>&nbsp;&nbsp;&nbsp;_fp_digits
</UL>

<P><STRONG><a name="[76]"></a>__aeabi_dsub</STRONG> (Thumb, 12 bytes, Stack size 8 bytes, dadd.o(.text), UNUSED)
<BR><BR>[Calls]<UL><LI><a href="#[71]">&gt;&gt;</a>&nbsp;&nbsp;&nbsp;__aeabi_dadd
</UL>

<P><STRONG><a name="[77]"></a>__aeabi_drsub</STRONG> (Thumb, 12 bytes, Stack size 8 bytes, dadd.o(.text), UNUSED)
<BR><BR>[Calls]<UL><LI><a href="#[71]">&gt;&gt;</a>&nbsp;&nbsp;&nbsp;__aeabi_dadd
</UL>

<P><STRONG><a name="[78]"></a>__aeabi_dmul</STRONG> (Thumb, 202 bytes, Stack size 72 bytes, dmul.o(.text), UNUSED)
<BR><BR>[Calls]<UL><LI><a href="#[74]">&gt;&gt;</a>&nbsp;&nbsp;&nbsp;_double_epilogue
</UL>
<BR>[Called By]<UL><LI><a href="#[263]">&gt;&gt;</a>&nbsp;&nbsp;&nbsp;_fp_digits
</UL>

<P><STRONG><a name="[79]"></a>__aeabi_ui2f</STRONG> (Thumb, 14 bytes, Stack size 8 bytes, ffltui.o(.text))
<BR><BR>[Stack]<UL><LI>Max Depth = 20<LI>Call Chain = __aeabi_ui2f &rArr; _float_epilogue
</UL>
<BR>[Calls]<UL><LI><a href="#[7a]">&gt;&gt;</a>&nbsp;&nbsp;&nbsp;_float_epilogue
</UL>
<BR>[Called By]<UL><LI><a href="#[273]">&gt;&gt;</a>&nbsp;&nbsp;&nbsp;aci_gatt_notification_event
</UL>

<P><STRONG><a name="[274]"></a>__aeabi_f2d</STRONG> (Thumb, 40 bytes, Stack size 0 bytes, f2d.o(.text))
<BR><BR>[Called By]<UL><LI><a href="#[273]">&gt;&gt;</a>&nbsp;&nbsp;&nbsp;aci_gatt_notification_event
</UL>

<P><STRONG><a name="[7b]"></a>__aeabi_uldivmod</STRONG> (Thumb, 96 bytes, Stack size 48 bytes, uldiv.o(.text), UNUSED)
<BR><BR>[Calls]<UL><LI><a href="#[7c]">&gt;&gt;</a>&nbsp;&nbsp;&nbsp;__aeabi_llsr
<LI><a href="#[72]">&gt;&gt;</a>&nbsp;&nbsp;&nbsp;__aeabi_llsl
</UL>
<BR>[Called By]<UL><LI><a href="#[25f]">&gt;&gt;</a>&nbsp;&nbsp;&nbsp;_printf_core
<LI><a href="#[263]">&gt;&gt;</a>&nbsp;&nbsp;&nbsp;_fp_digits
</UL>

<P><STRONG><a name="[72]"></a>__aeabi_llsl</STRONG> (Thumb, 32 bytes, Stack size 8 bytes, llshl.o(.text), UNUSED)
<BR><BR>[Called By]<UL><LI><a href="#[71]">&gt;&gt;</a>&nbsp;&nbsp;&nbsp;__aeabi_dadd
<LI><a href="#[7b]">&gt;&gt;</a>&nbsp;&nbsp;&nbsp;__aeabi_uldivmod
<LI><a href="#[74]">&gt;&gt;</a>&nbsp;&nbsp;&nbsp;_double_epilogue
<LI><a href="#[7f]">&gt;&gt;</a>&nbsp;&nbsp;&nbsp;__aeabi_d2ulz
</UL>

<P><STRONG><a name="[34d]"></a>_ll_shift_l</STRONG> (Thumb, 0 bytes, Stack size 8 bytes, llshl.o(.text), UNUSED)

<P><STRONG><a name="[73]"></a>__aeabi_lasr</STRONG> (Thumb, 38 bytes, Stack size 8 bytes, llsshr.o(.text), UNUSED)
<BR><BR>[Called By]<UL><LI><a href="#[71]">&gt;&gt;</a>&nbsp;&nbsp;&nbsp;__aeabi_dadd
</UL>

<P><STRONG><a name="[34e]"></a>_ll_sshift_r</STRONG> (Thumb, 0 bytes, Stack size 8 bytes, llsshr.o(.text), UNUSED)

<P><STRONG><a name="[34f]"></a>__I$use$fp</STRONG> (Thumb, 0 bytes, Stack size 0 bytes, iusefp.o(.text), UNUSED)

<P><STRONG><a name="[70]"></a>_float_round</STRONG> (Thumb, 16 bytes, Stack size 0 bytes, fepilogue.o(.text))
<BR><BR>[Called By]<UL><LI><a href="#[6f]">&gt;&gt;</a>&nbsp;&nbsp;&nbsp;__aeabi_fdiv
</UL>

<P><STRONG><a name="[7a]"></a>_float_epilogue</STRONG> (Thumb, 114 bytes, Stack size 12 bytes, fepilogue.o(.text))
<BR><BR>[Stack]<UL><LI>Max Depth = 12<LI>Call Chain = _float_epilogue
</UL>
<BR>[Called By]<UL><LI><a href="#[79]">&gt;&gt;</a>&nbsp;&nbsp;&nbsp;__aeabi_ui2f
</UL>

<P><STRONG><a name="[75]"></a>_double_round</STRONG> (Thumb, 26 bytes, Stack size 8 bytes, depilogue.o(.text), UNUSED)
<BR><BR>[Called By]<UL><LI><a href="#[71]">&gt;&gt;</a>&nbsp;&nbsp;&nbsp;__aeabi_dadd
<LI><a href="#[74]">&gt;&gt;</a>&nbsp;&nbsp;&nbsp;_double_epilogue
<LI><a href="#[7e]">&gt;&gt;</a>&nbsp;&nbsp;&nbsp;__aeabi_ddiv
</UL>

<P><STRONG><a name="[74]"></a>_double_epilogue</STRONG> (Thumb, 164 bytes, Stack size 48 bytes, depilogue.o(.text), UNUSED)
<BR><BR>[Calls]<UL><LI><a href="#[7c]">&gt;&gt;</a>&nbsp;&nbsp;&nbsp;__aeabi_llsr
<LI><a href="#[7d]">&gt;&gt;</a>&nbsp;&nbsp;&nbsp;__ARM_clz
<LI><a href="#[72]">&gt;&gt;</a>&nbsp;&nbsp;&nbsp;__aeabi_llsl
<LI><a href="#[75]">&gt;&gt;</a>&nbsp;&nbsp;&nbsp;_double_round
</UL>
<BR>[Called By]<UL><LI><a href="#[78]">&gt;&gt;</a>&nbsp;&nbsp;&nbsp;__aeabi_dmul
<LI><a href="#[71]">&gt;&gt;</a>&nbsp;&nbsp;&nbsp;__aeabi_dadd
</UL>

<P><STRONG><a name="[7e]"></a>__aeabi_ddiv</STRONG> (Thumb, 234 bytes, Stack size 40 bytes, ddiv.o(.text), UNUSED)
<BR><BR>[Calls]<UL><LI><a href="#[75]">&gt;&gt;</a>&nbsp;&nbsp;&nbsp;_double_round
</UL>
<BR>[Called By]<UL><LI><a href="#[263]">&gt;&gt;</a>&nbsp;&nbsp;&nbsp;_fp_digits
</UL>

<P><STRONG><a name="[7f]"></a>__aeabi_d2ulz</STRONG> (Thumb, 54 bytes, Stack size 8 bytes, dfixul.o(.text), UNUSED)
<BR><BR>[Calls]<UL><LI><a href="#[7c]">&gt;&gt;</a>&nbsp;&nbsp;&nbsp;__aeabi_llsr
<LI><a href="#[72]">&gt;&gt;</a>&nbsp;&nbsp;&nbsp;__aeabi_llsl
</UL>
<BR>[Called By]<UL><LI><a href="#[263]">&gt;&gt;</a>&nbsp;&nbsp;&nbsp;_fp_digits
</UL>

<P><STRONG><a name="[264]"></a>__aeabi_cdrcmple</STRONG> (Thumb, 38 bytes, Stack size 0 bytes, cdrcmple.o(.text), UNUSED)
<BR><BR>[Called By]<UL><LI><a href="#[263]">&gt;&gt;</a>&nbsp;&nbsp;&nbsp;_fp_digits
</UL>

<P><STRONG><a name="[6b]"></a>__scatterload</STRONG> (Thumb, 28 bytes, Stack size 0 bytes, init.o(.text))
<BR><BR>[Calls]<UL><LI><a href="#[80]">&gt;&gt;</a>&nbsp;&nbsp;&nbsp;__main_after_scatterload
</UL>
<BR>[Called By]<UL><LI><a href="#[6a]">&gt;&gt;</a>&nbsp;&nbsp;&nbsp;_main_scatterload
</UL>

<P><STRONG><a name="[350]"></a>__scatterload_rt2</STRONG> (Thumb, 0 bytes, Stack size 0 bytes, init.o(.text), UNUSED)

<P><STRONG><a name="[7c]"></a>__aeabi_llsr</STRONG> (Thumb, 34 bytes, Stack size 8 bytes, llushr.o(.text), UNUSED)
<BR><BR>[Called By]<UL><LI><a href="#[7b]">&gt;&gt;</a>&nbsp;&nbsp;&nbsp;__aeabi_uldivmod
<LI><a href="#[74]">&gt;&gt;</a>&nbsp;&nbsp;&nbsp;_double_epilogue
<LI><a href="#[7f]">&gt;&gt;</a>&nbsp;&nbsp;&nbsp;__aeabi_d2ulz
</UL>

<P><STRONG><a name="[351]"></a>_ll_ushift_r</STRONG> (Thumb, 0 bytes, Stack size 8 bytes, llushr.o(.text), UNUSED)

<P><STRONG><a name="[352]"></a>__decompress</STRONG> (Thumb, 0 bytes, Stack size unknown bytes, __dczerorl2.o(.text), UNUSED)

<P><STRONG><a name="[353]"></a>__decompress1</STRONG> (Thumb, 86 bytes, Stack size unknown bytes, __dczerorl2.o(.text), UNUSED)

<P><STRONG><a name="[11]"></a>ADC_Handler</STRONG> (Thumb, 2 bytes, Stack size 0 bytes, system_bluenrg1.o(i.ADC_Handler))
<BR>[Address Reference Count : 1]<UL><LI> system_bluenrg1.o(.intvec)
</UL>
<P><STRONG><a name="[81]"></a>AES128ECB_Wrapper</STRONG> (Thumb, 126 bytes, Stack size unknown bytes, aes128cmac.o(i.AES128ECB_Wrapper))
<BR><BR>[Stack]<UL><LI>Max Depth = 52 + Unknown Stack Size
<LI>Call Chain = AES128ECB_Wrapper &rArr; AES_keyschedule_enc &rArr; AES_keyschedule_enc_LL
</UL>
<BR>[Calls]<UL><LI><a href="#[82]">&gt;&gt;</a>&nbsp;&nbsp;&nbsp;AES_keyschedule_enc
<LI><a href="#[84]">&gt;&gt;</a>&nbsp;&nbsp;&nbsp;AES_general_SW_enc
<LI><a href="#[83]">&gt;&gt;</a>&nbsp;&nbsp;&nbsp;__aeabi_uread4
</UL>
<BR>[Called By]<UL><LI><a href="#[1ab]">&gt;&gt;</a>&nbsp;&nbsp;&nbsp;LL_Encrypt_Plain_Data
</UL>

<P><STRONG><a name="[85]"></a>AES_CMAC_Encrypt</STRONG> (Thumb, 58 bytes, Stack size unknown bytes, aes128cmac.o(i.AES_CMAC_Encrypt))
<BR><BR>[Stack]<UL><LI>Max Depth = 180 + Unknown Stack Size
<LI>Call Chain = AES_CMAC_Encrypt &rArr; AES_CMAC_Encrypt_Finish &rArr; AES_CMAC_Encrypt_Append &rArr; AES_general_enc &rArr; AES_general_SW_enc
</UL>
<BR>[Calls]<UL><LI><a href="#[86]">&gt;&gt;</a>&nbsp;&nbsp;&nbsp;AES_CMAC_Encrypt_Init
<LI><a href="#[88]">&gt;&gt;</a>&nbsp;&nbsp;&nbsp;AES_CMAC_Encrypt_Finish
<LI><a href="#[87]">&gt;&gt;</a>&nbsp;&nbsp;&nbsp;AES_CMAC_Encrypt_Append
</UL>
<BR>[Called By]<UL><LI><a href="#[217]">&gt;&gt;</a>&nbsp;&nbsp;&nbsp;SMA_SC_Gen_f6_Check_Val
<LI><a href="#[216]">&gt;&gt;</a>&nbsp;&nbsp;&nbsp;SMA_SC_Gen_f5_Keys
<LI><a href="#[218]">&gt;&gt;</a>&nbsp;&nbsp;&nbsp;SMA_SC_Gen_g2_NumComp_Val
<LI><a href="#[214]">&gt;&gt;</a>&nbsp;&nbsp;&nbsp;SMA_SC_Gen_f4_Confirm
</UL>

<P><STRONG><a name="[87]"></a>AES_CMAC_Encrypt_Append</STRONG> (Thumb, 640 bytes, Stack size 104 bytes, crypto.o(i.AES_CMAC_Encrypt_Append))
<BR><BR>[Stack]<UL><LI>Max Depth = 156<LI>Call Chain = AES_CMAC_Encrypt_Append &rArr; AES_general_enc &rArr; AES_general_SW_enc
</UL>
<BR>[Calls]<UL><LI><a href="#[83]">&gt;&gt;</a>&nbsp;&nbsp;&nbsp;__aeabi_uread4
<LI><a href="#[89]">&gt;&gt;</a>&nbsp;&nbsp;&nbsp;AES_general_enc
</UL>
<BR>[Called By]<UL><LI><a href="#[88]">&gt;&gt;</a>&nbsp;&nbsp;&nbsp;AES_CMAC_Encrypt_Finish
<LI><a href="#[85]">&gt;&gt;</a>&nbsp;&nbsp;&nbsp;AES_CMAC_Encrypt
</UL>

<P><STRONG><a name="[88]"></a>AES_CMAC_Encrypt_Finish</STRONG> (Thumb, 104 bytes, Stack size 24 bytes, crypto.o(i.AES_CMAC_Encrypt_Finish))
<BR><BR>[Stack]<UL><LI>Max Depth = 180<LI>Call Chain = AES_CMAC_Encrypt_Finish &rArr; AES_CMAC_Encrypt_Append &rArr; AES_general_enc &rArr; AES_general_SW_enc
</UL>
<BR>[Calls]<UL><LI><a href="#[87]">&gt;&gt;</a>&nbsp;&nbsp;&nbsp;AES_CMAC_Encrypt_Append
</UL>
<BR>[Called By]<UL><LI><a href="#[85]">&gt;&gt;</a>&nbsp;&nbsp;&nbsp;AES_CMAC_Encrypt
</UL>

<P><STRONG><a name="[86]"></a>AES_CMAC_Encrypt_Init</STRONG> (Thumb, 52 bytes, Stack size 8 bytes, crypto.o(i.AES_CMAC_Encrypt_Init))
<BR><BR>[Stack]<UL><LI>Max Depth = 84<LI>Call Chain = AES_CMAC_Encrypt_Init &rArr; AESstdInit &rArr; AES_keyschedule_enc &rArr; AES_keyschedule_enc_LL
</UL>
<BR>[Calls]<UL><LI><a href="#[8a]">&gt;&gt;</a>&nbsp;&nbsp;&nbsp;AESstdInit
</UL>
<BR>[Called By]<UL><LI><a href="#[85]">&gt;&gt;</a>&nbsp;&nbsp;&nbsp;AES_CMAC_Encrypt
</UL>

<P><STRONG><a name="[84]"></a>AES_general_SW_enc</STRONG> (Thumb, 600 bytes, Stack size 48 bytes, crypto.o(i.AES_general_SW_enc))
<BR><BR>[Stack]<UL><LI>Max Depth = 48<LI>Call Chain = AES_general_SW_enc
</UL>
<BR>[Called By]<UL><LI><a href="#[81]">&gt;&gt;</a>&nbsp;&nbsp;&nbsp;AES128ECB_Wrapper
<LI><a href="#[89]">&gt;&gt;</a>&nbsp;&nbsp;&nbsp;AES_general_enc
</UL>

<P><STRONG><a name="[82]"></a>AES_keyschedule_enc</STRONG> (Thumb, 54 bytes, Stack size 32 bytes, crypto.o(i.AES_keyschedule_enc))
<BR><BR>[Stack]<UL><LI>Max Depth = 52<LI>Call Chain = AES_keyschedule_enc &rArr; AES_keyschedule_enc_LL
</UL>
<BR>[Calls]<UL><LI><a href="#[83]">&gt;&gt;</a>&nbsp;&nbsp;&nbsp;__aeabi_uread4
<LI><a href="#[8b]">&gt;&gt;</a>&nbsp;&nbsp;&nbsp;AES_keyschedule_enc_LL
</UL>
<BR>[Called By]<UL><LI><a href="#[81]">&gt;&gt;</a>&nbsp;&nbsp;&nbsp;AES128ECB_Wrapper
<LI><a href="#[8a]">&gt;&gt;</a>&nbsp;&nbsp;&nbsp;AESstdInit
</UL>

<P><STRONG><a name="[8c]"></a>APP_Tick</STRONG> (Thumb, 372 bytes, Stack size 32 bytes, throughput.o(i.APP_Tick))
<BR><BR>[Stack]<UL><LI>Max Depth = 196 + Unknown Stack Size
<LI>Call Chain = APP_Tick &rArr; Make_Connection &rArr; aci_gap_create_connection &rArr; aci_gap_create_connection_api &rArr; GAP_Create_Connection &rArr; LL_Create_Connection &rArr; LL_Check_And_Set_Addresses &rArr; PRIV_vGeneratePrivateAddress_ucfg &rArr; PRIV_vGeneratePrivateAddress &rArr; LL_Encrypt_Plain_Data &rArr; AES128ECB_Wrapper &rArr; AES_keyschedule_enc &rArr; AES_keyschedule_enc_LL
</UL>
<BR>[Calls]<UL><LI><a href="#[8e]">&gt;&gt;</a>&nbsp;&nbsp;&nbsp;Osal_MemCpy
<LI><a href="#[91]">&gt;&gt;</a>&nbsp;&nbsp;&nbsp;Timer_Set
<LI><a href="#[92]">&gt;&gt;</a>&nbsp;&nbsp;&nbsp;Timer_Expired
<LI><a href="#[95]">&gt;&gt;</a>&nbsp;&nbsp;&nbsp;aci_gatt_write_without_resp
<LI><a href="#[93]">&gt;&gt;</a>&nbsp;&nbsp;&nbsp;aci_gatt_write_char_desc
<LI><a href="#[8f]">&gt;&gt;</a>&nbsp;&nbsp;&nbsp;aci_gatt_disc_char_by_uuid
<LI><a href="#[8d]">&gt;&gt;</a>&nbsp;&nbsp;&nbsp;Make_Connection
<LI><a href="#[90]">&gt;&gt;</a>&nbsp;&nbsp;&nbsp;__2printf
<LI><a href="#[94]">&gt;&gt;</a>&nbsp;&nbsp;&nbsp;__aeabi_memcpy4
</UL>
<BR>[Called By]<UL><LI><a href="#[1b]">&gt;&gt;</a>&nbsp;&nbsp;&nbsp;main
</UL>

<P><STRONG><a name="[96]"></a>ATT_fill_error_resp</STRONG> (Thumb, 38 bytes, Stack size unknown bytes, att.o(i.ATT_fill_error_resp))
<BR><BR>[Stack]<UL><LI>Max Depth = 16 + Unknown Stack Size
<LI>Call Chain = ATT_fill_error_resp &rArr; Osal_MemCpy &rArr; memcpy
</UL>
<BR>[Calls]<UL><LI><a href="#[8e]">&gt;&gt;</a>&nbsp;&nbsp;&nbsp;Osal_MemCpy
</UL>
<BR>[Called By]<UL><LI><a href="#[1f4]">&gt;&gt;</a>&nbsp;&nbsp;&nbsp;Write_Resp
<LI><a href="#[1f0]">&gt;&gt;</a>&nbsp;&nbsp;&nbsp;Read_Resp
<LI><a href="#[1f2]">&gt;&gt;</a>&nbsp;&nbsp;&nbsp;Read_Multi_Resp
<LI><a href="#[1ef]">&gt;&gt;</a>&nbsp;&nbsp;&nbsp;Read_By_Type_Resp
<LI><a href="#[1f3]">&gt;&gt;</a>&nbsp;&nbsp;&nbsp;Read_By_Grp_Type_Resp
<LI><a href="#[1f1]">&gt;&gt;</a>&nbsp;&nbsp;&nbsp;Read_Blob_Resp
<LI><a href="#[1ed]">&gt;&gt;</a>&nbsp;&nbsp;&nbsp;Prepare_Write_Resp
<LI><a href="#[10c]">&gt;&gt;</a>&nbsp;&nbsp;&nbsp;Find_Info_Resp
<LI><a href="#[109]">&gt;&gt;</a>&nbsp;&nbsp;&nbsp;Find_By_Type_Val_Resp
<LI><a href="#[101]">&gt;&gt;</a>&nbsp;&nbsp;&nbsp;Exec_Write_Resp
<LI><a href="#[100]">&gt;&gt;</a>&nbsp;&nbsp;&nbsp;Exchg_Mtu_Resp
<LI><a href="#[157]">&gt;&gt;</a>&nbsp;&nbsp;&nbsp;Process_Peer_Client_Data
<LI><a href="#[161]">&gt;&gt;</a>&nbsp;&nbsp;&nbsp;Gatt_Server_L2C_Handler
</UL>

<P><STRONG><a name="[9c]"></a>Accu_Handles_Requiring_Auth</STRONG> (Thumb, 110 bytes, Stack size unknown bytes, rom_att.o(i.Accu_Handles_Requiring_Auth))
<BR><BR>[Stack]<UL><LI>Max Depth = 16 + Unknown Stack Size
<LI>Call Chain = Accu_Handles_Requiring_Auth &rArr; Osal_MemCpy &rArr; memcpy
</UL>
<BR>[Calls]<UL><LI><a href="#[8e]">&gt;&gt;</a>&nbsp;&nbsp;&nbsp;Osal_MemCpy
<LI><a href="#[9b]">&gt;&gt;</a>&nbsp;&nbsp;&nbsp;Gatt_search_handle
<LI><a href="#[9a]">&gt;&gt;</a>&nbsp;&nbsp;&nbsp;Gatt_Find_Srv_Owner_Of_Handle
</UL>
<BR>[Called By]<UL><LI><a href="#[1f2]">&gt;&gt;</a>&nbsp;&nbsp;&nbsp;Read_Multi_Resp
</UL>

<P><STRONG><a name="[9d]"></a>Accu_UuidTypes_Requiring_Auth</STRONG> (Thumb, 234 bytes, Stack size unknown bytes, rom_att.o(i.Accu_UuidTypes_Requiring_Auth))
<BR><BR>[Stack]<UL><LI>Max Depth = 20 + Unknown Stack Size
<LI>Call Chain = Accu_UuidTypes_Requiring_Auth &rArr; Osal_MemCmp &rArr; memcmp
</UL>
<BR>[Calls]<UL><LI><a href="#[8e]">&gt;&gt;</a>&nbsp;&nbsp;&nbsp;Osal_MemCpy
<LI><a href="#[9e]">&gt;&gt;</a>&nbsp;&nbsp;&nbsp;Osal_MemCmp
<LI><a href="#[9a]">&gt;&gt;</a>&nbsp;&nbsp;&nbsp;Gatt_Find_Srv_Owner_Of_Handle
</UL>
<BR>[Called By]<UL><LI><a href="#[1ef]">&gt;&gt;</a>&nbsp;&nbsp;&nbsp;Read_By_Type_Resp
</UL>

<P><STRONG><a name="[ce]"></a>Acl_Init</STRONG> (Thumb, 26 bytes, Stack size unknown bytes, acl.o(i.Acl_Init))
<BR><BR>[Called By]<UL><LI><a href="#[ca]">&gt;&gt;</a>&nbsp;&nbsp;&nbsp;BlueNRG_Stack_Initialize_Layers
</UL>

<P><STRONG><a name="[9f]"></a>Acl_Rcv_Pkt_Handler</STRONG> (Thumb, 56 bytes, Stack size unknown bytes, acl.o(i.Acl_Rcv_Pkt_Handler))
<BR><BR>[Calls]<UL><LI><a href="#[a0]">&gt;&gt;</a>&nbsp;&nbsp;&nbsp;aci_event_fifo_push_header
<LI><a href="#[a1]">&gt;&gt;</a>&nbsp;&nbsp;&nbsp;aci_event_fifo_push
</UL>
<BR>[Called By]<UL><LI><a href="#[1fb]">&gt;&gt;</a>&nbsp;&nbsp;&nbsp;isr_event_handler
</UL>

<P><STRONG><a name="[a2]"></a>Acl_Transmit_Data</STRONG> (Thumb, 92 bytes, Stack size unknown bytes, acl.o(i.Acl_Transmit_Data))
<BR><BR>[Stack]<UL><LI>Max Depth = 56 + Unknown Stack Size
<LI>Call Chain = Acl_Transmit_Data &rArr; advance_wakeup_timer &rArr; cancel_master &rArr; isr_event_handler &rArr; PRIV_vGenerate_hci_le_enhanced_connection_complete_event_ucfg &rArr; PRIV_vGenerate_hci_le_enhanced_connection_complete_event &rArr; Osal_MemCpy &rArr; memcpy
</UL>
<BR>[Calls]<UL><LI><a href="#[a5]">&gt;&gt;</a>&nbsp;&nbsp;&nbsp;is_slave
<LI><a href="#[a4]">&gt;&gt;</a>&nbsp;&nbsp;&nbsp;get_connection_no
<LI><a href="#[a6]">&gt;&gt;</a>&nbsp;&nbsp;&nbsp;slave_advance
<LI><a href="#[a7]">&gt;&gt;</a>&nbsp;&nbsp;&nbsp;advance_wakeup_timer
<LI><a href="#[a3]">&gt;&gt;</a>&nbsp;&nbsp;&nbsp;LL_Send_ACL_Data
</UL>
<BR>[Called By]<UL><LI><a href="#[13f]">&gt;&gt;</a>&nbsp;&nbsp;&nbsp;L2C_Send_Data
<LI><a href="#[be]">&gt;&gt;</a>&nbsp;&nbsp;&nbsp;hci_acl_Process_Q
</UL>

<P><STRONG><a name="[a8]"></a>Acl_Tx_Cmpl_Pkt_Handler</STRONG> (Thumb, 64 bytes, Stack size unknown bytes, acl.o(i.Acl_Tx_Cmpl_Pkt_Handler))
<BR><BR>[Calls]<UL><LI><a href="#[a0]">&gt;&gt;</a>&nbsp;&nbsp;&nbsp;aci_event_fifo_push_header
<LI><a href="#[a1]">&gt;&gt;</a>&nbsp;&nbsp;&nbsp;aci_event_fifo_push
</UL>
<BR>[Called By]<UL><LI><a href="#[1fb]">&gt;&gt;</a>&nbsp;&nbsp;&nbsp;isr_event_handler
</UL>

<P><STRONG><a name="[a9]"></a>Att_Check_Perms</STRONG> (Thumb, 80 bytes, Stack size unknown bytes, att.o(i.Att_Check_Perms))
<BR><BR>[Calls]<UL><LI><a href="#[aa]">&gt;&gt;</a>&nbsp;&nbsp;&nbsp;SM_Get_Remote_Device_Info
<LI><a href="#[ab]">&gt;&gt;</a>&nbsp;&nbsp;&nbsp;Check_Permission
</UL>
<BR>[Called By]<UL><LI><a href="#[171]">&gt;&gt;</a>&nbsp;&nbsp;&nbsp;Gatt_Update_Charac_Value_Ext
<LI><a href="#[e0]">&gt;&gt;</a>&nbsp;&nbsp;&nbsp;CheckSecForSignedWrite
<LI><a href="#[1f4]">&gt;&gt;</a>&nbsp;&nbsp;&nbsp;Write_Resp
<LI><a href="#[1f0]">&gt;&gt;</a>&nbsp;&nbsp;&nbsp;Read_Resp
<LI><a href="#[1f2]">&gt;&gt;</a>&nbsp;&nbsp;&nbsp;Read_Multi_Resp
<LI><a href="#[1ef]">&gt;&gt;</a>&nbsp;&nbsp;&nbsp;Read_By_Type_Resp
<LI><a href="#[1f1]">&gt;&gt;</a>&nbsp;&nbsp;&nbsp;Read_Blob_Resp
<LI><a href="#[1ed]">&gt;&gt;</a>&nbsp;&nbsp;&nbsp;Prepare_Write_Resp
<LI><a href="#[109]">&gt;&gt;</a>&nbsp;&nbsp;&nbsp;Find_By_Type_Val_Resp
</UL>

<P><STRONG><a name="[ac]"></a>Att_Send_Find_By_Typ_Val_Req_Pdu</STRONG> (Thumb, 134 bytes, Stack size unknown bytes, rom_att.o(i.Att_Send_Find_By_Typ_Val_Req_Pdu))
<BR><BR>[Stack]<UL><LI>Max Depth = 16 + Unknown Stack Size
<LI>Call Chain = Att_Send_Find_By_Typ_Val_Req_Pdu &rArr; Osal_MemCpy &rArr; memcpy
</UL>
<BR>[Calls]<UL><LI><a href="#[8e]">&gt;&gt;</a>&nbsp;&nbsp;&nbsp;Osal_MemCpy
<LI><a href="#[98]">&gt;&gt;</a>&nbsp;&nbsp;&nbsp;PM_Write_Pckt_Data
<LI><a href="#[ad]">&gt;&gt;</a>&nbsp;&nbsp;&nbsp;Pm_Resize_Host_Acl_Pckt
</UL>
<BR>[Called By]<UL><LI><a href="#[14e]">&gt;&gt;</a>&nbsp;&nbsp;&nbsp;Gatt_Super_Handler
</UL>

<P><STRONG><a name="[ae]"></a>Att_Send_Find_Info_Req_Pdu</STRONG> (Thumb, 80 bytes, Stack size unknown bytes, rom_att.o(i.Att_Send_Find_Info_Req_Pdu))
<BR><BR>[Stack]<UL><LI>Max Depth = 16 + Unknown Stack Size
<LI>Call Chain = Att_Send_Find_Info_Req_Pdu &rArr; Osal_MemCpy &rArr; memcpy
</UL>
<BR>[Calls]<UL><LI><a href="#[8e]">&gt;&gt;</a>&nbsp;&nbsp;&nbsp;Osal_MemCpy
</UL>
<BR>[Called By]<UL><LI><a href="#[14e]">&gt;&gt;</a>&nbsp;&nbsp;&nbsp;Gatt_Super_Handler
</UL>

<P><STRONG><a name="[af]"></a>Att_Send_Read_Blob_Req_Pdu</STRONG> (Thumb, 72 bytes, Stack size unknown bytes, rom_att.o(i.Att_Send_Read_Blob_Req_Pdu))
<BR><BR>[Stack]<UL><LI>Max Depth = 16 + Unknown Stack Size
<LI>Call Chain = Att_Send_Read_Blob_Req_Pdu &rArr; Osal_MemCpy &rArr; memcpy
</UL>
<BR>[Calls]<UL><LI><a href="#[8e]">&gt;&gt;</a>&nbsp;&nbsp;&nbsp;Osal_MemCpy
</UL>
<BR>[Called By]<UL><LI><a href="#[15c]">&gt;&gt;</a>&nbsp;&nbsp;&nbsp;Gatt_Super_Handler_Task7
</UL>

<P><STRONG><a name="[b0]"></a>Att_Send_Read_By_Grp_Typ_Req_Pdu</STRONG> (Thumb, 118 bytes, Stack size unknown bytes, rom_att.o(i.Att_Send_Read_By_Grp_Typ_Req_Pdu))
<BR><BR>[Stack]<UL><LI>Max Depth = 16 + Unknown Stack Size
<LI>Call Chain = Att_Send_Read_By_Grp_Typ_Req_Pdu &rArr; Osal_MemCpy &rArr; memcpy
</UL>
<BR>[Calls]<UL><LI><a href="#[8e]">&gt;&gt;</a>&nbsp;&nbsp;&nbsp;Osal_MemCpy
<LI><a href="#[98]">&gt;&gt;</a>&nbsp;&nbsp;&nbsp;PM_Write_Pckt_Data
</UL>
<BR>[Called By]<UL><LI><a href="#[14e]">&gt;&gt;</a>&nbsp;&nbsp;&nbsp;Gatt_Super_Handler
</UL>

<P><STRONG><a name="[b1]"></a>Att_Send_Read_By_Typ_Req_Pdu</STRONG> (Thumb, 118 bytes, Stack size unknown bytes, rom_att.o(i.Att_Send_Read_By_Typ_Req_Pdu))
<BR><BR>[Stack]<UL><LI>Max Depth = 16 + Unknown Stack Size
<LI>Call Chain = Att_Send_Read_By_Typ_Req_Pdu &rArr; Osal_MemCpy &rArr; memcpy
</UL>
<BR>[Calls]<UL><LI><a href="#[8e]">&gt;&gt;</a>&nbsp;&nbsp;&nbsp;Osal_MemCpy
<LI><a href="#[98]">&gt;&gt;</a>&nbsp;&nbsp;&nbsp;PM_Write_Pckt_Data
</UL>
<BR>[Called By]<UL><LI><a href="#[135]">&gt;&gt;</a>&nbsp;&nbsp;&nbsp;Gatt_Read_Charac_By_Uuid
<LI><a href="#[14f]">&gt;&gt;</a>&nbsp;&nbsp;&nbsp;Gatt_Disc_Charac_By_Uuid
<LI><a href="#[14e]">&gt;&gt;</a>&nbsp;&nbsp;&nbsp;Gatt_Super_Handler
</UL>

[...]
<BR><BR>[Calls]<UL><LI><a href="#[27d]">&gt;&gt;</a>&nbsp;&nbsp;&nbsp;le4ByteToInt32
</UL>
<BR>[Called By]<UL><LI><a href="#[19d]">&gt;&gt;</a>&nbsp;&nbsp;&nbsp;LL_Set_OwnAddress
<LI><a href="#[19c]">&gt;&gt;</a>&nbsp;&nbsp;&nbsp;LL_Set_DirectAddress
</UL>

<P><STRONG><a name="[1ae]"></a>int32ToLe4Byte</STRONG> (Thumb, 16 bytes, Stack size unknown bytes, rom_ll_ll_routines.o(i.int32ToLe4Byte))
<BR><BR>[Called By]<UL><LI><a href="#[197]">&gt;&gt;</a>&nbsp;&nbsp;&nbsp;LL_Get_Address
</UL>

<P><STRONG><a name="[27d]"></a>le4ByteToInt32</STRONG> (Thumb, 22 bytes, Stack size unknown bytes, rom_ll_ll_routines.o(i.le4ByteToInt32))
<BR><BR>[Called By]<UL><LI><a href="#[1b7]">&gt;&gt;</a>&nbsp;&nbsp;&nbsp;addr_u32_from_u8
</UL>

<P><STRONG><a name="[f9]"></a>Erase_Sector</STRONG> (Thumb, 14 bytes, Stack size unknown bytes, sdb.o(i.Erase_Sector))
<BR><BR>[Stack]<UL><LI>Max Depth = 4 + Unknown Stack Size
<LI>Call Chain = Erase_Sector &rArr; FLASH_ErasePage
</UL>
<BR>[Calls]<UL><LI><a href="#[fa]">&gt;&gt;</a>&nbsp;&nbsp;&nbsp;FLASH_ErasePage
</UL>
<BR>[Called By]<UL><LI><a href="#[206]">&gt;&gt;</a>&nbsp;&nbsp;&nbsp;sdb_delete
</UL>

<P><STRONG><a name="[20f]"></a>Write_Client_Data</STRONG> (Thumb, 424 bytes, Stack size unknown bytes, sdb.o(i.Write_Client_Data))
<BR><BR>[Stack]<UL><LI>Max Depth = 20 + Unknown Stack Size
<LI>Call Chain = Write_Client_Data &rArr; Osal_MemCmp &rArr; memcmp
</UL>
<BR>[Calls]<UL><LI><a href="#[ff]">&gt;&gt;</a>&nbsp;&nbsp;&nbsp;Osal_MemSet
<LI><a href="#[9e]">&gt;&gt;</a>&nbsp;&nbsp;&nbsp;Osal_MemCmp
<LI><a href="#[204]">&gt;&gt;</a>&nbsp;&nbsp;&nbsp;sdb_read_record_validity
<LI><a href="#[207]">&gt;&gt;</a>&nbsp;&nbsp;&nbsp;sdb_invalidate_record
<LI><a href="#[255]">&gt;&gt;</a>&nbsp;&nbsp;&nbsp;sdb_get_gatt_db_start_address
<LI><a href="#[256]">&gt;&gt;</a>&nbsp;&nbsp;&nbsp;int32ToLe4Byte
<LI><a href="#[10d]">&gt;&gt;</a>&nbsp;&nbsp;&nbsp;Flash_Write_Flagged
<LI><a href="#[83]">&gt;&gt;</a>&nbsp;&nbsp;&nbsp;__aeabi_uread4
</UL>
<BR>[Called By]<UL><LI><a href="#[206]">&gt;&gt;</a>&nbsp;&nbsp;&nbsp;sdb_delete
<LI><a href="#[167]">&gt;&gt;</a>&nbsp;&nbsp;&nbsp;SDB_flash_write_client_data
</UL>

<P><STRONG><a name="[256]"></a>int32ToLe4Byte</STRONG> (Thumb, 16 bytes, Stack size unknown bytes, sdb.o(i.int32ToLe4Byte))
<BR><BR>[Called By]<UL><LI><a href="#[205]">&gt;&gt;</a>&nbsp;&nbsp;&nbsp;sdb_read_record
<LI><a href="#[210]">&gt;&gt;</a>&nbsp;&nbsp;&nbsp;sdb_find_client_data
<LI><a href="#[20f]">&gt;&gt;</a>&nbsp;&nbsp;&nbsp;Write_Client_Data
</UL>

<P><STRONG><a name="[206]"></a>sdb_delete</STRONG> (Thumb, 352 bytes, Stack size unknown bytes, sdb.o(i.sdb_delete))
<BR><BR>[Stack]<UL><LI>Max Depth = 20 + Unknown Stack Size
<LI>Call Chain = sdb_delete &rArr; sdb_find_client_data &rArr; Osal_MemCmp &rArr; memcmp
</UL>
<BR>[Calls]<UL><LI><a href="#[fa]">&gt;&gt;</a>&nbsp;&nbsp;&nbsp;FLASH_ErasePage
<LI><a href="#[208]">&gt;&gt;</a>&nbsp;&nbsp;&nbsp;sdb_write_record
<LI><a href="#[204]">&gt;&gt;</a>&nbsp;&nbsp;&nbsp;sdb_read_record_validity
<LI><a href="#[205]">&gt;&gt;</a>&nbsp;&nbsp;&nbsp;sdb_read_record
<LI><a href="#[210]">&gt;&gt;</a>&nbsp;&nbsp;&nbsp;sdb_find_client_data
<LI><a href="#[20f]">&gt;&gt;</a>&nbsp;&nbsp;&nbsp;Write_Client_Data
<LI><a href="#[f9]">&gt;&gt;</a>&nbsp;&nbsp;&nbsp;Erase_Sector
</UL>
<BR>[Called By]<UL><LI><a href="#[203]">&gt;&gt;</a>&nbsp;&nbsp;&nbsp;SDB_Add_Record
<LI><a href="#[167]">&gt;&gt;</a>&nbsp;&nbsp;&nbsp;SDB_flash_write_client_data
</UL>

<P><STRONG><a name="[210]"></a>sdb_find_client_data</STRONG> (Thumb, 196 bytes, Stack size unknown bytes, sdb.o(i.sdb_find_client_data))
<BR><BR>[Stack]<UL><LI>Max Depth = 20 + Unknown Stack Size
<LI>Call Chain = sdb_find_client_data &rArr; Osal_MemCmp &rArr; memcmp
</UL>
<BR>[Calls]<UL><LI><a href="#[9e]">&gt;&gt;</a>&nbsp;&nbsp;&nbsp;Osal_MemCmp
<LI><a href="#[204]">&gt;&gt;</a>&nbsp;&nbsp;&nbsp;sdb_read_record_validity
<LI><a href="#[255]">&gt;&gt;</a>&nbsp;&nbsp;&nbsp;sdb_get_gatt_db_start_address
<LI><a href="#[256]">&gt;&gt;</a>&nbsp;&nbsp;&nbsp;int32ToLe4Byte
</UL>
<BR>[Called By]<UL><LI><a href="#[206]">&gt;&gt;</a>&nbsp;&nbsp;&nbsp;sdb_delete
<LI><a href="#[e2]">&gt;&gt;</a>&nbsp;&nbsp;&nbsp;SDB_read_peer_bonded_data
</UL>

<P><STRONG><a name="[255]"></a>sdb_get_gatt_db_start_address</STRONG> (Thumb, 18 bytes, Stack size unknown bytes, sdb.o(i.sdb_get_gatt_db_start_address))
<BR><BR>[Called By]<UL><LI><a href="#[210]">&gt;&gt;</a>&nbsp;&nbsp;&nbsp;sdb_find_client_data
<LI><a href="#[20f]">&gt;&gt;</a>&nbsp;&nbsp;&nbsp;Write_Client_Data
</UL>

<P><STRONG><a name="[207]"></a>sdb_invalidate_record</STRONG> (Thumb, 26 bytes, Stack size unknown bytes, sdb.o(i.sdb_invalidate_record))
<BR><BR>[Stack]<UL><LI>Max Depth = 4 + Unknown Stack Size
<LI>Call Chain = sdb_invalidate_record &rArr; FLASH_ProgramWord
</UL>
<BR>[Calls]<UL><LI><a href="#[108]">&gt;&gt;</a>&nbsp;&nbsp;&nbsp;FLASH_ProgramWord
</UL>
<BR>[Called By]<UL><LI><a href="#[203]">&gt;&gt;</a>&nbsp;&nbsp;&nbsp;SDB_Add_Record
<LI><a href="#[20f]">&gt;&gt;</a>&nbsp;&nbsp;&nbsp;Write_Client_Data
</UL>

<P><STRONG><a name="[205]"></a>sdb_read_record</STRONG> (Thumb, 32 bytes, Stack size unknown bytes, sdb.o(i.sdb_read_record))
<BR><BR>[Calls]<UL><LI><a href="#[256]">&gt;&gt;</a>&nbsp;&nbsp;&nbsp;int32ToLe4Byte
</UL>
<BR>[Called By]<UL><LI><a href="#[209]">&gt;&gt;</a>&nbsp;&nbsp;&nbsp;SDB_Find_Matching_LTK
<LI><a href="#[20d]">&gt;&gt;</a>&nbsp;&nbsp;&nbsp;SDB_Find_Record
<LI><a href="#[203]">&gt;&gt;</a>&nbsp;&nbsp;&nbsp;SDB_Add_Record
<LI><a href="#[206]">&gt;&gt;</a>&nbsp;&nbsp;&nbsp;sdb_delete
<LI><a href="#[167]">&gt;&gt;</a>&nbsp;&nbsp;&nbsp;SDB_flash_write_client_data
</UL>

<P><STRONG><a name="[204]"></a>sdb_read_record_validity</STRONG> (Thumb, 12 bytes, Stack size unknown bytes, sdb.o(i.sdb_read_record_validity))
<BR><BR>[Called By]<UL><LI><a href="#[127]">&gt;&gt;</a>&nbsp;&nbsp;&nbsp;SDB_Get_Number_Of_Valid_Records
<LI><a href="#[209]">&gt;&gt;</a>&nbsp;&nbsp;&nbsp;SDB_Find_Matching_LTK
<LI><a href="#[20d]">&gt;&gt;</a>&nbsp;&nbsp;&nbsp;SDB_Find_Record
<LI><a href="#[203]">&gt;&gt;</a>&nbsp;&nbsp;&nbsp;SDB_Add_Record
<LI><a href="#[210]">&gt;&gt;</a>&nbsp;&nbsp;&nbsp;sdb_find_client_data
<LI><a href="#[206]">&gt;&gt;</a>&nbsp;&nbsp;&nbsp;sdb_delete
<LI><a href="#[20f]">&gt;&gt;</a>&nbsp;&nbsp;&nbsp;Write_Client_Data
<LI><a href="#[167]">&gt;&gt;</a>&nbsp;&nbsp;&nbsp;SDB_flash_write_client_data
</UL>

<P><STRONG><a name="[208]"></a>sdb_write_record</STRONG> (Thumb, 120 bytes, Stack size unknown bytes, sdb.o(i.sdb_write_record))
<BR><BR>[Stack]<UL><LI>Max Depth = 4 + Unknown Stack Size
<LI>Call Chain = sdb_write_record &rArr; Flash_Write_Flagged &rArr; FLASH_ProgramWord
</UL>
<BR>[Calls]<UL><LI><a href="#[250]">&gt;&gt;</a>&nbsp;&nbsp;&nbsp;system_time_trans
<LI><a href="#[2e7]">&gt;&gt;</a>&nbsp;&nbsp;&nbsp;Delay_With_NOP_Cycles
<LI><a href="#[10d]">&gt;&gt;</a>&nbsp;&nbsp;&nbsp;Flash_Write_Flagged
</UL>
<BR>[Called By]<UL><LI><a href="#[203]">&gt;&gt;</a>&nbsp;&nbsp;&nbsp;SDB_Add_Record
<LI><a href="#[206]">&gt;&gt;</a>&nbsp;&nbsp;&nbsp;sdb_delete
</UL>

<P><STRONG><a name="[232]"></a>sma_Calculate_Hash</STRONG> (Thumb, 56 bytes, Stack size unknown bytes, smp_algo_sap.o(i.sma_Calculate_Hash))
<BR><BR>[Stack]<UL><LI>Max Depth = 60 + Unknown Stack Size
<LI>Call Chain = sma_Calculate_Hash &rArr; LL_Encrypt_Plain_Data_ucfg &rArr; LL_Encrypt_Plain_Data &rArr; AES128ECB_Wrapper &rArr; AES_keyschedule_enc &rArr; AES_keyschedule_enc_LL
</UL>
<BR>[Calls]<UL><LI><a href="#[ff]">&gt;&gt;</a>&nbsp;&nbsp;&nbsp;Osal_MemSet
<LI><a href="#[8e]">&gt;&gt;</a>&nbsp;&nbsp;&nbsp;Osal_MemCpy
<LI><a href="#[1ad]">&gt;&gt;</a>&nbsp;&nbsp;&nbsp;LL_Encrypt_Plain_Data_ucfg
</UL>
<BR>[Called By]<UL><LI><a href="#[12c]">&gt;&gt;</a>&nbsp;&nbsp;&nbsp;SM_Generate_Resolvable_Private_Address
<LI><a href="#[20e]">&gt;&gt;</a>&nbsp;&nbsp;&nbsp;SM_Resolve_Private_Address
</UL>

<P><STRONG><a name="[2e9]"></a>sma_generate_subkeys</STRONG> (Thumb, 128 bytes, Stack size unknown bytes, smp_algo_sap.o(i.sma_generate_subkeys))
<BR><BR>[Stack]<UL><LI>Max Depth = 60 + Unknown Stack Size
<LI>Call Chain = sma_generate_subkeys &rArr; LL_Encrypt_Plain_Data_ucfg &rArr; LL_Encrypt_Plain_Data &rArr; AES128ECB_Wrapper &rArr; AES_keyschedule_enc &rArr; AES_keyschedule_enc_LL
</UL>
<BR>[Calls]<UL><LI><a href="#[1ad]">&gt;&gt;</a>&nbsp;&nbsp;&nbsp;LL_Encrypt_Plain_Data_ucfg
<LI><a href="#[2ea]">&gt;&gt;</a>&nbsp;&nbsp;&nbsp;sma_left_shift
</UL>
<BR>[Called By]<UL><LI><a href="#[22f]">&gt;&gt;</a>&nbsp;&nbsp;&nbsp;sma_CMAC_generate_tag
</UL>

<P><STRONG><a name="[2ea]"></a>sma_left_shift</STRONG> (Thumb, 44 bytes, Stack size unknown bytes, smp_algo_sap.o(i.sma_left_shift))
<BR><BR>[Called By]<UL><LI><a href="#[2e9]">&gt;&gt;</a>&nbsp;&nbsp;&nbsp;sma_generate_subkeys
</UL>

<P><STRONG><a name="[231]"></a>SM_Connection_Complete_Handler</STRONG> (Thumb, 122 bytes, Stack size unknown bytes, smp_common.o(i.SM_Connection_Complete_Handler))
<BR><BR>[Stack]<UL><LI>Max Depth = 16 + Unknown Stack Size
<LI>Call Chain = SM_Connection_Complete_Handler &rArr; Osal_MemCpy &rArr; memcpy
</UL>
<BR>[Calls]<UL><LI><a href="#[8e]">&gt;&gt;</a>&nbsp;&nbsp;&nbsp;Osal_MemCpy
</UL>
<BR>[Called By]<UL><LI><a href="#[184]">&gt;&gt;</a>&nbsp;&nbsp;&nbsp;SM_L2CAP_Handler_ISR
</UL>

<P><STRONG><a name="[26d]"></a>aci_gap_authorization_req_event_push</STRONG> (Thumb, 80 bytes, Stack size unknown bytes, smp_common.o(i.aci_gap_authorization_req_event_push))
<BR><BR>[Calls]<UL><LI><a href="#[a0]">&gt;&gt;</a>&nbsp;&nbsp;&nbsp;aci_event_fifo_push_header
<LI><a href="#[a1]">&gt;&gt;</a>&nbsp;&nbsp;&nbsp;aci_event_fifo_push
</UL>
<BR>[Called By]<UL><LI><a href="#[2f0]">&gt;&gt;</a>&nbsp;&nbsp;&nbsp;smp_pairing_completed
</UL>

<P><STRONG><a name="[22b]"></a>aci_gap_pairing_complete_event_push</STRONG> (Thumb, 88 bytes, Stack size unknown bytes, smp_common.o(i.aci_gap_pairing_complete_event_push))
<BR><BR>[Calls]<UL><LI><a href="#[a0]">&gt;&gt;</a>&nbsp;&nbsp;&nbsp;aci_event_fifo_push_header
<LI><a href="#[a1]">&gt;&gt;</a>&nbsp;&nbsp;&nbsp;aci_event_fifo_push
</UL>
<BR>[Called By]<UL><LI><a href="#[2f0]">&gt;&gt;</a>&nbsp;&nbsp;&nbsp;smp_pairing_completed
<LI><a href="#[31b]">&gt;&gt;</a>&nbsp;&nbsp;&nbsp;smp____Pairing_Process_Abort
<LI><a href="#[192]">&gt;&gt;</a>&nbsp;&nbsp;&nbsp;SM_L2CAP_Encryption_changed_Handler_ISR
<LI><a href="#[22a]">&gt;&gt;</a>&nbsp;&nbsp;&nbsp;SMP_Timer_cb
</UL>

<P><STRONG><a name="[234]"></a>smp_Keys_Distribution_Complete</STRONG> (Thumb, 52 bytes, Stack size unknown bytes, smp_common.o(i.smp_Keys_Distribution_Complete))
<BR><BR>[Stack]<UL><LI>Max Depth = 24 + Unknown Stack Size
<LI>Call Chain = smp_Keys_Distribution_Complete &rArr; smp_MI_Start_Encryption_ucfg &rArr; smp_MI_Start_Encryption &rArr; Osal_MemSet &rArr; memset
</UL>
<BR>[Calls]<UL><LI><a href="#[2f0]">&gt;&gt;</a>&nbsp;&nbsp;&nbsp;smp_pairing_completed
<LI><a href="#[21c]">&gt;&gt;</a>&nbsp;&nbsp;&nbsp;smp_MI_Start_Encryption_ucfg
</UL>
<BR>[Called By]<UL><LI><a href="#[189]">&gt;&gt;</a>&nbsp;&nbsp;&nbsp;SM_L2CAP_Handler
</UL>

<P><STRONG><a name="[31b]"></a>smp____Pairing_Process_Abort</STRONG> (Thumb, 110 bytes, Stack size unknown bytes, smp_common.o(i.smp____Pairing_Process_Abort))
<BR><BR>[Stack]<UL><LI>Max Depth = 20 + Unknown Stack Size
<LI>Call Chain = smp____Pairing_Process_Abort &rArr; sm_RepeatedAttacks_Protection &rArr; Osal_MemCmp &rArr; memcmp
</UL>
<BR>[Calls]<UL><LI><a href="#[233]">&gt;&gt;</a>&nbsp;&nbsp;&nbsp;smp_find_remote_device_index
<LI><a href="#[2e8]">&gt;&gt;</a>&nbsp;&nbsp;&nbsp;sm_RepeatedAttacks_Protection
<LI><a href="#[12d]">&gt;&gt;</a>&nbsp;&nbsp;&nbsp;Timer_StopOneShot
<LI><a href="#[22c]">&gt;&gt;</a>&nbsp;&nbsp;&nbsp;smp_sc_update_statistics_on_pairing_complete_ucfg
<LI><a href="#[22b]">&gt;&gt;</a>&nbsp;&nbsp;&nbsp;aci_gap_pairing_complete_event_push
</UL>
<BR>[Called By]<UL><LI><a href="#[2fc]">&gt;&gt;</a>&nbsp;&nbsp;&nbsp;smp_pairing_failed_send
<LI><a href="#[227]">&gt;&gt;</a>&nbsp;&nbsp;&nbsp;smp____PairingFailed_Receive
</UL>

<P><STRONG><a name="[97]"></a>ATT_fill_type_val_entry</STRONG> (Thumb, 52 bytes, Stack size unknown bytes, att.o(i.ATT_fill_type_val_entry))
<BR><BR>[Stack]<UL><LI>Max Depth = 16 + Unknown Stack Size
<LI>Call Chain = ATT_fill_type_val_entry &rArr; PM_Write_Pckt_Data &rArr; Mem_Buff_Write &rArr; Osal_MemCpy &rArr; memcpy
</UL>
<BR>[Calls]<UL><LI><a href="#[98]">&gt;&gt;</a>&nbsp;&nbsp;&nbsp;PM_Write_Pckt_Data
</UL>
<BR>[Called By]<UL><LI><a href="#[109]">&gt;&gt;</a>&nbsp;&nbsp;&nbsp;Find_By_Type_Val_Resp
</UL>

<P><STRONG><a name="[99]"></a>ATT_validate_prepare_req</STRONG> (Thumb, 162 bytes, Stack size unknown bytes, att.o(i.ATT_validate_prepare_req))
<BR><BR>[Stack]<UL><LI>Max Depth = 16 + Unknown Stack Size
<LI>Call Chain = ATT_validate_prepare_req &rArr; Osal_MemCpy &rArr; memcpy
</UL>
<BR>[Calls]<UL><LI><a href="#[8e]">&gt;&gt;</a>&nbsp;&nbsp;&nbsp;Osal_MemCpy
<LI><a href="#[9b]">&gt;&gt;</a>&nbsp;&nbsp;&nbsp;Gatt_search_handle
<LI><a href="#[9a]">&gt;&gt;</a>&nbsp;&nbsp;&nbsp;Gatt_Find_Srv_Owner_Of_Handle
</UL>
<BR>[Called By]<UL><LI><a href="#[101]">&gt;&gt;</a>&nbsp;&nbsp;&nbsp;Exec_Write_Resp
</UL>

<P><STRONG><a name="[10a]"></a>Pm_Resize_Host_Acl_Pckt</STRONG> (Thumb, 14 bytes, Stack size unknown bytes, att.o(i.Pm_Resize_Host_Acl_Pckt))
<BR><BR>[Calls]<UL><LI><a href="#[1d9]">&gt;&gt;</a>&nbsp;&nbsp;&nbsp;PM_Resize_Pckt_Pdu_Size
</UL>
<BR>[Called By]<UL><LI><a href="#[1f0]">&gt;&gt;</a>&nbsp;&nbsp;&nbsp;Read_Resp
<LI><a href="#[1f2]">&gt;&gt;</a>&nbsp;&nbsp;&nbsp;Read_Multi_Resp
<LI><a href="#[1ef]">&gt;&gt;</a>&nbsp;&nbsp;&nbsp;Read_By_Type_Resp
<LI><a href="#[1f3]">&gt;&gt;</a>&nbsp;&nbsp;&nbsp;Read_By_Grp_Type_Resp
<LI><a href="#[1f1]">&gt;&gt;</a>&nbsp;&nbsp;&nbsp;Read_Blob_Resp
<LI><a href="#[1ed]">&gt;&gt;</a>&nbsp;&nbsp;&nbsp;Prepare_Write_Resp
<LI><a href="#[10c]">&gt;&gt;</a>&nbsp;&nbsp;&nbsp;Find_Info_Resp
<LI><a href="#[109]">&gt;&gt;</a>&nbsp;&nbsp;&nbsp;Find_By_Type_Val_Resp
</UL>

<P><STRONG><a name="[105]"></a>aci_gatt_attribute_modified_event_push</STRONG> (Thumb, 116 bytes, Stack size unknown bytes, att.o(i.aci_gatt_attribute_modified_event_push))
<BR><BR>[Stack]<UL><LI>Max Depth = 16 + Unknown Stack Size
<LI>Call Chain = aci_gatt_attribute_modified_event_push &rArr; Osal_MemCpy &rArr; memcpy
</UL>
<BR>[Calls]<UL><LI><a href="#[8e]">&gt;&gt;</a>&nbsp;&nbsp;&nbsp;Osal_MemCpy
<LI><a href="#[a0]">&gt;&gt;</a>&nbsp;&nbsp;&nbsp;aci_event_fifo_push_header
<LI><a href="#[a1]">&gt;&gt;</a>&nbsp;&nbsp;&nbsp;aci_event_fifo_push
</UL>
<BR>[Called By]<UL><LI><a href="#[1f4]">&gt;&gt;</a>&nbsp;&nbsp;&nbsp;Write_Resp
<LI><a href="#[1f5]">&gt;&gt;</a>&nbsp;&nbsp;&nbsp;Write_Cmd
<LI><a href="#[101]">&gt;&gt;</a>&nbsp;&nbsp;&nbsp;Exec_Write_Resp
</UL>

<P><STRONG><a name="[200]"></a>aci_gatt_read_multi_permit_req_event_push</STRONG> (Thumb, 98 bytes, Stack size unknown bytes, att.o(i.aci_gatt_read_multi_permit_req_event_push))
<BR><BR>[Stack]<UL><LI>Max Depth = 16 + Unknown Stack Size
<LI>Call Chain = aci_gatt_read_multi_permit_req_event_push &rArr; Osal_MemCpy &rArr; memcpy
</UL>
<BR>[Calls]<UL><LI><a href="#[8e]">&gt;&gt;</a>&nbsp;&nbsp;&nbsp;Osal_MemCpy
<LI><a href="#[a0]">&gt;&gt;</a>&nbsp;&nbsp;&nbsp;aci_event_fifo_push_header
<LI><a href="#[a1]">&gt;&gt;</a>&nbsp;&nbsp;&nbsp;aci_event_fifo_push
</UL>
<BR>[Called By]<UL><LI><a href="#[1f2]">&gt;&gt;</a>&nbsp;&nbsp;&nbsp;Read_Multi_Resp
<LI><a href="#[1ef]">&gt;&gt;</a>&nbsp;&nbsp;&nbsp;Read_By_Type_Resp
</UL>

<P><STRONG><a name="[1fe]"></a>aci_gatt_read_permit_req_event_push</STRONG> (Thumb, 74 bytes, Stack size unknown bytes, att.o(i.aci_gatt_read_permit_req_event_push))
<BR><BR>[Calls]<UL><LI><a href="#[a0]">&gt;&gt;</a>&nbsp;&nbsp;&nbsp;aci_event_fifo_push_header
<LI><a href="#[a1]">&gt;&gt;</a>&nbsp;&nbsp;&nbsp;aci_event_fifo_push
</UL>
<BR>[Called By]<UL><LI><a href="#[1f0]">&gt;&gt;</a>&nbsp;&nbsp;&nbsp;Read_Resp
<LI><a href="#[1f1]">&gt;&gt;</a>&nbsp;&nbsp;&nbsp;Read_Blob_Resp
</UL>

<P><STRONG><a name="[257]"></a>aci_gatt_write_permit_req_event_push</STRONG> (Thumb, 104 bytes, Stack size unknown bytes, att.o(i.aci_gatt_write_permit_req_event_push))
<BR><BR>[Stack]<UL><LI>Max Depth = 16 + Unknown Stack Size
<LI>Call Chain = aci_gatt_write_permit_req_event_push &rArr; PM_Copy_Pckt_Data &rArr; Mem_Buff_Read &rArr; Osal_MemCpy &rArr; memcpy
</UL>
<BR>[Calls]<UL><LI><a href="#[104]">&gt;&gt;</a>&nbsp;&nbsp;&nbsp;PM_Copy_Pckt_Data
<LI><a href="#[a0]">&gt;&gt;</a>&nbsp;&nbsp;&nbsp;aci_event_fifo_push_header
<LI><a href="#[a1]">&gt;&gt;</a>&nbsp;&nbsp;&nbsp;aci_event_fifo_push
</UL>
<BR>[Called By]<UL><LI><a href="#[1f4]">&gt;&gt;</a>&nbsp;&nbsp;&nbsp;Write_Resp
<LI><a href="#[1f5]">&gt;&gt;</a>&nbsp;&nbsp;&nbsp;Write_Cmd
</UL>

<P><STRONG><a name="[ad]"></a>Pm_Resize_Host_Acl_Pckt</STRONG> (Thumb, 14 bytes, Stack size unknown bytes, rom_att.o(i.Pm_Resize_Host_Acl_Pckt))
<BR><BR>[Calls]<UL><LI><a href="#[1d9]">&gt;&gt;</a>&nbsp;&nbsp;&nbsp;PM_Resize_Pckt_Pdu_Size
</UL>
<BR>[Called By]<UL><LI><a href="#[b3]">&gt;&gt;</a>&nbsp;&nbsp;&nbsp;Att_Send_Write_Req_Pdu
<LI><a href="#[ac]">&gt;&gt;</a>&nbsp;&nbsp;&nbsp;Att_Send_Find_By_Typ_Val_Req_Pdu
</UL>

<P><STRONG><a name="[89]"></a>AES_general_enc</STRONG> (Thumb, 8 bytes, Stack size 4 bytes, crypto.o(i.AES_general_enc))
<BR><BR>[Stack]<UL><LI>Max Depth = 52<LI>Call Chain = AES_general_enc &rArr; AES_general_SW_enc
</UL>
<BR>[Calls]<UL><LI><a href="#[84]">&gt;&gt;</a>&nbsp;&nbsp;&nbsp;AES_general_SW_enc
</UL>
<BR>[Called By]<UL><LI><a href="#[87]">&gt;&gt;</a>&nbsp;&nbsp;&nbsp;AES_CMAC_Encrypt_Append
</UL>

<P><STRONG><a name="[8b]"></a>AES_keyschedule_enc_LL</STRONG> (Thumb, 332 bytes, Stack size 20 bytes, crypto.o(i.AES_keyschedule_enc_LL))
<BR><BR>[Stack]<UL><LI>Max Depth = 20<LI>Call Chain = AES_keyschedule_enc_LL
</UL>
<BR>[Called By]<UL><LI><a href="#[82]">&gt;&gt;</a>&nbsp;&nbsp;&nbsp;AES_keyschedule_enc
</UL>

<P><STRONG><a name="[8a]"></a>AESstdInit</STRONG> (Thumb, 178 bytes, Stack size 24 bytes, crypto.o(i.AESstdInit))
<BR><BR>[Stack]<UL><LI>Max Depth = 76<LI>Call Chain = AESstdInit &rArr; AES_keyschedule_enc &rArr; AES_keyschedule_enc_LL
</UL>
<BR>[Calls]<UL><LI><a href="#[82]">&gt;&gt;</a>&nbsp;&nbsp;&nbsp;AES_keyschedule_enc
</UL>
<BR>[Called By]<UL><LI><a href="#[86]">&gt;&gt;</a>&nbsp;&nbsp;&nbsp;AES_CMAC_Encrypt_Init
</UL>

<P><STRONG><a name="[263]"></a>_fp_digits</STRONG> (Thumb, 344 bytes, Stack size 64 bytes, printfa.o(i._fp_digits), UNUSED)
<BR><BR>[Calls]<UL><LI><a href="#[78]">&gt;&gt;</a>&nbsp;&nbsp;&nbsp;__aeabi_dmul
<LI><a href="#[71]">&gt;&gt;</a>&nbsp;&nbsp;&nbsp;__aeabi_dadd
<LI><a href="#[7b]">&gt;&gt;</a>&nbsp;&nbsp;&nbsp;__aeabi_uldivmod
<LI><a href="#[7e]">&gt;&gt;</a>&nbsp;&nbsp;&nbsp;__aeabi_ddiv
<LI><a href="#[7f]">&gt;&gt;</a>&nbsp;&nbsp;&nbsp;__aeabi_d2ulz
<LI><a href="#[264]">&gt;&gt;</a>&nbsp;&nbsp;&nbsp;__aeabi_cdrcmple
</UL>
<BR>[Called By]<UL><LI><a href="#[25f]">&gt;&gt;</a>&nbsp;&nbsp;&nbsp;_printf_core
</UL>

<P><STRONG><a name="[25f]"></a>_printf_core</STRONG> (Thumb, 1754 bytes, Stack size 128 bytes, printfa.o(i._printf_core), UNUSED)
<BR><BR>[Calls]<UL><LI><a href="#[7b]">&gt;&gt;</a>&nbsp;&nbsp;&nbsp;__aeabi_uldivmod
<LI><a href="#[266]">&gt;&gt;</a>&nbsp;&nbsp;&nbsp;_printf_pre_padding
<LI><a href="#[267]">&gt;&gt;</a>&nbsp;&nbsp;&nbsp;_printf_post_padding
<LI><a href="#[263]">&gt;&gt;</a>&nbsp;&nbsp;&nbsp;_fp_digits
<LI><a href="#[15b]">&gt;&gt;</a>&nbsp;&nbsp;&nbsp;__aeabi_uidivmod
</UL>
<BR>[Called By]<UL><LI><a href="#[25e]">&gt;&gt;</a>&nbsp;&nbsp;&nbsp;__0printf
</UL>

<P><STRONG><a name="[267]"></a>_printf_post_padding</STRONG> (Thumb, 32 bytes, Stack size 24 bytes, printfa.o(i._printf_post_padding), UNUSED)
<BR><BR>[Called By]<UL><LI><a href="#[25f]">&gt;&gt;</a>&nbsp;&nbsp;&nbsp;_printf_core
</UL>

<P><STRONG><a name="[266]"></a>_printf_pre_padding</STRONG> (Thumb, 44 bytes, Stack size 40 bytes, printfa.o(i._printf_pre_padding), UNUSED)
<BR><BR>[Called By]<UL><LI><a href="#[25f]">&gt;&gt;</a>&nbsp;&nbsp;&nbsp;_printf_core
</UL>
<P>
<H3>
Undefined Global Symbols
</H3><HR></body></html>
